[    0.000000] Initializing cgroup subsys cpuset
[    0.000000] Initializing cgroup subsys cpu
[    0.000000] Initializing cgroup subsys cpuacct
[    0.000000] Linux version 4.4.0 (sysprog2020user@sysprog2020) (gcc version 5.4.0 20160609 (Ubuntu 5.4.0-6ubuntu1~16.04.12) ) #10 SMP Thu Dec 17 14:41:02 KST 2020
[    0.000000] Command line: BOOT_IMAGE=/boot/vmlinuz-4.4.0 root=UUID=50f7fe7a-aa2e-467b-a381-d1b2d3456cc5 ro quiet splash
[    0.000000] KERNEL supported cpus:
[    0.000000]   Intel GenuineIntel
[    0.000000]   AMD AuthenticAMD
[    0.000000]   Centaur CentaurHauls
[    0.000000] x86/fpu: xstate_offset[2]:  576, xstate_sizes[2]:  256
[    0.000000] x86/fpu: Supporting XSAVE feature 0x01: 'x87 floating point registers'
[    0.000000] x86/fpu: Supporting XSAVE feature 0x02: 'SSE registers'
[    0.000000] x86/fpu: Supporting XSAVE feature 0x04: 'AVX registers'
[    0.000000] x86/fpu: Enabled xstate features 0x7, context size is 832 bytes, using 'standard' format.
[    0.000000] x86/fpu: Using 'lazy' FPU context switches.
[    0.000000] e820: BIOS-provided physical RAM map:
[    0.000000] BIOS-e820: [mem 0x0000000000000000-0x000000000009fbff] usable
[    0.000000] BIOS-e820: [mem 0x000000000009fc00-0x000000000009ffff] reserved
[    0.000000] BIOS-e820: [mem 0x00000000000f0000-0x00000000000fffff] reserved
[    0.000000] BIOS-e820: [mem 0x0000000000100000-0x00000000dffeffff] usable
[    0.000000] BIOS-e820: [mem 0x00000000dfff0000-0x00000000dfffffff] ACPI data
[    0.000000] BIOS-e820: [mem 0x00000000fec00000-0x00000000fec00fff] reserved
[    0.000000] BIOS-e820: [mem 0x00000000fee00000-0x00000000fee00fff] reserved
[    0.000000] BIOS-e820: [mem 0x00000000fffc0000-0x00000000ffffffff] reserved
[    0.000000] BIOS-e820: [mem 0x0000000100000000-0x000000011fffffff] usable
[    0.000000] NX (Execute Disable) protection: active
[    0.000000] SMBIOS 2.5 present.
[    0.000000] DMI: innotek GmbH VirtualBox/VirtualBox, BIOS VirtualBox 12/01/2006
[    0.000000] Hypervisor detected: KVM
[    0.000000] e820: update [mem 0x00000000-0x00000fff] usable ==> reserved
[    0.000000] e820: remove [mem 0x000a0000-0x000fffff] usable
[    0.000000] e820: last_pfn = 0x120000 max_arch_pfn = 0x400000000
[    0.000000] MTRR default type: uncachable
[    0.000000] MTRR variable ranges disabled:
[    0.000000] x86/PAT: Configuration [0-7]: WB  WC  UC- UC  WB  WC  UC- WT  
[    0.000000] MTRR: Disabled
[    0.000000] CPU MTRRs all blank - virtualized system.
[    0.000000] e820: last_pfn = 0xdfff0 max_arch_pfn = 0x400000000
[    0.000000] found SMP MP-table at [mem 0x0009fff0-0x0009ffff] mapped at [ffff88000009fff0]
[    0.000000] Scanning 1 areas for low memory corruption
[    0.000000] Base memory trampoline at [ffff880000099000] 99000 size 24576
[    0.000000] BRK [0x024b1000, 0x024b1fff] PGTABLE
[    0.000000] BRK [0x024b2000, 0x024b2fff] PGTABLE
[    0.000000] BRK [0x024b3000, 0x024b3fff] PGTABLE
[    0.000000] BRK [0x024b4000, 0x024b4fff] PGTABLE
[    0.000000] RAMDISK: [mem 0x15236000-0x26912fff]
[    0.000000] ACPI: Early table checksum verification disabled
[    0.000000] ACPI: RSDP 0x00000000000E0000 000024 (v02 VBOX  )
[    0.000000] ACPI: XSDT 0x00000000DFFF0030 00003C (v01 VBOX   VBOXXSDT 00000001 ASL  00000061)
[    0.000000] ACPI: FACP 0x00000000DFFF00F0 0000F4 (v04 VBOX   VBOXFACP 00000001 ASL  00000061)
[    0.000000] ACPI: DSDT 0x00000000DFFF0490 002325 (v02 VBOX   VBOXBIOS 00000002 INTL 20100528)
[    0.000000] ACPI: FACS 0x00000000DFFF0200 000040
[    0.000000] ACPI: FACS 0x00000000DFFF0200 000040
[    0.000000] ACPI: APIC 0x00000000DFFF0240 00007C (v02 VBOX   VBOXAPIC 00000001 ASL  00000061)
[    0.000000] ACPI: SSDT 0x00000000DFFF02C0 0001CC (v01 VBOX   VBOXCPUT 00000002 INTL 20100528)
[    0.000000] ACPI: Local APIC address 0xfee00000
[    0.000000] No NUMA configuration found
[    0.000000] Faking a node at [mem 0x0000000000000000-0x000000011fffffff]
[    0.000000] NODE_DATA(0) allocated [mem 0x11ffda000-0x11fffbfff]
[    0.000000] kvm-clock: Using msrs 4b564d01 and 4b564d00
[    0.000000] kvm-clock: cpu 0, msr 1:1ff5a001, primary cpu clock
[    0.000000] kvm-clock: using sched offset of 6542384843 cycles
[    0.000000] clocksource: kvm-clock: mask: 0xffffffffffffffff max_cycles: 0x1cd42e4dffb, max_idle_ns: 881590591483 ns
[    0.000000] Zone ranges:
[    0.000000]   DMA      [mem 0x0000000000001000-0x0000000000ffffff]
[    0.000000]   DMA32    [mem 0x0000000001000000-0x00000000ffffffff]
[    0.000000]   Normal   [mem 0x0000000100000000-0x000000011fffffff]
[    0.000000] Movable zone start for each node
[    0.000000] Early memory node ranges
[    0.000000]   node   0: [mem 0x0000000000001000-0x000000000009efff]
[    0.000000]   node   0: [mem 0x0000000000100000-0x00000000dffeffff]
[    0.000000]   node   0: [mem 0x0000000100000000-0x000000011fffffff]
[    0.000000] Initmem setup node 0 [mem 0x0000000000001000-0x000000011fffffff]
[    0.000000] On node 0 totalpages: 1048462
[    0.000000]   DMA zone: 64 pages used for memmap
[    0.000000]   DMA zone: 21 pages reserved
[    0.000000]   DMA zone: 3998 pages, LIFO batch:0
[    0.000000]   DMA32 zone: 14272 pages used for memmap
[    0.000000]   DMA32 zone: 913392 pages, LIFO batch:31
[    0.000000]   Normal zone: 2048 pages used for memmap
[    0.000000]   Normal zone: 131072 pages, LIFO batch:31
[    0.000000] ACPI: PM-Timer IO Port: 0x4008
[    0.000000] ACPI: Local APIC address 0xfee00000
[    0.000000] IOAPIC[0]: apic_id 6, version 32, address 0xfec00000, GSI 0-23
[    0.000000] ACPI: INT_SRC_OVR (bus 0 bus_irq 0 global_irq 2 dfl dfl)
[    0.000000] ACPI: INT_SRC_OVR (bus 0 bus_irq 9 global_irq 9 low level)
[    0.000000] ACPI: IRQ0 used by override.
[    0.000000] ACPI: IRQ9 used by override.
[    0.000000] Using ACPI (MADT) for SMP configuration information
[    0.000000] smpboot: Allowing 6 CPUs, 0 hotplug CPUs
[    0.000000] PM: Registered nosave memory: [mem 0x00000000-0x00000fff]
[    0.000000] PM: Registered nosave memory: [mem 0x0009f000-0x0009ffff]
[    0.000000] PM: Registered nosave memory: [mem 0x000a0000-0x000effff]
[    0.000000] PM: Registered nosave memory: [mem 0x000f0000-0x000fffff]
[    0.000000] PM: Registered nosave memory: [mem 0xdfff0000-0xdfffffff]
[    0.000000] PM: Registered nosave memory: [mem 0xe0000000-0xfebfffff]
[    0.000000] PM: Registered nosave memory: [mem 0xfec00000-0xfec00fff]
[    0.000000] PM: Registered nosave memory: [mem 0xfec01000-0xfedfffff]
[    0.000000] PM: Registered nosave memory: [mem 0xfee00000-0xfee00fff]
[    0.000000] PM: Registered nosave memory: [mem 0xfee01000-0xfffbffff]
[    0.000000] PM: Registered nosave memory: [mem 0xfffc0000-0xffffffff]
[    0.000000] e820: [mem 0xe0000000-0xfebfffff] available for PCI devices
[    0.000000] Booting paravirtualized kernel on KVM
[    0.000000] clocksource: refined-jiffies: mask: 0xffffffff max_cycles: 0xffffffff, max_idle_ns: 7645519600211568 ns
[    0.000000] setup_percpu: NR_CPUS:8192 nr_cpumask_bits:6 nr_cpu_ids:6 nr_node_ids:1
[    0.000000] PERCPU: Embedded 33 pages/cpu @ffff88011fc00000 s96792 r8192 d30184 u262144
[    0.000000] pcpu-alloc: s96792 r8192 d30184 u262144 alloc=1*2097152
[    0.000000] pcpu-alloc: [0] 0 1 2 3 4 5 - - 
[    0.000000] PV qspinlock hash table entries: 256 (order: 0, 4096 bytes)
[    0.000000] Built 1 zonelists in Node order, mobility grouping on.  Total pages: 1032057
[    0.000000] Policy zone: Normal
[    0.000000] Kernel command line: BOOT_IMAGE=/boot/vmlinuz-4.4.0 root=UUID=50f7fe7a-aa2e-467b-a381-d1b2d3456cc5 ro quiet splash
[    0.000000] PID hash table entries: 4096 (order: 3, 32768 bytes)
[    0.000000] Calgary: detecting Calgary via BIOS EBDA area
[    0.000000] Calgary: Unable to locate Rio Grande table in EBDA - bailing!
[    0.000000] Memory: 3753700K/4193848K available (8371K kernel code, 1476K rwdata, 3856K rodata, 1844K init, 3492K bss, 440148K reserved, 0K cma-reserved)
[    0.000000] SLUB: HWalign=64, Order=0-3, MinObjects=0, CPUs=6, Nodes=1
[    0.000000] Hierarchical RCU implementation.
[    0.000000] 	Build-time adjustment of leaf fanout to 64.
[    0.000000] 	RCU restricting CPUs from NR_CPUS=8192 to nr_cpu_ids=6.
[    0.000000] RCU: Adjusting geometry for rcu_fanout_leaf=64, nr_cpu_ids=6
[    0.000000] NR_IRQS:524544 nr_irqs:472 16
[    0.000000] Console: colour VGA+ 80x25
[    0.000000] console [tty0] enabled
[    0.000000] tsc: Detected 1608.001 MHz processor
[    0.063755] Calibrating delay loop (skipped) preset value.. 3216.00 BogoMIPS (lpj=6432004)
[    0.063758] pid_max: default: 32768 minimum: 301
[    0.063763] ACPI: Core revision 20150930
[    0.065200] ACPI: 2 ACPI AML tables successfully acquired and loaded
[    0.065236] Security Framework initialized
[    0.065237] Yama: becoming mindful.
[    0.065243] AppArmor: AppArmor initialized
[    0.065631] Dentry cache hash table entries: 524288 (order: 10, 4194304 bytes)
[    0.066836] Inode-cache hash table entries: 262144 (order: 9, 2097152 bytes)
[    0.067143] Mount-cache hash table entries: 8192 (order: 4, 65536 bytes)
[    0.067147] Mountpoint-cache hash table entries: 8192 (order: 4, 65536 bytes)
[    0.067292] Initializing cgroup subsys io
[    0.067295] Initializing cgroup subsys memory
[    0.067298] Initializing cgroup subsys devices
[    0.067300] Initializing cgroup subsys freezer
[    0.067301] Initializing cgroup subsys net_cls
[    0.067303] Initializing cgroup subsys perf_event
[    0.067304] Initializing cgroup subsys net_prio
[    0.067305] Initializing cgroup subsys hugetlb
[    0.067307] Initializing cgroup subsys pids
[    0.067388] CPU: Physical Processor ID: 0
[    0.067389] CPU: Processor Core ID: 0
[    0.068679] mce: CPU supports 0 MCE banks
[    0.068704] Last level iTLB entries: 4KB 64, 2MB 8, 4MB 8
[    0.068705] Last level dTLB entries: 4KB 64, 2MB 0, 4MB 0, 1GB 4
[    0.071052] Freeing SMP alternatives memory: 28K (ffffffff8213f000 - ffffffff82146000)
[    0.080008] ftrace: allocating 31768 entries in 125 pages
[    0.119687] x2apic enabled
[    0.119934] Switched APIC routing to physical x2apic.
[    0.120951] ..TIMER: vector=0x30 apic1=0 pin1=2 apic2=-1 pin2=-1
[    0.228672] APIC calibration not consistent with PM-Timer: 101ms instead of 100ms
[    0.228675] APIC delta adjusted to PM-Timer: 6249984 (6312911)
[    0.228731] smpboot: CPU0: Intel(R) Core(TM) i7-10710U CPU @ 1.10GHz (family: 0x6, model: 0xa6, stepping: 0x0)
[    0.228760] Performance Events: unsupported p6 CPU model 166 no PMU driver, software events only.
[    0.228770] KVM setup paravirtual spinlock
[    0.229448] x86: Booting SMP configuration:
[    0.229450] .... node  #0, CPUs:      #1
[    0.229690] kvm-clock: cpu 1, msr 1:1ff5a041, secondary cpu clock
[    0.230834] mce: CPU supports 0 MCE banks
[    0.232931]  #2
[    0.233062] kvm-clock: cpu 2, msr 1:1ff5a081, secondary cpu clock
[    0.234221] mce: CPU supports 0 MCE banks
[    0.236423]  #3
[    0.236423] kvm-clock: cpu 3, msr 1:1ff5a0c1, secondary cpu clock
[    0.237589] mce: CPU supports 0 MCE banks
[    0.239818]  #4
[    0.239818] kvm-clock: cpu 4, msr 1:1ff5a101, secondary cpu clock
[    0.240933] mce: CPU supports 0 MCE banks
[    0.243159]  #5
[    0.243159] kvm-clock: cpu 5, msr 1:1ff5a141, secondary cpu clock
[    0.244285] mce: CPU supports 0 MCE banks
[    0.246322] x86: Booted up 1 node, 6 CPUs
[    0.246325] smpboot: Total of 6 processors activated (19296.01 BogoMIPS)
[    0.246777] devtmpfs: initialized
[    0.248482] evm: security.selinux
[    0.248483] evm: security.SMACK64
[    0.248484] evm: security.SMACK64EXEC
[    0.248484] evm: security.SMACK64TRANSMUTE
[    0.248485] evm: security.SMACK64MMAP
[    0.248486] evm: security.ima
[    0.248487] evm: security.capability
[    0.248710] clocksource: jiffies: mask: 0xffffffff max_cycles: 0xffffffff, max_idle_ns: 7645041785100000 ns
[    0.248870] pinctrl core: initialized pinctrl subsystem
[    0.248950] RTC time: 13:25:52, date: 12/17/20
[    0.249023] NET: Registered protocol family 16
[    0.261282] cpuidle: using governor ladder
[    0.277007] cpuidle: using governor menu
[    0.277012] PCCT header not found.
[    0.277068] ACPI: bus type PCI registered
[    0.277070] acpiphp: ACPI Hot Plug PCI Controller Driver version: 0.5
[    0.277157] PCI: Using configuration type 1 for base access
[    0.290397] ACPI: Added _OSI(Module Device)
[    0.290399] ACPI: Added _OSI(Processor Device)
[    0.290400] ACPI: Added _OSI(3.0 _SCP Extensions)
[    0.290401] ACPI: Added _OSI(Processor Aggregator Device)
[    0.291051] ACPI: Executed 1 blocks of module-level executable AML code
[    0.293436] ACPI: Interpreter enabled
[    0.293440] ACPI Exception: AE_NOT_FOUND, While evaluating Sleep State [\_S1_] (20150930/hwxface-580)
[    0.293443] ACPI Exception: AE_NOT_FOUND, While evaluating Sleep State [\_S2_] (20150930/hwxface-580)
[    0.293445] ACPI Exception: AE_NOT_FOUND, While evaluating Sleep State [\_S3_] (20150930/hwxface-580)
[    0.293447] ACPI Exception: AE_NOT_FOUND, While evaluating Sleep State [\_S4_] (20150930/hwxface-580)
[    0.293451] ACPI: (supports S0 S5)
[    0.293452] ACPI: Using IOAPIC for interrupt routing
[    0.293613] PCI: Using host bridge windows from ACPI; if necessary, use "pci=nocrs" and report a bug
[    0.297430] ACPI: PCI Root Bridge [PCI0] (domain 0000 [bus 00-ff])
[    0.297434] acpi PNP0A03:00: _OSC: OS supports [ASPM ClockPM Segments MSI]
[    0.297776] acpi PNP0A03:00: _OSC: not requesting OS control; OS requires [ExtendedConfig ASPM ClockPM MSI]
[    0.297783] acpi PNP0A03:00: fail to add MMCONFIG information, can't access extended PCI configuration space under this bridge.
[    0.298091] PCI host bridge to bus 0000:00
[    0.298094] pci_bus 0000:00: root bus resource [io  0x0000-0x0cf7 window]
[    0.298095] pci_bus 0000:00: root bus resource [io  0x0d00-0xffff window]
[    0.298096] pci_bus 0000:00: root bus resource [mem 0x000a0000-0x000bffff window]
[    0.298097] pci_bus 0000:00: root bus resource [mem 0xe0000000-0xfdffffff window]
[    0.298099] pci_bus 0000:00: root bus resource [bus 00-ff]
[    0.298130] pci 0000:00:00.0: [8086:1237] type 00 class 0x060000
[    0.298603] pci 0000:00:01.0: [8086:7000] type 00 class 0x060100
[    0.299154] pci 0000:00:01.1: [8086:7111] type 00 class 0x01018a
[    0.299430] pci 0000:00:01.1: reg 0x20: [io  0xd000-0xd00f]
[    0.299551] pci 0000:00:01.1: legacy IDE quirk: reg 0x10: [io  0x01f0-0x01f7]
[    0.299552] pci 0000:00:01.1: legacy IDE quirk: reg 0x14: [io  0x03f6]
[    0.299553] pci 0000:00:01.1: legacy IDE quirk: reg 0x18: [io  0x0170-0x0177]
[    0.299554] pci 0000:00:01.1: legacy IDE quirk: reg 0x1c: [io  0x0376]
[    0.299749] pci 0000:00:02.0: [15ad:0405] type 00 class 0x030000
[    0.301445] pci 0000:00:02.0: reg 0x10: [io  0xd010-0xd01f]
[    0.303130] pci 0000:00:02.0: reg 0x14: [mem 0xe0000000-0xe0ffffff pref]
[    0.304739] pci 0000:00:02.0: reg 0x18: [mem 0xf0000000-0xf01fffff]
[    0.311289] pci 0000:00:03.0: [8086:100e] type 00 class 0x020000
[    0.312664] pci 0000:00:03.0: reg 0x10: [mem 0xf0200000-0xf021ffff]
[    0.315139] pci 0000:00:03.0: reg 0x18: [io  0xd020-0xd027]
[    0.321330] pci 0000:00:04.0: [80ee:cafe] type 00 class 0x088000
[    0.322710] pci 0000:00:04.0: reg 0x10: [io  0xd040-0xd05f]
[    0.324177] pci 0000:00:04.0: reg 0x14: [mem 0xf0400000-0xf07fffff]
[    0.325444] pci 0000:00:04.0: reg 0x18: [mem 0xf0800000-0xf0803fff pref]
[    0.330667] pci 0000:00:05.0: [8086:2415] type 00 class 0x040100
[    0.330757] pci 0000:00:05.0: reg 0x10: [io  0xd100-0xd1ff]
[    0.330809] pci 0000:00:05.0: reg 0x14: [io  0xd200-0xd23f]
[    0.331262] pci 0000:00:06.0: [106b:003f] type 00 class 0x0c0310
[    0.332611] pci 0000:00:06.0: reg 0x10: [mem 0xf0804000-0xf0804fff]
[    0.341198] pci 0000:00:07.0: [8086:7113] type 00 class 0x068000
[    0.341523] pci 0000:00:07.0: quirk: [io  0x4000-0x403f] claimed by PIIX4 ACPI
[    0.341532] pci 0000:00:07.0: quirk: [io  0x4100-0x410f] claimed by PIIX4 SMB
[    0.341788] pci 0000:00:0d.0: [8086:2829] type 00 class 0x010601
[    0.343264] pci 0000:00:0d.0: reg 0x10: [io  0xd240-0xd247]
[    0.344562] pci 0000:00:0d.0: reg 0x14: [io  0xd248-0xd24b]
[    0.346034] pci 0000:00:0d.0: reg 0x18: [io  0xd250-0xd257]
[    0.347251] pci 0000:00:0d.0: reg 0x1c: [io  0xd258-0xd25b]
[    0.348517] pci 0000:00:0d.0: reg 0x20: [io  0xd260-0xd26f]
[    0.349755] pci 0000:00:0d.0: reg 0x24: [mem 0xf0806000-0xf0807fff]
[    0.352410] ACPI: PCI Interrupt Link [LNKA] (IRQs 5 9 10 *11)
[    0.352646] ACPI: PCI Interrupt Link [LNKB] (IRQs 5 9 *10 11)
[    0.352754] ACPI: PCI Interrupt Link [LNKC] (IRQs 5 *9 10 11)
[    0.352846] ACPI: PCI Interrupt Link [LNKD] (IRQs 5 9 10 *11)
[    0.352965] ACPI: Enabled 2 GPEs in block 00 to 07
[    0.353256] vgaarb: setting as boot device: PCI:0000:00:02.0
[    0.353258] vgaarb: device added: PCI:0000:00:02.0,decodes=io+mem,owns=io+mem,locks=none
[    0.353269] vgaarb: loaded
[    0.353270] vgaarb: bridge control possible 0000:00:02.0
[    0.353457] SCSI subsystem initialized
[    0.353555] libata version 3.00 loaded.
[    0.353581] ACPI: bus type USB registered
[    0.353597] usbcore: registered new interface driver usbfs
[    0.353602] usbcore: registered new interface driver hub
[    0.353620] usbcore: registered new device driver usb
[    0.353832] PCI: Using ACPI for IRQ routing
[    0.353834] PCI: pci_cache_line_size set to 64 bytes
[    0.353972] e820: reserve RAM buffer [mem 0x0009fc00-0x0009ffff]
[    0.353977] e820: reserve RAM buffer [mem 0xdfff0000-0xdfffffff]
[    0.354064] NetLabel: Initializing
[    0.354065] NetLabel:  domain hash size = 128
[    0.354065] NetLabel:  protocols = UNLABELED CIPSOv4
[    0.354074] NetLabel:  unlabeled traffic allowed by default
[    0.354295] clocksource: Switched to clocksource kvm-clock
[    0.359433] AppArmor: AppArmor Filesystem Enabled
[    0.359474] pnp: PnP ACPI init
[    0.359540] pnp 00:00: Plug and Play ACPI device, IDs PNP0303 (active)
[    0.359593] pnp 00:01: Plug and Play ACPI device, IDs PNP0f03 (active)
[    0.360172] pnp: PnP ACPI: found 2 devices
[    0.370509] clocksource: acpi_pm: mask: 0xffffff max_cycles: 0xffffff, max_idle_ns: 2085701024 ns
[    0.370524] pci_bus 0000:00: resource 4 [io  0x0000-0x0cf7 window]
[    0.370526] pci_bus 0000:00: resource 5 [io  0x0d00-0xffff window]
[    0.370527] pci_bus 0000:00: resource 6 [mem 0x000a0000-0x000bffff window]
[    0.370528] pci_bus 0000:00: resource 7 [mem 0xe0000000-0xfdffffff window]
[    0.370557] NET: Registered protocol family 2
[    0.370739] TCP established hash table entries: 32768 (order: 6, 262144 bytes)
[    0.370794] TCP bind hash table entries: 32768 (order: 7, 524288 bytes)
[    0.370833] TCP: Hash tables configured (established 32768 bind 32768)
[    0.370848] UDP hash table entries: 2048 (order: 4, 65536 bytes)
[    0.370857] UDP-Lite hash table entries: 2048 (order: 4, 65536 bytes)
[    0.370888] NET: Registered protocol family 1
[    0.370897] pci 0000:00:00.0: Limiting direct PCI/PCI transfers
[    0.370922] pci 0000:00:01.0: Activating ISA DMA hang workarounds
[    0.370947] pci 0000:00:02.0: Video device with shadowed ROM
[    0.371156] PCI: CLS 0 bytes, default 64
[    0.371212] Unpacking initramfs...
[    4.065700] Freeing initrd memory: 285556K (ffff880015236000 - ffff880026913000)
[    4.065768] PCI-DMA: Using software bounce buffering for IO (SWIOTLB)
[    4.065771] software IO TLB [mem 0xdbff0000-0xdfff0000] (64MB) mapped at [ffff8800dbff0000-ffff8800dffeffff]
[    4.065897] platform rtc_cmos: registered platform RTC device (no PNP device found)
[    4.065997] Scanning for low memory corruption every 60 seconds
[    4.066418] futex hash table entries: 2048 (order: 5, 131072 bytes)
[    4.066442] audit: initializing netlink subsys (disabled)
[    4.066455] audit: type=2000 audit(1608211567.781:1): initialized
[    4.066610] Initialise system trusted keyring
[    4.066853] HugeTLB registered 2 MB page size, pre-allocated 0 pages
[    4.067846] zbud: loaded
[    4.068101] VFS: Disk quotas dquot_6.6.0
[    4.068126] VFS: Dquot-cache hash table entries: 512 (order 0, 4096 bytes)
[    4.068333] squashfs: version 4.0 (2009/01/31) Phillip Lougher
[    4.068604] fuse init (API version 7.23)
[    4.068695] Key type big_key registered
[    5.072830] tsc: Refined TSC clocksource calibration: 1607.278 MHz
[    5.072834] clocksource: tsc: mask: 0xffffffffffffffff max_cycles: 0x172b003b42a, max_idle_ns: 440795261115 ns
[    5.073616] Key type asymmetric registered
[    5.073620] Asymmetric key parser 'x509' registered
[    5.073708] Block layer SCSI generic (bsg) driver version 0.4 loaded (major 249)
[    5.073791] io scheduler noop registered
[    5.073794] io scheduler deadline registered
[    5.073836] io scheduler cfq registered (default)
[    5.073927] pci_hotplug: PCI Hot Plug PCI Core version: 0.5
[    5.073932] pciehp: PCI Express Hot Plug Controller Driver version: 0.4
[    5.073964] intel_idle: does not run on family 6 model 166
[    5.074089] ACPI: AC Adapter [AC] (on-line)
[    5.074144] input: Power Button as /devices/LNXSYSTM:00/LNXPWRBN:00/input/input0
[    5.074148] ACPI: Power Button [PWRF]
[    5.074224] input: Sleep Button as /devices/LNXSYSTM:00/LNXSLPBN:00/input/input1
[    5.074226] ACPI: Sleep Button [SLPF]
[    5.074547] GHES: HEST is not enabled!
[    5.075620] ACPI: Battery Slot [BAT0] (battery present)
[    5.075686] Serial: 8250/16550 driver, 32 ports, IRQ sharing enabled
[    5.076941] Linux agpgart interface v0.103
[    5.079308] loop: module loaded
[    5.079441] ata_piix 0000:00:01.1: version 2.13
[    5.079884] scsi host0: ata_piix
[    5.080001] scsi host1: ata_piix
[    5.080035] ata1: PATA max UDMA/33 cmd 0x1f0 ctl 0x3f6 bmdma 0xd000 irq 14
[    5.080036] ata2: PATA max UDMA/33 cmd 0x170 ctl 0x376 bmdma 0xd008 irq 15
[    5.080125] libphy: Fixed MDIO Bus: probed
[    5.080128] tun: Universal TUN/TAP device driver, 1.6
[    5.080129] tun: (C) 1999-2004 Max Krasnyansky <maxk@qualcomm.com>
[    5.080161] PPP generic driver version 2.4.2
[    5.080200] ehci_hcd: USB 2.0 'Enhanced' Host Controller (EHCI) Driver
[    5.080204] ehci-pci: EHCI PCI platform driver
[    5.080215] ehci-platform: EHCI generic platform driver
[    5.080223] ohci_hcd: USB 1.1 'Open' Host Controller (OHCI) Driver
[    5.080227] ohci-pci: OHCI PCI platform driver
[    5.080901] ohci-pci 0000:00:06.0: OHCI PCI host controller
[    5.080907] ohci-pci 0000:00:06.0: new USB bus registered, assigned bus number 1
[    5.080966] ohci-pci 0000:00:06.0: irq 22, io mem 0xf0804000
[    5.135402] usb usb1: New USB device found, idVendor=1d6b, idProduct=0001
[    5.135406] usb usb1: New USB device strings: Mfr=3, Product=2, SerialNumber=1
[    5.135408] usb usb1: Product: OHCI PCI host controller
[    5.135410] usb usb1: Manufacturer: Linux 4.4.0 ohci_hcd
[    5.135412] usb usb1: SerialNumber: 0000:00:06.0
[    5.135562] hub 1-0:1.0: USB hub found
[    5.135577] hub 1-0:1.0: 12 ports detected
[    5.136009] ohci-platform: OHCI generic platform driver
[    5.136029] uhci_hcd: USB Universal Host Controller Interface driver
[    5.136103] i8042: PNP: PS/2 Controller [PNP0303:PS2K,PNP0f03:PS2M] at 0x60,0x64 irq 1,12
[    5.136694] serio: i8042 KBD port at 0x60,0x64 irq 1
[    5.136719] serio: i8042 AUX port at 0x60,0x64 irq 12
[    5.136824] mousedev: PS/2 mouse device common for all mice
[    5.137356] rtc_cmos rtc_cmos: rtc core: registered rtc_cmos as rtc0
[    5.137449] rtc_cmos rtc_cmos: alarms up to one day, 114 bytes nvram
[    5.137477] i2c /dev entries driver
[    5.137602] device-mapper: uevent: version 1.0.3
[    5.137761] device-mapper: ioctl: 4.34.0-ioctl (2015-10-28) initialised: dm-devel@redhat.com
[    5.137801] ledtrig-cpu: registered to indicate activity on CPUs
[    5.138626] input: AT Translated Set 2 keyboard as /devices/platform/i8042/serio0/input/input2
[    5.139284] NET: Registered protocol family 10
[    5.140070] NET: Registered protocol family 17
[    5.140079] Key type dns_resolver registered
[    5.140332] microcode: CPU0 sig=0xa0660, pf=0x8, revision=0x0
[    5.140351] microcode: CPU1 sig=0xa0660, pf=0x8, revision=0x0
[    5.140383] microcode: CPU2 sig=0xa0660, pf=0x8, revision=0x0
[    5.140480] microcode: CPU3 sig=0xa0660, pf=0x8, revision=0x0
[    5.140502] microcode: CPU4 sig=0xa0660, pf=0x8, revision=0x0
[    5.140608] microcode: CPU5 sig=0xa0660, pf=0x8, revision=0x0
[    5.140639] microcode: Microcode Update Driver: v2.01 <tigran@aivazian.fsnet.co.uk>, Peter Oruba
[    5.140737] registered taskstats version 1
[    5.140750] Loading compiled-in X.509 certificates
[    5.141221] Loaded X.509 cert 'Build time autogenerated kernel key: 3e67ad3e11e97d8f6b9a6e63f191183bc29faee9'
[    5.141238] zswap: loaded using pool lzo/zbud
[    5.143167] Key type trusted registered
[    5.146710] Key type encrypted registered
[    5.146716] AppArmor: AppArmor sha1 policy hashing enabled
[    5.146719] ima: No TPM chip found, activating TPM-bypass!
[    5.146732] evm: HMAC attrs: 0x1
[    5.147146]   Magic number: 0:69:433
[    5.147264] rtc_cmos rtc_cmos: setting system clock to 2020-12-17 13:25:57 UTC (1608211557)
[    5.147386] BIOS EDD facility v0.16 2004-Jun-25, 0 devices found
[    5.147387] EDD information not available.
[    5.147422] PM: Hibernation image not present or could not be loaded.
[    5.247022] ata2.00: ATAPI: VBOX CD-ROM, 1.0, max UDMA/133
[    5.247350] ata2.00: configured for UDMA/33
[    5.248202] scsi 1:0:0:0: CD-ROM            VBOX     CD-ROM           1.0  PQ: 0 ANSI: 5
[    5.270370] sr 1:0:0:0: [sr0] scsi3-mmc drive: 32x/32x xa/form2 tray
[    5.270373] cdrom: Uniform CD-ROM driver Revision: 3.20
[    5.270835] sr 1:0:0:0: Attached scsi CD-ROM sr0
[    5.271254] sr 1:0:0:0: Attached scsi generic sg0 type 5
[    5.273074] Freeing unused kernel memory: 1844K (ffffffff81f72000 - ffffffff8213f000)
[    5.273076] Write protecting the kernel read-only data: 14336k
[    5.273922] Freeing unused kernel memory: 1856K (ffff880001830000 - ffff880001a00000)
[    5.274594] Freeing unused kernel memory: 240K (ffff880001dc4000 - ffff880001e00000)
[    5.280081] x86/mm: Checked W+X mappings: passed, no W+X pages found.
[    5.291185] random: systemd-udevd urandom read with 3 bits of entropy available
[    5.330323] ACPI: Video Device [GFX0] (multi-head: yes  rom: no  post: no)
[    5.330485] input: Video Bus as /devices/LNXSYSTM:00/LNXSYBUS:00/PNP0A03:00/LNXVIDEO:00/input/input5
[    5.332190] FUJITSU Extended Socket Network Device Driver - version 1.0 - Copyright (c) 2015 FUJITSU LIMITED
[    5.338174] ahci 0000:00:0d.0: version 3.0
[    5.338293] ahci 0000:00:0d.0: SSS flag set, parallel bus scan disabled
[    5.338552] ahci 0000:00:0d.0: AHCI 0001.0100 32 slots 2 ports 3 Gbps 0x3 impl SATA mode
[    5.338556] ahci 0000:00:0d.0: flags: 64bit ncq stag only ccc 
[    5.339169] scsi host2: ahci
[    5.339335] scsi host3: ahci
[    5.339394] ata3: SATA max UDMA/133 abar m8192@0xf0806000 port 0xf0806100 irq 21
[    5.339400] ata4: SATA max UDMA/133 abar m8192@0xf0806000 port 0xf0806180 irq 21
[    5.340312] e1000: Intel(R) PRO/1000 Network Driver - version 7.3.21-k8-NAPI
[    5.340314] e1000: Copyright (c) 1999-2006 Intel Corporation.
[    5.375952] [drm] Initialized drm 1.1.0 20060810
[    5.551788] input: ImExPS/2 Generic Explorer Mouse as /devices/platform/i8042/serio1/input/input6
[    5.559810] usb 1-1: new full-speed USB device number 2 using ohci-pci
[    5.842760] ata3: SATA link up 3.0 Gbps (SStatus 123 SControl 300)
[    5.843447] ata3.00: ATA-6: VBOX HARDDISK, 1.0, max UDMA/133
[    5.843449] ata3.00: 104857600 sectors, multi 128: LBA48 NCQ (depth 31/32)
[    5.843825] ata3.00: configured for UDMA/133
[    5.844117] scsi 2:0:0:0: Direct-Access     ATA      VBOX HARDDISK    1.0  PQ: 0 ANSI: 5
[    5.844282] sd 2:0:0:0: [sda] 104857600 512-byte logical blocks: (53.6 GB/50.0 GiB)
[    5.844284] sd 2:0:0:0: Attached scsi generic sg1 type 0
[    5.844314] sd 2:0:0:0: [sda] Write Protect is off
[    5.844316] sd 2:0:0:0: [sda] Mode Sense: 00 3a 00 00
[    5.844337] sd 2:0:0:0: [sda] Write cache: enabled, read cache: enabled, doesn't support DPO or FUA
[    5.854998]  sda: sda1 sda2 < sda5 >
[    5.855358] sd 2:0:0:0: [sda] Attached SCSI disk
[    6.098852] usb 1-1: New USB device found, idVendor=80ee, idProduct=0021
[    6.098855] usb 1-1: New USB device strings: Mfr=1, Product=3, SerialNumber=0
[    6.098856] usb 1-1: Product: USB Tablet
[    6.098858] usb 1-1: Manufacturer: VirtualBox
[    6.111448] hidraw: raw HID events driver (C) Jiri Kosina
[    6.130116] usbcore: registered new interface driver usbhid
[    6.130118] usbhid: USB HID core driver
[    6.137574] input: VirtualBox USB Tablet as /devices/pci0000:00/0000:00:06.0/usb1/1-1/1-1:1.0/0003:80EE:0021.0001/input/input7
[    6.137963] hid-generic 0003:80EE:0021.0001: input,hidraw0: USB HID v1.10 Mouse [VirtualBox USB Tablet] on usb-0000:00:06.0-1/input0
[    6.270686] ata4: SATA link up 3.0 Gbps (SStatus 123 SControl 300)
[    6.270908] ata4.00: ATA-6: VBOX HARDDISK, 1.0, max UDMA/133
[    6.270910] ata4.00: 20971520 sectors, multi 128: LBA48 NCQ (depth 31/32)
[    6.271344] ata4.00: configured for UDMA/133
[    6.271924] scsi 3:0:0:0: Direct-Access     ATA      VBOX HARDDISK    1.0  PQ: 0 ANSI: 5
[    6.272049] sd 3:0:0:0: [sdb] 20971520 512-byte logical blocks: (10.7 GB/10.0 GiB)
[    6.272081] sd 3:0:0:0: [sdb] Write Protect is off
[    6.272083] sd 3:0:0:0: [sdb] Mode Sense: 00 3a 00 00
[    6.272089] sd 3:0:0:0: Attached scsi generic sg2 type 0
[    6.272089] sd 3:0:0:0: [sdb] Write cache: enabled, read cache: enabled, doesn't support DPO or FUA
[    6.280057]  sdb: sdb1 sdb2
[    6.280189] sd 3:0:0:0: [sdb] Attached SCSI disk
[    6.299034] e1000 0000:00:03.0 eth0: (PCI:33MHz:32-bit) 08:00:27:5d:54:a1
[    6.299039] e1000 0000:00:03.0 eth0: Intel(R) PRO/1000 Network Connection
[    6.299945] [drm] DMA map mode: Using physical TTM page addresses.
[    6.300001] [drm] Capabilities:
[    6.300002] [drm]   Cursor.
[    6.300003] [drm]   Cursor bypass 2.
[    6.300004] [drm]   Alpha cursor.
[    6.300004] [drm]   3D.
[    6.300005] [drm]   Extended Fifo.
[    6.300006] [drm]   Pitchlock.
[    6.300006] [drm]   Irq mask.
[    6.300007] [drm]   GMR.
[    6.300007] [drm]   Traces.
[    6.300008] [drm]   GMR2.
[    6.300009] [drm]   Screen Object 2.
[    6.300009] [drm] Max GMR ids is 8192
[    6.300010] [drm] Max number of GMR pages is 1048576
[    6.300011] [drm] Max dedicated hypervisor surface memory is 507904 kiB
[    6.300012] [drm] Maximum display memory size is 16384 kiB
[    6.300013] [drm] VRAM at 0xe0000000 size is 16384 kiB
[    6.300014] [drm] MMIO at 0xf0000000 size is 2048 kiB
[    6.300015] [drm] global init.
[    6.300243] [TTM] Zone  kernel: Available graphics memory: 2021612 kiB
[    6.300244] [TTM] Initializing pool allocator
[    6.300248] [TTM] Initializing DMA pool allocator
[    6.300294] e1000 0000:00:03.0 enp0s3: renamed from eth0
[    6.300309] [drm] Supports vblank timestamp caching Rev 2 (21.10.2013).
[    6.300310] [drm] No driver support for vblank timestamp query.
[    6.300479] [drm] Screen Objects Display Unit initialized
[    6.300518] [drm] width 720
[    6.300526] [drm] height 400
[    6.300534] [drm] bpp 32
[    6.300687] [drm] Fifo max 0x00200000 min 0x00001000 cap 0x00000355
[    6.300694] [drm] DX: no.
[    6.302246] fbcon: svgadrmfb (fb0) is primary device
[    6.323442] Console: switching to colour frame buffer device 100x37
[    6.324276] [drm] Initialized vmwgfx 2.9.0 20150810 for 0000:00:02.0 on minor 0
[    8.859886] floppy0: no floppy controllers found
[   11.600130] EXT4-fs (sda1): mounted filesystem with ordered data mode. Opts: (null)
[   12.739751] systemd[1]: systemd 229 running in system mode. (+PAM +AUDIT +SELINUX +IMA +APPARMOR +SMACK +SYSVINIT +UTMP +LIBCRYPTSETUP +GCRYPT +GNUTLS +ACL +XZ -LZ4 +SECCOMP +BLKID +ELFUTILS +KMOD -IDN)
[   12.739786] systemd[1]: Detected virtualization oracle.
[   12.739796] systemd[1]: Detected architecture x86-64.
[   12.740317] systemd[1]: Set hostname to <sysprog2020>.
[   13.016679] systemd[1]: Started Forward Password Requests to Wall Directory Watch.
[   13.016759] systemd[1]: Set up automount Arbitrary Executable File Formats File System Automount Point.
[   13.016782] systemd[1]: Listening on udev Kernel Socket.
[   13.016832] systemd[1]: Created slice System Slice.
[   13.016855] systemd[1]: Listening on udev Control Socket.
[   13.016868] systemd[1]: Listening on Syslog Socket.
[   13.016888] systemd[1]: Started Trigger resolvconf update for networkd DNS.
[   13.016907] systemd[1]: Listening on Journal Socket.
[   13.722618] systemd[1]: Starting Set console keymap...
[   13.723859] systemd[1]: Mounting Huge Pages File System...
[   13.724370] systemd[1]: Starting Create list of required static device nodes for the current kernel...
[   13.724743] systemd[1]: Mounting POSIX Message Queue File System...
[   13.724777] systemd[1]: Reached target Remote File Systems (Pre).
[   13.724800] systemd[1]: Reached target Remote File Systems.
[   13.725088] systemd[1]: Mounting Debug File System...
[   13.725136] systemd[1]: Listening on /dev/initctl Compatibility Named Pipe.
[   13.725168] systemd[1]: Listening on fsck to fsckd communication Socket.
[   13.725187] systemd[1]: Reached target Encrypted Volumes.
[   13.725678] random: nonblocking pool is initialized
[   13.726617] systemd[1]: Starting Load Kernel Modules...
[   13.726952] systemd[1]: Starting Remount Root and Kernel File Systems...
[   13.727322] systemd[1]: Started Braille Device Support.
[   13.727773] systemd[1]: Starting Uncomplicated firewall...
[   13.727814] systemd[1]: Listening on Journal Socket (/dev/log).
[   13.727842] systemd[1]: Reached target User and Group Name Lookups.
[   13.727887] systemd[1]: Created slice User and Session Slice.
[   13.727897] systemd[1]: Reached target Slices.
[   13.727946] systemd[1]: Listening on Journal Audit Socket.
[   13.728259] systemd[1]: Starting Journal Service...
[   13.731086] systemd[1]: Started Uncomplicated firewall.
[   13.754848] systemd[1]: Started Create list of required static device nodes for the current kernel.
[   13.951067] systemd[1]: Starting Create Static Device Nodes in /dev...
[   13.951581] systemd[1]: Started Journal Service.
[   14.074118] lp: driver loaded but no devices found
[   14.087097] EXT4-fs (sda1): re-mounted. Opts: errors=remount-ro
[   14.089886] ppdev: user-space parallel port driver
[   14.122272] systemd-journald[286]: Received request to flush runtime journal from PID 1
[   14.261250] piix4_smbus 0000:00:07.0: SMBus Host Controller at 0x4100, revision 0
[   14.479986] snd_intel8x0 0000:00:05.0: disable (unknown or VT-d) VM optimization
[   14.542755] AVX2 version of gcm_enc/dec engaged.
[   14.542757] AES CTR mode by8 optimization enabled
[   14.685367] audit: type=1400 audit(1608211567.032:2): apparmor="STATUS" operation="profile_load" name="/usr/lib/snapd/snap-confine" pid=639 comm="apparmor_parser"
[   14.685372] audit: type=1400 audit(1608211567.032:3): apparmor="STATUS" operation="profile_load" name="mount-namespace-capture-helper" pid=639 comm="apparmor_parser"
[   14.691763] audit: type=1400 audit(1608211567.040:4): apparmor="STATUS" operation="profile_load" name="webbrowser-app" pid=638 comm="apparmor_parser"
[   14.691767] audit: type=1400 audit(1608211567.040:5): apparmor="STATUS" operation="profile_load" name="oxide_helper" pid=638 comm="apparmor_parser"
[   14.693207] audit: type=1400 audit(1608211567.040:6): apparmor="STATUS" operation="profile_load" name="/usr/sbin/cups-browsed" pid=640 comm="apparmor_parser"
[   14.694821] audit: type=1400 audit(1608211567.044:7): apparmor="STATUS" operation="profile_load" name="/usr/lib/cups/backend/cups-pdf" pid=641 comm="apparmor_parser"
[   14.694825] audit: type=1400 audit(1608211567.044:8): apparmor="STATUS" operation="profile_load" name="/usr/sbin/cupsd" pid=641 comm="apparmor_parser"
[   14.694828] audit: type=1400 audit(1608211567.044:9): apparmor="STATUS" operation="profile_load" name="third_party" pid=641 comm="apparmor_parser"
[   14.695805] audit: type=1400 audit(1608211567.044:10): apparmor="STATUS" operation="profile_load" name="/usr/sbin/ippusbxd" pid=642 comm="apparmor_parser"
[   14.696337] audit: type=1400 audit(1608211567.044:11): apparmor="STATUS" operation="profile_load" name="/sbin/dhclient" pid=635 comm="apparmor_parser"
[   15.361717] snd_intel8x0 0000:00:05.0: white list rate for 1028:0177 is 48000
[   15.436923] Adding 998396k swap on /dev/sda5.  Priority:-1 extents:1 across:998396k FS
[   16.427283] IPv6: ADDRCONF(NETDEV_UP): enp0s3: link is not ready
[   16.429372] IPv6: ADDRCONF(NETDEV_UP): enp0s3: link is not ready
[   16.434966] e1000: enp0s3 NIC Link is Up 1000 Mbps Full Duplex, Flow Control: RX
[   16.435266] IPv6: ADDRCONF(NETDEV_CHANGE): enp0s3: link becomes ready
[   17.302395] floppy0: no floppy controllers found
[  795.777432] spa3: module verification failed: signature and/or required key missing - tainting kernel
[  795.781583] spa3: init successful.
[  819.487624] spa3: Opening file...
[  819.487639] spa3: nRules: 0, buf:O 1111
               , buf[n]:O 32 49 49
[  819.487640] spa3: Outbound rule added.
[  825.480264] spa3: Opening file...
[  825.480280] spa3: nRules: 1, buf:I 2222
               , buf[n]:I 32 50 50
[  825.480283] spa3: Inbound rule added
[  832.490833] spa3: Opening file...
[  832.490872] spa3: nRules: 2, buf:F 3333
               , buf[n]:F 32 51 51
[  832.490874] spa3: Forwarding rule added.
[  838.972066] spa3: Opening file...
[  838.972090] spa3: nRules: 3, buf:P 4444
               , buf[n]:P 32 52 52
[  838.972094] spa3: Proxy rule added.
[  847.705297] spa3: Opening file...
[  847.705349] curr_pos: 0, type_char: O, portno: 1111
[  847.707254] curr_pos: 1, type_char: I, portno: 2222
[  847.708747] curr_pos: 2, type_char: F, portno: 3333
[  847.709814] curr_pos: 3, type_char: P, portno: 4444
[  847.710200] spa3: Finished reading rules.
[  925.262152] DROP(OUTBOUND) : 6, 36672, 1111, 10.0.2.15, 192.168.56.101, 1000
[  925.262162] OUTBOUND       : 6, 57928, 2222, 10.0.2.15, 192.168.56.101, 1000
[  925.262187] OUTBOUND       : 6, 52832, 3333, 10.0.2.15, 192.168.56.101, 1000
[  925.262198] OUTBOUND       : 6, 46486, 4444, 10.0.2.15, 192.168.56.101, 1000
[  925.262208] OUTBOUND       : 6, 34600, 5555, 10.0.2.15, 192.168.56.101, 1000
[  925.263436] DROP(INBOUND)  : 6, 2222, 57928, 192.168.56.101, 10.0.2.15, 1010
[  925.263442] INBOUND        : 6, 3333, 52832, 192.168.56.101, 10.0.2.15, 1010
[  925.263508] OUTBOUND       : 6, 52832, 3333, 10.0.2.15, 192.168.56.101, 0010
[  925.263527] PROXY(INBOUND) : 6, 4444, 4444, 192.168.56.101, 131.1.1.1, 1010
[  925.263531] spa3: spa3_hforward called.
[  925.263532] FORWARD        : 6, 4444, 23569, 192.168.56.101, 131.1.1.1, 1010
[  925.263534] OUTBOUND       : 6, 4444, 23569, 192.168.56.101, 131.1.1.1, 1010
[  925.263545] INBOUND        : 6, 5555, 34600, 192.168.56.101, 10.0.2.15, 1010
[  925.263553] OUTBOUND       : 6, 34600, 5555, 10.0.2.15, 192.168.56.101, 0010
[  925.263563] INBOUND        : 6, 5555, 34600, 192.168.56.101, 10.0.2.15, 1010
[  925.263567] OUTBOUND       : 6, 34600, 5555, 10.0.2.15, 192.168.56.101, 0010
[  925.263661] INBOUND        : 6, 5555, 34600, 192.168.56.101, 10.0.2.15, 0010
[  925.263666] OUTBOUND       : 6, 34600, 5555, 10.0.2.15, 192.168.56.101, 0010
[  925.263678] PROXY(INBOUND) : 6, 4444, 4444, 192.168.56.101, 131.1.1.1, 1010
[  925.263680] spa3: spa3_hforward called.
[  925.263682] FORWARD        : 6, 4444, 23569, 192.168.56.101, 131.1.1.1, 1010
[  925.263683] OUTBOUND       : 6, 4444, 23569, 192.168.56.101, 131.1.1.1, 1010
[  925.263788] INBOUND        : 6, 3333, 52832, 192.168.56.101, 10.0.2.15, 0010
[  925.263793] OUTBOUND       : 6, 52832, 3333, 10.0.2.15, 192.168.56.101, 0010
[  925.263847] DROP(INBOUND)  : 6, 2222, 57928, 192.168.56.101, 10.0.2.15, 1010
[  925.264438] INBOUND        : 6, 5555, 34600, 192.168.56.101, 10.0.2.15, 0010
[  925.264519] INBOUND        : 6, 5555, 34600, 192.168.56.101, 10.0.2.15, 0010
[  925.264716] OUTBOUND       : 6, 34600, 5555, 10.0.2.15, 192.168.56.101, 0010
[  925.264958] DROP(INBOUND)  : 6, 2222, 57928, 192.168.56.101, 10.0.2.15, 1010
[  925.264960] DROP(INBOUND)  : 6, 2222, 57928, 192.168.56.101, 10.0.2.15, 1010
[  925.264972] OUTBOUND       : 6, 34600, 5555, 10.0.2.15, 192.168.56.101, 0010
[  925.266678] PROXY(INBOUND) : 6, 4444, 4444, 192.168.56.101, 131.1.1.1, 1010
[  925.266682] spa3: spa3_hforward called.
[  925.266683] FORWARD        : 6, 4444, 23569, 192.168.56.101, 131.1.1.1, 1010
[  925.266685] OUTBOUND       : 6, 4444, 23569, 192.168.56.101, 131.1.1.1, 1010
[  925.266718] INBOUND        : 6, 3333, 52832, 192.168.56.101, 10.0.2.15, 0010
[  925.266724] PROXY(INBOUND) : 6, 4444, 4444, 192.168.56.101, 131.1.1.1, 1010
[  925.266725] spa3: spa3_hforward called.
[  925.266726] FORWARD        : 6, 4444, 23569, 192.168.56.101, 131.1.1.1, 1010
[  925.266728] OUTBOUND       : 6, 4444, 23569, 192.168.56.101, 131.1.1.1, 1010
[  925.266735] INBOUND        : 6, 3333, 52832, 192.168.56.101, 10.0.2.15, 0010
[  925.266779] DROP(INBOUND)  : 6, 2222, 57928, 192.168.56.101, 10.0.2.15, 1010
[  925.267100] DROP(INBOUND)  : 6, 2222, 57928, 192.168.56.101, 10.0.2.15, 1010
[  925.267664] INBOUND        : 6, 5555, 34600, 192.168.56.101, 10.0.2.15, 0010
[  925.267670] INBOUND        : 6, 5555, 34600, 192.168.56.101, 10.0.2.15, 0010
[  925.268083] OUTBOUND       : 6, 52832, 3333, 10.0.2.15, 192.168.56.101, 0010
[  925.268101] OUTBOUND       : 6, 52832, 3333, 10.0.2.15, 192.168.56.101, 0010
[  925.268189] OUTBOUND       : 6, 34600, 5555, 10.0.2.15, 192.168.56.101, 0010
[  925.268201] OUTBOUND       : 6, 34600, 5555, 10.0.2.15, 192.168.56.101, 0010
[  925.268229] PROXY(INBOUND) : 6, 4444, 4444, 192.168.56.101, 131.1.1.1, 1010
[  925.268232] spa3: spa3_hforward called.
[  925.268234] FORWARD        : 6, 4444, 23569, 192.168.56.101, 131.1.1.1, 1010
[  925.268235] OUTBOUND       : 6, 4444, 23569, 192.168.56.101, 131.1.1.1, 1010
[  925.268363] PROXY(INBOUND) : 6, 4444, 4444, 192.168.56.101, 131.1.1.1, 1010
[  925.268365] spa3: spa3_hforward called.
[  925.268367] FORWARD        : 6, 4444, 23569, 192.168.56.101, 131.1.1.1, 1010
[  925.268369] OUTBOUND       : 6, 4444, 23569, 192.168.56.101, 131.1.1.1, 1010
[  925.268604] DROP(INBOUND)  : 6, 2222, 57928, 192.168.56.101, 10.0.2.15, 1010
[  925.268607] DROP(INBOUND)  : 6, 2222, 57928, 192.168.56.101, 10.0.2.15, 1010
[  925.268734] INBOUND        : 6, 5555, 34600, 192.168.56.101, 10.0.2.15, 0010
[  925.268754] OUTBOUND       : 6, 34600, 5555, 10.0.2.15, 192.168.56.101, 0010
[  925.268857] INBOUND        : 6, 5555, 34600, 192.168.56.101, 10.0.2.15, 0010
[  925.268861] OUTBOUND       : 6, 34600, 5555, 10.0.2.15, 192.168.56.101, 0010
[  925.269335] INBOUND        : 6, 3333, 52832, 192.168.56.101, 10.0.2.15, 0010
[  925.269354] OUTBOUND       : 6, 52832, 3333, 10.0.2.15, 192.168.56.101, 0010
[  925.269486] INBOUND        : 6, 3333, 52832, 192.168.56.101, 10.0.2.15, 0010
[  925.269505] OUTBOUND       : 6, 52832, 3333, 10.0.2.15, 192.168.56.101, 0010
[  925.269553] PROXY(INBOUND) : 6, 4444, 4444, 192.168.56.101, 131.1.1.1, 1010
[  925.269556] spa3: spa3_hforward called.
[  925.269557] FORWARD        : 6, 4444, 23569, 192.168.56.101, 131.1.1.1, 1010
[  925.269559] OUTBOUND       : 6, 4444, 23569, 192.168.56.101, 131.1.1.1, 1010
[  925.269615] PROXY(INBOUND) : 6, 4444, 4444, 192.168.56.101, 131.1.1.1, 1010
[  925.269617] spa3: spa3_hforward called.
[  925.269618] FORWARD        : 6, 4444, 23569, 192.168.56.101, 131.1.1.1, 1010
[  925.269620] OUTBOUND       : 6, 4444, 23569, 192.168.56.101, 131.1.1.1, 1010
[  925.271220] INBOUND        : 6, 5555, 34600, 192.168.56.101, 10.0.2.15, 0010
[  925.271228] DROP(INBOUND)  : 6, 2222, 57928, 192.168.56.101, 10.0.2.15, 1010
[  925.271285] INBOUND        : 6, 5555, 34600, 192.168.56.101, 10.0.2.15, 0010
[  925.271289] DROP(INBOUND)  : 6, 2222, 57928, 192.168.56.101, 10.0.2.15, 1010
[  925.271436] PROXY(INBOUND) : 6, 4444, 4444, 192.168.56.101, 131.1.1.1, 1010
[  925.271438] spa3: spa3_hforward called.
[  925.271440] FORWARD        : 6, 4444, 23569, 192.168.56.101, 131.1.1.1, 1010
[  925.271441] OUTBOUND       : 6, 4444, 23569, 192.168.56.101, 131.1.1.1, 1010
[  925.271566] PROXY(INBOUND) : 6, 4444, 4444, 192.168.56.101, 131.1.1.1, 1010
[  925.271568] spa3: spa3_hforward called.
[  925.271570] FORWARD        : 6, 4444, 23569, 192.168.56.101, 131.1.1.1, 1010
[  925.271571] OUTBOUND       : 6, 4444, 23569, 192.168.56.101, 131.1.1.1, 1010
[  925.271864] OUTBOUND       : 6, 34600, 5555, 10.0.2.15, 192.168.56.101, 0010
[  925.271876] OUTBOUND       : 6, 34600, 5555, 10.0.2.15, 192.168.56.101, 0010
[  925.272164] INBOUND        : 6, 3333, 52832, 192.168.56.101, 10.0.2.15, 0010
[  925.272203] OUTBOUND       : 6, 52832, 3333, 10.0.2.15, 192.168.56.101, 0010
[  925.272246] INBOUND        : 6, 3333, 52832, 192.168.56.101, 10.0.2.15, 0010
[  925.272249] OUTBOUND       : 6, 52832, 3333, 10.0.2.15, 192.168.56.101, 0010
[  925.274110] INBOUND        : 6, 5555, 34600, 192.168.56.101, 10.0.2.15, 0010
[  925.274117] PROXY(INBOUND) : 6, 4444, 4444, 192.168.56.101, 131.1.1.1, 1010
[  925.274119] spa3: spa3_hforward called.
[  925.274121] FORWARD        : 6, 4444, 23569, 192.168.56.101, 131.1.1.1, 1010
[  925.274122] OUTBOUND       : 6, 4444, 23569, 192.168.56.101, 131.1.1.1, 1010
[  925.274205] OUTBOUND       : 6, 34600, 5555, 10.0.2.15, 192.168.56.101, 0010
[  925.274229] INBOUND        : 6, 5555, 34600, 192.168.56.101, 10.0.2.15, 0010
[  925.274232] PROXY(INBOUND) : 6, 4444, 4444, 192.168.56.101, 131.1.1.1, 1010
[  925.274233] spa3: spa3_hforward called.
[  925.274235] FORWARD        : 6, 4444, 23569, 192.168.56.101, 131.1.1.1, 1010
[  925.274236] OUTBOUND       : 6, 4444, 23569, 192.168.56.101, 131.1.1.1, 1010
[  925.274252] OUTBOUND       : 6, 34600, 5555, 10.0.2.15, 192.168.56.101, 0010
[  925.274357] DROP(INBOUND)  : 6, 2222, 57928, 192.168.56.101, 10.0.2.15, 1010
[  925.274363] DROP(INBOUND)  : 6, 2222, 57928, 192.168.56.101, 10.0.2.15, 1010
[  925.276985] PROXY(INBOUND) : 6, 4444, 4444, 192.168.56.101, 131.1.1.1, 1010
[  925.276987] spa3: spa3_hforward called.
[  925.276989] FORWARD        : 6, 4444, 23569, 192.168.56.101, 131.1.1.1, 1010
[  925.276990] OUTBOUND       : 6, 4444, 23569, 192.168.56.101, 131.1.1.1, 1010
[  925.277000] INBOUND        : 6, 3333, 52832, 192.168.56.101, 10.0.2.15, 0010
[  925.277088] INBOUND        : 6, 5555, 34600, 192.168.56.101, 10.0.2.15, 0010
[  925.277120] OUTBOUND       : 6, 52832, 3333, 10.0.2.15, 192.168.56.101, 0010
[  925.277211] INBOUND        : 6, 5555, 34600, 192.168.56.101, 10.0.2.15, 0010
[  925.277215] DROP(INBOUND)  : 6, 2222, 57928, 192.168.56.101, 10.0.2.15, 1010
[  925.277252] OUTBOUND       : 6, 34600, 5555, 10.0.2.15, 192.168.56.101, 0010
[  925.277282] OUTBOUND       : 6, 34600, 5555, 10.0.2.15, 192.168.56.101, 0010
[  925.277337] DROP(INBOUND)  : 6, 2222, 57928, 192.168.56.101, 10.0.2.15, 1010
[  925.279177] PROXY(INBOUND) : 6, 4444, 4444, 192.168.56.101, 131.1.1.1, 1010
[  925.279187] spa3: spa3_hforward called.
[  925.279192] FORWARD        : 6, 4444, 23569, 192.168.56.101, 131.1.1.1, 1010
[  925.279198] OUTBOUND       : 6, 4444, 23569, 192.168.56.101, 131.1.1.1, 1010
[  925.279369] PROXY(INBOUND) : 6, 4444, 4444, 192.168.56.101, 131.1.1.1, 1010
[  925.279378] spa3: spa3_hforward called.
[  925.279384] FORWARD        : 6, 4444, 23569, 192.168.56.101, 131.1.1.1, 1010
[  925.279390] OUTBOUND       : 6, 4444, 23569, 192.168.56.101, 131.1.1.1, 1010
[  925.280879] INBOUND        : 6, 5555, 34600, 192.168.56.101, 10.0.2.15, 0010
[  925.280945] INBOUND        : 6, 3333, 52832, 192.168.56.101, 10.0.2.15, 0010
[  925.280954] INBOUND        : 6, 5555, 34600, 192.168.56.101, 10.0.2.15, 0010
[  925.280960] INBOUND        : 6, 3333, 52832, 192.168.56.101, 10.0.2.15, 0010
[  925.281021] PROXY(INBOUND) : 6, 4444, 4444, 192.168.56.101, 131.1.1.1, 1010
[  925.281025] spa3: spa3_hforward called.
[  925.281026] FORWARD        : 6, 4444, 23569, 192.168.56.101, 131.1.1.1, 1010
[  925.281029] OUTBOUND       : 6, 4444, 23569, 192.168.56.101, 131.1.1.1, 1010
[  925.281040] DROP(INBOUND)  : 6, 2222, 57928, 192.168.56.101, 10.0.2.15, 1010
[  925.281077] OUTBOUND       : 6, 52832, 3333, 10.0.2.15, 192.168.56.101, 0010
[  925.281110] OUTBOUND       : 6, 52832, 3333, 10.0.2.15, 192.168.56.101, 0010
[  925.281139] OUTBOUND       : 6, 34600, 5555, 10.0.2.15, 192.168.56.101, 0010
[  925.281145] PROXY(INBOUND) : 6, 4444, 4444, 192.168.56.101, 131.1.1.1, 1010
[  925.281147] spa3: spa3_hforward called.
[  925.281148] FORWARD        : 6, 4444, 23569, 192.168.56.101, 131.1.1.1, 1010
[  925.281171] OUTBOUND       : 6, 4444, 23569, 192.168.56.101, 131.1.1.1, 1010
[  925.281175] OUTBOUND       : 6, 34600, 5555, 10.0.2.15, 192.168.56.101, 0010
[  925.281218] DROP(INBOUND)  : 6, 2222, 57928, 192.168.56.101, 10.0.2.15, 1010
[  925.283041] INBOUND        : 6, 5555, 34600, 192.168.56.101, 10.0.2.15, 0010
[  925.283059] PROXY(INBOUND) : 6, 4444, 4444, 192.168.56.101, 131.1.1.1, 1010
[  925.283061] spa3: spa3_hforward called.
[  925.283062] FORWARD        : 6, 4444, 23569, 192.168.56.101, 131.1.1.1, 1010
[  925.283067] OUTBOUND       : 6, 4444, 23569, 192.168.56.101, 131.1.1.1, 1010
[  925.283076] INBOUND        : 6, 5555, 34600, 192.168.56.101, 10.0.2.15, 0010
[  925.283078] PROXY(INBOUND) : 6, 4444, 4444, 192.168.56.101, 131.1.1.1, 1010
[  925.283079] spa3: spa3_hforward called.
[  925.283081] FORWARD        : 6, 4444, 23569, 192.168.56.101, 131.1.1.1, 1010
[  925.283082] OUTBOUND       : 6, 4444, 23569, 192.168.56.101, 131.1.1.1, 1010
[  925.283134] OUTBOUND       : 6, 34600, 5555, 10.0.2.15, 192.168.56.101, 0010
[  925.283148] OUTBOUND       : 6, 34600, 5555, 10.0.2.15, 192.168.56.101, 0010
[  925.283154] INBOUND        : 6, 3333, 52832, 192.168.56.101, 10.0.2.15, 0010
[  925.283173] OUTBOUND       : 6, 52832, 3333, 10.0.2.15, 192.168.56.101, 0010
[  925.283229] INBOUND        : 6, 3333, 52832, 192.168.56.101, 10.0.2.15, 0010
[  925.283245] OUTBOUND       : 6, 52832, 3333, 10.0.2.15, 192.168.56.101, 0010
[  925.285009] DROP(INBOUND)  : 6, 2222, 57928, 192.168.56.101, 10.0.2.15, 1010
[  925.285145] DROP(INBOUND)  : 6, 2222, 57928, 192.168.56.101, 10.0.2.15, 1010
[  925.286008] PROXY(INBOUND) : 6, 4444, 4444, 192.168.56.101, 131.1.1.1, 1010
[  925.286011] spa3: spa3_hforward called.
[  925.286012] FORWARD        : 6, 4444, 23569, 192.168.56.101, 131.1.1.1, 1010
[  925.286013] OUTBOUND       : 6, 4444, 23569, 192.168.56.101, 131.1.1.1, 1010
[  925.286101] PROXY(INBOUND) : 6, 4444, 4444, 192.168.56.101, 131.1.1.1, 1010
[  925.286103] spa3: spa3_hforward called.
[  925.286104] FORWARD        : 6, 4444, 23569, 192.168.56.101, 131.1.1.1, 1010
[  925.286105] OUTBOUND       : 6, 4444, 23569, 192.168.56.101, 131.1.1.1, 1010
[  925.286823] INBOUND        : 6, 5555, 34600, 192.168.56.101, 10.0.2.15, 0010
[  925.286837] INBOUND        : 6, 3333, 52832, 192.168.56.101, 10.0.2.15, 0010
[  925.286872] INBOUND        : 6, 3333, 52832, 192.168.56.101, 10.0.2.15, 0010
[  925.286876] INBOUND        : 6, 5555, 34600, 192.168.56.101, 10.0.2.15, 0010
[  925.286878] DROP(INBOUND)  : 6, 2222, 57928, 192.168.56.101, 10.0.2.15, 1010
[  925.286894] OUTBOUND       : 6, 52832, 3333, 10.0.2.15, 192.168.56.101, 0010
[  925.286921] OUTBOUND       : 6, 52832, 3333, 10.0.2.15, 192.168.56.101, 0010
[  925.286964] OUTBOUND       : 6, 34600, 5555, 10.0.2.15, 192.168.56.101, 0010
[  925.287017] OUTBOUND       : 6, 34600, 5555, 10.0.2.15, 192.168.56.101, 0010
[  925.287071] DROP(INBOUND)  : 6, 2222, 57928, 192.168.56.101, 10.0.2.15, 1010
[  925.287819] PROXY(INBOUND) : 6, 4444, 4444, 192.168.56.101, 131.1.1.1, 1010
[  925.287821] spa3: spa3_hforward called.
[  925.287822] FORWARD        : 6, 4444, 23569, 192.168.56.101, 131.1.1.1, 1010
[  925.287824] OUTBOUND       : 6, 4444, 23569, 192.168.56.101, 131.1.1.1, 1010
[  925.287930] PROXY(INBOUND) : 6, 4444, 4444, 192.168.56.101, 131.1.1.1, 1010
[  925.287932] spa3: spa3_hforward called.
[  925.287933] FORWARD        : 6, 4444, 23569, 192.168.56.101, 131.1.1.1, 1010
[  925.287935] OUTBOUND       : 6, 4444, 23569, 192.168.56.101, 131.1.1.1, 1010
[  925.288031] INBOUND        : 6, 5555, 34600, 192.168.56.101, 10.0.2.15, 0010
[  925.288096] OUTBOUND       : 6, 34600, 5555, 10.0.2.15, 192.168.56.101, 0010
[  925.288145] INBOUND        : 6, 5555, 34600, 192.168.56.101, 10.0.2.15, 0010
[  925.288171] OUTBOUND       : 6, 34600, 5555, 10.0.2.15, 192.168.56.101, 0010
[  925.289797] INBOUND        : 6, 3333, 52832, 192.168.56.101, 10.0.2.15, 0010
[  925.289802] DROP(INBOUND)  : 6, 2222, 57928, 192.168.56.101, 10.0.2.15, 1010
[  925.289816] OUTBOUND       : 6, 52832, 3333, 10.0.2.15, 192.168.56.101, 0010
[  925.289839] INBOUND        : 6, 3333, 52832, 192.168.56.101, 10.0.2.15, 0010
[  925.289842] DROP(INBOUND)  : 6, 2222, 57928, 192.168.56.101, 10.0.2.15, 1010
[  925.289854] OUTBOUND       : 6, 52832, 3333, 10.0.2.15, 192.168.56.101, 0010
[  925.290797] INBOUND        : 6, 5555, 34600, 192.168.56.101, 10.0.2.15, 0010
[  925.290803] PROXY(INBOUND) : 6, 4444, 4444, 192.168.56.101, 131.1.1.1, 1010
[  925.290805] spa3: spa3_hforward called.
[  925.290806] FORWARD        : 6, 4444, 23569, 192.168.56.101, 131.1.1.1, 1010
[  925.290808] OUTBOUND       : 6, 4444, 23569, 192.168.56.101, 131.1.1.1, 1010
[  925.290820] INBOUND        : 6, 5555, 34600, 192.168.56.101, 10.0.2.15, 0010
[  925.290825] PROXY(INBOUND) : 6, 4444, 4444, 192.168.56.101, 131.1.1.1, 1010
[  925.290828] spa3: spa3_hforward called.
[  925.290829] FORWARD        : 6, 4444, 23569, 192.168.56.101, 131.1.1.1, 1010
[  925.290831] OUTBOUND       : 6, 4444, 23569, 192.168.56.101, 131.1.1.1, 1010
[  925.290902] OUTBOUND       : 6, 34600, 5555, 10.0.2.15, 192.168.56.101, 0010
[  925.290914] OUTBOUND       : 6, 34600, 5555, 10.0.2.15, 192.168.56.101, 0010
[  925.292613] INBOUND        : 6, 3333, 52832, 192.168.56.101, 10.0.2.15, 0010
[  925.292619] DROP(INBOUND)  : 6, 2222, 57928, 192.168.56.101, 10.0.2.15, 1010
[  925.292655] OUTBOUND       : 6, 52832, 3333, 10.0.2.15, 192.168.56.101, 0010
[  925.292667] INBOUND        : 6, 3333, 52832, 192.168.56.101, 10.0.2.15, 0010
[  925.292670] DROP(INBOUND)  : 6, 2222, 57928, 192.168.56.101, 10.0.2.15, 1010
[  925.292682] OUTBOUND       : 6, 52832, 3333, 10.0.2.15, 192.168.56.101, 0010
[  925.293696] INBOUND        : 6, 5555, 34600, 192.168.56.101, 10.0.2.15, 0010
[  925.293705] PROXY(INBOUND) : 6, 4444, 4444, 192.168.56.101, 131.1.1.1, 1010
[  925.293707] spa3: spa3_hforward called.
[  925.293708] FORWARD        : 6, 4444, 23569, 192.168.56.101, 131.1.1.1, 1010
[  925.293710] OUTBOUND       : 6, 4444, 23569, 192.168.56.101, 131.1.1.1, 1010
[  925.293721] OUTBOUND       : 6, 34600, 5555, 10.0.2.15, 192.168.56.101, 0010
[  925.295604] INBOUND        : 6, 5555, 34600, 192.168.56.101, 10.0.2.15, 0010
[  925.295614] PROXY(INBOUND) : 6, 4444, 4444, 192.168.56.101, 131.1.1.1, 1010
[  925.295616] spa3: spa3_hforward called.
[  925.295617] FORWARD        : 6, 4444, 23569, 192.168.56.101, 131.1.1.1, 1010
[  925.295618] OUTBOUND       : 6, 4444, 23569, 192.168.56.101, 131.1.1.1, 1010
[  925.295630] INBOUND        : 6, 3333, 52832, 192.168.56.101, 10.0.2.15, 0010
[  925.295638] DROP(INBOUND)  : 6, 2222, 57928, 192.168.56.101, 10.0.2.15, 1010
[  925.295655] OUTBOUND       : 6, 52832, 3333, 10.0.2.15, 192.168.56.101, 0010
[  925.295694] OUTBOUND       : 6, 34600, 5555, 10.0.2.15, 192.168.56.101, 0010
[  925.295701] INBOUND        : 6, 3333, 52832, 192.168.56.101, 10.0.2.15, 0010
[  925.295704] DROP(INBOUND)  : 6, 2222, 57928, 192.168.56.101, 10.0.2.15, 1010
[  925.295735] OUTBOUND       : 6, 52832, 3333, 10.0.2.15, 192.168.56.101, 0010
[  925.298478] INBOUND        : 6, 5555, 34600, 192.168.56.101, 10.0.2.15, 0010
[  925.298493] PROXY(INBOUND) : 6, 4444, 4444, 192.168.56.101, 131.1.1.1, 1010
[  925.298496] spa3: spa3_hforward called.
[  925.298498] FORWARD        : 6, 4444, 23569, 192.168.56.101, 131.1.1.1, 1010
[  925.298500] OUTBOUND       : 6, 4444, 23569, 192.168.56.101, 131.1.1.1, 1010
[  925.298514] DROP(INBOUND)  : 6, 2222, 57928, 192.168.56.101, 10.0.2.15, 1010
[  925.298517] INBOUND        : 6, 3333, 52832, 192.168.56.101, 10.0.2.15, 0010
[  925.298521] INBOUND        : 6, 3333, 52832, 192.168.56.101, 10.0.2.15, 0010
[  925.298542] OUTBOUND       : 6, 52832, 3333, 10.0.2.15, 192.168.56.101, 0010
[  925.298552] OUTBOUND       : 6, 52832, 3333, 10.0.2.15, 192.168.56.101, 0010
[  925.298623] OUTBOUND       : 6, 34600, 5555, 10.0.2.15, 192.168.56.101, 0010
[  925.299551] INBOUND        : 6, 5555, 34600, 192.168.56.101, 10.0.2.15, 0010
[  925.299578] OUTBOUND       : 6, 34600, 5555, 10.0.2.15, 192.168.56.101, 0010
[  925.299621] INBOUND        : 6, 5555, 34600, 192.168.56.101, 10.0.2.15, 0010
[  925.299643] OUTBOUND       : 6, 34600, 5555, 10.0.2.15, 192.168.56.101, 0010
[  925.300547] PROXY(INBOUND) : 6, 4444, 4444, 192.168.56.101, 131.1.1.1, 1010
[  925.300549] spa3: spa3_hforward called.
[  925.300550] FORWARD        : 6, 4444, 23569, 192.168.56.101, 131.1.1.1, 1010
[  925.300552] OUTBOUND       : 6, 4444, 23569, 192.168.56.101, 131.1.1.1, 1010
[  925.300561] DROP(INBOUND)  : 6, 2222, 57928, 192.168.56.101, 10.0.2.15, 1010
[  925.300562] PROXY(INBOUND) : 6, 4444, 4444, 192.168.56.101, 131.1.1.1, 1010
[  925.300563] spa3: spa3_hforward called.
[  925.300564] FORWARD        : 6, 4444, 23569, 192.168.56.101, 131.1.1.1, 1010
[  925.300566] OUTBOUND       : 6, 4444, 23569, 192.168.56.101, 131.1.1.1, 1010
[  925.300572] DROP(INBOUND)  : 6, 2222, 57928, 192.168.56.101, 10.0.2.15, 1010
[  925.301486] INBOUND        : 6, 5555, 34600, 192.168.56.101, 10.0.2.15, 0010
[  925.301502] INBOUND        : 6, 3333, 52832, 192.168.56.101, 10.0.2.15, 0010
[  925.301509] OUTBOUND       : 6, 34600, 5555, 10.0.2.15, 192.168.56.101, 0010
[  925.301522] OUTBOUND       : 6, 52832, 3333, 10.0.2.15, 192.168.56.101, 0010
[  925.301546] INBOUND        : 6, 5555, 34600, 192.168.56.101, 10.0.2.15, 0010
[  925.301551] INBOUND        : 6, 3333, 52832, 192.168.56.101, 10.0.2.15, 0010
[  925.301562] OUTBOUND       : 6, 52832, 3333, 10.0.2.15, 192.168.56.101, 0010
[  925.301565] OUTBOUND       : 6, 34600, 5555, 10.0.2.15, 192.168.56.101, 0010
[  925.302509] PROXY(INBOUND) : 6, 4444, 4444, 192.168.56.101, 131.1.1.1, 1010
[  925.302511] spa3: spa3_hforward called.
[  925.302516] FORWARD        : 6, 4444, 23569, 192.168.56.101, 131.1.1.1, 1010
[  925.302520] OUTBOUND       : 6, 4444, 23569, 192.168.56.101, 131.1.1.1, 1010
[  925.302533] PROXY(INBOUND) : 6, 4444, 4444, 192.168.56.101, 131.1.1.1, 1010
[  925.302534] spa3: spa3_hforward called.
[  925.302535] FORWARD        : 6, 4444, 23569, 192.168.56.101, 131.1.1.1, 1010
[  925.302537] OUTBOUND       : 6, 4444, 23569, 192.168.56.101, 131.1.1.1, 1010
[  925.303452] INBOUND        : 6, 5555, 34600, 192.168.56.101, 10.0.2.15, 0010
[  925.303462] INBOUND        : 6, 3333, 52832, 192.168.56.101, 10.0.2.15, 0010
[  925.303465] DROP(INBOUND)  : 6, 2222, 57928, 192.168.56.101, 10.0.2.15, 1010
[  925.303476] OUTBOUND       : 6, 34600, 5555, 10.0.2.15, 192.168.56.101, 0010
[  925.303479] OUTBOUND       : 6, 52832, 3333, 10.0.2.15, 192.168.56.101, 0010
[  925.303520] INBOUND        : 6, 5555, 34600, 192.168.56.101, 10.0.2.15, 0010
[  925.303527] INBOUND        : 6, 3333, 52832, 192.168.56.101, 10.0.2.15, 0010
[  925.303531] DROP(INBOUND)  : 6, 2222, 57928, 192.168.56.101, 10.0.2.15, 1010
[  925.303545] OUTBOUND       : 6, 34600, 5555, 10.0.2.15, 192.168.56.101, 0010
[  925.303554] OUTBOUND       : 6, 52832, 3333, 10.0.2.15, 192.168.56.101, 0010
[  925.305447] PROXY(INBOUND) : 6, 4444, 4444, 192.168.56.101, 131.1.1.1, 1010
[  925.305449] spa3: spa3_hforward called.
[  925.305450] FORWARD        : 6, 4444, 23569, 192.168.56.101, 131.1.1.1, 1010
[  925.305452] OUTBOUND       : 6, 4444, 23569, 192.168.56.101, 131.1.1.1, 1010
[  925.305481] PROXY(INBOUND) : 6, 4444, 4444, 192.168.56.101, 131.1.1.1, 1010
[  925.305482] spa3: spa3_hforward called.
[  925.305483] FORWARD        : 6, 4444, 23569, 192.168.56.101, 131.1.1.1, 1010
[  925.305484] OUTBOUND       : 6, 4444, 23569, 192.168.56.101, 131.1.1.1, 1010
[  925.306440] INBOUND        : 6, 5555, 34600, 192.168.56.101, 10.0.2.15, 0010
[  925.306451] INBOUND        : 6, 3333, 52832, 192.168.56.101, 10.0.2.15, 0010
[  925.306454] INBOUND        : 6, 5555, 34600, 192.168.56.101, 10.0.2.15, 0010
[  925.306455] INBOUND        : 6, 3333, 52832, 192.168.56.101, 10.0.2.15, 0010
[  925.306476] OUTBOUND       : 6, 52832, 3333, 10.0.2.15, 192.168.56.101, 0010
[  925.306491] OUTBOUND       : 6, 52832, 3333, 10.0.2.15, 192.168.56.101, 0010
[  925.306520] OUTBOUND       : 6, 34600, 5555, 10.0.2.15, 192.168.56.101, 0010
[  925.306529] OUTBOUND       : 6, 34600, 5555, 10.0.2.15, 192.168.56.101, 0010
[  925.306540] DROP(INBOUND)  : 6, 2222, 57928, 192.168.56.101, 10.0.2.15, 1010
[  925.306613] DROP(INBOUND)  : 6, 2222, 57928, 192.168.56.101, 10.0.2.15, 1010
[  925.308392] PROXY(INBOUND) : 6, 4444, 4444, 192.168.56.101, 131.1.1.1, 1010
[  925.308394] spa3: spa3_hforward called.
[  925.308395] FORWARD        : 6, 4444, 23569, 192.168.56.101, 131.1.1.1, 1010
[  925.308397] OUTBOUND       : 6, 4444, 23569, 192.168.56.101, 131.1.1.1, 1010
[  925.308560] PROXY(INBOUND) : 6, 4444, 4444, 192.168.56.101, 131.1.1.1, 1010
[  925.308562] spa3: spa3_hforward called.
[  925.308563] FORWARD        : 6, 4444, 23569, 192.168.56.101, 131.1.1.1, 1010
[  925.308565] OUTBOUND       : 6, 4444, 23569, 192.168.56.101, 131.1.1.1, 1010
[  925.309365] INBOUND        : 6, 5555, 34600, 192.168.56.101, 10.0.2.15, 0010
[  925.309375] INBOUND        : 6, 3333, 52832, 192.168.56.101, 10.0.2.15, 0010
[  925.309379] INBOUND        : 6, 5555, 34600, 192.168.56.101, 10.0.2.15, 0010
[  925.309393] OUTBOUND       : 6, 52832, 3333, 10.0.2.15, 192.168.56.101, 0010
[  925.309418] OUTBOUND       : 6, 34600, 5555, 10.0.2.15, 192.168.56.101, 0010
[  925.309427] OUTBOUND       : 6, 34600, 5555, 10.0.2.15, 192.168.56.101, 0010
[  925.309478] INBOUND        : 6, 3333, 52832, 192.168.56.101, 10.0.2.15, 0010
[  925.309487] DROP(INBOUND)  : 6, 2222, 57928, 192.168.56.101, 10.0.2.15, 1010
[  925.309504] OUTBOUND       : 6, 52832, 3333, 10.0.2.15, 192.168.56.101, 0010
[  925.309601] DROP(INBOUND)  : 6, 2222, 57928, 192.168.56.101, 10.0.2.15, 1010
[  925.309604] PROXY(INBOUND) : 6, 4444, 4444, 192.168.56.101, 131.1.1.1, 1010
[  925.309606] spa3: spa3_hforward called.
[  925.309607] FORWARD        : 6, 4444, 23569, 192.168.56.101, 131.1.1.1, 1010
[  925.309609] OUTBOUND       : 6, 4444, 23569, 192.168.56.101, 131.1.1.1, 1010
[  925.309641] PROXY(INBOUND) : 6, 4444, 4444, 192.168.56.101, 131.1.1.1, 1010
[  925.309642] spa3: spa3_hforward called.
[  925.309643] FORWARD        : 6, 4444, 23569, 192.168.56.101, 131.1.1.1, 1010
[  925.309645] OUTBOUND       : 6, 4444, 23569, 192.168.56.101, 131.1.1.1, 1010
[  925.312194] INBOUND        : 6, 5555, 34600, 192.168.56.101, 10.0.2.15, 0010
[  925.312211] INBOUND        : 6, 3333, 52832, 192.168.56.101, 10.0.2.15, 0010
[  925.312219] INBOUND        : 6, 5555, 34600, 192.168.56.101, 10.0.2.15, 0010
[  925.312226] INBOUND        : 6, 3333, 52832, 192.168.56.101, 10.0.2.15, 0010
[  925.312236] OUTBOUND       : 6, 34600, 5555, 10.0.2.15, 192.168.56.101, 0010
[  925.312248] OUTBOUND       : 6, 34600, 5555, 10.0.2.15, 192.168.56.101, 0010
[  925.312276] OUTBOUND       : 6, 52832, 3333, 10.0.2.15, 192.168.56.101, 0010
[  925.312283] OUTBOUND       : 6, 52832, 3333, 10.0.2.15, 192.168.56.101, 0010
[  925.313263] PROXY(INBOUND) : 6, 4444, 4444, 192.168.56.101, 131.1.1.1, 1010
[  925.313277] spa3: spa3_hforward called.
[  925.313283] FORWARD        : 6, 4444, 23569, 192.168.56.101, 131.1.1.1, 1010
[  925.313288] OUTBOUND       : 6, 4444, 23569, 192.168.56.101, 131.1.1.1, 1010
[  925.313304] DROP(INBOUND)  : 6, 2222, 57928, 192.168.56.101, 10.0.2.15, 1010
[  925.313353] PROXY(INBOUND) : 6, 4444, 4444, 192.168.56.101, 131.1.1.1, 1010
[  925.313368] spa3: spa3_hforward called.
[  925.313373] FORWARD        : 6, 4444, 23569, 192.168.56.101, 131.1.1.1, 1010
[  925.313377] OUTBOUND       : 6, 4444, 23569, 192.168.56.101, 131.1.1.1, 1010
[  925.313392] DROP(INBOUND)  : 6, 2222, 57928, 192.168.56.101, 10.0.2.15, 1010
[  925.315213] INBOUND        : 6, 3333, 52832, 192.168.56.101, 10.0.2.15, 0010
[  925.315240] PROXY(INBOUND) : 6, 4444, 4444, 192.168.56.101, 131.1.1.1, 1010
[  925.315248] spa3: spa3_hforward called.
[  925.315253] FORWARD        : 6, 4444, 23569, 192.168.56.101, 131.1.1.1, 1010
[  925.315257] OUTBOUND       : 6, 4444, 23569, 192.168.56.101, 131.1.1.1, 1010
[  925.315259] OUTBOUND       : 6, 52832, 3333, 10.0.2.15, 192.168.56.101, 0010
[  925.315267] INBOUND        : 6, 3333, 52832, 192.168.56.101, 10.0.2.15, 0010
[  925.315274] PROXY(INBOUND) : 6, 4444, 4444, 192.168.56.101, 131.1.1.1, 1010
[  925.315282] spa3: spa3_hforward called.
[  925.315284] OUTBOUND       : 6, 52832, 3333, 10.0.2.15, 192.168.56.101, 0010
[  925.315296] FORWARD        : 6, 4444, 23569, 192.168.56.101, 131.1.1.1, 1010
[  925.315302] OUTBOUND       : 6, 4444, 23569, 192.168.56.101, 131.1.1.1, 1010
[  925.315316] INBOUND        : 6, 5555, 34600, 192.168.56.101, 10.0.2.15, 0010
[  925.315393] INBOUND        : 6, 5555, 34600, 192.168.56.101, 10.0.2.15, 0010
[  925.315495] OUTBOUND       : 6, 34600, 5555, 10.0.2.15, 192.168.56.101, 0010
[  925.315507] OUTBOUND       : 6, 34600, 5555, 10.0.2.15, 192.168.56.101, 0010
[  925.317989] INBOUND        : 6, 3333, 52832, 192.168.56.101, 10.0.2.15, 0010
[  925.318013] DROP(INBOUND)  : 6, 2222, 57928, 192.168.56.101, 10.0.2.15, 1010
[  925.318020] PROXY(INBOUND) : 6, 4444, 4444, 192.168.56.101, 131.1.1.1, 1010
[  925.318028] spa3: spa3_hforward called.
[  925.318038] FORWARD        : 6, 4444, 23569, 192.168.56.101, 131.1.1.1, 1010
[  925.318044] OUTBOUND       : 6, 4444, 23569, 192.168.56.101, 131.1.1.1, 1010
[  925.318105] PROXY(INBOUND) : 6, 4444, 4444, 192.168.56.101, 131.1.1.1, 1010
[  925.318108] spa3: spa3_hforward called.
[  925.318110] FORWARD        : 6, 4444, 23569, 192.168.56.101, 131.1.1.1, 1010
[  925.318112] OUTBOUND       : 6, 4444, 23569, 192.168.56.101, 131.1.1.1, 1010
[  925.318169] OUTBOUND       : 6, 52832, 3333, 10.0.2.15, 192.168.56.101, 0010
[  925.319014] INBOUND        : 6, 5555, 34600, 192.168.56.101, 10.0.2.15, 0010
[  925.319029] DROP(INBOUND)  : 6, 2222, 57928, 192.168.56.101, 10.0.2.15, 1010
[  925.319034] INBOUND        : 6, 5555, 34600, 192.168.56.101, 10.0.2.15, 0010
[  925.319070] OUTBOUND       : 6, 34600, 5555, 10.0.2.15, 192.168.56.101, 0010
[  925.319083] OUTBOUND       : 6, 34600, 5555, 10.0.2.15, 192.168.56.101, 0010
[  925.319109] DROP(INBOUND)  : 6, 2222, 57928, 192.168.56.101, 10.0.2.15, 1010
[  925.319961] PROXY(INBOUND) : 6, 4444, 4444, 192.168.56.101, 131.1.1.1, 1010
[  925.319964] spa3: spa3_hforward called.
[  925.319966] FORWARD        : 6, 4444, 23569, 192.168.56.101, 131.1.1.1, 1010
[  925.319967] OUTBOUND       : 6, 4444, 23569, 192.168.56.101, 131.1.1.1, 1010
[  925.319998] PROXY(INBOUND) : 6, 4444, 4444, 192.168.56.101, 131.1.1.1, 1010
[  925.320000] spa3: spa3_hforward called.
[  925.320001] FORWARD        : 6, 4444, 23569, 192.168.56.101, 131.1.1.1, 1010
[  925.320002] OUTBOUND       : 6, 4444, 23569, 192.168.56.101, 131.1.1.1, 1010
[  925.320032] INBOUND        : 6, 3333, 52832, 192.168.56.101, 10.0.2.15, 0010
[  925.320055] OUTBOUND       : 6, 52832, 3333, 10.0.2.15, 192.168.56.101, 0010
[  925.320116] INBOUND        : 6, 3333, 52832, 192.168.56.101, 10.0.2.15, 0010
[  925.320138] OUTBOUND       : 6, 52832, 3333, 10.0.2.15, 192.168.56.101, 0010
[  925.322047] INBOUND        : 6, 5555, 34600, 192.168.56.101, 10.0.2.15, 0010
[  925.322056] DROP(INBOUND)  : 6, 2222, 57928, 192.168.56.101, 10.0.2.15, 1010
[  925.322078] OUTBOUND       : 6, 34600, 5555, 10.0.2.15, 192.168.56.101, 0010
[  925.322098] INBOUND        : 6, 5555, 34600, 192.168.56.101, 10.0.2.15, 0010
[  925.322105] DROP(INBOUND)  : 6, 2222, 57928, 192.168.56.101, 10.0.2.15, 1010
[  925.322128] OUTBOUND       : 6, 34600, 5555, 10.0.2.15, 192.168.56.101, 0010
[  925.322295] INBOUND        : 6, 3333, 52832, 192.168.56.101, 10.0.2.15, 0010
[  925.322472] OUTBOUND       : 6, 52832, 3333, 10.0.2.15, 192.168.56.101, 0010
[  925.322516] INBOUND        : 6, 3333, 52832, 192.168.56.101, 10.0.2.15, 0010
[  925.322582] OUTBOUND       : 6, 52832, 3333, 10.0.2.15, 192.168.56.101, 0010
[  925.322926] PROXY(INBOUND) : 6, 4444, 4444, 192.168.56.101, 131.1.1.1, 1010
[  925.322927] spa3: spa3_hforward called.
[  925.322929] FORWARD        : 6, 4444, 23569, 192.168.56.101, 131.1.1.1, 1010
[  925.322930] OUTBOUND       : 6, 4444, 23569, 192.168.56.101, 131.1.1.1, 1010
[  925.323030] PROXY(INBOUND) : 6, 4444, 4444, 192.168.56.101, 131.1.1.1, 1010
[  925.323032] spa3: spa3_hforward called.
[  925.323033] FORWARD        : 6, 4444, 23569, 192.168.56.101, 131.1.1.1, 1010
[  925.323034] OUTBOUND       : 6, 4444, 23569, 192.168.56.101, 131.1.1.1, 1010
[  925.325014] INBOUND        : 6, 5555, 34600, 192.168.56.101, 10.0.2.15, 0010
[  925.325023] INBOUND        : 6, 3333, 52832, 192.168.56.101, 10.0.2.15, 0010
[  925.325080] OUTBOUND       : 6, 34600, 5555, 10.0.2.15, 192.168.56.101, 0010
[  925.325100] DROP(INBOUND)  : 6, 2222, 57928, 192.168.56.101, 10.0.2.15, 1010
[  925.325108] OUTBOUND       : 6, 52832, 3333, 10.0.2.15, 192.168.56.101, 0010
[  925.325139] DROP(INBOUND)  : 6, 2222, 57928, 192.168.56.101, 10.0.2.15, 1010
[  925.326105] PROXY(INBOUND) : 6, 4444, 4444, 192.168.56.101, 131.1.1.1, 1010
[  925.326107] spa3: spa3_hforward called.
[  925.326109] FORWARD        : 6, 4444, 23569, 192.168.56.101, 131.1.1.1, 1010
[  925.326111] OUTBOUND       : 6, 4444, 23569, 192.168.56.101, 131.1.1.1, 1010
[  925.326201] PROXY(INBOUND) : 6, 4444, 4444, 192.168.56.101, 131.1.1.1, 1010
[  925.326203] spa3: spa3_hforward called.
[  925.326205] FORWARD        : 6, 4444, 23569, 192.168.56.101, 131.1.1.1, 1010
[  925.326206] OUTBOUND       : 6, 4444, 23569, 192.168.56.101, 131.1.1.1, 1010
[  925.326833] INBOUND        : 6, 3333, 52832, 192.168.56.101, 10.0.2.15, 0010
[  925.326877] INBOUND        : 6, 3333, 52832, 192.168.56.101, 10.0.2.15, 0010
[  925.326948] OUTBOUND       : 6, 52832, 3333, 10.0.2.15, 192.168.56.101, 0010
[  925.326961] OUTBOUND       : 6, 52832, 3333, 10.0.2.15, 192.168.56.101, 0010
[  925.327826] INBOUND        : 6, 5555, 34600, 192.168.56.101, 10.0.2.15, 0010
[  925.327837] DROP(INBOUND)  : 6, 2222, 57928, 192.168.56.101, 10.0.2.15, 1010
[  925.327860] OUTBOUND       : 6, 34600, 5555, 10.0.2.15, 192.168.56.101, 0010
[  925.327901] INBOUND        : 6, 5555, 34600, 192.168.56.101, 10.0.2.15, 0010
[  925.327909] DROP(INBOUND)  : 6, 2222, 57928, 192.168.56.101, 10.0.2.15, 1010
[  925.327928] OUTBOUND       : 6, 34600, 5555, 10.0.2.15, 192.168.56.101, 0010
[  925.328758] PROXY(INBOUND) : 6, 4444, 4444, 192.168.56.101, 131.1.1.1, 1010
[  925.328761] spa3: spa3_hforward called.
[  925.328763] FORWARD        : 6, 4444, 23569, 192.168.56.101, 131.1.1.1, 1010
[  925.328764] OUTBOUND       : 6, 4444, 23569, 192.168.56.101, 131.1.1.1, 1010
[  925.328856] PROXY(INBOUND) : 6, 4444, 4444, 192.168.56.101, 131.1.1.1, 1010
[  925.328858] spa3: spa3_hforward called.
[  925.328860] FORWARD        : 6, 4444, 23569, 192.168.56.101, 131.1.1.1, 1010
[  925.328861] OUTBOUND       : 6, 4444, 23569, 192.168.56.101, 131.1.1.1, 1010
[  925.329774] INBOUND        : 6, 3333, 52832, 192.168.56.101, 10.0.2.15, 0010
[  925.329851] OUTBOUND       : 6, 52832, 3333, 10.0.2.15, 192.168.56.101, 0010
[  925.329870] INBOUND        : 6, 3333, 52832, 192.168.56.101, 10.0.2.15, 0010
[  925.329901] OUTBOUND       : 6, 52832, 3333, 10.0.2.15, 192.168.56.101, 0010
[  925.330808] INBOUND        : 6, 5555, 34600, 192.168.56.101, 10.0.2.15, 0010
[  925.330826] PROXY(INBOUND) : 6, 4444, 4444, 192.168.56.101, 131.1.1.1, 1010
[  925.330830] spa3: spa3_hforward called.
[  925.330831] FORWARD        : 6, 4444, 23569, 192.168.56.101, 131.1.1.1, 1010
[  925.330833] OUTBOUND       : 6, 4444, 23569, 192.168.56.101, 131.1.1.1, 1010
[  925.330881] DROP(INBOUND)  : 6, 2222, 57928, 192.168.56.101, 10.0.2.15, 1010
[  925.330884] INBOUND        : 6, 5555, 34600, 192.168.56.101, 10.0.2.15, 0010
[  925.330887] PROXY(INBOUND) : 6, 4444, 4444, 192.168.56.101, 131.1.1.1, 1010
[  925.330889] spa3: spa3_hforward called.
[  925.330891] FORWARD        : 6, 4444, 23569, 192.168.56.101, 131.1.1.1, 1010
[  925.330892] OUTBOUND       : 6, 4444, 23569, 192.168.56.101, 131.1.1.1, 1010
[  925.330903] DROP(INBOUND)  : 6, 2222, 57928, 192.168.56.101, 10.0.2.15, 1010
[  925.331075] OUTBOUND       : 6, 34600, 5555, 10.0.2.15, 192.168.56.101, 0010
[  925.331089] OUTBOUND       : 6, 34600, 5555, 10.0.2.15, 192.168.56.101, 0010
[  925.332757] INBOUND        : 6, 5555, 34600, 192.168.56.101, 10.0.2.15, 0010
[  925.332823] INBOUND        : 6, 5555, 34600, 192.168.56.101, 10.0.2.15, 0010
[  925.332826] OUTBOUND       : 6, 34600, 5555, 10.0.2.15, 192.168.56.101, 0010
[  925.332828] INBOUND        : 6, 3333, 52832, 192.168.56.101, 10.0.2.15, 0010
[  925.332844] OUTBOUND       : 6, 34600, 5555, 10.0.2.15, 192.168.56.101, 0010
[  925.332857] OUTBOUND       : 6, 52832, 3333, 10.0.2.15, 192.168.56.101, 0010
[  925.332874] INBOUND        : 6, 3333, 52832, 192.168.56.101, 10.0.2.15, 0010
[  925.332904] OUTBOUND       : 6, 52832, 3333, 10.0.2.15, 192.168.56.101, 0010
[  925.333642] PROXY(INBOUND) : 6, 4444, 4444, 192.168.56.101, 131.1.1.1, 1010
[  925.333647] spa3: spa3_hforward called.
[  925.333649] FORWARD        : 6, 4444, 23569, 192.168.56.101, 131.1.1.1, 1010
[  925.333651] OUTBOUND       : 6, 4444, 23569, 192.168.56.101, 131.1.1.1, 1010
[  925.333662] DROP(INBOUND)  : 6, 2222, 57928, 192.168.56.101, 10.0.2.15, 1010
[  925.333719] PROXY(INBOUND) : 6, 4444, 4444, 192.168.56.101, 131.1.1.1, 1010
[  925.333721] spa3: spa3_hforward called.
[  925.333722] FORWARD        : 6, 4444, 23569, 192.168.56.101, 131.1.1.1, 1010
[  925.333723] OUTBOUND       : 6, 4444, 23569, 192.168.56.101, 131.1.1.1, 1010
[  925.333731] DROP(INBOUND)  : 6, 2222, 57928, 192.168.56.101, 10.0.2.15, 1010
[  925.336523] INBOUND        : 6, 5555, 34600, 192.168.56.101, 10.0.2.15, 0010
[  925.336546] INBOUND        : 6, 3333, 52832, 192.168.56.101, 10.0.2.15, 0010
[  925.336557] PROXY(INBOUND) : 6, 4444, 4444, 192.168.56.101, 131.1.1.1, 1010
[  925.336562] OUTBOUND       : 6, 52832, 3333, 10.0.2.15, 192.168.56.101, 0010
[  925.336565] spa3: spa3_hforward called.
[  925.336572] FORWARD        : 6, 4444, 23569, 192.168.56.101, 131.1.1.1, 1010
[  925.336578] OUTBOUND       : 6, 4444, 23569, 192.168.56.101, 131.1.1.1, 1010
[  925.336592] DROP(INBOUND)  : 6, 2222, 57928, 192.168.56.101, 10.0.2.15, 1010
[  925.336653] PROXY(INBOUND) : 6, 4444, 4444, 192.168.56.101, 131.1.1.1, 1010
[  925.336669] spa3: spa3_hforward called.
[  925.336676] FORWARD        : 6, 4444, 23569, 192.168.56.101, 131.1.1.1, 1010
[  925.336682] OUTBOUND       : 6, 4444, 23569, 192.168.56.101, 131.1.1.1, 1010
[  925.336687] OUTBOUND       : 6, 34600, 5555, 10.0.2.15, 192.168.56.101, 0010
[  925.336706] DROP(INBOUND)  : 6, 2222, 57928, 192.168.56.101, 10.0.2.15, 1010
[  925.336793] INBOUND        : 6, 5555, 34600, 192.168.56.101, 10.0.2.15, 0010
[  925.336844] OUTBOUND       : 6, 34600, 5555, 10.0.2.15, 192.168.56.101, 0010
[  925.336857] INBOUND        : 6, 5555, 34600, 192.168.56.101, 10.0.2.15, 0010
[  925.336917] OUTBOUND       : 6, 34600, 5555, 10.0.2.15, 192.168.56.101, 0010
[  925.337617] INBOUND        : 6, 3333, 52832, 192.168.56.101, 10.0.2.15, 0010
[  925.337686] OUTBOUND       : 6, 52832, 3333, 10.0.2.15, 192.168.56.101, 0010
[  925.337729] INBOUND        : 6, 3333, 52832, 192.168.56.101, 10.0.2.15, 0010
[  925.337741] OUTBOUND       : 6, 52832, 3333, 10.0.2.15, 192.168.56.101, 0010
[  925.339604] INBOUND        : 6, 5555, 34600, 192.168.56.101, 10.0.2.15, 0010
[  925.339621] PROXY(INBOUND) : 6, 4444, 4444, 192.168.56.101, 131.1.1.1, 1010
[  925.339627] spa3: spa3_hforward called.
[  925.339634] FORWARD        : 6, 4444, 23569, 192.168.56.101, 131.1.1.1, 1010
[  925.339640] OUTBOUND       : 6, 4444, 23569, 192.168.56.101, 131.1.1.1, 1010
[  925.339658] INBOUND        : 6, 5555, 34600, 192.168.56.101, 10.0.2.15, 0010
[  925.339664] DROP(INBOUND)  : 6, 2222, 57928, 192.168.56.101, 10.0.2.15, 1010
[  925.339686] OUTBOUND       : 6, 34600, 5555, 10.0.2.15, 192.168.56.101, 0010
[  925.339699] OUTBOUND       : 6, 34600, 5555, 10.0.2.15, 192.168.56.101, 0010
[  925.339759] PROXY(INBOUND) : 6, 4444, 4444, 192.168.56.101, 131.1.1.1, 1010
[  925.339772] spa3: spa3_hforward called.
[  925.339777] FORWARD        : 6, 4444, 23569, 192.168.56.101, 131.1.1.1, 1010
[  925.339781] OUTBOUND       : 6, 4444, 23569, 192.168.56.101, 131.1.1.1, 1010
[  925.339793] DROP(INBOUND)  : 6, 2222, 57928, 192.168.56.101, 10.0.2.15, 1010
[  925.341549] INBOUND        : 6, 5555, 34600, 192.168.56.101, 10.0.2.15, 0010
[  925.341591] OUTBOUND       : 6, 34600, 5555, 10.0.2.15, 192.168.56.101, 0010
[  925.341606] INBOUND        : 6, 3333, 52832, 192.168.56.101, 10.0.2.15, 0010
[  925.341620] INBOUND        : 6, 5555, 34600, 192.168.56.101, 10.0.2.15, 0010
[  925.341628] INBOUND        : 6, 3333, 52832, 192.168.56.101, 10.0.2.15, 0010
[  925.341633] OUTBOUND       : 6, 52832, 3333, 10.0.2.15, 192.168.56.101, 0010
[  925.341637] PROXY(INBOUND) : 6, 4444, 4444, 192.168.56.101, 131.1.1.1, 1010
[  925.341644] spa3: spa3_hforward called.
[  925.341646] OUTBOUND       : 6, 52832, 3333, 10.0.2.15, 192.168.56.101, 0010
[  925.341650] FORWARD        : 6, 4444, 23569, 192.168.56.101, 131.1.1.1, 1010
[  925.341655] OUTBOUND       : 6, 4444, 23569, 192.168.56.101, 131.1.1.1, 1010
[  925.341708] OUTBOUND       : 6, 34600, 5555, 10.0.2.15, 192.168.56.101, 0010
[  925.341768] PROXY(INBOUND) : 6, 4444, 4444, 192.168.56.101, 131.1.1.1, 1010
[  925.341781] spa3: spa3_hforward called.
[  925.341786] FORWARD        : 6, 4444, 23569, 192.168.56.101, 131.1.1.1, 1010
[  925.341792] OUTBOUND       : 6, 4444, 23569, 192.168.56.101, 131.1.1.1, 1010
[  925.342585] DROP(INBOUND)  : 6, 2222, 57928, 192.168.56.101, 10.0.2.15, 1010
[  925.342670] DROP(INBOUND)  : 6, 2222, 57928, 192.168.56.101, 10.0.2.15, 1010
[  925.343539] PROXY(INBOUND) : 6, 4444, 4444, 192.168.56.101, 131.1.1.1, 1010
[  925.343551] spa3: spa3_hforward called.
[  925.343556] FORWARD        : 6, 4444, 23569, 192.168.56.101, 131.1.1.1, 1010
[  925.343562] OUTBOUND       : 6, 4444, 23569, 192.168.56.101, 131.1.1.1, 1010
[  925.343577] PROXY(INBOUND) : 6, 4444, 4444, 192.168.56.101, 131.1.1.1, 1010
[  925.343584] spa3: spa3_hforward called.
[  925.343589] FORWARD        : 6, 4444, 23569, 192.168.56.101, 131.1.1.1, 1010
[  925.343593] OUTBOUND       : 6, 4444, 23569, 192.168.56.101, 131.1.1.1, 1010
[  925.343669] INBOUND        : 6, 3333, 52832, 192.168.56.101, 10.0.2.15, 0010
[  925.343693] OUTBOUND       : 6, 52832, 3333, 10.0.2.15, 192.168.56.101, 0010
[  925.343761] INBOUND        : 6, 3333, 52832, 192.168.56.101, 10.0.2.15, 0010
[  925.343787] OUTBOUND       : 6, 52832, 3333, 10.0.2.15, 192.168.56.101, 0010
[  925.343845] DROP(INBOUND)  : 6, 2222, 57928, 192.168.56.101, 10.0.2.15, 1010
[  925.343857] DROP(INBOUND)  : 6, 2222, 57928, 192.168.56.101, 10.0.2.15, 1010
[  925.344476] INBOUND        : 6, 5555, 34600, 192.168.56.101, 10.0.2.15, 0010
[  925.344493] INBOUND        : 6, 5555, 34600, 192.168.56.101, 10.0.2.15, 0010
[  925.344525] OUTBOUND       : 6, 34600, 5555, 10.0.2.15, 192.168.56.101, 0010
[  925.344540] OUTBOUND       : 6, 34600, 5555, 10.0.2.15, 192.168.56.101, 0010
[  925.345511] PROXY(INBOUND) : 6, 4444, 4444, 192.168.56.101, 131.1.1.1, 1010
[  925.345524] spa3: spa3_hforward called.
[  925.345530] FORWARD        : 6, 4444, 23569, 192.168.56.101, 131.1.1.1, 1010
[  925.345535] OUTBOUND       : 6, 4444, 23569, 192.168.56.101, 131.1.1.1, 1010
[  925.345550] PROXY(INBOUND) : 6, 4444, 4444, 192.168.56.101, 131.1.1.1, 1010
[  925.345558] spa3: spa3_hforward called.
[  925.345563] FORWARD        : 6, 4444, 23569, 192.168.56.101, 131.1.1.1, 1010
[  925.345568] OUTBOUND       : 6, 4444, 23569, 192.168.56.101, 131.1.1.1, 1010
[  925.346406] DROP(INBOUND)  : 6, 2222, 57928, 192.168.56.101, 10.0.2.15, 1010
[  925.346461] DROP(INBOUND)  : 6, 2222, 57928, 192.168.56.101, 10.0.2.15, 1010
[  925.347360] INBOUND        : 6, 5555, 34600, 192.168.56.101, 10.0.2.15, 0010
[  925.347429] INBOUND        : 6, 5555, 34600, 192.168.56.101, 10.0.2.15, 0010
[  925.347433] OUTBOUND       : 6, 34600, 5555, 10.0.2.15, 192.168.56.101, 0010
[  925.347517] OUTBOUND       : 6, 34600, 5555, 10.0.2.15, 192.168.56.101, 0010
[  925.347566] INBOUND        : 6, 3333, 52832, 192.168.56.101, 10.0.2.15, 0010
[  925.347596] OUTBOUND       : 6, 52832, 3333, 10.0.2.15, 192.168.56.101, 0010
[  925.347647] INBOUND        : 6, 3333, 52832, 192.168.56.101, 10.0.2.15, 0010
[  925.347680] OUTBOUND       : 6, 52832, 3333, 10.0.2.15, 192.168.56.101, 0010
[  925.348335] PROXY(INBOUND) : 6, 4444, 4444, 192.168.56.101, 131.1.1.1, 1010
[  925.348352] spa3: spa3_hforward called.
[  925.348360] FORWARD        : 6, 4444, 23569, 192.168.56.101, 131.1.1.1, 1010
[  925.348367] OUTBOUND       : 6, 4444, 23569, 192.168.56.101, 131.1.1.1, 1010
[  925.348391] PROXY(INBOUND) : 6, 4444, 4444, 192.168.56.101, 131.1.1.1, 1010
[  925.348403] spa3: spa3_hforward called.
[  925.348410] FORWARD        : 6, 4444, 23569, 192.168.56.101, 131.1.1.1, 1010
[  925.348418] OUTBOUND       : 6, 4444, 23569, 192.168.56.101, 131.1.1.1, 1010
[  925.348628] DROP(INBOUND)  : 6, 2222, 57928, 192.168.56.101, 10.0.2.15, 1010
[  925.348643] DROP(INBOUND)  : 6, 2222, 57928, 192.168.56.101, 10.0.2.15, 1010
[  925.349412] INBOUND        : 6, 5555, 34600, 192.168.56.101, 10.0.2.15, 0010
[  925.349428] INBOUND        : 6, 5555, 34600, 192.168.56.101, 10.0.2.15, 0010
[  925.349459] OUTBOUND       : 6, 34600, 5555, 10.0.2.15, 192.168.56.101, 0010
[  925.349472] OUTBOUND       : 6, 34600, 5555, 10.0.2.15, 192.168.56.101, 0010
[  925.350401] INBOUND        : 6, 3333, 52832, 192.168.56.101, 10.0.2.15, 0010
[  925.350413] INBOUND        : 6, 3333, 52832, 192.168.56.101, 10.0.2.15, 0010
[  925.350422] OUTBOUND       : 6, 52832, 3333, 10.0.2.15, 192.168.56.101, 0010
[  925.350433] OUTBOUND       : 6, 52832, 3333, 10.0.2.15, 192.168.56.101, 0010
[  925.351375] PROXY(INBOUND) : 6, 4444, 4444, 192.168.56.101, 131.1.1.1, 1010
[  925.351387] spa3: spa3_hforward called.
[  925.351392] FORWARD        : 6, 4444, 23569, 192.168.56.101, 131.1.1.1, 1010
[  925.351398] OUTBOUND       : 6, 4444, 23569, 192.168.56.101, 131.1.1.1, 1010
[  925.351413] DROP(INBOUND)  : 6, 2222, 57928, 192.168.56.101, 10.0.2.15, 1010
[  925.351421] PROXY(INBOUND) : 6, 4444, 4444, 192.168.56.101, 131.1.1.1, 1010
[  925.351425] spa3: spa3_hforward called.
[  925.351430] FORWARD        : 6, 4444, 23569, 192.168.56.101, 131.1.1.1, 1010
[  925.351436] OUTBOUND       : 6, 4444, 23569, 192.168.56.101, 131.1.1.1, 1010
[  925.351449] DROP(INBOUND)  : 6, 2222, 57928, 192.168.56.101, 10.0.2.15, 1010
[  925.352334] INBOUND        : 6, 5555, 34600, 192.168.56.101, 10.0.2.15, 0010
[  925.352378] OUTBOUND       : 6, 34600, 5555, 10.0.2.15, 192.168.56.101, 0010
[  925.355230] INBOUND        : 6, 5555, 34600, 192.168.56.101, 10.0.2.15, 0010
[  925.355243] PROXY(INBOUND) : 6, 4444, 4444, 192.168.56.101, 131.1.1.1, 1010
[  925.355248] spa3: spa3_hforward called.
[  925.355254] FORWARD        : 6, 4444, 23569, 192.168.56.101, 131.1.1.1, 1010
[  925.355259] OUTBOUND       : 6, 4444, 23569, 192.168.56.101, 131.1.1.1, 1010
[  925.355273] INBOUND        : 6, 3333, 52832, 192.168.56.101, 10.0.2.15, 0010
[  925.355285] DROP(INBOUND)  : 6, 2222, 57928, 192.168.56.101, 10.0.2.15, 1010
[  925.355291] INBOUND        : 6, 5555, 34600, 192.168.56.101, 10.0.2.15, 0010
[  925.355296] INBOUND        : 6, 5555, 34600, 192.168.56.101, 10.0.2.15, 0010
[  925.355298] OUTBOUND       : 6, 52832, 3333, 10.0.2.15, 192.168.56.101, 0010
[  925.355338] OUTBOUND       : 6, 34600, 5555, 10.0.2.15, 192.168.56.101, 0010
[  925.355349] OUTBOUND       : 6, 34600, 5555, 10.0.2.15, 192.168.56.101, 0010
[  925.356197] INBOUND        : 6, 3333, 52832, 192.168.56.101, 10.0.2.15, 0010
[  925.356222] OUTBOUND       : 6, 52832, 3333, 10.0.2.15, 192.168.56.101, 0010
[  925.356270] INBOUND        : 6, 3333, 52832, 192.168.56.101, 10.0.2.15, 0010
[  925.356295] OUTBOUND       : 6, 52832, 3333, 10.0.2.15, 192.168.56.101, 0010
[  925.357060] DROP(INBOUND)  : 6, 2222, 57928, 192.168.56.101, 10.0.2.15, 1010
[  925.357128] DROP(INBOUND)  : 6, 2222, 57928, 192.168.56.101, 10.0.2.15, 1010
[  925.358030] INBOUND        : 6, 5555, 34600, 192.168.56.101, 10.0.2.15, 0010
[  925.358068] PROXY(INBOUND) : 6, 4444, 4444, 192.168.56.101, 131.1.1.1, 1010
[  925.358073] spa3: spa3_hforward called.
[  925.358079] FORWARD        : 6, 4444, 23569, 192.168.56.101, 131.1.1.1, 1010
[  925.358085] OUTBOUND       : 6, 4444, 23569, 192.168.56.101, 131.1.1.1, 1010
[  925.358100] INBOUND        : 6, 5555, 34600, 192.168.56.101, 10.0.2.15, 0010
[  925.358105] OUTBOUND       : 6, 34600, 5555, 10.0.2.15, 192.168.56.101, 0010
[  925.358117] PROXY(INBOUND) : 6, 4444, 4444, 192.168.56.101, 131.1.1.1, 1010
[  925.358117] spa3: spa3_hforward called.
[  925.358118] FORWARD        : 6, 4444, 23569, 192.168.56.101, 131.1.1.1, 1010
[  925.358120] OUTBOUND       : 6, 4444, 23569, 192.168.56.101, 131.1.1.1, 1010
[  925.358173] OUTBOUND       : 6, 34600, 5555, 10.0.2.15, 192.168.56.101, 0010
[  925.358276] INBOUND        : 6, 3333, 52832, 192.168.56.101, 10.0.2.15, 0010
[  925.358299] OUTBOUND       : 6, 52832, 3333, 10.0.2.15, 192.168.56.101, 0010
[  925.358353] INBOUND        : 6, 3333, 52832, 192.168.56.101, 10.0.2.15, 0010
[  925.358374] OUTBOUND       : 6, 52832, 3333, 10.0.2.15, 192.168.56.101, 0010
[  925.360120] DROP(INBOUND)  : 6, 2222, 57928, 192.168.56.101, 10.0.2.15, 1010
[  925.360166] DROP(INBOUND)  : 6, 2222, 57928, 192.168.56.101, 10.0.2.15, 1010
[  925.360246] INBOUND        : 6, 5555, 34600, 192.168.56.101, 10.0.2.15, 0010
[  925.360269] OUTBOUND       : 6, 34600, 5555, 10.0.2.15, 192.168.56.101, 0010
[  925.360290] INBOUND        : 6, 5555, 34600, 192.168.56.101, 10.0.2.15, 0010
[  925.360315] OUTBOUND       : 6, 34600, 5555, 10.0.2.15, 192.168.56.101, 0010
[  925.360433] PROXY(INBOUND) : 6, 4444, 4444, 192.168.56.101, 131.1.1.1, 1010
[  925.360446] spa3: spa3_hforward called.
[  925.360451] FORWARD        : 6, 4444, 23569, 192.168.56.101, 131.1.1.1, 1010
[  925.360456] OUTBOUND       : 6, 4444, 23569, 192.168.56.101, 131.1.1.1, 1010
[  925.360556] PROXY(INBOUND) : 6, 4444, 4444, 192.168.56.101, 131.1.1.1, 1010
[  925.360567] spa3: spa3_hforward called.
[  925.360572] FORWARD        : 6, 4444, 23569, 192.168.56.101, 131.1.1.1, 1010
[  925.360578] OUTBOUND       : 6, 4444, 23569, 192.168.56.101, 131.1.1.1, 1010
[  925.360650] INBOUND        : 6, 3333, 52832, 192.168.56.101, 10.0.2.15, 0010
[  925.360671] OUTBOUND       : 6, 52832, 3333, 10.0.2.15, 192.168.56.101, 0010
[  925.360687] INBOUND        : 6, 3333, 52832, 192.168.56.101, 10.0.2.15, 0010
[  925.360700] OUTBOUND       : 6, 52832, 3333, 10.0.2.15, 192.168.56.101, 0010
[  925.362954] INBOUND        : 6, 5555, 34600, 192.168.56.101, 10.0.2.15, 0010
[  925.362968] PROXY(INBOUND) : 6, 4444, 4444, 192.168.56.101, 131.1.1.1, 1010
[  925.362974] spa3: spa3_hforward called.
[  925.362980] FORWARD        : 6, 4444, 23569, 192.168.56.101, 131.1.1.1, 1010
[  925.362985] OUTBOUND       : 6, 4444, 23569, 192.168.56.101, 131.1.1.1, 1010
[  925.363000] INBOUND        : 6, 5555, 34600, 192.168.56.101, 10.0.2.15, 0010
[  925.363031] PROXY(INBOUND) : 6, 4444, 4444, 192.168.56.101, 131.1.1.1, 1010
[  925.363036] spa3: spa3_hforward called.
[  925.363041] FORWARD        : 6, 4444, 23569, 192.168.56.101, 131.1.1.1, 1010
[  925.363046] OUTBOUND       : 6, 4444, 23569, 192.168.56.101, 131.1.1.1, 1010
[  925.363130] DROP(INBOUND)  : 6, 2222, 57928, 192.168.56.101, 10.0.2.15, 1010
[  925.363143] OUTBOUND       : 6, 34600, 5555, 10.0.2.15, 192.168.56.101, 0010
[  925.363159] OUTBOUND       : 6, 34600, 5555, 10.0.2.15, 192.168.56.101, 0010
[  925.363238] DROP(INBOUND)  : 6, 2222, 57928, 192.168.56.101, 10.0.2.15, 1010
[  925.363907] INBOUND        : 6, 3333, 52832, 192.168.56.101, 10.0.2.15, 0010
[  925.363941] OUTBOUND       : 6, 52832, 3333, 10.0.2.15, 192.168.56.101, 0010
[  925.363997] INBOUND        : 6, 3333, 52832, 192.168.56.101, 10.0.2.15, 0010
[  925.364029] OUTBOUND       : 6, 52832, 3333, 10.0.2.15, 192.168.56.101, 0010
[  925.366008] INBOUND        : 6, 5555, 34600, 192.168.56.101, 10.0.2.15, 0010
[  925.366029] DROP(INBOUND)  : 6, 2222, 57928, 192.168.56.101, 10.0.2.15, 1010
[  925.366035] INBOUND        : 6, 5555, 34600, 192.168.56.101, 10.0.2.15, 0010
[  925.366041] DROP(INBOUND)  : 6, 2222, 57928, 192.168.56.101, 10.0.2.15, 1010
[  925.366043] OUTBOUND       : 6, 34600, 5555, 10.0.2.15, 192.168.56.101, 0010
[  925.366055] OUTBOUND       : 6, 34600, 5555, 10.0.2.15, 192.168.56.101, 0010
[  925.366830] INBOUND        : 6, 3333, 52832, 192.168.56.101, 10.0.2.15, 0010
[  925.366843] PROXY(INBOUND) : 6, 4444, 4444, 192.168.56.101, 131.1.1.1, 1010
[  925.366849] spa3: spa3_hforward called.
[  925.366853] FORWARD        : 6, 4444, 23569, 192.168.56.101, 131.1.1.1, 1010
[  925.366858] OUTBOUND       : 6, 4444, 23569, 192.168.56.101, 131.1.1.1, 1010
[  925.366864] OUTBOUND       : 6, 52832, 3333, 10.0.2.15, 192.168.56.101, 0010
[  925.366876] INBOUND        : 6, 3333, 52832, 192.168.56.101, 10.0.2.15, 0010
[  925.366882] PROXY(INBOUND) : 6, 4444, 4444, 192.168.56.101, 131.1.1.1, 1010
[  925.366885] OUTBOUND       : 6, 52832, 3333, 10.0.2.15, 192.168.56.101, 0010
[  925.366893] spa3: spa3_hforward called.
[  925.366898] FORWARD        : 6, 4444, 23569, 192.168.56.101, 131.1.1.1, 1010
[  925.366902] OUTBOUND       : 6, 4444, 23569, 192.168.56.101, 131.1.1.1, 1010
[  925.367927] INBOUND        : 6, 5555, 34600, 192.168.56.101, 10.0.2.15, 0010
[  925.367997] OUTBOUND       : 6, 34600, 5555, 10.0.2.15, 192.168.56.101, 0010
[  925.368001] INBOUND        : 6, 5555, 34600, 192.168.56.101, 10.0.2.15, 0010
[  925.368018] OUTBOUND       : 6, 34600, 5555, 10.0.2.15, 192.168.56.101, 0010
[  925.369910] INBOUND        : 6, 3333, 52832, 192.168.56.101, 10.0.2.15, 0010
[  925.369925] PROXY(INBOUND) : 6, 4444, 4444, 192.168.56.101, 131.1.1.1, 1010
[  925.369930] spa3: spa3_hforward called.
[  925.369936] FORWARD        : 6, 4444, 23569, 192.168.56.101, 131.1.1.1, 1010
[  925.369940] OUTBOUND       : 6, 52832, 3333, 10.0.2.15, 192.168.56.101, 0010
[  925.369942] OUTBOUND       : 6, 4444, 23569, 192.168.56.101, 131.1.1.1, 1010
[  925.369954] INBOUND        : 6, 3333, 52832, 192.168.56.101, 10.0.2.15, 0010
[  925.369963] PROXY(INBOUND) : 6, 4444, 4444, 192.168.56.101, 131.1.1.1, 1010
[  925.369969] OUTBOUND       : 6, 52832, 3333, 10.0.2.15, 192.168.56.101, 0010
[  925.369970] spa3: spa3_hforward called.
[  925.369976] FORWARD        : 6, 4444, 23569, 192.168.56.101, 131.1.1.1, 1010
[  925.369981] OUTBOUND       : 6, 4444, 23569, 192.168.56.101, 131.1.1.1, 1010
[  925.369993] DROP(INBOUND)  : 6, 2222, 57928, 192.168.56.101, 10.0.2.15, 1010
[  925.370066] DROP(INBOUND)  : 6, 2222, 57928, 192.168.56.101, 10.0.2.15, 1010
[  925.370209] INBOUND        : 6, 5555, 34600, 192.168.56.101, 10.0.2.15, 0010
[  925.370235] INBOUND        : 6, 5555, 34600, 192.168.56.101, 10.0.2.15, 0010
[  925.370248] OUTBOUND       : 6, 34600, 5555, 10.0.2.15, 192.168.56.101, 0010
[  925.370260] OUTBOUND       : 6, 34600, 5555, 10.0.2.15, 192.168.56.101, 0010
[  925.370782] PROXY(INBOUND) : 6, 4444, 4444, 192.168.56.101, 131.1.1.1, 1010
[  925.370792] spa3: spa3_hforward called.
[  925.370797] FORWARD        : 6, 4444, 23569, 192.168.56.101, 131.1.1.1, 1010
[  925.370802] OUTBOUND       : 6, 4444, 23569, 192.168.56.101, 131.1.1.1, 1010
[  925.370814] PROXY(INBOUND) : 6, 4444, 4444, 192.168.56.101, 131.1.1.1, 1010
[  925.370818] spa3: spa3_hforward called.
[  925.370822] FORWARD        : 6, 4444, 23569, 192.168.56.101, 131.1.1.1, 1010
[  925.370831] OUTBOUND       : 6, 4444, 23569, 192.168.56.101, 131.1.1.1, 1010
[  925.370841] PROXY(INBOUND) : 6, 4444, 4444, 192.168.56.101, 131.1.1.1, 1010
[  925.370846] spa3: spa3_hforward called.
[  925.370850] FORWARD        : 6, 4444, 23569, 192.168.56.101, 131.1.1.1, 1010
[  925.370855] OUTBOUND       : 6, 4444, 23569, 192.168.56.101, 131.1.1.1, 1010
[  925.373767] INBOUND        : 6, 3333, 52832, 192.168.56.101, 10.0.2.15, 0010
[  925.373789] DROP(INBOUND)  : 6, 2222, 57928, 192.168.56.101, 10.0.2.15, 1010
[  925.373799] INBOUND        : 6, 5555, 34600, 192.168.56.101, 10.0.2.15, 0010
[  925.373805] OUTBOUND       : 6, 52832, 3333, 10.0.2.15, 192.168.56.101, 0010
[  925.373819] INBOUND        : 6, 5555, 34600, 192.168.56.101, 10.0.2.15, 0010
[  925.373822] PROXY(INBOUND) : 6, 4444, 4444, 192.168.56.101, 131.1.1.1, 1010
[  925.373824] spa3: spa3_hforward called.
[  925.373826] FORWARD        : 6, 4444, 23569, 192.168.56.101, 131.1.1.1, 1010
[  925.373828] OUTBOUND       : 6, 4444, 23569, 192.168.56.101, 131.1.1.1, 1010
[  925.373850] OUTBOUND       : 6, 34600, 5555, 10.0.2.15, 192.168.56.101, 0010
[  925.373877] OUTBOUND       : 6, 34600, 5555, 10.0.2.15, 192.168.56.101, 0010
[  925.374821] DROP(INBOUND)  : 6, 2222, 57928, 192.168.56.101, 10.0.2.15, 1010
[  925.374829] DROP(INBOUND)  : 6, 2222, 57928, 192.168.56.101, 10.0.2.15, 1010
[  925.375774] INBOUND        : 6, 3333, 52832, 192.168.56.101, 10.0.2.15, 0010
[  925.375791] INBOUND        : 6, 3333, 52832, 192.168.56.101, 10.0.2.15, 0010
[  925.375809] OUTBOUND       : 6, 52832, 3333, 10.0.2.15, 192.168.56.101, 0010
[  925.375821] OUTBOUND       : 6, 52832, 3333, 10.0.2.15, 192.168.56.101, 0010
[  925.376634] INBOUND        : 6, 5555, 34600, 192.168.56.101, 10.0.2.15, 0010
[  925.376668] OUTBOUND       : 6, 34600, 5555, 10.0.2.15, 192.168.56.101, 0010
[  925.376683] INBOUND        : 6, 5555, 34600, 192.168.56.101, 10.0.2.15, 0010
[  925.376724] OUTBOUND       : 6, 34600, 5555, 10.0.2.15, 192.168.56.101, 0010
[  925.377667] DROP(INBOUND)  : 6, 2222, 57928, 192.168.56.101, 10.0.2.15, 1010
[  925.377740] DROP(INBOUND)  : 6, 2222, 57928, 192.168.56.101, 10.0.2.15, 1010
[  925.378671] INBOUND        : 6, 3333, 52832, 192.168.56.101, 10.0.2.15, 0010
[  925.378700] OUTBOUND       : 6, 52832, 3333, 10.0.2.15, 192.168.56.101, 0010
[  925.378797] INBOUND        : 6, 3333, 52832, 192.168.56.101, 10.0.2.15, 0010
[  925.378826] OUTBOUND       : 6, 52832, 3333, 10.0.2.15, 192.168.56.101, 0010
[  925.379593] DROP(INBOUND)  : 6, 2222, 57928, 192.168.56.101, 10.0.2.15, 1010
[  925.379654] DROP(INBOUND)  : 6, 2222, 57928, 192.168.56.101, 10.0.2.15, 1010
[  925.379793] INBOUND        : 6, 5555, 34600, 192.168.56.101, 10.0.2.15, 0010
[  925.379829] OUTBOUND       : 6, 34600, 5555, 10.0.2.15, 192.168.56.101, 0010
[  925.379886] INBOUND        : 6, 5555, 34600, 192.168.56.101, 10.0.2.15, 0010
[  925.379918] OUTBOUND       : 6, 34600, 5555, 10.0.2.15, 192.168.56.101, 0010
[  925.380622] INBOUND        : 6, 3333, 52832, 192.168.56.101, 10.0.2.15, 0010
[  925.380657] OUTBOUND       : 6, 52832, 3333, 10.0.2.15, 192.168.56.101, 0010
[  925.382570] INBOUND        : 6, 3333, 52832, 192.168.56.101, 10.0.2.15, 0010
[  925.382584] INBOUND        : 6, 5555, 34600, 192.168.56.101, 10.0.2.15, 0010
[  925.382593] DROP(INBOUND)  : 6, 2222, 57928, 192.168.56.101, 10.0.2.15, 1010
[  925.382599] DROP(INBOUND)  : 6, 2222, 57928, 192.168.56.101, 10.0.2.15, 1010
[  925.382606] INBOUND        : 6, 5555, 34600, 192.168.56.101, 10.0.2.15, 0010
[  925.382608] OUTBOUND       : 6, 52832, 3333, 10.0.2.15, 192.168.56.101, 0010
[  925.382633] OUTBOUND       : 6, 34600, 5555, 10.0.2.15, 192.168.56.101, 0010
[  925.382653] OUTBOUND       : 6, 34600, 5555, 10.0.2.15, 192.168.56.101, 0010
[  925.382684] DROP(INBOUND)  : 6, 2222, 57928, 192.168.56.101, 10.0.2.15, 1010
[  925.383642] INBOUND        : 6, 3333, 52832, 192.168.56.101, 10.0.2.15, 0010
[  925.383672] OUTBOUND       : 6, 52832, 3333, 10.0.2.15, 192.168.56.101, 0010
[  925.383724] INBOUND        : 6, 3333, 52832, 192.168.56.101, 10.0.2.15, 0010
[  925.383756] OUTBOUND       : 6, 52832, 3333, 10.0.2.15, 192.168.56.101, 0010
[  925.385476] INBOUND        : 6, 5555, 34600, 192.168.56.101, 10.0.2.15, 0010
[  925.385507] OUTBOUND       : 6, 34600, 5555, 10.0.2.15, 192.168.56.101, 0010
[  925.385515] DROP(INBOUND)  : 6, 2222, 57928, 192.168.56.101, 10.0.2.15, 1010
[  925.385521] INBOUND        : 6, 5555, 34600, 192.168.56.101, 10.0.2.15, 0010
[  925.385543] OUTBOUND       : 6, 34600, 5555, 10.0.2.15, 192.168.56.101, 0010
[  925.388383] INBOUND        : 6, 3333, 52832, 192.168.56.101, 10.0.2.15, 0010
[  925.388400] INBOUND        : 6, 5555, 34600, 192.168.56.101, 10.0.2.15, 0010
[  925.388420] OUTBOUND       : 6, 52832, 3333, 10.0.2.15, 192.168.56.101, 0010
[  925.388469] INBOUND        : 6, 5555, 34600, 192.168.56.101, 10.0.2.15, 0010
[  925.388480] INBOUND        : 6, 5555, 34600, 192.168.56.101, 10.0.2.15, 0010
[  925.388493] OUTBOUND       : 6, 34600, 5555, 10.0.2.15, 192.168.56.101, 0010
[  925.388506] OUTBOUND       : 6, 34600, 5555, 10.0.2.15, 192.168.56.101, 0010
[  925.391296] INBOUND        : 6, 3333, 52832, 192.168.56.101, 10.0.2.15, 0010
[  925.391318] OUTBOUND       : 6, 52832, 3333, 10.0.2.15, 192.168.56.101, 0010
[  925.391374] INBOUND        : 6, 5555, 34600, 192.168.56.101, 10.0.2.15, 0010
[  925.391400] OUTBOUND       : 6, 34600, 5555, 10.0.2.15, 192.168.56.101, 0010
[  925.391409] INBOUND        : 6, 5555, 34600, 192.168.56.101, 10.0.2.15, 0010
[  925.391434] OUTBOUND       : 6, 34600, 5555, 10.0.2.15, 192.168.56.101, 0010
[  925.394214] INBOUND        : 6, 5555, 34600, 192.168.56.101, 10.0.2.15, 0010
[  925.394229] INBOUND        : 6, 3333, 52832, 192.168.56.101, 10.0.2.15, 0010
[  925.394265] OUTBOUND       : 6, 52832, 3333, 10.0.2.15, 192.168.56.101, 0010
[  925.394303] OUTBOUND       : 6, 34600, 5555, 10.0.2.15, 192.168.56.101, 0010
[  925.394318] INBOUND        : 6, 3333, 52832, 192.168.56.101, 10.0.2.15, 0010
[  925.394334] INBOUND        : 6, 3333, 52832, 192.168.56.101, 10.0.2.15, 0010
[  925.394347] OUTBOUND       : 6, 52832, 3333, 10.0.2.15, 192.168.56.101, 0010
[  925.394359] OUTBOUND       : 6, 52832, 3333, 10.0.2.15, 192.168.56.101, 0010
[  925.397175] INBOUND        : 6, 5555, 34600, 192.168.56.101, 10.0.2.15, 0010
[  925.397196] INBOUND        : 6, 3333, 52832, 192.168.56.101, 10.0.2.15, 0010
[  925.397255] OUTBOUND       : 6, 52832, 3333, 10.0.2.15, 192.168.56.101, 0010
[  925.397325] OUTBOUND       : 6, 34600, 5555, 10.0.2.15, 192.168.56.101, 0010
[  925.401138] INBOUND        : 6, 5555, 34600, 192.168.56.101, 10.0.2.15, 0010
[  925.401155] INBOUND        : 6, 3333, 52832, 192.168.56.101, 10.0.2.15, 0010
[  925.401179] OUTBOUND       : 6, 34600, 5555, 10.0.2.15, 192.168.56.101, 0010
[  925.401242] OUTBOUND       : 6, 52832, 3333, 10.0.2.15, 192.168.56.101, 0010
[  925.404022] INBOUND        : 6, 5555, 34600, 192.168.56.101, 10.0.2.15, 0010
[  925.404034] INBOUND        : 6, 3333, 52832, 192.168.56.101, 10.0.2.15, 0010
[  925.404049] OUTBOUND       : 6, 52832, 3333, 10.0.2.15, 192.168.56.101, 0010
[  925.404072] OUTBOUND       : 6, 34600, 5555, 10.0.2.15, 192.168.56.101, 0010
[  925.406796] INBOUND        : 6, 5555, 34600, 192.168.56.101, 10.0.2.15, 0010
[  925.406813] INBOUND        : 6, 3333, 52832, 192.168.56.101, 10.0.2.15, 0010
[  925.406836] OUTBOUND       : 6, 34600, 5555, 10.0.2.15, 192.168.56.101, 0010
[  925.406861] OUTBOUND       : 6, 52832, 3333, 10.0.2.15, 192.168.56.101, 0010
[  925.409871] INBOUND        : 6, 5555, 34600, 192.168.56.101, 10.0.2.15, 0010
[  925.409887] INBOUND        : 6, 3333, 52832, 192.168.56.101, 10.0.2.15, 0010
[  925.409903] OUTBOUND       : 6, 52832, 3333, 10.0.2.15, 192.168.56.101, 0010
