[    0.000000] Initializing cgroup subsys cpuset
[    0.000000] Initializing cgroup subsys cpu
[    0.000000] Initializing cgroup subsys cpuacct
[    0.000000] Linux version 4.4.0 (sysprog2020user@sysprog2020) (gcc version 5.4.0 20160609 (Ubuntu 5.4.0-6ubuntu1~16.04.12) ) #10 SMP Thu Dec 17 14:41:02 KST 2020
[    0.000000] Command line: BOOT_IMAGE=/boot/vmlinuz-4.4.0 root=UUID=50f7fe7a-aa2e-467b-a381-d1b2d3456cc5 ro quiet splash
[    0.000000] KERNEL supported cpus:
[    0.000000]   Intel GenuineIntel
[    0.000000]   AMD AuthenticAMD
[    0.000000]   Centaur CentaurHauls
[    0.000000] x86/fpu: xstate_offset[2]:  576, xstate_sizes[2]:  256
[    0.000000] x86/fpu: Supporting XSAVE feature 0x01: 'x87 floating point registers'
[    0.000000] x86/fpu: Supporting XSAVE feature 0x02: 'SSE registers'
[    0.000000] x86/fpu: Supporting XSAVE feature 0x04: 'AVX registers'
[    0.000000] x86/fpu: Enabled xstate features 0x7, context size is 832 bytes, using 'standard' format.
[    0.000000] x86/fpu: Using 'lazy' FPU context switches.
[    0.000000] e820: BIOS-provided physical RAM map:
[    0.000000] BIOS-e820: [mem 0x0000000000000000-0x000000000009fbff] usable
[    0.000000] BIOS-e820: [mem 0x000000000009fc00-0x000000000009ffff] reserved
[    0.000000] BIOS-e820: [mem 0x00000000000f0000-0x00000000000fffff] reserved
[    0.000000] BIOS-e820: [mem 0x0000000000100000-0x00000000dffeffff] usable
[    0.000000] BIOS-e820: [mem 0x00000000dfff0000-0x00000000dfffffff] ACPI data
[    0.000000] BIOS-e820: [mem 0x00000000fec00000-0x00000000fec00fff] reserved
[    0.000000] BIOS-e820: [mem 0x00000000fee00000-0x00000000fee00fff] reserved
[    0.000000] BIOS-e820: [mem 0x00000000fffc0000-0x00000000ffffffff] reserved
[    0.000000] BIOS-e820: [mem 0x0000000100000000-0x000000011fffffff] usable
[    0.000000] NX (Execute Disable) protection: active
[    0.000000] SMBIOS 2.5 present.
[    0.000000] DMI: innotek GmbH VirtualBox/VirtualBox, BIOS VirtualBox 12/01/2006
[    0.000000] Hypervisor detected: KVM
[    0.000000] e820: update [mem 0x00000000-0x00000fff] usable ==> reserved
[    0.000000] e820: remove [mem 0x000a0000-0x000fffff] usable
[    0.000000] e820: last_pfn = 0x120000 max_arch_pfn = 0x400000000
[    0.000000] MTRR default type: uncachable
[    0.000000] MTRR variable ranges disabled:
[    0.000000] x86/PAT: Configuration [0-7]: WB  WC  UC- UC  WB  WC  UC- WT  
[    0.000000] MTRR: Disabled
[    0.000000] CPU MTRRs all blank - virtualized system.
[    0.000000] e820: last_pfn = 0xdfff0 max_arch_pfn = 0x400000000
[    0.000000] found SMP MP-table at [mem 0x0009fff0-0x0009ffff] mapped at [ffff88000009fff0]
[    0.000000] Scanning 1 areas for low memory corruption
[    0.000000] Base memory trampoline at [ffff880000099000] 99000 size 24576
[    0.000000] BRK [0x024b1000, 0x024b1fff] PGTABLE
[    0.000000] BRK [0x024b2000, 0x024b2fff] PGTABLE
[    0.000000] BRK [0x024b3000, 0x024b3fff] PGTABLE
[    0.000000] BRK [0x024b4000, 0x024b4fff] PGTABLE
[    0.000000] RAMDISK: [mem 0x15236000-0x26912fff]
[    0.000000] ACPI: Early table checksum verification disabled
[    0.000000] ACPI: RSDP 0x00000000000E0000 000024 (v02 VBOX  )
[    0.000000] ACPI: XSDT 0x00000000DFFF0030 00003C (v01 VBOX   VBOXXSDT 00000001 ASL  00000061)
[    0.000000] ACPI: FACP 0x00000000DFFF00F0 0000F4 (v04 VBOX   VBOXFACP 00000001 ASL  00000061)
[    0.000000] ACPI: DSDT 0x00000000DFFF0490 002325 (v02 VBOX   VBOXBIOS 00000002 INTL 20100528)
[    0.000000] ACPI: FACS 0x00000000DFFF0200 000040
[    0.000000] ACPI: FACS 0x00000000DFFF0200 000040
[    0.000000] ACPI: APIC 0x00000000DFFF0240 00007C (v02 VBOX   VBOXAPIC 00000001 ASL  00000061)
[    0.000000] ACPI: SSDT 0x00000000DFFF02C0 0001CC (v01 VBOX   VBOXCPUT 00000002 INTL 20100528)
[    0.000000] ACPI: Local APIC address 0xfee00000
[    0.000000] No NUMA configuration found
[    0.000000] Faking a node at [mem 0x0000000000000000-0x000000011fffffff]
[    0.000000] NODE_DATA(0) allocated [mem 0x11ffda000-0x11fffbfff]
[    0.000000] kvm-clock: Using msrs 4b564d01 and 4b564d00
[    0.000000] kvm-clock: cpu 0, msr 1:1ff5a001, primary cpu clock
[    0.000000] kvm-clock: using sched offset of 6382914206 cycles
[    0.000000] clocksource: kvm-clock: mask: 0xffffffffffffffff max_cycles: 0x1cd42e4dffb, max_idle_ns: 881590591483 ns
[    0.000000] Zone ranges:
[    0.000000]   DMA      [mem 0x0000000000001000-0x0000000000ffffff]
[    0.000000]   DMA32    [mem 0x0000000001000000-0x00000000ffffffff]
[    0.000000]   Normal   [mem 0x0000000100000000-0x000000011fffffff]
[    0.000000] Movable zone start for each node
[    0.000000] Early memory node ranges
[    0.000000]   node   0: [mem 0x0000000000001000-0x000000000009efff]
[    0.000000]   node   0: [mem 0x0000000000100000-0x00000000dffeffff]
[    0.000000]   node   0: [mem 0x0000000100000000-0x000000011fffffff]
[    0.000000] Initmem setup node 0 [mem 0x0000000000001000-0x000000011fffffff]
[    0.000000] On node 0 totalpages: 1048462
[    0.000000]   DMA zone: 64 pages used for memmap
[    0.000000]   DMA zone: 21 pages reserved
[    0.000000]   DMA zone: 3998 pages, LIFO batch:0
[    0.000000]   DMA32 zone: 14272 pages used for memmap
[    0.000000]   DMA32 zone: 913392 pages, LIFO batch:31
[    0.000000]   Normal zone: 2048 pages used for memmap
[    0.000000]   Normal zone: 131072 pages, LIFO batch:31
[    0.000000] ACPI: PM-Timer IO Port: 0x4008
[    0.000000] ACPI: Local APIC address 0xfee00000
[    0.000000] IOAPIC[0]: apic_id 6, version 32, address 0xfec00000, GSI 0-23
[    0.000000] ACPI: INT_SRC_OVR (bus 0 bus_irq 0 global_irq 2 dfl dfl)
[    0.000000] ACPI: INT_SRC_OVR (bus 0 bus_irq 9 global_irq 9 low level)
[    0.000000] ACPI: IRQ0 used by override.
[    0.000000] ACPI: IRQ9 used by override.
[    0.000000] Using ACPI (MADT) for SMP configuration information
[    0.000000] smpboot: Allowing 6 CPUs, 0 hotplug CPUs
[    0.000000] PM: Registered nosave memory: [mem 0x00000000-0x00000fff]
[    0.000000] PM: Registered nosave memory: [mem 0x0009f000-0x0009ffff]
[    0.000000] PM: Registered nosave memory: [mem 0x000a0000-0x000effff]
[    0.000000] PM: Registered nosave memory: [mem 0x000f0000-0x000fffff]
[    0.000000] PM: Registered nosave memory: [mem 0xdfff0000-0xdfffffff]
[    0.000000] PM: Registered nosave memory: [mem 0xe0000000-0xfebfffff]
[    0.000000] PM: Registered nosave memory: [mem 0xfec00000-0xfec00fff]
[    0.000000] PM: Registered nosave memory: [mem 0xfec01000-0xfedfffff]
[    0.000000] PM: Registered nosave memory: [mem 0xfee00000-0xfee00fff]
[    0.000000] PM: Registered nosave memory: [mem 0xfee01000-0xfffbffff]
[    0.000000] PM: Registered nosave memory: [mem 0xfffc0000-0xffffffff]
[    0.000000] e820: [mem 0xe0000000-0xfebfffff] available for PCI devices
[    0.000000] Booting paravirtualized kernel on KVM
[    0.000000] clocksource: refined-jiffies: mask: 0xffffffff max_cycles: 0xffffffff, max_idle_ns: 7645519600211568 ns
[    0.000000] setup_percpu: NR_CPUS:8192 nr_cpumask_bits:6 nr_cpu_ids:6 nr_node_ids:1
[    0.000000] PERCPU: Embedded 33 pages/cpu @ffff88011fc00000 s96792 r8192 d30184 u262144
[    0.000000] pcpu-alloc: s96792 r8192 d30184 u262144 alloc=1*2097152
[    0.000000] pcpu-alloc: [0] 0 1 2 3 4 5 - - 
[    0.000000] PV qspinlock hash table entries: 256 (order: 0, 4096 bytes)
[    0.000000] Built 1 zonelists in Node order, mobility grouping on.  Total pages: 1032057
[    0.000000] Policy zone: Normal
[    0.000000] Kernel command line: BOOT_IMAGE=/boot/vmlinuz-4.4.0 root=UUID=50f7fe7a-aa2e-467b-a381-d1b2d3456cc5 ro quiet splash
[    0.000000] PID hash table entries: 4096 (order: 3, 32768 bytes)
[    0.000000] Calgary: detecting Calgary via BIOS EBDA area
[    0.000000] Calgary: Unable to locate Rio Grande table in EBDA - bailing!
[    0.000000] Memory: 3753700K/4193848K available (8371K kernel code, 1476K rwdata, 3856K rodata, 1844K init, 3492K bss, 440148K reserved, 0K cma-reserved)
[    0.000000] SLUB: HWalign=64, Order=0-3, MinObjects=0, CPUs=6, Nodes=1
[    0.000000] Hierarchical RCU implementation.
[    0.000000] 	Build-time adjustment of leaf fanout to 64.
[    0.000000] 	RCU restricting CPUs from NR_CPUS=8192 to nr_cpu_ids=6.
[    0.000000] RCU: Adjusting geometry for rcu_fanout_leaf=64, nr_cpu_ids=6
[    0.000000] NR_IRQS:524544 nr_irqs:472 16
[    0.000000] Console: colour VGA+ 80x25
[    0.000000] console [tty0] enabled
[    0.000000] tsc: Detected 1608.001 MHz processor
[    0.058337] Calibrating delay loop (skipped) preset value.. 3216.00 BogoMIPS (lpj=6432004)
[    0.058340] pid_max: default: 32768 minimum: 301
[    0.058344] ACPI: Core revision 20150930
[    0.060011] ACPI: 2 ACPI AML tables successfully acquired and loaded
[    0.060044] Security Framework initialized
[    0.060046] Yama: becoming mindful.
[    0.060051] AppArmor: AppArmor initialized
[    0.060475] Dentry cache hash table entries: 524288 (order: 10, 4194304 bytes)
[    0.061463] Inode-cache hash table entries: 262144 (order: 9, 2097152 bytes)
[    0.061743] Mount-cache hash table entries: 8192 (order: 4, 65536 bytes)
[    0.061747] Mountpoint-cache hash table entries: 8192 (order: 4, 65536 bytes)
[    0.061862] Initializing cgroup subsys io
[    0.061864] Initializing cgroup subsys memory
[    0.061868] Initializing cgroup subsys devices
[    0.061869] Initializing cgroup subsys freezer
[    0.061870] Initializing cgroup subsys net_cls
[    0.061872] Initializing cgroup subsys perf_event
[    0.061873] Initializing cgroup subsys net_prio
[    0.061874] Initializing cgroup subsys hugetlb
[    0.061875] Initializing cgroup subsys pids
[    0.061954] CPU: Physical Processor ID: 0
[    0.061955] CPU: Processor Core ID: 0
[    0.062999] mce: CPU supports 0 MCE banks
[    0.063024] Last level iTLB entries: 4KB 64, 2MB 8, 4MB 8
[    0.063025] Last level dTLB entries: 4KB 64, 2MB 0, 4MB 0, 1GB 4
[    0.064932] Freeing SMP alternatives memory: 28K (ffffffff8213f000 - ffffffff82146000)
[    0.073215] ftrace: allocating 31768 entries in 125 pages
[    0.113716] x2apic enabled
[    0.113915] Switched APIC routing to physical x2apic.
[    0.114909] ..TIMER: vector=0x30 apic1=0 pin1=2 apic2=-1 pin2=-1
[    0.221648] smpboot: CPU0: Intel(R) Core(TM) i7-10710U CPU @ 1.10GHz (family: 0x6, model: 0xa6, stepping: 0x0)
[    0.221678] Performance Events: unsupported p6 CPU model 166 no PMU driver, software events only.
[    0.221688] KVM setup paravirtual spinlock
[    0.222350] x86: Booting SMP configuration:
[    0.222351] .... node  #0, CPUs:      #1
[    0.222535] kvm-clock: cpu 1, msr 1:1ff5a041, secondary cpu clock
[    0.223675] mce: CPU supports 0 MCE banks
[    0.225770]  #2
[    0.225928] kvm-clock: cpu 2, msr 1:1ff5a081, secondary cpu clock
[    0.227133] mce: CPU supports 0 MCE banks
[    0.229373]  #3
[    0.229373] kvm-clock: cpu 3, msr 1:1ff5a0c1, secondary cpu clock
[    0.230786] mce: CPU supports 0 MCE banks
[    0.233013]  #4
[    0.233013] kvm-clock: cpu 4, msr 1:1ff5a101, secondary cpu clock
[    0.234152] mce: CPU supports 0 MCE banks
[    0.236381]  #5
[    0.236381] kvm-clock: cpu 5, msr 1:1ff5a141, secondary cpu clock
[    0.237486] mce: CPU supports 0 MCE banks
[    0.239523] x86: Booted up 1 node, 6 CPUs
[    0.239525] smpboot: Total of 6 processors activated (19296.01 BogoMIPS)
[    0.239977] devtmpfs: initialized
[    0.241693] evm: security.selinux
[    0.241694] evm: security.SMACK64
[    0.241695] evm: security.SMACK64EXEC
[    0.241696] evm: security.SMACK64TRANSMUTE
[    0.241696] evm: security.SMACK64MMAP
[    0.241697] evm: security.ima
[    0.241698] evm: security.capability
[    0.241931] clocksource: jiffies: mask: 0xffffffff max_cycles: 0xffffffff, max_idle_ns: 7645041785100000 ns
[    0.242066] pinctrl core: initialized pinctrl subsystem
[    0.242145] RTC time: 11:59:29, date: 12/17/20
[    0.242218] NET: Registered protocol family 16
[    0.250046] cpuidle: using governor ladder
[    0.262091] cpuidle: using governor menu
[    0.262100] PCCT header not found.
[    0.262160] ACPI: bus type PCI registered
[    0.262162] acpiphp: ACPI Hot Plug PCI Controller Driver version: 0.5
[    0.262259] PCI: Using configuration type 1 for base access
[    0.275750] ACPI: Added _OSI(Module Device)
[    0.275752] ACPI: Added _OSI(Processor Device)
[    0.275753] ACPI: Added _OSI(3.0 _SCP Extensions)
[    0.275754] ACPI: Added _OSI(Processor Aggregator Device)
[    0.276403] ACPI: Executed 1 blocks of module-level executable AML code
[    0.278703] ACPI: Interpreter enabled
[    0.278708] ACPI Exception: AE_NOT_FOUND, While evaluating Sleep State [\_S1_] (20150930/hwxface-580)
[    0.278710] ACPI Exception: AE_NOT_FOUND, While evaluating Sleep State [\_S2_] (20150930/hwxface-580)
[    0.278712] ACPI Exception: AE_NOT_FOUND, While evaluating Sleep State [\_S3_] (20150930/hwxface-580)
[    0.278715] ACPI Exception: AE_NOT_FOUND, While evaluating Sleep State [\_S4_] (20150930/hwxface-580)
[    0.278719] ACPI: (supports S0 S5)
[    0.278720] ACPI: Using IOAPIC for interrupt routing
[    0.278883] PCI: Using host bridge windows from ACPI; if necessary, use "pci=nocrs" and report a bug
[    0.282794] ACPI: PCI Root Bridge [PCI0] (domain 0000 [bus 00-ff])
[    0.282798] acpi PNP0A03:00: _OSC: OS supports [ASPM ClockPM Segments MSI]
[    0.283153] acpi PNP0A03:00: _OSC: not requesting OS control; OS requires [ExtendedConfig ASPM ClockPM MSI]
[    0.283160] acpi PNP0A03:00: fail to add MMCONFIG information, can't access extended PCI configuration space under this bridge.
[    0.283458] PCI host bridge to bus 0000:00
[    0.283461] pci_bus 0000:00: root bus resource [io  0x0000-0x0cf7 window]
[    0.283462] pci_bus 0000:00: root bus resource [io  0x0d00-0xffff window]
[    0.283463] pci_bus 0000:00: root bus resource [mem 0x000a0000-0x000bffff window]
[    0.283464] pci_bus 0000:00: root bus resource [mem 0xe0000000-0xfdffffff window]
[    0.283466] pci_bus 0000:00: root bus resource [bus 00-ff]
[    0.283498] pci 0000:00:00.0: [8086:1237] type 00 class 0x060000
[    0.283967] pci 0000:00:01.0: [8086:7000] type 00 class 0x060100
[    0.284527] pci 0000:00:01.1: [8086:7111] type 00 class 0x01018a
[    0.284837] pci 0000:00:01.1: reg 0x20: [io  0xd000-0xd00f]
[    0.285011] pci 0000:00:01.1: legacy IDE quirk: reg 0x10: [io  0x01f0-0x01f7]
[    0.285013] pci 0000:00:01.1: legacy IDE quirk: reg 0x14: [io  0x03f6]
[    0.285014] pci 0000:00:01.1: legacy IDE quirk: reg 0x18: [io  0x0170-0x0177]
[    0.285015] pci 0000:00:01.1: legacy IDE quirk: reg 0x1c: [io  0x0376]
[    0.285209] pci 0000:00:02.0: [15ad:0405] type 00 class 0x030000
[    0.287322] pci 0000:00:02.0: reg 0x10: [io  0xd010-0xd01f]
[    0.288954] pci 0000:00:02.0: reg 0x14: [mem 0xe0000000-0xe0ffffff pref]
[    0.290523] pci 0000:00:02.0: reg 0x18: [mem 0xf0000000-0xf01fffff]
[    0.296639] pci 0000:00:03.0: [8086:100e] type 00 class 0x020000
[    0.298024] pci 0000:00:03.0: reg 0x10: [mem 0xf0200000-0xf021ffff]
[    0.300531] pci 0000:00:03.0: reg 0x18: [io  0xd020-0xd027]
[    0.306331] pci 0000:00:04.0: [80ee:cafe] type 00 class 0x088000
[    0.307608] pci 0000:00:04.0: reg 0x10: [io  0xd040-0xd05f]
[    0.308850] pci 0000:00:04.0: reg 0x14: [mem 0xf0400000-0xf07fffff]
[    0.310073] pci 0000:00:04.0: reg 0x18: [mem 0xf0800000-0xf0803fff pref]
[    0.315815] pci 0000:00:05.0: [8086:2415] type 00 class 0x040100
[    0.315905] pci 0000:00:05.0: reg 0x10: [io  0xd100-0xd1ff]
[    0.315957] pci 0000:00:05.0: reg 0x14: [io  0xd200-0xd23f]
[    0.316392] pci 0000:00:06.0: [106b:003f] type 00 class 0x0c0310
[    0.317852] pci 0000:00:06.0: reg 0x10: [mem 0xf0804000-0xf0804fff]
[    0.327286] pci 0000:00:07.0: [8086:7113] type 00 class 0x068000
[    0.327592] pci 0000:00:07.0: quirk: [io  0x4000-0x403f] claimed by PIIX4 ACPI
[    0.327601] pci 0000:00:07.0: quirk: [io  0x4100-0x410f] claimed by PIIX4 SMB
[    0.327864] pci 0000:00:0d.0: [8086:2829] type 00 class 0x010601
[    0.329180] pci 0000:00:0d.0: reg 0x10: [io  0xd240-0xd247]
[    0.330629] pci 0000:00:0d.0: reg 0x14: [io  0xd248-0xd24b]
[    0.332331] pci 0000:00:0d.0: reg 0x18: [io  0xd250-0xd257]
[    0.334120] pci 0000:00:0d.0: reg 0x1c: [io  0xd258-0xd25b]
[    0.336822] pci 0000:00:0d.0: reg 0x20: [io  0xd260-0xd26f]
[    0.338788] pci 0000:00:0d.0: reg 0x24: [mem 0xf0806000-0xf0807fff]
[    0.342183] ACPI: PCI Interrupt Link [LNKA] (IRQs 5 9 10 *11)
[    0.342414] ACPI: PCI Interrupt Link [LNKB] (IRQs 5 9 *10 11)
[    0.342495] ACPI: PCI Interrupt Link [LNKC] (IRQs 5 *9 10 11)
[    0.342595] ACPI: PCI Interrupt Link [LNKD] (IRQs 5 9 10 *11)
[    0.342700] ACPI: Enabled 2 GPEs in block 00 to 07
[    0.342934] vgaarb: setting as boot device: PCI:0000:00:02.0
[    0.342936] vgaarb: device added: PCI:0000:00:02.0,decodes=io+mem,owns=io+mem,locks=none
[    0.342938] vgaarb: loaded
[    0.342939] vgaarb: bridge control possible 0000:00:02.0
[    0.343129] SCSI subsystem initialized
[    0.343281] libata version 3.00 loaded.
[    0.343309] ACPI: bus type USB registered
[    0.343326] usbcore: registered new interface driver usbfs
[    0.343332] usbcore: registered new interface driver hub
[    0.343356] usbcore: registered new device driver usb
[    0.343649] PCI: Using ACPI for IRQ routing
[    0.343651] PCI: pci_cache_line_size set to 64 bytes
[    0.343802] e820: reserve RAM buffer [mem 0x0009fc00-0x0009ffff]
[    0.343806] e820: reserve RAM buffer [mem 0xdfff0000-0xdfffffff]
[    0.343895] NetLabel: Initializing
[    0.343896] NetLabel:  domain hash size = 128
[    0.343897] NetLabel:  protocols = UNLABELED CIPSOv4
[    0.343906] NetLabel:  unlabeled traffic allowed by default
[    0.344204] clocksource: Switched to clocksource kvm-clock
[    0.349277] AppArmor: AppArmor Filesystem Enabled
[    0.349319] pnp: PnP ACPI init
[    0.349372] pnp 00:00: Plug and Play ACPI device, IDs PNP0303 (active)
[    0.349428] pnp 00:01: Plug and Play ACPI device, IDs PNP0f03 (active)
[    0.350068] pnp: PnP ACPI: found 2 devices
[    0.360299] clocksource: acpi_pm: mask: 0xffffff max_cycles: 0xffffff, max_idle_ns: 2085701024 ns
[    0.360312] pci_bus 0000:00: resource 4 [io  0x0000-0x0cf7 window]
[    0.360314] pci_bus 0000:00: resource 5 [io  0x0d00-0xffff window]
[    0.360315] pci_bus 0000:00: resource 6 [mem 0x000a0000-0x000bffff window]
[    0.360316] pci_bus 0000:00: resource 7 [mem 0xe0000000-0xfdffffff window]
[    0.360343] NET: Registered protocol family 2
[    0.360499] TCP established hash table entries: 32768 (order: 6, 262144 bytes)
[    0.360555] TCP bind hash table entries: 32768 (order: 7, 524288 bytes)
[    0.360594] TCP: Hash tables configured (established 32768 bind 32768)
[    0.360609] UDP hash table entries: 2048 (order: 4, 65536 bytes)
[    0.360618] UDP-Lite hash table entries: 2048 (order: 4, 65536 bytes)
[    0.360649] NET: Registered protocol family 1
[    0.360658] pci 0000:00:00.0: Limiting direct PCI/PCI transfers
[    0.360682] pci 0000:00:01.0: Activating ISA DMA hang workarounds
[    0.360710] pci 0000:00:02.0: Video device with shadowed ROM
[    0.360915] PCI: CLS 0 bytes, default 64
[    0.360958] Unpacking initramfs...
[    3.644827] Freeing initrd memory: 285556K (ffff880015236000 - ffff880026913000)
[    3.644910] PCI-DMA: Using software bounce buffering for IO (SWIOTLB)
[    3.644912] software IO TLB [mem 0xdbff0000-0xdfff0000] (64MB) mapped at [ffff8800dbff0000-ffff8800dffeffff]
[    3.644983] platform rtc_cmos: registered platform RTC device (no PNP device found)
[    3.645030] Scanning for low memory corruption every 60 seconds
[    3.645486] futex hash table entries: 2048 (order: 5, 131072 bytes)
[    3.645509] audit: initializing netlink subsys (disabled)
[    3.645520] audit: type=2000 audit(1608206383.730:1): initialized
[    3.645676] Initialise system trusted keyring
[    3.646050] HugeTLB registered 2 MB page size, pre-allocated 0 pages
[    3.647028] zbud: loaded
[    3.647269] VFS: Disk quotas dquot_6.6.0
[    3.647293] VFS: Dquot-cache hash table entries: 512 (order 0, 4096 bytes)
[    3.647447] squashfs: version 4.0 (2009/01/31) Phillip Lougher
[    3.647761] fuse init (API version 7.23)
[    3.647842] Key type big_key registered
[    3.726694] Key type asymmetric registered
[    3.726698] Asymmetric key parser 'x509' registered
[    3.726736] Block layer SCSI generic (bsg) driver version 0.4 loaded (major 249)
[    3.726800] io scheduler noop registered
[    3.726803] io scheduler deadline registered
[    3.726829] io scheduler cfq registered (default)
[    3.726890] pci_hotplug: PCI Hot Plug PCI Core version: 0.5
[    3.726894] pciehp: PCI Express Hot Plug Controller Driver version: 0.4
[    3.726913] intel_idle: does not run on family 6 model 166
[    3.726995] ACPI: AC Adapter [AC] (on-line)
[    3.727031] input: Power Button as /devices/LNXSYSTM:00/LNXPWRBN:00/input/input0
[    3.727033] ACPI: Power Button [PWRF]
[    3.727082] input: Sleep Button as /devices/LNXSYSTM:00/LNXSLPBN:00/input/input1
[    3.727084] ACPI: Sleep Button [SLPF]
[    3.727273] GHES: HEST is not enabled!
[    3.727337] Serial: 8250/16550 driver, 32 ports, IRQ sharing enabled
[    3.727884] ACPI: Battery Slot [BAT0] (battery present)
[    3.728070] Linux agpgart interface v0.103
[    3.729612] loop: module loaded
[    3.729684] ata_piix 0000:00:01.1: version 2.13
[    3.730076] scsi host0: ata_piix
[    3.730221] scsi host1: ata_piix
[    3.730245] ata1: PATA max UDMA/33 cmd 0x1f0 ctl 0x3f6 bmdma 0xd000 irq 14
[    3.730246] ata2: PATA max UDMA/33 cmd 0x170 ctl 0x376 bmdma 0xd008 irq 15
[    3.730297] libphy: Fixed MDIO Bus: probed
[    3.730299] tun: Universal TUN/TAP device driver, 1.6
[    3.730300] tun: (C) 1999-2004 Max Krasnyansky <maxk@qualcomm.com>
[    3.730496] PPP generic driver version 2.4.2
[    3.730526] ehci_hcd: USB 2.0 'Enhanced' Host Controller (EHCI) Driver
[    3.730529] ehci-pci: EHCI PCI platform driver
[    3.730536] ehci-platform: EHCI generic platform driver
[    3.730543] ohci_hcd: USB 1.1 'Open' Host Controller (OHCI) Driver
[    3.730546] ohci-pci: OHCI PCI platform driver
[    3.731011] ohci-pci 0000:00:06.0: OHCI PCI host controller
[    3.731015] ohci-pci 0000:00:06.0: new USB bus registered, assigned bus number 1
[    3.731064] ohci-pci 0000:00:06.0: irq 22, io mem 0xf0804000
[    3.905095] ata2.00: ATAPI: VBOX CD-ROM, 1.0, max UDMA/133
[    3.918406] usb usb1: New USB device found, idVendor=1d6b, idProduct=0001
[    3.918412] usb usb1: New USB device strings: Mfr=3, Product=2, SerialNumber=1
[    3.918415] usb usb1: Product: OHCI PCI host controller
[    3.918418] usb usb1: Manufacturer: Linux 4.4.0 ohci_hcd
[    3.918420] usb usb1: SerialNumber: 0000:00:06.0
[    3.918591] hub 1-0:1.0: USB hub found
[    3.918617] hub 1-0:1.0: 12 ports detected
[    3.918620] ata2.00: configured for UDMA/33
[    3.919282] ohci-platform: OHCI generic platform driver
[    3.919302] uhci_hcd: USB Universal Host Controller Interface driver
[    3.919389] i8042: PNP: PS/2 Controller [PNP0303:PS2K,PNP0f03:PS2M] at 0x60,0x64 irq 1,12
[    3.919597] scsi 1:0:0:0: CD-ROM            VBOX     CD-ROM           1.0  PQ: 0 ANSI: 5
[    3.920657] serio: i8042 KBD port at 0x60,0x64 irq 1
[    3.920664] serio: i8042 AUX port at 0x60,0x64 irq 12
[    3.920800] mousedev: PS/2 mouse device common for all mice
[    3.921256] rtc_cmos rtc_cmos: rtc core: registered rtc_cmos as rtc0
[    3.921363] rtc_cmos rtc_cmos: alarms up to one day, 114 bytes nvram
[    3.921374] i2c /dev entries driver
[    3.921437] device-mapper: uevent: version 1.0.3
[    3.921641] device-mapper: ioctl: 4.34.0-ioctl (2015-10-28) initialised: dm-devel@redhat.com
[    3.921662] ledtrig-cpu: registered to indicate activity on CPUs
[    3.922201] input: AT Translated Set 2 keyboard as /devices/platform/i8042/serio0/input/input2
[    3.922553] NET: Registered protocol family 10
[    3.922892] NET: Registered protocol family 17
[    3.922904] Key type dns_resolver registered
[    3.923220] microcode: CPU0 sig=0xa0660, pf=0x8, revision=0x0
[    3.923232] microcode: CPU1 sig=0xa0660, pf=0x8, revision=0x0
[    3.923312] microcode: CPU2 sig=0xa0660, pf=0x8, revision=0x0
[    4.422370] microcode: CPU3 sig=0xa0660, pf=0x8, revision=0x0
[    4.422481] microcode: CPU4 sig=0xa0660, pf=0x8, revision=0x0
[    4.422609] microcode: CPU5 sig=0xa0660, pf=0x8, revision=0x0
[    4.422670] microcode: Microcode Update Driver: v2.01 <tigran@aivazian.fsnet.co.uk>, Peter Oruba
[    4.422761] registered taskstats version 1
[    4.422773] Loading compiled-in X.509 certificates
[    4.423082] sr 1:0:0:0: [sr0] scsi3-mmc drive: 32x/32x xa/form2 tray
[    4.423084] cdrom: Uniform CD-ROM driver Revision: 3.20
[    4.423218] Loaded X.509 cert 'Build time autogenerated kernel key: 3e67ad3e11e97d8f6b9a6e63f191183bc29faee9'
[    4.423236] zswap: loaded using pool lzo/zbud
[    4.423280] sr 1:0:0:0: Attached scsi CD-ROM sr0
[    4.423517] sr 1:0:0:0: Attached scsi generic sg0 type 5
[    4.425593] Key type trusted registered
[    4.429516] Key type encrypted registered
[    4.429521] AppArmor: AppArmor sha1 policy hashing enabled
[    4.429524] ima: No TPM chip found, activating TPM-bypass!
[    4.429535] evm: HMAC attrs: 0x1
[    4.430105]   Magic number: 0:922:984
[    4.430253] rtc_cmos rtc_cmos: setting system clock to 2020-12-17 11:59:33 UTC (1608206373)
[    4.430540] BIOS EDD facility v0.16 2004-Jun-25, 0 devices found
[    4.430541] EDD information not available.
[    4.430579] PM: Hibernation image not present or could not be loaded.
[    4.432038] Freeing unused kernel memory: 1844K (ffffffff81f72000 - ffffffff8213f000)
[    4.432040] Write protecting the kernel read-only data: 14336k
[    4.433042] Freeing unused kernel memory: 1856K (ffff880001830000 - ffff880001a00000)
[    4.433617] Freeing unused kernel memory: 240K (ffff880001dc4000 - ffff880001e00000)
[    4.439225] x86/mm: Checked W+X mappings: passed, no W+X pages found.
[    4.448544] random: systemd-udevd urandom read with 3 bits of entropy available
[    4.473585] ACPI: Video Device [GFX0] (multi-head: yes  rom: no  post: no)
[    4.473635] input: Video Bus as /devices/LNXSYSTM:00/LNXSYBUS:00/PNP0A03:00/LNXVIDEO:00/input/input4
[    4.478040] FUJITSU Extended Socket Network Device Driver - version 1.0 - Copyright (c) 2015 FUJITSU LIMITED
[    4.483457] e1000: Intel(R) PRO/1000 Network Driver - version 7.3.21-k8-NAPI
[    4.483458] e1000: Copyright (c) 1999-2006 Intel Corporation.
[    4.521162] [drm] Initialized drm 1.1.0 20060810
[    4.689509] input: ImExPS/2 Generic Explorer Mouse as /devices/platform/i8042/serio1/input/input5
[    4.732338] usb 1-1: new full-speed USB device number 2 using ohci-pci
[    4.800844] tsc: Refined TSC clocksource calibration: 1608.843 MHz
[    4.800847] clocksource: tsc: mask: 0xffffffffffffffff max_cycles: 0x1730c6a9bdb, max_idle_ns: 440795266307 ns
[    4.840086] e1000 0000:00:03.0 eth0: (PCI:33MHz:32-bit) 08:00:27:5d:54:a1
[    4.840091] e1000 0000:00:03.0 eth0: Intel(R) PRO/1000 Network Connection
[    4.840726] e1000 0000:00:03.0 enp0s3: renamed from eth0
[    4.841205] ahci 0000:00:0d.0: version 3.0
[    4.841286] ahci 0000:00:0d.0: SSS flag set, parallel bus scan disabled
[    4.841424] ahci 0000:00:0d.0: AHCI 0001.0100 32 slots 2 ports 3 Gbps 0x3 impl SATA mode
[    4.841426] ahci 0000:00:0d.0: flags: 64bit ncq stag only ccc 
[    4.841990] scsi host2: ahci
[    4.842363] scsi host3: ahci
[    4.842409] ata3: SATA max UDMA/133 abar m8192@0xf0806000 port 0xf0806100 irq 21
[    4.842413] ata4: SATA max UDMA/133 abar m8192@0xf0806000 port 0xf0806180 irq 21
[    4.843072] [drm] DMA map mode: Using physical TTM page addresses.
[    4.843105] [drm] Capabilities:
[    4.843106] [drm]   Cursor.
[    4.843106] [drm]   Cursor bypass 2.
[    4.843107] [drm]   Alpha cursor.
[    4.843107] [drm]   3D.
[    4.843108] [drm]   Extended Fifo.
[    4.843109] [drm]   Pitchlock.
[    4.843109] [drm]   Irq mask.
[    4.843110] [drm]   GMR.
[    4.843110] [drm]   Traces.
[    4.843111] [drm]   GMR2.
[    4.843111] [drm]   Screen Object 2.
[    4.843112] [drm] Max GMR ids is 8192
[    4.843113] [drm] Max number of GMR pages is 1048576
[    4.843113] [drm] Max dedicated hypervisor surface memory is 507904 kiB
[    4.843114] [drm] Maximum display memory size is 16384 kiB
[    4.843115] [drm] VRAM at 0xe0000000 size is 16384 kiB
[    4.843116] [drm] MMIO at 0xf0000000 size is 2048 kiB
[    4.843117] [drm] global init.
[    4.843314] [TTM] Zone  kernel: Available graphics memory: 2021612 kiB
[    4.843316] [TTM] Initializing pool allocator
[    4.843319] [TTM] Initializing DMA pool allocator
[    4.843371] [drm] Supports vblank timestamp caching Rev 2 (21.10.2013).
[    4.843372] [drm] No driver support for vblank timestamp query.
[    4.843539] [drm] Screen Objects Display Unit initialized
[    4.843575] [drm] width 720
[    4.843585] [drm] height 400
[    4.843592] [drm] bpp 32
[    4.843731] [drm] Fifo max 0x00200000 min 0x00001000 cap 0x00000355
[    4.843737] [drm] DX: no.
[    4.845050] fbcon: svgadrmfb (fb0) is primary device
[    4.861125] Console: switching to colour frame buffer device 100x37
[    4.861951] [drm] Initialized vmwgfx 2.9.0 20150810 for 0000:00:02.0 on minor 0
[    5.041626] usb 1-1: New USB device found, idVendor=80ee, idProduct=0021
[    5.041628] usb 1-1: New USB device strings: Mfr=1, Product=3, SerialNumber=0
[    5.041629] usb 1-1: Product: USB Tablet
[    5.041630] usb 1-1: Manufacturer: VirtualBox
[    5.052204] hidraw: raw HID events driver (C) Jiri Kosina
[    5.067850] usbcore: registered new interface driver usbhid
[    5.067852] usbhid: USB HID core driver
[    5.073674] input: VirtualBox USB Tablet as /devices/pci0000:00/0000:00:06.0/usb1/1-1/1-1:1.0/0003:80EE:0021.0001/input/input6
[    5.074207] hid-generic 0003:80EE:0021.0001: input,hidraw0: USB HID v1.10 Mouse [VirtualBox USB Tablet] on usb-0000:00:06.0-1/input0
[    5.161275] ata3: SATA link up 3.0 Gbps (SStatus 123 SControl 300)
[    5.161608] ata3.00: ATA-6: VBOX HARDDISK, 1.0, max UDMA/133
[    5.161614] ata3.00: 104857600 sectors, multi 128: LBA48 NCQ (depth 31/32)
[    5.162214] ata3.00: configured for UDMA/133
[    5.162716] scsi 2:0:0:0: Direct-Access     ATA      VBOX HARDDISK    1.0  PQ: 0 ANSI: 5
[    5.163048] sd 2:0:0:0: [sda] 104857600 512-byte logical blocks: (53.6 GB/50.0 GiB)
[    5.163086] sd 2:0:0:0: [sda] Write Protect is off
[    5.163090] sd 2:0:0:0: [sda] Mode Sense: 00 3a 00 00
[    5.163106] sd 2:0:0:0: [sda] Write cache: enabled, read cache: enabled, doesn't support DPO or FUA
[    5.163266] sd 2:0:0:0: Attached scsi generic sg1 type 0
[    5.173220]  sda: sda1 sda2 < sda5 >
[    5.173920] sd 2:0:0:0: [sda] Attached SCSI disk
[    5.491697] ata4: SATA link up 3.0 Gbps (SStatus 123 SControl 300)
[    5.491881] ata4.00: ATA-6: VBOX HARDDISK, 1.0, max UDMA/133
[    5.491884] ata4.00: 20971520 sectors, multi 128: LBA48 NCQ (depth 31/32)
[    5.492271] ata4.00: configured for UDMA/133
[    5.492570] scsi 3:0:0:0: Direct-Access     ATA      VBOX HARDDISK    1.0  PQ: 0 ANSI: 5
[    5.492686] sd 3:0:0:0: [sdb] 20971520 512-byte logical blocks: (10.7 GB/10.0 GiB)
[    5.492697] sd 3:0:0:0: [sdb] Write Protect is off
[    5.492699] sd 3:0:0:0: [sdb] Mode Sense: 00 3a 00 00
[    5.492704] sd 3:0:0:0: [sdb] Write cache: enabled, read cache: enabled, doesn't support DPO or FUA
[    5.492753] sd 3:0:0:0: Attached scsi generic sg2 type 0
[    5.500757]  sdb: sdb1 sdb2
[    5.501305] sd 3:0:0:0: [sdb] Attached SCSI disk
[    7.500375] floppy0: no floppy controllers found
[    7.500465] work still pending
[    7.613039] EXT4-fs (sda1): mounted filesystem with ordered data mode. Opts: (null)
[    7.735320] systemd[1]: systemd 229 running in system mode. (+PAM +AUDIT +SELINUX +IMA +APPARMOR +SMACK +SYSVINIT +UTMP +LIBCRYPTSETUP +GCRYPT +GNUTLS +ACL +XZ -LZ4 +SECCOMP +BLKID +ELFUTILS +KMOD -IDN)
[    7.735345] systemd[1]: Detected virtualization oracle.
[    7.735348] systemd[1]: Detected architecture x86-64.
[    7.735561] systemd[1]: Set hostname to <sysprog2020>.
[    7.823004] systemd[1]: Listening on /dev/initctl Compatibility Named Pipe.
[    7.823072] systemd[1]: Listening on Journal Audit Socket.
[    7.823085] systemd[1]: Listening on fsck to fsckd communication Socket.
[    7.823098] systemd[1]: Listening on udev Kernel Socket.
[    7.823148] systemd[1]: Created slice User and Session Slice.
[    7.823184] systemd[1]: Started Trigger resolvconf update for networkd DNS.
[    7.823202] systemd[1]: Listening on udev Control Socket.
[    7.823207] systemd[1]: Reached target Remote File Systems (Pre).
[    7.823223] systemd[1]: Listening on Journal Socket (/dev/log).
[    7.823260] systemd[1]: Created slice System Slice.
[    7.823285] systemd[1]: Started Forward Password Requests to Wall Directory Watch.
[    7.823349] systemd[1]: Set up automount Arbitrary Executable File Formats File System Automount Point.
[    7.823357] systemd[1]: Reached target User and Group Name Lookups.
[    7.823361] systemd[1]: Reached target Slices.
[    7.823366] systemd[1]: Reached target Encrypted Volumes.
[    7.823377] systemd[1]: Listening on Syslog Socket.
[    7.823381] systemd[1]: Reached target Remote File Systems.
[    7.823396] systemd[1]: Listening on Journal Socket.
[    7.833210] systemd[1]: Starting Create list of required static device nodes for the current kernel...
[    7.833527] systemd[1]: Starting Set console keymap...
[    7.833834] systemd[1]: Mounting POSIX Message Queue File System...
[    7.834139] systemd[1]: Mounting Huge Pages File System...
[    7.834829] systemd[1]: Starting Journal Service...
[    7.835299] systemd[1]: Starting Uncomplicated firewall...
[    7.836392] systemd[1]: Mounting Debug File System...
[    7.836698] systemd[1]: Starting Remount Root and Kernel File Systems...
[    7.837648] systemd[1]: Starting Load Kernel Modules...
[    7.837946] systemd[1]: Started Braille Device Support.
[    7.848228] systemd[1]: Started Create list of required static device nodes for the current kernel.
[    7.848614] systemd[1]: Starting Create Static Device Nodes in /dev...
[    7.869367] systemd[1]: Started Uncomplicated firewall.
[    7.886899] lp: driver loaded but no devices found
[    7.897175] ppdev: user-space parallel port driver
[    7.901954] systemd[1]: Started Load Kernel Modules.
[    7.902079] systemd[1]: Started Create Static Device Nodes in /dev.
[    7.921255] systemd[1]: Starting udev Kernel Device Manager...
[    7.921563] systemd[1]: Mounting Configuration File System...
[    7.921847] systemd[1]: Starting Apply Kernel Variables...
[    7.922185] systemd[1]: Mounting FUSE Control File System...
[    7.922687] systemd[1]: Started Journal Service.
[    7.938569] EXT4-fs (sda1): re-mounted. Opts: errors=remount-ro
[    8.006302] random: nonblocking pool is initialized
[    8.010559] systemd-journald[273]: Received request to flush runtime journal from PID 1
[    8.111787] piix4_smbus 0000:00:07.0: SMBus Host Controller at 0x4100, revision 0
[    8.298002] snd_intel8x0 0000:00:05.0: disable (unknown or VT-d) VM optimization
[    8.338362] AVX2 version of gcm_enc/dec engaged.
[    8.338363] AES CTR mode by8 optimization enabled
[    8.521388] audit: type=1400 audit(1608206377.588:2): apparmor="STATUS" operation="profile_load" name="/usr/lib/snapd/snap-confine" pid=661 comm="apparmor_parser"
[    8.521393] audit: type=1400 audit(1608206377.588:3): apparmor="STATUS" operation="profile_load" name="mount-namespace-capture-helper" pid=661 comm="apparmor_parser"
[    8.523950] audit: type=1400 audit(1608206377.588:4): apparmor="STATUS" operation="profile_load" name="/sbin/dhclient" pid=657 comm="apparmor_parser"
[    8.523954] audit: type=1400 audit(1608206377.588:5): apparmor="STATUS" operation="profile_load" name="/usr/lib/NetworkManager/nm-dhcp-client.action" pid=657 comm="apparmor_parser"
[    8.523956] audit: type=1400 audit(1608206377.588:6): apparmor="STATUS" operation="profile_load" name="/usr/lib/NetworkManager/nm-dhcp-helper" pid=657 comm="apparmor_parser"
[    8.523959] audit: type=1400 audit(1608206377.588:7): apparmor="STATUS" operation="profile_load" name="/usr/lib/connman/scripts/dhclient-script" pid=657 comm="apparmor_parser"
[    8.524959] audit: type=1400 audit(1608206377.592:8): apparmor="STATUS" operation="profile_load" name="/usr/sbin/cups-browsed" pid=662 comm="apparmor_parser"
[    8.525924] audit: type=1400 audit(1608206377.592:9): apparmor="STATUS" operation="profile_load" name="/usr/sbin/ippusbxd" pid=664 comm="apparmor_parser"
[    8.533456] audit: type=1400 audit(1608206377.600:10): apparmor="STATUS" operation="profile_load" name="/usr/lib/cups/backend/cups-pdf" pid=663 comm="apparmor_parser"
[    9.208734] snd_intel8x0 0000:00:05.0: white list rate for 1028:0177 is 48000
[    9.244367] Adding 998396k swap on /dev/sda5.  Priority:-1 extents:1 across:998396k FS
[    9.646578] IPv6: ADDRCONF(NETDEV_UP): enp0s3: link is not ready
[    9.648466] IPv6: ADDRCONF(NETDEV_UP): enp0s3: link is not ready
[    9.652745] e1000: enp0s3 NIC Link is Up 1000 Mbps Full Duplex, Flow Control: RX
[    9.653050] IPv6: ADDRCONF(NETDEV_CHANGE): enp0s3: link becomes ready
[   11.083524] floppy0: no floppy controllers found
[   80.673538] spa3: module verification failed: signature and/or required key missing - tainting kernel
[   80.676003] spa3: init successful.
[   87.129648] spa3: Opening file...
[   92.426845] spa3: Opening file...
[   92.426865] spa3: nRules: 0, buf:O 1111
               , buf[n]:O 32 49 49
[   92.426868] spa3: Outbound rule added.
[  102.098413] spa3: Opening file...
[  105.081991] spa3: Opening file...
[  105.081999] curr_pos: 0, type_char: O, portno: 0
[  105.082645] spa3: Finished reading rules.
[  108.641252] spa3: Opening file...
[  108.641265] spa3: nRules: 1, buf:O 1111
               , buf[n]:O 32 49 49
[  108.641267] spa3: Outbound rule added.
[  110.541842] spa3: Opening file...
[  110.541853] curr_pos: 0, type_char: O, portno: 0
[  110.542823] curr_pos: 1, type_char: O, portno: 0
[  110.543756] spa3: Finished reading rules.
[  117.410420] spa3: Opening file...
[  117.410430] curr_pos: 0, type_char: O, portno: 0
[  117.411134] curr_pos: 1, type_char: O, portno: 0
[  117.411722] spa3: Finished reading rules.
[  197.543379]        OUTBOUND: 6, 56972, 1111, 10.0.2.15, 192.168.56.101, 1000
[  197.543405]  DROP(OUTBOUND): 6, 58676, 2222, 10.0.2.15, 192.168.56.101, 1000
[  197.543412]        OUTBOUND: 6, 40906, 3333, 10.0.2.15, 192.168.56.101, 1000
[  197.543445]        OUTBOUND: 6, 33214, 4444, 10.0.2.15, 192.168.56.101, 1000
[  197.543457]        OUTBOUND: 6, 40910, 3333, 10.0.2.15, 192.168.56.101, 1000
[  197.543471]        OUTBOUND: 6, 50340, 5555, 10.0.2.15, 192.168.56.101, 1000
[  197.544421]  PROXY(INBOUND): 6, 4444, 4444, 192.168.56.101, 131.1.1.1, 1010
[  197.544450]         INBOUND: 6, 3333, 40906, 192.168.56.101, 10.0.2.15, 1010
[  197.544467]        OUTBOUND: 6, 40906, 3333, 10.0.2.15, 192.168.56.101, 0010
[  197.544501]   DROP(INBOUND): 6, 1111, 56972, 192.168.56.101, 10.0.2.15, 1010
[  197.544506]         INBOUND: 6, 3333, 40910, 192.168.56.101, 10.0.2.15, 1010
[  197.544536]        OUTBOUND: 6, 40910, 3333, 10.0.2.15, 192.168.56.101, 0010
[  197.544971]   DROP(INBOUND): 6, 1111, 56972, 192.168.56.101, 10.0.2.15, 1010
[  197.547177]  PROXY(INBOUND): 6, 4444, 4444, 192.168.56.101, 131.1.1.1, 1010
[  197.548394]   DROP(INBOUND): 6, 1111, 56972, 192.168.56.101, 10.0.2.15, 1010
[  197.548511]   DROP(INBOUND): 6, 1111, 56972, 192.168.56.101, 10.0.2.15, 1010
[  197.549595]  PROXY(INBOUND): 6, 4444, 4444, 192.168.56.101, 131.1.1.1, 1010
[  197.549600]         INBOUND: 6, 3333, 40906, 192.168.56.101, 10.0.2.15, 0010
[  197.549610]  PROXY(INBOUND): 6, 4444, 4444, 192.168.56.101, 131.1.1.1, 1010
[  197.549658]        OUTBOUND: 6, 40906, 3333, 10.0.2.15, 192.168.56.101, 0010
[  197.552051]         INBOUND: 6, 3333, 40906, 192.168.56.101, 10.0.2.15, 0010
[  197.552063]  PROXY(INBOUND): 6, 4444, 4444, 192.168.56.101, 131.1.1.1, 1010
[  197.552084]        OUTBOUND: 6, 40906, 3333, 10.0.2.15, 192.168.56.101, 0010
[  197.552106]   DROP(INBOUND): 6, 1111, 56972, 192.168.56.101, 10.0.2.15, 1010
[  197.552251]  PROXY(INBOUND): 6, 4444, 4444, 192.168.56.101, 131.1.1.1, 1010
[  197.552255]   DROP(INBOUND): 6, 1111, 56972, 192.168.56.101, 10.0.2.15, 1010
[  197.554082]   DROP(INBOUND): 6, 1111, 56972, 192.168.56.101, 10.0.2.15, 1010
[  197.554089]         INBOUND: 6, 3333, 40906, 192.168.56.101, 10.0.2.15, 0010
[  197.554240]         INBOUND: 6, 3333, 40906, 192.168.56.101, 10.0.2.15, 0010
[  197.554243]   DROP(INBOUND): 6, 1111, 56972, 192.168.56.101, 10.0.2.15, 1010
[  197.554351]        OUTBOUND: 6, 40906, 3333, 10.0.2.15, 192.168.56.101, 0010
[  197.554364]        OUTBOUND: 6, 40906, 3333, 10.0.2.15, 192.168.56.101, 0010
[  197.555021]  PROXY(INBOUND): 6, 4444, 4444, 192.168.56.101, 131.1.1.1, 1010
[  197.555024]  PROXY(INBOUND): 6, 4444, 4444, 192.168.56.101, 131.1.1.1, 1010
[  197.557033]   DROP(INBOUND): 6, 1111, 56972, 192.168.56.101, 10.0.2.15, 1010
[  197.557038]         INBOUND: 6, 3333, 40906, 192.168.56.101, 10.0.2.15, 0010
[  197.557104]        OUTBOUND: 6, 40906, 3333, 10.0.2.15, 192.168.56.101, 0010
[  197.557190]         INBOUND: 6, 3333, 40906, 192.168.56.101, 10.0.2.15, 0010
[  197.557195]        OUTBOUND: 6, 40906, 3333, 10.0.2.15, 192.168.56.101, 0010
[  197.557204]   DROP(INBOUND): 6, 1111, 56972, 192.168.56.101, 10.0.2.15, 1010
[  197.557206]         INBOUND: 6, 3333, 40906, 192.168.56.101, 10.0.2.15, 0010
[  197.557208]        OUTBOUND: 6, 40906, 3333, 10.0.2.15, 192.168.56.101, 0010
[  197.557306]  PROXY(INBOUND): 6, 4444, 4444, 192.168.56.101, 131.1.1.1, 1010
[  197.557468]  PROXY(INBOUND): 6, 4444, 4444, 192.168.56.101, 131.1.1.1, 1010
[  197.560097]   DROP(INBOUND): 6, 1111, 56972, 192.168.56.101, 10.0.2.15, 1010
[  197.560101]         INBOUND: 6, 3333, 40906, 192.168.56.101, 10.0.2.15, 0010
[  197.560112]   DROP(INBOUND): 6, 1111, 56972, 192.168.56.101, 10.0.2.15, 1010
[  197.560131]        OUTBOUND: 6, 40906, 3333, 10.0.2.15, 192.168.56.101, 0010
[  197.560249]         INBOUND: 6, 3333, 40906, 192.168.56.101, 10.0.2.15, 0010
[  197.560272]        OUTBOUND: 6, 40906, 3333, 10.0.2.15, 192.168.56.101, 0010
[  197.561988]  PROXY(INBOUND): 6, 4444, 4444, 192.168.56.101, 131.1.1.1, 1010
[  197.561994]   DROP(INBOUND): 6, 1111, 56972, 192.168.56.101, 10.0.2.15, 1010
[  197.562002]         INBOUND: 6, 3333, 40906, 192.168.56.101, 10.0.2.15, 0010
[  197.562079]        OUTBOUND: 6, 40906, 3333, 10.0.2.15, 192.168.56.101, 0010
[  197.562082]  PROXY(INBOUND): 6, 4444, 4444, 192.168.56.101, 131.1.1.1, 1010
[  197.562085]         INBOUND: 6, 3333, 40906, 192.168.56.101, 10.0.2.15, 0010
[  197.562089]   DROP(INBOUND): 6, 1111, 56972, 192.168.56.101, 10.0.2.15, 1010
[  197.562103]        OUTBOUND: 6, 40906, 3333, 10.0.2.15, 192.168.56.101, 0010
[  197.563880]   DROP(INBOUND): 6, 1111, 56972, 192.168.56.101, 10.0.2.15, 1010
[  197.564780]   DROP(INBOUND): 6, 1111, 56972, 192.168.56.101, 10.0.2.15, 1010
[  197.564784]  PROXY(INBOUND): 6, 4444, 4444, 192.168.56.101, 131.1.1.1, 1010
[  197.564791]         INBOUND: 6, 3333, 40906, 192.168.56.101, 10.0.2.15, 0010
[  197.564803]  PROXY(INBOUND): 6, 4444, 4444, 192.168.56.101, 131.1.1.1, 1010
[  197.564806]         INBOUND: 6, 3333, 40906, 192.168.56.101, 10.0.2.15, 0010
[  197.564924]        OUTBOUND: 6, 40906, 3333, 10.0.2.15, 192.168.56.101, 0010
[  197.564940]        OUTBOUND: 6, 40906, 3333, 10.0.2.15, 192.168.56.101, 0010
[  197.565787]   DROP(INBOUND): 6, 1111, 56972, 192.168.56.101, 10.0.2.15, 1010
[  197.565790]   DROP(INBOUND): 6, 1111, 56972, 192.168.56.101, 10.0.2.15, 1010
[  197.567768]         INBOUND: 6, 3333, 40906, 192.168.56.101, 10.0.2.15, 0010
[  197.567793]        OUTBOUND: 6, 40906, 3333, 10.0.2.15, 192.168.56.101, 0010
[  197.567920]  PROXY(INBOUND): 6, 4444, 4444, 192.168.56.101, 131.1.1.1, 1010
[  197.568727]   DROP(INBOUND): 6, 1111, 56972, 192.168.56.101, 10.0.2.15, 1010
[  197.568831]   DROP(INBOUND): 6, 1111, 56972, 192.168.56.101, 10.0.2.15, 1010
[  197.570782]         INBOUND: 6, 3333, 40906, 192.168.56.101, 10.0.2.15, 0010
[  197.570805]        OUTBOUND: 6, 40906, 3333, 10.0.2.15, 192.168.56.101, 0010
[  197.570839]  PROXY(INBOUND): 6, 4444, 4444, 192.168.56.101, 131.1.1.1, 1010
[  197.570847]         INBOUND: 6, 3333, 40906, 192.168.56.101, 10.0.2.15, 0010
[  197.570854]  PROXY(INBOUND): 6, 4444, 4444, 192.168.56.101, 131.1.1.1, 1010
[  197.570917]        OUTBOUND: 6, 40906, 3333, 10.0.2.15, 192.168.56.101, 0010
[  197.570961]   DROP(INBOUND): 6, 1111, 56972, 192.168.56.101, 10.0.2.15, 1010
[  197.571148]   DROP(INBOUND): 6, 1111, 56972, 192.168.56.101, 10.0.2.15, 1010
[  197.573666]  PROXY(INBOUND): 6, 4444, 4444, 192.168.56.101, 131.1.1.1, 1010
[  197.573671]   DROP(INBOUND): 6, 1111, 56972, 192.168.56.101, 10.0.2.15, 1010
[  197.573674]         INBOUND: 6, 3333, 40906, 192.168.56.101, 10.0.2.15, 0010
[  197.573682]  PROXY(INBOUND): 6, 4444, 4444, 192.168.56.101, 131.1.1.1, 1010
[  197.573684]   DROP(INBOUND): 6, 1111, 56972, 192.168.56.101, 10.0.2.15, 1010
[  197.573686]         INBOUND: 6, 3333, 40906, 192.168.56.101, 10.0.2.15, 0010
[  197.573716]        OUTBOUND: 6, 40906, 3333, 10.0.2.15, 192.168.56.101, 0010
[  197.573731]        OUTBOUND: 6, 40906, 3333, 10.0.2.15, 192.168.56.101, 0010
[  197.576564]  PROXY(INBOUND): 6, 4444, 4444, 192.168.56.101, 131.1.1.1, 1010
[  197.576568]   DROP(INBOUND): 6, 1111, 56972, 192.168.56.101, 10.0.2.15, 1010
[  197.576588]         INBOUND: 6, 3333, 40906, 192.168.56.101, 10.0.2.15, 0010
[  197.576650]        OUTBOUND: 6, 40906, 3333, 10.0.2.15, 192.168.56.101, 0010
[  197.576748]  PROXY(INBOUND): 6, 4444, 4444, 192.168.56.101, 131.1.1.1, 1010
[  197.576753]         INBOUND: 6, 3333, 40906, 192.168.56.101, 10.0.2.15, 0010
[  197.576778]   DROP(INBOUND): 6, 1111, 56972, 192.168.56.101, 10.0.2.15, 1010
[  197.576842]        OUTBOUND: 6, 40906, 3333, 10.0.2.15, 192.168.56.101, 0010
[  197.578606]  PROXY(INBOUND): 6, 4444, 4444, 192.168.56.101, 131.1.1.1, 1010
[  197.578693]  PROXY(INBOUND): 6, 4444, 4444, 192.168.56.101, 131.1.1.1, 1010
[  197.578945]         INBOUND: 6, 3333, 40906, 192.168.56.101, 10.0.2.15, 0010
[  197.578989]        OUTBOUND: 6, 40906, 3333, 10.0.2.15, 192.168.56.101, 0010
[  197.579114]         INBOUND: 6, 3333, 40906, 192.168.56.101, 10.0.2.15, 0010
[  197.579122]   DROP(INBOUND): 6, 1111, 56972, 192.168.56.101, 10.0.2.15, 1010
[  197.579166]        OUTBOUND: 6, 40906, 3333, 10.0.2.15, 192.168.56.101, 0010
[  197.579254]   DROP(INBOUND): 6, 1111, 56972, 192.168.56.101, 10.0.2.15, 1010
[  197.580318]  PROXY(INBOUND): 6, 4444, 4444, 192.168.56.101, 131.1.1.1, 1010
[  197.580487]  PROXY(INBOUND): 6, 4444, 4444, 192.168.56.101, 131.1.1.1, 1010
[  197.581392]   DROP(INBOUND): 6, 1111, 56972, 192.168.56.101, 10.0.2.15, 1010
[  197.581452]         INBOUND: 6, 3333, 40906, 192.168.56.101, 10.0.2.15, 0010
[  197.581520]        OUTBOUND: 6, 40906, 3333, 10.0.2.15, 192.168.56.101, 0010
[  197.581594]   DROP(INBOUND): 6, 1111, 56972, 192.168.56.101, 10.0.2.15, 1010
[  197.581618]         INBOUND: 6, 3333, 40906, 192.168.56.101, 10.0.2.15, 0010
[  197.581691]  PROXY(INBOUND): 6, 4444, 4444, 192.168.56.101, 131.1.1.1, 1010
[  197.581828]        OUTBOUND: 6, 40906, 3333, 10.0.2.15, 192.168.56.101, 0010
[  197.584176]  PROXY(INBOUND): 6, 4444, 4444, 192.168.56.101, 131.1.1.1, 1010
[  197.584181]         INBOUND: 6, 3333, 40906, 192.168.56.101, 10.0.2.15, 0010
[  197.584190]   DROP(INBOUND): 6, 1111, 56972, 192.168.56.101, 10.0.2.15, 1010
[  197.584269]        OUTBOUND: 6, 40906, 3333, 10.0.2.15, 192.168.56.101, 0010
[  197.585190]  PROXY(INBOUND): 6, 4444, 4444, 192.168.56.101, 131.1.1.1, 1010
[  197.585296]  PROXY(INBOUND): 6, 4444, 4444, 192.168.56.101, 131.1.1.1, 1010
[  197.586223]   DROP(INBOUND): 6, 1111, 56972, 192.168.56.101, 10.0.2.15, 1010
[  197.586228]         INBOUND: 6, 3333, 40906, 192.168.56.101, 10.0.2.15, 0010
[  197.586357]         INBOUND: 6, 3333, 40906, 192.168.56.101, 10.0.2.15, 0010
[  197.586360]   DROP(INBOUND): 6, 1111, 56972, 192.168.56.101, 10.0.2.15, 1010
[  197.586407]        OUTBOUND: 6, 40906, 3333, 10.0.2.15, 192.168.56.101, 0010
[  197.586421]        OUTBOUND: 6, 40906, 3333, 10.0.2.15, 192.168.56.101, 0010
[  197.587300]  PROXY(INBOUND): 6, 4444, 4444, 192.168.56.101, 131.1.1.1, 1010
[  197.587361]  PROXY(INBOUND): 6, 4444, 4444, 192.168.56.101, 131.1.1.1, 1010
[  197.589243]   DROP(INBOUND): 6, 1111, 56972, 192.168.56.101, 10.0.2.15, 1010
[  197.589248]         INBOUND: 6, 3333, 40906, 192.168.56.101, 10.0.2.15, 0010
[  197.589296]        OUTBOUND: 6, 40906, 3333, 10.0.2.15, 192.168.56.101, 0010
[  197.589337]   DROP(INBOUND): 6, 1111, 56972, 192.168.56.101, 10.0.2.15, 1010
[  197.589419]         INBOUND: 6, 3333, 40906, 192.168.56.101, 10.0.2.15, 0010
[  197.589484]        OUTBOUND: 6, 40906, 3333, 10.0.2.15, 192.168.56.101, 0010
[  197.590263]  PROXY(INBOUND): 6, 4444, 4444, 192.168.56.101, 131.1.1.1, 1010
[  197.591218]  PROXY(INBOUND): 6, 4444, 4444, 192.168.56.101, 131.1.1.1, 1010
[  197.591222]         INBOUND: 6, 3333, 40906, 192.168.56.101, 10.0.2.15, 0010
[  197.591230]   DROP(INBOUND): 6, 1111, 56972, 192.168.56.101, 10.0.2.15, 1010
[  197.591232]         INBOUND: 6, 3333, 40906, 192.168.56.101, 10.0.2.15, 0010
[  197.591234]   DROP(INBOUND): 6, 1111, 56972, 192.168.56.101, 10.0.2.15, 1010
[  197.591286]        OUTBOUND: 6, 40906, 3333, 10.0.2.15, 192.168.56.101, 0010
[  197.591302]        OUTBOUND: 6, 40906, 3333, 10.0.2.15, 192.168.56.101, 0010
[  197.593165]  PROXY(INBOUND): 6, 4444, 4444, 192.168.56.101, 131.1.1.1, 1010
[  197.593331]  PROXY(INBOUND): 6, 4444, 4444, 192.168.56.101, 131.1.1.1, 1010
[  197.593444]   DROP(INBOUND): 6, 1111, 56972, 192.168.56.101, 10.0.2.15, 1010
[  197.593667]   DROP(INBOUND): 6, 1111, 56972, 192.168.56.101, 10.0.2.15, 1010
[  197.593793]         INBOUND: 6, 3333, 40906, 192.168.56.101, 10.0.2.15, 0010
[  197.593919]        OUTBOUND: 6, 40906, 3333, 10.0.2.15, 192.168.56.101, 0010
[  197.593957]         INBOUND: 6, 3333, 40906, 192.168.56.101, 10.0.2.15, 0010
[  197.593965]        OUTBOUND: 6, 40906, 3333, 10.0.2.15, 192.168.56.101, 0010
[  197.595928]  PROXY(INBOUND): 6, 4444, 4444, 192.168.56.101, 131.1.1.1, 1010
[  197.595932]   DROP(INBOUND): 6, 1111, 56972, 192.168.56.101, 10.0.2.15, 1010
[  197.596121]  PROXY(INBOUND): 6, 4444, 4444, 192.168.56.101, 131.1.1.1, 1010
[  197.596125]   DROP(INBOUND): 6, 1111, 56972, 192.168.56.101, 10.0.2.15, 1010
[  197.597025]         INBOUND: 6, 3333, 40906, 192.168.56.101, 10.0.2.15, 0010
[  197.597093]        OUTBOUND: 6, 40906, 3333, 10.0.2.15, 192.168.56.101, 0010
[  197.597126]         INBOUND: 6, 3333, 40906, 192.168.56.101, 10.0.2.15, 0010
[  197.597207]        OUTBOUND: 6, 40906, 3333, 10.0.2.15, 192.168.56.101, 0010
[  197.598083]   DROP(INBOUND): 6, 1111, 56972, 192.168.56.101, 10.0.2.15, 1010
[  197.598086]   DROP(INBOUND): 6, 1111, 56972, 192.168.56.101, 10.0.2.15, 1010
[  197.599067]  PROXY(INBOUND): 6, 4444, 4444, 192.168.56.101, 131.1.1.1, 1010
[  197.599219]  PROXY(INBOUND): 6, 4444, 4444, 192.168.56.101, 131.1.1.1, 1010
[  197.599969]         INBOUND: 6, 3333, 40906, 192.168.56.101, 10.0.2.15, 0010
[  197.600049]        OUTBOUND: 6, 40906, 3333, 10.0.2.15, 192.168.56.101, 0010
[  197.600071]         INBOUND: 6, 3333, 40906, 192.168.56.101, 10.0.2.15, 0010
[  197.600121]        OUTBOUND: 6, 40906, 3333, 10.0.2.15, 192.168.56.101, 0010
[  197.600860]   DROP(INBOUND): 6, 1111, 56972, 192.168.56.101, 10.0.2.15, 1010
[  197.600996]   DROP(INBOUND): 6, 1111, 56972, 192.168.56.101, 10.0.2.15, 1010
[  197.601913]  PROXY(INBOUND): 6, 4444, 4444, 192.168.56.101, 131.1.1.1, 1010
[  197.602020]  PROXY(INBOUND): 6, 4444, 4444, 192.168.56.101, 131.1.1.1, 1010
[  197.602915]         INBOUND: 6, 3333, 40906, 192.168.56.101, 10.0.2.15, 0010
[  197.602925]   DROP(INBOUND): 6, 1111, 56972, 192.168.56.101, 10.0.2.15, 1010
[  197.603017]        OUTBOUND: 6, 40906, 3333, 10.0.2.15, 192.168.56.101, 0010
[  197.603149]         INBOUND: 6, 3333, 40906, 192.168.56.101, 10.0.2.15, 0010
[  197.603157]   DROP(INBOUND): 6, 1111, 56972, 192.168.56.101, 10.0.2.15, 1010
[  197.603177]        OUTBOUND: 6, 40906, 3333, 10.0.2.15, 192.168.56.101, 0010
[  197.604818]  PROXY(INBOUND): 6, 4444, 4444, 192.168.56.101, 131.1.1.1, 1010
[  197.604935]  PROXY(INBOUND): 6, 4444, 4444, 192.168.56.101, 131.1.1.1, 1010
[  197.605076]   DROP(INBOUND): 6, 1111, 56972, 192.168.56.101, 10.0.2.15, 1010
[  197.605202]   DROP(INBOUND): 6, 1111, 56972, 192.168.56.101, 10.0.2.15, 1010
[  197.605726]         INBOUND: 6, 3333, 40906, 192.168.56.101, 10.0.2.15, 0010
[  197.605731]         INBOUND: 6, 3333, 40906, 192.168.56.101, 10.0.2.15, 0010
[  197.605833]        OUTBOUND: 6, 40906, 3333, 10.0.2.15, 192.168.56.101, 0010
[  197.605847]        OUTBOUND: 6, 40906, 3333, 10.0.2.15, 192.168.56.101, 0010
[  197.606652]  PROXY(INBOUND): 6, 4444, 4444, 192.168.56.101, 131.1.1.1, 1010
[  197.606656]  PROXY(INBOUND): 6, 4444, 4444, 192.168.56.101, 131.1.1.1, 1010
[  197.607615]   DROP(INBOUND): 6, 1111, 56972, 192.168.56.101, 10.0.2.15, 1010
[  197.607618]         INBOUND: 6, 3333, 40906, 192.168.56.101, 10.0.2.15, 0010
[  197.607627]   DROP(INBOUND): 6, 1111, 56972, 192.168.56.101, 10.0.2.15, 1010
[  197.607643]        OUTBOUND: 6, 40906, 3333, 10.0.2.15, 192.168.56.101, 0010
[  197.607683]         INBOUND: 6, 3333, 40906, 192.168.56.101, 10.0.2.15, 0010
[  197.607705]        OUTBOUND: 6, 40906, 3333, 10.0.2.15, 192.168.56.101, 0010
[  197.609694]  PROXY(INBOUND): 6, 4444, 4444, 192.168.56.101, 131.1.1.1, 1010
[  197.609697]  PROXY(INBOUND): 6, 4444, 4444, 192.168.56.101, 131.1.1.1, 1010
[  197.610532]   DROP(INBOUND): 6, 1111, 56972, 192.168.56.101, 10.0.2.15, 1010
[  197.610535]         INBOUND: 6, 3333, 40906, 192.168.56.101, 10.0.2.15, 0010
[  197.610543]   DROP(INBOUND): 6, 1111, 56972, 192.168.56.101, 10.0.2.15, 1010
[  197.610558]        OUTBOUND: 6, 40906, 3333, 10.0.2.15, 192.168.56.101, 0010
[  197.610654]         INBOUND: 6, 3333, 40906, 192.168.56.101, 10.0.2.15, 0010
[  197.610676]        OUTBOUND: 6, 40906, 3333, 10.0.2.15, 192.168.56.101, 0010
[  197.612462]  PROXY(INBOUND): 6, 4444, 4444, 192.168.56.101, 131.1.1.1, 1010
[  197.612516]  PROXY(INBOUND): 6, 4444, 4444, 192.168.56.101, 131.1.1.1, 1010
[  197.615604]         INBOUND: 6, 3333, 40906, 192.168.56.101, 10.0.2.15, 0010
[  197.615615]   DROP(INBOUND): 6, 1111, 56972, 192.168.56.101, 10.0.2.15, 1010
[  197.615617]  PROXY(INBOUND): 6, 4444, 4444, 192.168.56.101, 131.1.1.1, 1010
[  197.615621]         INBOUND: 6, 3333, 40906, 192.168.56.101, 10.0.2.15, 0010
[  197.615623]  PROXY(INBOUND): 6, 4444, 4444, 192.168.56.101, 131.1.1.1, 1010
[  197.615643]         INBOUND: 6, 3333, 40906, 192.168.56.101, 10.0.2.15, 0010
[  197.615811]        OUTBOUND: 6, 40906, 3333, 10.0.2.15, 192.168.56.101, 0010
[  197.615826]        OUTBOUND: 6, 40906, 3333, 10.0.2.15, 192.168.56.101, 0010
[  197.615832]        OUTBOUND: 6, 40906, 3333, 10.0.2.15, 192.168.56.101, 0010
[  197.616493]   DROP(INBOUND): 6, 1111, 56972, 192.168.56.101, 10.0.2.15, 1010
[  197.616496]   DROP(INBOUND): 6, 1111, 56972, 192.168.56.101, 10.0.2.15, 1010
[  197.618475]  PROXY(INBOUND): 6, 4444, 4444, 192.168.56.101, 131.1.1.1, 1010
[  197.618482]         INBOUND: 6, 3333, 40906, 192.168.56.101, 10.0.2.15, 0010
[  197.618490]  PROXY(INBOUND): 6, 4444, 4444, 192.168.56.101, 131.1.1.1, 1010
[  197.618598]        OUTBOUND: 6, 40906, 3333, 10.0.2.15, 192.168.56.101, 0010
[  197.618616]         INBOUND: 6, 3333, 40906, 192.168.56.101, 10.0.2.15, 0010
[  197.618636]        OUTBOUND: 6, 40906, 3333, 10.0.2.15, 192.168.56.101, 0010
[  197.619497]   DROP(INBOUND): 6, 1111, 56972, 192.168.56.101, 10.0.2.15, 1010
[  197.619499]   DROP(INBOUND): 6, 1111, 56972, 192.168.56.101, 10.0.2.15, 1010
[  197.621418]  PROXY(INBOUND): 6, 4444, 4444, 192.168.56.101, 131.1.1.1, 1010
[  197.621422]         INBOUND: 6, 3333, 40906, 192.168.56.101, 10.0.2.15, 0010
[  197.621483]        OUTBOUND: 6, 40906, 3333, 10.0.2.15, 192.168.56.101, 0010
[  197.621490]  PROXY(INBOUND): 6, 4444, 4444, 192.168.56.101, 131.1.1.1, 1010
[  197.621492]         INBOUND: 6, 3333, 40906, 192.168.56.101, 10.0.2.15, 0010
[  197.621523]        OUTBOUND: 6, 40906, 3333, 10.0.2.15, 192.168.56.101, 0010
[  197.622415]   DROP(INBOUND): 6, 1111, 56972, 192.168.56.101, 10.0.2.15, 1010
[  197.622521]   DROP(INBOUND): 6, 1111, 56972, 192.168.56.101, 10.0.2.15, 1010
[  197.624177]  PROXY(INBOUND): 6, 4444, 4444, 192.168.56.101, 131.1.1.1, 1010
[  197.624301]  PROXY(INBOUND): 6, 4444, 4444, 192.168.56.101, 131.1.1.1, 1010
[  197.624403]         INBOUND: 6, 3333, 40906, 192.168.56.101, 10.0.2.15, 0010
[  197.624450]        OUTBOUND: 6, 40906, 3333, 10.0.2.15, 192.168.56.101, 0010
[  197.624497]         INBOUND: 6, 3333, 40906, 192.168.56.101, 10.0.2.15, 0010
[  197.624539]        OUTBOUND: 6, 40906, 3333, 10.0.2.15, 192.168.56.101, 0010
[  197.625233]   DROP(INBOUND): 6, 1111, 56972, 192.168.56.101, 10.0.2.15, 1010
[  197.625341]   DROP(INBOUND): 6, 1111, 56972, 192.168.56.101, 10.0.2.15, 1010
[  197.626317]  PROXY(INBOUND): 6, 4444, 4444, 192.168.56.101, 131.1.1.1, 1010
[  197.626376]  PROXY(INBOUND): 6, 4444, 4444, 192.168.56.101, 131.1.1.1, 1010
[  197.627328]         INBOUND: 6, 3333, 40906, 192.168.56.101, 10.0.2.15, 0010
[  197.627338]         INBOUND: 6, 3333, 40906, 192.168.56.101, 10.0.2.15, 0010
[  197.627351]        OUTBOUND: 6, 40906, 3333, 10.0.2.15, 192.168.56.101, 0010
[  197.627363]        OUTBOUND: 6, 40906, 3333, 10.0.2.15, 192.168.56.101, 0010
[  197.629170]   DROP(INBOUND): 6, 1111, 56972, 192.168.56.101, 10.0.2.15, 1010
[  197.629172]  PROXY(INBOUND): 6, 4444, 4444, 192.168.56.101, 131.1.1.1, 1010
[  197.629243]  PROXY(INBOUND): 6, 4444, 4444, 192.168.56.101, 131.1.1.1, 1010
[  197.629246]   DROP(INBOUND): 6, 1111, 56972, 192.168.56.101, 10.0.2.15, 1010
[  197.631193]         INBOUND: 6, 3333, 40906, 192.168.56.101, 10.0.2.15, 0010
[  197.631205]         INBOUND: 6, 3333, 40906, 192.168.56.101, 10.0.2.15, 0010
[  197.631315]        OUTBOUND: 6, 40906, 3333, 10.0.2.15, 192.168.56.101, 0010
[  197.631327]        OUTBOUND: 6, 40906, 3333, 10.0.2.15, 192.168.56.101, 0010
[  197.632145]   DROP(INBOUND): 6, 1111, 56972, 192.168.56.101, 10.0.2.15, 1010
[  197.632148]  PROXY(INBOUND): 6, 4444, 4444, 192.168.56.101, 131.1.1.1, 1010
[  197.632151]   DROP(INBOUND): 6, 1111, 56972, 192.168.56.101, 10.0.2.15, 1010
[  197.632152]  PROXY(INBOUND): 6, 4444, 4444, 192.168.56.101, 131.1.1.1, 1010
[  197.634036]   DROP(INBOUND): 6, 1111, 56972, 192.168.56.101, 10.0.2.15, 1010
[  197.634039]         INBOUND: 6, 3333, 40906, 192.168.56.101, 10.0.2.15, 0010
[  197.634043]         INBOUND: 6, 3333, 40906, 192.168.56.101, 10.0.2.15, 0010
[  197.634045]   DROP(INBOUND): 6, 1111, 56972, 192.168.56.101, 10.0.2.15, 1010
[  197.634123]        OUTBOUND: 6, 40906, 3333, 10.0.2.15, 192.168.56.101, 0010
[  197.634136]        OUTBOUND: 6, 40906, 3333, 10.0.2.15, 192.168.56.101, 0010
[  197.636092]  PROXY(INBOUND): 6, 4444, 4444, 192.168.56.101, 131.1.1.1, 1010
[  197.636228]  PROXY(INBOUND): 6, 4444, 4444, 192.168.56.101, 131.1.1.1, 1010
[  197.637165]   DROP(INBOUND): 6, 1111, 56972, 192.168.56.101, 10.0.2.15, 1010
[  197.637170]         INBOUND: 6, 3333, 40906, 192.168.56.101, 10.0.2.15, 0010
[  197.637216]        OUTBOUND: 6, 40906, 3333, 10.0.2.15, 192.168.56.101, 0010
[  197.637261]   DROP(INBOUND): 6, 1111, 56972, 192.168.56.101, 10.0.2.15, 1010
[  197.637375]         INBOUND: 6, 3333, 40906, 192.168.56.101, 10.0.2.15, 0010
[  197.637389]        OUTBOUND: 6, 40906, 3333, 10.0.2.15, 192.168.56.101, 0010
[  197.639977]  PROXY(INBOUND): 6, 4444, 4444, 192.168.56.101, 131.1.1.1, 1010
[  197.639998]   DROP(INBOUND): 6, 1111, 56972, 192.168.56.101, 10.0.2.15, 1010
[  197.640082]         INBOUND: 6, 3333, 40906, 192.168.56.101, 10.0.2.15, 0010
[  197.640160]        OUTBOUND: 6, 40906, 3333, 10.0.2.15, 192.168.56.101, 0010
[  197.640238]  PROXY(INBOUND): 6, 4444, 4444, 192.168.56.101, 131.1.1.1, 1010
[  197.640260]   DROP(INBOUND): 6, 1111, 56972, 192.168.56.101, 10.0.2.15, 1010
[  197.640261]         INBOUND: 6, 3333, 40906, 192.168.56.101, 10.0.2.15, 0010
[  197.640276]        OUTBOUND: 6, 40906, 3333, 10.0.2.15, 192.168.56.101, 0010
[  197.642002]  PROXY(INBOUND): 6, 4444, 4444, 192.168.56.101, 131.1.1.1, 1010
[  197.642147]  PROXY(INBOUND): 6, 4444, 4444, 192.168.56.101, 131.1.1.1, 1010
[  197.643029]   DROP(INBOUND): 6, 1111, 56972, 192.168.56.101, 10.0.2.15, 1010
[  197.643169]   DROP(INBOUND): 6, 1111, 56972, 192.168.56.101, 10.0.2.15, 1010
[  197.643511]   DROP(INBOUND): 6, 1111, 56972, 192.168.56.101, 10.0.2.15, 1010
[  197.643874]  PROXY(INBOUND): 6, 4444, 4444, 192.168.56.101, 131.1.1.1, 1010
[  197.643880]         INBOUND: 6, 3333, 40906, 192.168.56.101, 10.0.2.15, 0010
[  197.643896]        OUTBOUND: 6, 40906, 3333, 10.0.2.15, 192.168.56.101, 0010
[  197.644267]  PROXY(INBOUND): 6, 4444, 4444, 192.168.56.101, 131.1.1.1, 1010
[  197.644272]         INBOUND: 6, 3333, 40906, 192.168.56.101, 10.0.2.15, 0010
[  197.644288]        OUTBOUND: 6, 40906, 3333, 10.0.2.15, 192.168.56.101, 0010
[  197.646712]  PROXY(INBOUND): 6, 4444, 4444, 192.168.56.101, 131.1.1.1, 1010
[  197.646804]  PROXY(INBOUND): 6, 4444, 4444, 192.168.56.101, 131.1.1.1, 1010
[  197.646809]         INBOUND: 6, 3333, 40906, 192.168.56.101, 10.0.2.15, 0010
[  197.646828]        OUTBOUND: 6, 40906, 3333, 10.0.2.15, 192.168.56.101, 0010
[  197.649662]         INBOUND: 6, 3333, 40906, 192.168.56.101, 10.0.2.15, 0010
[  197.649667]  PROXY(INBOUND): 6, 4444, 4444, 192.168.56.101, 131.1.1.1, 1010
[  197.649711]        OUTBOUND: 6, 40906, 3333, 10.0.2.15, 192.168.56.101, 0010
[  197.650052]  PROXY(INBOUND): 6, 4444, 4444, 192.168.56.101, 131.1.1.1, 1010
[  197.652664]  PROXY(INBOUND): 6, 4444, 4444, 192.168.56.101, 131.1.1.1, 1010
[  197.652669]         INBOUND: 6, 3333, 40906, 192.168.56.101, 10.0.2.15, 0010
[  197.652686]        OUTBOUND: 6, 40906, 3333, 10.0.2.15, 192.168.56.101, 0010
[  197.652904]  PROXY(INBOUND): 6, 4444, 4444, 192.168.56.101, 131.1.1.1, 1010
[  197.652909]         INBOUND: 6, 3333, 40906, 192.168.56.101, 10.0.2.15, 0010
[  197.652927]        OUTBOUND: 6, 40906, 3333, 10.0.2.15, 192.168.56.101, 0010
[  197.655673]  PROXY(INBOUND): 6, 4444, 4444, 192.168.56.101, 131.1.1.1, 1010
[  197.655678]         INBOUND: 6, 3333, 40906, 192.168.56.101, 10.0.2.15, 0010
[  197.655694]        OUTBOUND: 6, 40906, 3333, 10.0.2.15, 192.168.56.101, 0010
[  197.655794]  PROXY(INBOUND): 6, 4444, 4444, 192.168.56.101, 131.1.1.1, 1010
[  197.655797]         INBOUND: 6, 3333, 40906, 192.168.56.101, 10.0.2.15, 0010
[  197.655814]        OUTBOUND: 6, 40906, 3333, 10.0.2.15, 192.168.56.101, 0010
[  197.657608]  PROXY(INBOUND): 6, 4444, 4444, 192.168.56.101, 131.1.1.1, 1010
[  197.657772]  PROXY(INBOUND): 6, 4444, 4444, 192.168.56.101, 131.1.1.1, 1010
[  197.657972]         INBOUND: 6, 3333, 40906, 192.168.56.101, 10.0.2.15, 0010
[  197.657987]        OUTBOUND: 6, 40906, 3333, 10.0.2.15, 192.168.56.101, 0010
[  197.658117]         INBOUND: 6, 3333, 40906, 192.168.56.101, 10.0.2.15, 0010
[  197.658133]        OUTBOUND: 6, 40906, 3333, 10.0.2.15, 192.168.56.101, 0010
[  197.660452]  PROXY(INBOUND): 6, 4444, 4444, 192.168.56.101, 131.1.1.1, 1010
[  197.660601]  PROXY(INBOUND): 6, 4444, 4444, 192.168.56.101, 131.1.1.1, 1010
[  197.661506]         INBOUND: 6, 3333, 40906, 192.168.56.101, 10.0.2.15, 0010
[  197.661522]        OUTBOUND: 6, 40906, 3333, 10.0.2.15, 192.168.56.101, 0010
[  197.661669]         INBOUND: 6, 3333, 40906, 192.168.56.101, 10.0.2.15, 0010
[  197.661690]        OUTBOUND: 6, 40906, 3333, 10.0.2.15, 192.168.56.101, 0010
[  197.663480]  PROXY(INBOUND): 6, 4444, 4444, 192.168.56.101, 131.1.1.1, 1010
[  197.663486]         INBOUND: 6, 3333, 40906, 192.168.56.101, 10.0.2.15, 0010
[  197.663502]        OUTBOUND: 6, 40906, 3333, 10.0.2.15, 192.168.56.101, 0010
[  197.663604]  PROXY(INBOUND): 6, 4444, 4444, 192.168.56.101, 131.1.1.1, 1010
[  197.663608]         INBOUND: 6, 3333, 40906, 192.168.56.101, 10.0.2.15, 0010
[  197.663623]        OUTBOUND: 6, 40906, 3333, 10.0.2.15, 192.168.56.101, 0010
[  197.666502]  PROXY(INBOUND): 6, 4444, 4444, 192.168.56.101, 131.1.1.1, 1010
[  197.666564]  PROXY(INBOUND): 6, 4444, 4444, 192.168.56.101, 131.1.1.1, 1010
[  197.667323]         INBOUND: 6, 3333, 40906, 192.168.56.101, 10.0.2.15, 0010
[  197.667340]        OUTBOUND: 6, 40906, 3333, 10.0.2.15, 192.168.56.101, 0010
[  197.667561]         INBOUND: 6, 3333, 40906, 192.168.56.101, 10.0.2.15, 0010
[  197.667578]        OUTBOUND: 6, 40906, 3333, 10.0.2.15, 192.168.56.101, 0010
[  197.668277]  PROXY(INBOUND): 6, 4444, 4444, 192.168.56.101, 131.1.1.1, 1010
[  197.668281]  PROXY(INBOUND): 6, 4444, 4444, 192.168.56.101, 131.1.1.1, 1010
[  197.668436]  PROXY(INBOUND): 6, 4444, 4444, 192.168.56.101, 131.1.1.1, 1010
[  197.670197]         INBOUND: 6, 3333, 40906, 192.168.56.101, 10.0.2.15, 0010
[  197.670224]        OUTBOUND: 6, 40906, 3333, 10.0.2.15, 192.168.56.101, 0010
[  197.670257]         INBOUND: 6, 3333, 40906, 192.168.56.101, 10.0.2.15, 0010
[  197.670270]        OUTBOUND: 6, 40906, 3333, 10.0.2.15, 192.168.56.101, 0010
[  197.671097]  PROXY(INBOUND): 6, 4444, 4444, 192.168.56.101, 131.1.1.1, 1010
[  197.673186]         INBOUND: 6, 3333, 40906, 192.168.56.101, 10.0.2.15, 0010
[  197.673203]        OUTBOUND: 6, 40906, 3333, 10.0.2.15, 192.168.56.101, 0010
[  197.673341]         INBOUND: 6, 3333, 40906, 192.168.56.101, 10.0.2.15, 0010
[  197.673356]        OUTBOUND: 6, 40906, 3333, 10.0.2.15, 192.168.56.101, 0010
[  197.677242]         INBOUND: 6, 3333, 40906, 192.168.56.101, 10.0.2.15, 0010
[  197.677246]         INBOUND: 6, 3333, 40906, 192.168.56.101, 10.0.2.15, 0010
[  197.677267]        OUTBOUND: 6, 40906, 3333, 10.0.2.15, 192.168.56.101, 0010
[  197.677277]        OUTBOUND: 6, 40906, 3333, 10.0.2.15, 192.168.56.101, 0010
[  197.680201]         INBOUND: 6, 3333, 40906, 192.168.56.101, 10.0.2.15, 0010
[  197.680206]         INBOUND: 6, 3333, 40906, 192.168.56.101, 10.0.2.15, 0010
[  197.680226]        OUTBOUND: 6, 40906, 3333, 10.0.2.15, 192.168.56.101, 0010
[  197.680237]        OUTBOUND: 6, 40906, 3333, 10.0.2.15, 192.168.56.101, 0010
[  197.683022]         INBOUND: 6, 3333, 40906, 192.168.56.101, 10.0.2.15, 0010
[  197.683042]        OUTBOUND: 6, 40906, 3333, 10.0.2.15, 192.168.56.101, 0010
[  197.683215]         INBOUND: 6, 3333, 40906, 192.168.56.101, 10.0.2.15, 0010
[  197.683232]        OUTBOUND: 6, 40906, 3333, 10.0.2.15, 192.168.56.101, 0010
[  197.685983]         INBOUND: 6, 3333, 40906, 192.168.56.101, 10.0.2.15, 0010
[  197.686025]        OUTBOUND: 6, 40906, 3333, 10.0.2.15, 192.168.56.101, 0010
[  197.686087]         INBOUND: 6, 3333, 40906, 192.168.56.101, 10.0.2.15, 0010
[  197.686116]        OUTBOUND: 6, 40906, 3333, 10.0.2.15, 192.168.56.101, 0010
[  197.688793]         INBOUND: 6, 3333, 40906, 192.168.56.101, 10.0.2.15, 0010
[  197.688810]        OUTBOUND: 6, 40906, 3333, 10.0.2.15, 192.168.56.101, 0010
[  197.688902]         INBOUND: 6, 3333, 40906, 192.168.56.101, 10.0.2.15, 0010
[  197.688928]        OUTBOUND: 6, 40906, 3333, 10.0.2.15, 192.168.56.101, 0010
[  197.691802]         INBOUND: 6, 3333, 40906, 192.168.56.101, 10.0.2.15, 0010
[  197.691807]         INBOUND: 6, 3333, 40906, 192.168.56.101, 10.0.2.15, 0010
[  197.691831]        OUTBOUND: 6, 40906, 3333, 10.0.2.15, 192.168.56.101, 0010
[  197.691841]        OUTBOUND: 6, 40906, 3333, 10.0.2.15, 192.168.56.101, 0010
[  197.693760]         INBOUND: 6, 3333, 40906, 192.168.56.101, 10.0.2.15, 0010
[  197.693780]        OUTBOUND: 6, 40906, 3333, 10.0.2.15, 192.168.56.101, 0010
[  197.693899]         INBOUND: 6, 3333, 40906, 192.168.56.101, 10.0.2.15, 0010
[  197.693915]        OUTBOUND: 6, 40906, 3333, 10.0.2.15, 192.168.56.101, 0010
[  197.696643]         INBOUND: 6, 3333, 40906, 192.168.56.101, 10.0.2.15, 0010
[  197.696662]        OUTBOUND: 6, 40906, 3333, 10.0.2.15, 192.168.56.101, 0010
[  197.696797]         INBOUND: 6, 3333, 40906, 192.168.56.101, 10.0.2.15, 0010
[  197.696815]        OUTBOUND: 6, 40906, 3333, 10.0.2.15, 192.168.56.101, 0010
[  197.699650]         INBOUND: 6, 3333, 40906, 192.168.56.101, 10.0.2.15, 0010
[  197.699668]        OUTBOUND: 6, 40906, 3333, 10.0.2.15, 192.168.56.101, 0010
[  197.699797]         INBOUND: 6, 3333, 40906, 192.168.56.101, 10.0.2.15, 0010
[  197.699810]        OUTBOUND: 6, 40906, 3333, 10.0.2.15, 192.168.56.101, 0010
[  197.702757]         INBOUND: 6, 3333, 40906, 192.168.56.101, 10.0.2.15, 0010
[  197.702778]        OUTBOUND: 6, 40906, 3333, 10.0.2.15, 192.168.56.101, 0010
[  197.702869]         INBOUND: 6, 3333, 40906, 192.168.56.101, 10.0.2.15, 0010
[  197.702913]        OUTBOUND: 6, 40906, 3333, 10.0.2.15, 192.168.56.101, 0010
[  197.705851]         INBOUND: 6, 3333, 40906, 192.168.56.101, 10.0.2.15, 0010
[  197.705856]         INBOUND: 6, 3333, 40906, 192.168.56.101, 10.0.2.15, 0010
[  197.705871]        OUTBOUND: 6, 40906, 3333, 10.0.2.15, 192.168.56.101, 0010
[  197.705880]        OUTBOUND: 6, 40906, 3333, 10.0.2.15, 192.168.56.101, 0010
[  197.708826]         INBOUND: 6, 3333, 40906, 192.168.56.101, 10.0.2.15, 0010
[  197.708843]        OUTBOUND: 6, 40906, 3333, 10.0.2.15, 192.168.56.101, 0010
[  197.708884]         INBOUND: 6, 3333, 40906, 192.168.56.101, 10.0.2.15, 0010
[  197.708930]        OUTBOUND: 6, 40906, 3333, 10.0.2.15, 192.168.56.101, 0010
[  197.711660]         INBOUND: 6, 3333, 40906, 192.168.56.101, 10.0.2.15, 0010
[  197.711678]        OUTBOUND: 6, 40906, 3333, 10.0.2.15, 192.168.56.101, 0010
[  197.711713]         INBOUND: 6, 3333, 40906, 192.168.56.101, 10.0.2.15, 0010
[  197.711725]        OUTBOUND: 6, 40906, 3333, 10.0.2.15, 192.168.56.101, 0010
[  197.713624]         INBOUND: 6, 3333, 40906, 192.168.56.101, 10.0.2.15, 0010
[  197.713665]        OUTBOUND: 6, 40906, 3333, 10.0.2.15, 192.168.56.101, 0010
[  197.713709]         INBOUND: 6, 3333, 40906, 192.168.56.101, 10.0.2.15, 0010
[  197.713728]        OUTBOUND: 6, 40906, 3333, 10.0.2.15, 192.168.56.101, 0010
[  197.715499]         INBOUND: 6, 3333, 40906, 192.168.56.101, 10.0.2.15, 0010
[  197.715530]        OUTBOUND: 6, 40906, 3333, 10.0.2.15, 192.168.56.101, 0010
[  197.715602]         INBOUND: 6, 3333, 40906, 192.168.56.101, 10.0.2.15, 0010
[  197.715638]        OUTBOUND: 6, 40906, 3333, 10.0.2.15, 192.168.56.101, 0010
[  197.718508]         INBOUND: 6, 3333, 40906, 192.168.56.101, 10.0.2.15, 0010
[  197.718513]         INBOUND: 6, 3333, 40906, 192.168.56.101, 10.0.2.15, 0010
[  197.718527]        OUTBOUND: 6, 40906, 3333, 10.0.2.15, 192.168.56.101, 0010
[  197.718537]        OUTBOUND: 6, 40906, 3333, 10.0.2.15, 192.168.56.101, 0010
[  197.721302]         INBOUND: 6, 3333, 40906, 192.168.56.101, 10.0.2.15, 0010
[  197.721319]        OUTBOUND: 6, 40906, 3333, 10.0.2.15, 192.168.56.101, 0010
[  197.721394]         INBOUND: 6, 3333, 40906, 192.168.56.101, 10.0.2.15, 0010
[  197.721429]        OUTBOUND: 6, 40906, 3333, 10.0.2.15, 192.168.56.101, 0010
[  197.724119]         INBOUND: 6, 3333, 40906, 192.168.56.101, 10.0.2.15, 0010
[  197.724194]        OUTBOUND: 6, 40906, 3333, 10.0.2.15, 192.168.56.101, 0010
[  197.724250]         INBOUND: 6, 3333, 40906, 192.168.56.101, 10.0.2.15, 0010
[  197.724268]        OUTBOUND: 6, 40906, 3333, 10.0.2.15, 192.168.56.101, 0010
[  197.727362]         INBOUND: 6, 3333, 40906, 192.168.56.101, 10.0.2.15, 0010
[  197.727367]         INBOUND: 6, 3333, 40906, 192.168.56.101, 10.0.2.15, 0010
[  197.727389]        OUTBOUND: 6, 40906, 3333, 10.0.2.15, 192.168.56.101, 0010
[  197.727399]        OUTBOUND: 6, 40906, 3333, 10.0.2.15, 192.168.56.101, 0010
[  197.731227]         INBOUND: 6, 3333, 40906, 192.168.56.101, 10.0.2.15, 0010
[  197.731245]        OUTBOUND: 6, 40906, 3333, 10.0.2.15, 192.168.56.101, 0010
[  197.731346]         INBOUND: 6, 3333, 40906, 192.168.56.101, 10.0.2.15, 0010
[  197.731401]        OUTBOUND: 6, 40906, 3333, 10.0.2.15, 192.168.56.101, 0010
[  197.734052]         INBOUND: 6, 3333, 40906, 192.168.56.101, 10.0.2.15, 0010
[  197.734094]        OUTBOUND: 6, 40906, 3333, 10.0.2.15, 192.168.56.101, 0010
[  197.734174]         INBOUND: 6, 3333, 40906, 192.168.56.101, 10.0.2.15, 0010
[  197.734207]        OUTBOUND: 6, 40906, 3333, 10.0.2.15, 192.168.56.101, 0010
[  197.737071]         INBOUND: 6, 3333, 40906, 192.168.56.101, 10.0.2.15, 0010
[  197.737088]        OUTBOUND: 6, 40906, 3333, 10.0.2.15, 192.168.56.101, 0010
[  197.737130]         INBOUND: 6, 3333, 40906, 192.168.56.101, 10.0.2.15, 0010
[  197.737149]        OUTBOUND: 6, 40906, 3333, 10.0.2.15, 192.168.56.101, 0010
[  197.740957]         INBOUND: 6, 3333, 40906, 192.168.56.101, 10.0.2.15, 0010
[  197.741044]         INBOUND: 6, 3333, 40906, 192.168.56.101, 10.0.2.15, 0010
[  197.741088]        OUTBOUND: 6, 40906, 3333, 10.0.2.15, 192.168.56.101, 0010
[  197.741100]        OUTBOUND: 6, 40906, 3333, 10.0.2.15, 192.168.56.101, 0010
[  197.744135]         INBOUND: 6, 3333, 40906, 192.168.56.101, 10.0.2.15, 0010
[  197.744166]         INBOUND: 6, 3333, 40906, 192.168.56.101, 10.0.2.15, 0010
[  197.744214]        OUTBOUND: 6, 40906, 3333, 10.0.2.15, 192.168.56.101, 0010
[  197.744227]        OUTBOUND: 6, 40906, 3333, 10.0.2.15, 192.168.56.101, 0010
[  197.747013]         INBOUND: 6, 3333, 40906, 192.168.56.101, 10.0.2.15, 0010
[  197.747061]        OUTBOUND: 6, 40906, 3333, 10.0.2.15, 192.168.56.101, 0010
[  197.747108]         INBOUND: 6, 3333, 40906, 192.168.56.101, 10.0.2.15, 0010
[  197.747148]        OUTBOUND: 6, 40906, 3333, 10.0.2.15, 192.168.56.101, 0010
[  197.749335]         INBOUND: 6, 3333, 40906, 192.168.56.101, 10.0.2.15, 0010
[  197.749351]        OUTBOUND: 6, 40906, 3333, 10.0.2.15, 192.168.56.101, 0010
[  197.749492]         INBOUND: 6, 3333, 40906, 192.168.56.101, 10.0.2.15, 0010
[  197.749509]        OUTBOUND: 6, 40906, 3333, 10.0.2.15, 192.168.56.101, 0010
[  197.752217]         INBOUND: 6, 3333, 40906, 192.168.56.101, 10.0.2.15, 0010
[  197.752264]        OUTBOUND: 6, 40906, 3333, 10.0.2.15, 192.168.56.101, 0010
[  197.752402]         INBOUND: 6, 3333, 40906, 192.168.56.101, 10.0.2.15, 0010
[  197.752419]        OUTBOUND: 6, 40906, 3333, 10.0.2.15, 192.168.56.101, 0010
[  197.755145]         INBOUND: 6, 3333, 40906, 192.168.56.101, 10.0.2.15, 0010
[  197.755199]        OUTBOUND: 6, 40906, 3333, 10.0.2.15, 192.168.56.101, 0010
[  197.757740]         INBOUND: 6, 3333, 40906, 192.168.56.101, 10.0.2.15, 0010
[  197.757778]         INBOUND: 6, 3333, 40906, 192.168.56.101, 10.0.2.15, 0010
[  197.757865]        OUTBOUND: 6, 40906, 3333, 10.0.2.15, 192.168.56.101, 0010
[  197.757927]         INBOUND: 6, 3333, 40906, 192.168.56.101, 10.0.2.15, 0010
[  197.757930]         INBOUND: 6, 3333, 40906, 192.168.56.101, 10.0.2.15, 0010
[  197.757952]        OUTBOUND: 6, 40906, 3333, 10.0.2.15, 192.168.56.101, 0010
[  197.762210]         INBOUND: 6, 3333, 40906, 192.168.56.101, 10.0.2.15, 0010
[  197.762291]         INBOUND: 6, 3333, 40906, 192.168.56.101, 10.0.2.15, 0010
[  197.762334]        OUTBOUND: 6, 40906, 3333, 10.0.2.15, 192.168.56.101, 0010
[  197.762345]        OUTBOUND: 6, 40906, 3333, 10.0.2.15, 192.168.56.101, 0010
[  197.764110]         INBOUND: 6, 3333, 40906, 192.168.56.101, 10.0.2.15, 0010
[  197.764127]        OUTBOUND: 6, 40906, 3333, 10.0.2.15, 192.168.56.101, 0010
[  197.764202]         INBOUND: 6, 3333, 40906, 192.168.56.101, 10.0.2.15, 0010
[  197.764219]        OUTBOUND: 6, 40906, 3333, 10.0.2.15, 192.168.56.101, 0010
[  197.767386]         INBOUND: 6, 3333, 40906, 192.168.56.101, 10.0.2.15, 0010
[  197.767468]         INBOUND: 6, 3333, 40906, 192.168.56.101, 10.0.2.15, 0010
[  197.767509]        OUTBOUND: 6, 40906, 3333, 10.0.2.15, 192.168.56.101, 0010
[  197.767520]        OUTBOUND: 6, 40906, 3333, 10.0.2.15, 192.168.56.101, 0010
[  197.770245]         INBOUND: 6, 3333, 40906, 192.168.56.101, 10.0.2.15, 0010
[  197.770299]        OUTBOUND: 6, 40906, 3333, 10.0.2.15, 192.168.56.101, 0010
[  197.770345]         INBOUND: 6, 3333, 40906, 192.168.56.101, 10.0.2.15, 0010
[  197.770363]        OUTBOUND: 6, 40906, 3333, 10.0.2.15, 192.168.56.101, 0010
[  197.772350]         INBOUND: 6, 3333, 40906, 192.168.56.101, 10.0.2.15, 0010
[  197.772366]        OUTBOUND: 6, 40906, 3333, 10.0.2.15, 192.168.56.101, 0010
[  197.772484]         INBOUND: 6, 3333, 40906, 192.168.56.101, 10.0.2.15, 0010
[  197.772501]        OUTBOUND: 6, 40906, 3333, 10.0.2.15, 192.168.56.101, 0010
[  197.776248]         INBOUND: 6, 3333, 40906, 192.168.56.101, 10.0.2.15, 0010
[  197.776312]         INBOUND: 6, 3333, 40906, 192.168.56.101, 10.0.2.15, 0010
[  197.776376]        OUTBOUND: 6, 40906, 3333, 10.0.2.15, 192.168.56.101, 0010
[  197.776386]        OUTBOUND: 6, 40906, 3333, 10.0.2.15, 192.168.56.101, 0010
[  197.779376]         INBOUND: 6, 3333, 40906, 192.168.56.101, 10.0.2.15, 0010
[  197.779427]         INBOUND: 6, 3333, 40906, 192.168.56.101, 10.0.2.15, 0010
[  197.779443]        OUTBOUND: 6, 40906, 3333, 10.0.2.15, 192.168.56.101, 0010
[  197.779458]        OUTBOUND: 6, 40906, 3333, 10.0.2.15, 192.168.56.101, 0010
[  197.783340]         INBOUND: 6, 3333, 40906, 192.168.56.101, 10.0.2.15, 0010
[  197.783375]         INBOUND: 6, 3333, 40906, 192.168.56.101, 10.0.2.15, 0010
[  197.783402]        OUTBOUND: 6, 40906, 3333, 10.0.2.15, 192.168.56.101, 0010
[  197.783436]        OUTBOUND: 6, 40906, 3333, 10.0.2.15, 192.168.56.101, 0010
[  197.785117]         INBOUND: 6, 3333, 40906, 192.168.56.101, 10.0.2.15, 0010
[  197.785180]        OUTBOUND: 6, 40906, 3333, 10.0.2.15, 192.168.56.101, 0010
[  197.785239]         INBOUND: 6, 3333, 40906, 192.168.56.101, 10.0.2.15, 0010
[  197.785305]        OUTBOUND: 6, 40906, 3333, 10.0.2.15, 192.168.56.101, 0010
[  197.787247]         INBOUND: 6, 3333, 40906, 192.168.56.101, 10.0.2.15, 0010
[  197.787257]         INBOUND: 6, 3333, 40906, 192.168.56.101, 10.0.2.15, 0010
[  197.787274]        OUTBOUND: 6, 40906, 3333, 10.0.2.15, 192.168.56.101, 0010
[  197.787288]        OUTBOUND: 6, 40906, 3333, 10.0.2.15, 192.168.56.101, 0010
[  197.791104]         INBOUND: 6, 3333, 40906, 192.168.56.101, 10.0.2.15, 0010
[  197.791161]        OUTBOUND: 6, 40906, 3333, 10.0.2.15, 192.168.56.101, 0010
[  197.791183]         INBOUND: 6, 3333, 40906, 192.168.56.101, 10.0.2.15, 0010
[  197.791220]        OUTBOUND: 6, 40906, 3333, 10.0.2.15, 192.168.56.101, 0010
[  197.794132]         INBOUND: 6, 3333, 40906, 192.168.56.101, 10.0.2.15, 0010
[  197.794157]        OUTBOUND: 6, 40906, 3333, 10.0.2.15, 192.168.56.101, 0010
[  197.794209]         INBOUND: 6, 3333, 40906, 192.168.56.101, 10.0.2.15, 0010
[  197.794237]        OUTBOUND: 6, 40906, 3333, 10.0.2.15, 192.168.56.101, 0010
[  197.796979]         INBOUND: 6, 3333, 40906, 192.168.56.101, 10.0.2.15, 0010
[  197.797049]        OUTBOUND: 6, 40906, 3333, 10.0.2.15, 192.168.56.101, 0010
[  197.797140]         INBOUND: 6, 3333, 40906, 192.168.56.101, 10.0.2.15, 0010
[  197.797165]        OUTBOUND: 6, 40906, 3333, 10.0.2.15, 192.168.56.101, 0010
[  197.800065]         INBOUND: 6, 3333, 40906, 192.168.56.101, 10.0.2.15, 0010
[  197.800103]        OUTBOUND: 6, 40906, 3333, 10.0.2.15, 192.168.56.101, 0010
[  197.800177]         INBOUND: 6, 3333, 40906, 192.168.56.101, 10.0.2.15, 0010
[  197.800241]        OUTBOUND: 6, 40906, 3333, 10.0.2.15, 192.168.56.101, 0010
[  197.803872]         INBOUND: 6, 3333, 40906, 192.168.56.101, 10.0.2.15, 0010
[  197.803905]        OUTBOUND: 6, 40906, 3333, 10.0.2.15, 192.168.56.101, 0010
[  197.803925]         INBOUND: 6, 3333, 40906, 192.168.56.101, 10.0.2.15, 0010
[  197.803936]        OUTBOUND: 6, 40906, 3333, 10.0.2.15, 192.168.56.101, 0010
[  197.805925]         INBOUND: 6, 3333, 40906, 192.168.56.101, 10.0.2.15, 0010
[  197.805958]        OUTBOUND: 6, 40906, 3333, 10.0.2.15, 192.168.56.101, 0010
[  197.805983]         INBOUND: 6, 3333, 40906, 192.168.56.101, 10.0.2.15, 0010
[  197.805995]        OUTBOUND: 6, 40906, 3333, 10.0.2.15, 192.168.56.101, 0010
[  197.808829]         INBOUND: 6, 3333, 40906, 192.168.56.101, 10.0.2.15, 0010
[  197.808872]         INBOUND: 6, 3333, 40906, 192.168.56.101, 10.0.2.15, 0010
[  197.808891]        OUTBOUND: 6, 40906, 3333, 10.0.2.15, 192.168.56.101, 0010
[  197.808904]        OUTBOUND: 6, 40906, 3333, 10.0.2.15, 192.168.56.101, 0010
[  197.811964]         INBOUND: 6, 3333, 40906, 192.168.56.101, 10.0.2.15, 0010
[  197.811973]         INBOUND: 6, 3333, 40906, 192.168.56.101, 10.0.2.15, 0010
[  197.811984]        OUTBOUND: 6, 40906, 3333, 10.0.2.15, 192.168.56.101, 0010
[  197.812000]        OUTBOUND: 6, 40906, 3333, 10.0.2.15, 192.168.56.101, 0010
[  197.815872]         INBOUND: 6, 3333, 40906, 192.168.56.101, 10.0.2.15, 0010
[  197.815879]         INBOUND: 6, 3333, 40906, 192.168.56.101, 10.0.2.15, 0010
[  197.815909]        OUTBOUND: 6, 40906, 3333, 10.0.2.15, 192.168.56.101, 0010
[  197.815927]        OUTBOUND: 6, 40906, 3333, 10.0.2.15, 192.168.56.101, 0010
[  197.818762]         INBOUND: 6, 3333, 40906, 192.168.56.101, 10.0.2.15, 0010
[  197.818768]         INBOUND: 6, 3333, 40906, 192.168.56.101, 10.0.2.15, 0010
[  197.818794]        OUTBOUND: 6, 40906, 3333, 10.0.2.15, 192.168.56.101, 0010
[  197.818807]        OUTBOUND: 6, 40906, 3333, 10.0.2.15, 192.168.56.101, 0010
[  197.821719]         INBOUND: 6, 3333, 40906, 192.168.56.101, 10.0.2.15, 0010
[  197.821726]         INBOUND: 6, 3333, 40906, 192.168.56.101, 10.0.2.15, 0010
[  197.821759]        OUTBOUND: 6, 40906, 3333, 10.0.2.15, 192.168.56.101, 0010
[  197.821772]        OUTBOUND: 6, 40906, 3333, 10.0.2.15, 192.168.56.101, 0010
[  197.825606]         INBOUND: 6, 3333, 40906, 192.168.56.101, 10.0.2.15, 0010
[  197.825638]         INBOUND: 6, 3333, 40906, 192.168.56.101, 10.0.2.15, 0010
[  197.825644]        OUTBOUND: 6, 40906, 3333, 10.0.2.15, 192.168.56.101, 0010
[  197.825659]        OUTBOUND: 6, 40906, 3333, 10.0.2.15, 192.168.56.101, 0010
[  197.828543]         INBOUND: 6, 3333, 40906, 192.168.56.101, 10.0.2.15, 0010
[  197.828732]         INBOUND: 6, 3333, 40906, 192.168.56.101, 10.0.2.15, 0010
[  197.829039]        OUTBOUND: 6, 40906, 3333, 10.0.2.15, 192.168.56.101, 0010
[  197.829054]        OUTBOUND: 6, 40906, 3333, 10.0.2.15, 192.168.56.101, 0010
[  197.830431]         INBOUND: 6, 3333, 40906, 192.168.56.101, 10.0.2.15, 0010
[  197.830542]         INBOUND: 6, 3333, 40906, 192.168.56.101, 10.0.2.15, 0010
[  197.830857]        OUTBOUND: 6, 40906, 3333, 10.0.2.15, 192.168.56.101, 0010
[  197.830871]        OUTBOUND: 6, 40906, 3333, 10.0.2.15, 192.168.56.101, 0010
[  197.832567]         INBOUND: 6, 3333, 40906, 192.168.56.101, 10.0.2.15, 0010
[  197.832651]        OUTBOUND: 6, 40906, 3333, 10.0.2.15, 192.168.56.101, 0010
[  197.832719]         INBOUND: 6, 3333, 40906, 192.168.56.101, 10.0.2.15, 0010
[  197.832817]        OUTBOUND: 6, 40906, 3333, 10.0.2.15, 192.168.56.101, 0010
[  197.835344]         INBOUND: 6, 3333, 40906, 192.168.56.101, 10.0.2.15, 0010
[  197.835435]         INBOUND: 6, 3333, 40906, 192.168.56.101, 10.0.2.15, 0010
[  197.835452]        OUTBOUND: 6, 40906, 3333, 10.0.2.15, 192.168.56.101, 0010
[  197.835467]        OUTBOUND: 6, 40906, 3333, 10.0.2.15, 192.168.56.101, 0010
[  197.837338]         INBOUND: 6, 3333, 40906, 192.168.56.101, 10.0.2.15, 0010
[  197.837402]        OUTBOUND: 6, 40906, 3333, 10.0.2.15, 192.168.56.101, 0010
[  197.837611]         INBOUND: 6, 3333, 40906, 192.168.56.101, 10.0.2.15, 0010
[  197.837638]        OUTBOUND: 6, 40906, 3333, 10.0.2.15, 192.168.56.101, 0010
[  197.839320]         INBOUND: 6, 3333, 40906, 192.168.56.101, 10.0.2.15, 0010
[  197.839362]         INBOUND: 6, 3333, 40906, 192.168.56.101, 10.0.2.15, 0010
[  197.839383]        OUTBOUND: 6, 40906, 3333, 10.0.2.15, 192.168.56.101, 0010
[  197.839398]        OUTBOUND: 6, 40906, 3333, 10.0.2.15, 192.168.56.101, 0010
[  197.841240]         INBOUND: 6, 3333, 40906, 192.168.56.101, 10.0.2.15, 0010
[  197.841304]        OUTBOUND: 6, 40906, 3333, 10.0.2.15, 192.168.56.101, 0010
[  197.841343]         INBOUND: 6, 3333, 40906, 192.168.56.101, 10.0.2.15, 0010
[  197.841418]        OUTBOUND: 6, 40906, 3333, 10.0.2.15, 192.168.56.101, 0010
[  197.844251]         INBOUND: 6, 3333, 40906, 192.168.56.101, 10.0.2.15, 0010
[  197.844327]        OUTBOUND: 6, 40906, 3333, 10.0.2.15, 192.168.56.101, 0010
[  197.844354]         INBOUND: 6, 3333, 40906, 192.168.56.101, 10.0.2.15, 0010
[  197.844375]        OUTBOUND: 6, 40906, 3333, 10.0.2.15, 192.168.56.101, 0010
[  197.846219]         INBOUND: 6, 3333, 40906, 192.168.56.101, 10.0.2.15, 0010
[  197.846305]         INBOUND: 6, 3333, 40906, 192.168.56.101, 10.0.2.15, 0010
[  197.846324]        OUTBOUND: 6, 40906, 3333, 10.0.2.15, 192.168.56.101, 0010
[  197.846338]        OUTBOUND: 6, 40906, 3333, 10.0.2.15, 192.168.56.101, 0010
[  197.849099]         INBOUND: 6, 3333, 40906, 192.168.56.101, 10.0.2.15, 0010
[  197.849166]        OUTBOUND: 6, 40906, 3333, 10.0.2.15, 192.168.56.101, 0010
[  197.849279]         INBOUND: 6, 3333, 40906, 192.168.56.101, 10.0.2.15, 0010
[  197.849343]        OUTBOUND: 6, 40906, 3333, 10.0.2.15, 192.168.56.101, 0010
[  197.851976]         INBOUND: 6, 3333, 40906, 192.168.56.101, 10.0.2.15, 0010
[  197.852084]        OUTBOUND: 6, 40906, 3333, 10.0.2.15, 192.168.56.101, 0010
[  197.852105]         INBOUND: 6, 3333, 40906, 192.168.56.101, 10.0.2.15, 0010
[  197.852142]        OUTBOUND: 6, 40906, 3333, 10.0.2.15, 192.168.56.101, 0010
[  197.854824]         INBOUND: 6, 3333, 40906, 192.168.56.101, 10.0.2.15, 0010
[  197.854882]        OUTBOUND: 6, 40906, 3333, 10.0.2.15, 192.168.56.101, 0010
[  197.855212]         INBOUND: 6, 3333, 40906, 192.168.56.101, 10.0.2.15, 0010
[  197.855278]        OUTBOUND: 6, 40906, 3333, 10.0.2.15, 192.168.56.101, 0010
[  197.856075]         INBOUND: 6, 3333, 40906, 192.168.56.101, 10.0.2.15, 0010
[  197.856171]        OUTBOUND: 6, 40906, 3333, 10.0.2.15, 192.168.56.101, 0010
[  197.856268]         INBOUND: 6, 3333, 40906, 192.168.56.101, 10.0.2.15, 0010
[  197.856288]        OUTBOUND: 6, 40906, 3333, 10.0.2.15, 192.168.56.101, 0010
[  197.858877]         INBOUND: 6, 3333, 40906, 192.168.56.101, 10.0.2.15, 0010
[  197.858911]         INBOUND: 6, 3333, 40906, 192.168.56.101, 10.0.2.15, 0010
[  197.858975]        OUTBOUND: 6, 40906, 3333, 10.0.2.15, 192.168.56.101, 0010
[  197.858988]        OUTBOUND: 6, 40906, 3333, 10.0.2.15, 192.168.56.101, 0010
[  197.860724]         INBOUND: 6, 3333, 40906, 192.168.56.101, 10.0.2.15, 0010
[  197.860870]        OUTBOUND: 6, 40906, 3333, 10.0.2.15, 192.168.56.101, 0010
[  197.860986]         INBOUND: 6, 3333, 40906, 192.168.56.101, 10.0.2.15, 0010
[  197.861018]        OUTBOUND: 6, 40906, 3333, 10.0.2.15, 192.168.56.101, 0010
[  197.863851]         INBOUND: 6, 3333, 40906, 192.168.56.101, 10.0.2.15, 0010
[  197.863866]         INBOUND: 6, 3333, 40906, 192.168.56.101, 10.0.2.15, 0010
[  197.863991]        OUTBOUND: 6, 40906, 3333, 10.0.2.15, 192.168.56.101, 0010
[  197.864029]        OUTBOUND: 6, 40906, 3333, 10.0.2.15, 192.168.56.101, 0010
[  197.864934]         INBOUND: 6, 3333, 40906, 192.168.56.101, 10.0.2.15, 0010
[  197.864972]         INBOUND: 6, 3333, 40906, 192.168.56.101, 10.0.2.15, 0110
[  197.865071]        OUTBOUND: 6, 40906, 3333, 10.0.2.15, 192.168.56.101, 0110
[  197.865209]         INBOUND: 6, 3333, 40906, 192.168.56.101, 10.0.2.15, 0010
[  197.865903]         INBOUND: 6, 3333, 40910, 192.168.56.101, 10.0.2.15, 0010
[  197.865951]        OUTBOUND: 6, 40910, 3333, 10.0.2.15, 192.168.56.101, 0010
[  197.867717]         INBOUND: 6, 3333, 40910, 192.168.56.101, 10.0.2.15, 0010
[  197.867779]         INBOUND: 6, 3333, 40910, 192.168.56.101, 10.0.2.15, 0010
[  197.867782]        OUTBOUND: 6, 40910, 3333, 10.0.2.15, 192.168.56.101, 0010
[  197.867821]        OUTBOUND: 6, 40910, 3333, 10.0.2.15, 192.168.56.101, 0010
[  197.870379]         INBOUND: 6, 3333, 40910, 192.168.56.101, 10.0.2.15, 0010
[  197.870401]        OUTBOUND: 6, 40910, 3333, 10.0.2.15, 192.168.56.101, 0010
[  197.873246]         INBOUND: 6, 3333, 40910, 192.168.56.101, 10.0.2.15, 0010
[  197.873313]        OUTBOUND: 6, 40910, 3333, 10.0.2.15, 192.168.56.101, 0010
[  197.875749]         INBOUND: 6, 3333, 40910, 192.168.56.101, 10.0.2.15, 0010
[  197.875763]        OUTBOUND: 6, 40910, 3333, 10.0.2.15, 192.168.56.101, 0010
[  197.875914]         INBOUND: 6, 3333, 40910, 192.168.56.101, 10.0.2.15, 0010
[  197.875926]        OUTBOUND: 6, 40910, 3333, 10.0.2.15, 192.168.56.101, 0010
[  197.878338]         INBOUND: 6, 3333, 40910, 192.168.56.101, 10.0.2.15, 0010
[  197.878390]        OUTBOUND: 6, 40910, 3333, 10.0.2.15, 192.168.56.101, 0010
[  197.878500]         INBOUND: 6, 3333, 40910, 192.168.56.101, 10.0.2.15, 0010
[  197.878504]        OUTBOUND: 6, 40910, 3333, 10.0.2.15, 192.168.56.101, 0010
[  197.881301]         INBOUND: 6, 3333, 40910, 192.168.56.101, 10.0.2.15, 0010
[  197.881311]        OUTBOUND: 6, 40910, 3333, 10.0.2.15, 192.168.56.101, 0010
[  197.881323]         INBOUND: 6, 3333, 40910, 192.168.56.101, 10.0.2.15, 0010
[  197.881325]        OUTBOUND: 6, 40910, 3333, 10.0.2.15, 192.168.56.101, 0010
[  197.884407]         INBOUND: 6, 3333, 40910, 192.168.56.101, 10.0.2.15, 0010
[  197.884493]        OUTBOUND: 6, 40910, 3333, 10.0.2.15, 192.168.56.101, 0010
[  197.884506]         INBOUND: 6, 3333, 40910, 192.168.56.101, 10.0.2.15, 0010
[  197.884511]        OUTBOUND: 6, 40910, 3333, 10.0.2.15, 192.168.56.101, 0010
[  197.887172]         INBOUND: 6, 3333, 40910, 192.168.56.101, 10.0.2.15, 0010
[  197.887235]        OUTBOUND: 6, 40910, 3333, 10.0.2.15, 192.168.56.101, 0010
[  197.887349]         INBOUND: 6, 3333, 40910, 192.168.56.101, 10.0.2.15, 0010
[  197.887414]        OUTBOUND: 6, 40910, 3333, 10.0.2.15, 192.168.56.101, 0010
[  197.890144]         INBOUND: 6, 3333, 40910, 192.168.56.101, 10.0.2.15, 0010
[  197.890203]        OUTBOUND: 6, 40910, 3333, 10.0.2.15, 192.168.56.101, 0010
[  197.890295]         INBOUND: 6, 3333, 40910, 192.168.56.101, 10.0.2.15, 0010
[  197.890320]        OUTBOUND: 6, 40910, 3333, 10.0.2.15, 192.168.56.101, 0010
[  197.892936]         INBOUND: 6, 3333, 40910, 192.168.56.101, 10.0.2.15, 0010
[  197.893013]        OUTBOUND: 6, 40910, 3333, 10.0.2.15, 192.168.56.101, 0010
[  197.893067]         INBOUND: 6, 3333, 40910, 192.168.56.101, 10.0.2.15, 0010
[  197.893141]        OUTBOUND: 6, 40910, 3333, 10.0.2.15, 192.168.56.101, 0010
[  197.895960]         INBOUND: 6, 3333, 40910, 192.168.56.101, 10.0.2.15, 0010
[  197.895984]        OUTBOUND: 6, 40910, 3333, 10.0.2.15, 192.168.56.101, 0010
[  197.896109]         INBOUND: 6, 3333, 40910, 192.168.56.101, 10.0.2.15, 0010
[  197.896183]        OUTBOUND: 6, 40910, 3333, 10.0.2.15, 192.168.56.101, 0010
[  197.898203]         INBOUND: 6, 3333, 40910, 192.168.56.101, 10.0.2.15, 0010
[  197.898276]        OUTBOUND: 6, 40910, 3333, 10.0.2.15, 192.168.56.101, 0010
[  197.898302]         INBOUND: 6, 3333, 40910, 192.168.56.101, 10.0.2.15, 0010
[  197.898312]        OUTBOUND: 6, 40910, 3333, 10.0.2.15, 192.168.56.101, 0010
[  197.901813]         INBOUND: 6, 3333, 40910, 192.168.56.101, 10.0.2.15, 0010
[  197.901873]        OUTBOUND: 6, 40910, 3333, 10.0.2.15, 192.168.56.101, 0010
[  197.901911]         INBOUND: 6, 3333, 40910, 192.168.56.101, 10.0.2.15, 0010
[  197.901942]        OUTBOUND: 6, 40910, 3333, 10.0.2.15, 192.168.56.101, 0010
[  197.904539]         INBOUND: 6, 3333, 40910, 192.168.56.101, 10.0.2.15, 0010
[  197.904643]        OUTBOUND: 6, 40910, 3333, 10.0.2.15, 192.168.56.101, 0010
[  197.904844]         INBOUND: 6, 3333, 40910, 192.168.56.101, 10.0.2.15, 0010
[  197.904921]        OUTBOUND: 6, 40910, 3333, 10.0.2.15, 192.168.56.101, 0010
[  197.906613]         INBOUND: 6, 3333, 40910, 192.168.56.101, 10.0.2.15, 0010
[  197.906718]        OUTBOUND: 6, 40910, 3333, 10.0.2.15, 192.168.56.101, 0010
[  197.906841]         INBOUND: 6, 3333, 40910, 192.168.56.101, 10.0.2.15, 0010
[  197.906910]        OUTBOUND: 6, 40910, 3333, 10.0.2.15, 192.168.56.101, 0010
[  197.909820]         INBOUND: 6, 3333, 40910, 192.168.56.101, 10.0.2.15, 0010
[  197.909827]         INBOUND: 6, 3333, 40910, 192.168.56.101, 10.0.2.15, 0010
[  197.909921]        OUTBOUND: 6, 40910, 3333, 10.0.2.15, 192.168.56.101, 0010
[  197.909934]        OUTBOUND: 6, 40910, 3333, 10.0.2.15, 192.168.56.101, 0010
[  197.911507]         INBOUND: 6, 3333, 40910, 192.168.56.101, 10.0.2.15, 0010
[  197.911608]        OUTBOUND: 6, 40910, 3333, 10.0.2.15, 192.168.56.101, 0010
[  197.911668]         INBOUND: 6, 3333, 40910, 192.168.56.101, 10.0.2.15, 0010
[  197.911710]        OUTBOUND: 6, 40910, 3333, 10.0.2.15, 192.168.56.101, 0010
[  197.915609]         INBOUND: 6, 3333, 40910, 192.168.56.101, 10.0.2.15, 0010
[  197.915732]        OUTBOUND: 6, 40910, 3333, 10.0.2.15, 192.168.56.101, 0010
[  197.915815]         INBOUND: 6, 3333, 40910, 192.168.56.101, 10.0.2.15, 0010
[  197.915931]        OUTBOUND: 6, 40910, 3333, 10.0.2.15, 192.168.56.101, 0010
[  197.918547]         INBOUND: 6, 3333, 40910, 192.168.56.101, 10.0.2.15, 0010
[  197.918618]        OUTBOUND: 6, 40910, 3333, 10.0.2.15, 192.168.56.101, 0010
[  197.918703]         INBOUND: 6, 3333, 40910, 192.168.56.101, 10.0.2.15, 0010
[  197.918773]        OUTBOUND: 6, 40910, 3333, 10.0.2.15, 192.168.56.101, 0010
[  197.921469]         INBOUND: 6, 3333, 40910, 192.168.56.101, 10.0.2.15, 0010
[  197.921595]        OUTBOUND: 6, 40910, 3333, 10.0.2.15, 192.168.56.101, 0010
[  197.921598]         INBOUND: 6, 3333, 40910, 192.168.56.101, 10.0.2.15, 0010
[  197.921612]        OUTBOUND: 6, 40910, 3333, 10.0.2.15, 192.168.56.101, 0010
[  197.924325]         INBOUND: 6, 3333, 40910, 192.168.56.101, 10.0.2.15, 0010
[  197.924371]        OUTBOUND: 6, 40910, 3333, 10.0.2.15, 192.168.56.101, 0010
[  197.924392]         INBOUND: 6, 3333, 40910, 192.168.56.101, 10.0.2.15, 0010
[  197.924411]        OUTBOUND: 6, 40910, 3333, 10.0.2.15, 192.168.56.101, 0010
[  197.927360]         INBOUND: 6, 3333, 40910, 192.168.56.101, 10.0.2.15, 0010
[  197.927418]        OUTBOUND: 6, 40910, 3333, 10.0.2.15, 192.168.56.101, 0010
[  197.927541]         INBOUND: 6, 3333, 40910, 192.168.56.101, 10.0.2.15, 0010
[  197.927603]        OUTBOUND: 6, 40910, 3333, 10.0.2.15, 192.168.56.101, 0010
[  197.930244]         INBOUND: 6, 3333, 40910, 192.168.56.101, 10.0.2.15, 0010
[  197.930281]        OUTBOUND: 6, 40910, 3333, 10.0.2.15, 192.168.56.101, 0010
[  197.930307]         INBOUND: 6, 3333, 40910, 192.168.56.101, 10.0.2.15, 0010
[  197.930314]        OUTBOUND: 6, 40910, 3333, 10.0.2.15, 192.168.56.101, 0010
[  197.933206]         INBOUND: 6, 3333, 40910, 192.168.56.101, 10.0.2.15, 0010
[  197.933267]        OUTBOUND: 6, 40910, 3333, 10.0.2.15, 192.168.56.101, 0010
[  197.936071]         INBOUND: 6, 3333, 40910, 192.168.56.101, 10.0.2.15, 0010
[  197.936105]        OUTBOUND: 6, 40910, 3333, 10.0.2.15, 192.168.56.101, 0010
[  197.938143]         INBOUND: 6, 3333, 40910, 192.168.56.101, 10.0.2.15, 0010
[  197.938199]        OUTBOUND: 6, 40910, 3333, 10.0.2.15, 192.168.56.101, 0010
[  197.938212]         INBOUND: 6, 3333, 40910, 192.168.56.101, 10.0.2.15, 0010
[  197.938244]        OUTBOUND: 6, 40910, 3333, 10.0.2.15, 192.168.56.101, 0010
[  197.941058]         INBOUND: 6, 3333, 40910, 192.168.56.101, 10.0.2.15, 0010
[  197.941162]        OUTBOUND: 6, 40910, 3333, 10.0.2.15, 192.168.56.101, 0010
[  197.941234]         INBOUND: 6, 3333, 40910, 192.168.56.101, 10.0.2.15, 0010
[  197.941275]        OUTBOUND: 6, 40910, 3333, 10.0.2.15, 192.168.56.101, 0010
[  197.944009]         INBOUND: 6, 3333, 40910, 192.168.56.101, 10.0.2.15, 0010
[  197.944147]        OUTBOUND: 6, 40910, 3333, 10.0.2.15, 192.168.56.101, 0010
[  197.944290]         INBOUND: 6, 3333, 40910, 192.168.56.101, 10.0.2.15, 0010
[  197.944356]        OUTBOUND: 6, 40910, 3333, 10.0.2.15, 192.168.56.101, 0010
[  197.946893]         INBOUND: 6, 3333, 40910, 192.168.56.101, 10.0.2.15, 0010
[  197.947055]        OUTBOUND: 6, 40910, 3333, 10.0.2.15, 192.168.56.101, 0010
[  197.947092]         INBOUND: 6, 3333, 40910, 192.168.56.101, 10.0.2.15, 0010
[  197.947144]        OUTBOUND: 6, 40910, 3333, 10.0.2.15, 192.168.56.101, 0010
[  197.950850]         INBOUND: 6, 3333, 40910, 192.168.56.101, 10.0.2.15, 0010
[  197.950875]        OUTBOUND: 6, 40910, 3333, 10.0.2.15, 192.168.56.101, 0010
[  197.951022]         INBOUND: 6, 3333, 40910, 192.168.56.101, 10.0.2.15, 0010
[  197.951117]        OUTBOUND: 6, 40910, 3333, 10.0.2.15, 192.168.56.101, 0010
[  197.953707]         INBOUND: 6, 3333, 40910, 192.168.56.101, 10.0.2.15, 0010
[  197.953772]        OUTBOUND: 6, 40910, 3333, 10.0.2.15, 192.168.56.101, 0010
[  197.953825]         INBOUND: 6, 3333, 40910, 192.168.56.101, 10.0.2.15, 0010
[  197.953883]        OUTBOUND: 6, 40910, 3333, 10.0.2.15, 192.168.56.101, 0010
[  197.956711]         INBOUND: 6, 3333, 40910, 192.168.56.101, 10.0.2.15, 0010
[  197.956721]         INBOUND: 6, 3333, 40910, 192.168.56.101, 10.0.2.15, 0010
[  197.956742]        OUTBOUND: 6, 40910, 3333, 10.0.2.15, 192.168.56.101, 0010
[  197.956756]        OUTBOUND: 6, 40910, 3333, 10.0.2.15, 192.168.56.101, 0010
[  197.959680]         INBOUND: 6, 3333, 40910, 192.168.56.101, 10.0.2.15, 0010
[  197.959834]        OUTBOUND: 6, 40910, 3333, 10.0.2.15, 192.168.56.101, 0010
[  197.960020]         INBOUND: 6, 3333, 40910, 192.168.56.101, 10.0.2.15, 0010
[  197.960121]        OUTBOUND: 6, 40910, 3333, 10.0.2.15, 192.168.56.101, 0010
[  197.962691]         INBOUND: 6, 3333, 40910, 192.168.56.101, 10.0.2.15, 0010
[  197.962701]         INBOUND: 6, 3333, 40910, 192.168.56.101, 10.0.2.15, 0010
[  197.962774]        OUTBOUND: 6, 40910, 3333, 10.0.2.15, 192.168.56.101, 0010
[  197.962818]        OUTBOUND: 6, 40910, 3333, 10.0.2.15, 192.168.56.101, 0010
[  197.966481]         INBOUND: 6, 3333, 40910, 192.168.56.101, 10.0.2.15, 0010
[  197.966555]         INBOUND: 6, 3333, 40910, 192.168.56.101, 10.0.2.15, 0010
[  197.966587]        OUTBOUND: 6, 40910, 3333, 10.0.2.15, 192.168.56.101, 0010
[  197.966601]        OUTBOUND: 6, 40910, 3333, 10.0.2.15, 192.168.56.101, 0010
[  197.970422]         INBOUND: 6, 3333, 40910, 192.168.56.101, 10.0.2.15, 0010
[  197.970495]         INBOUND: 6, 3333, 40910, 192.168.56.101, 10.0.2.15, 0010
[  197.970510]        OUTBOUND: 6, 40910, 3333, 10.0.2.15, 192.168.56.101, 0010
[  197.970525]        OUTBOUND: 6, 40910, 3333, 10.0.2.15, 192.168.56.101, 0010
[  197.973310]         INBOUND: 6, 3333, 40910, 192.168.56.101, 10.0.2.15, 0010
[  197.973373]        OUTBOUND: 6, 40910, 3333, 10.0.2.15, 192.168.56.101, 0010
[  197.973538]         INBOUND: 6, 3333, 40910, 192.168.56.101, 10.0.2.15, 0010
[  197.973675]        OUTBOUND: 6, 40910, 3333, 10.0.2.15, 192.168.56.101, 0010
[  197.976392]         INBOUND: 6, 3333, 40910, 192.168.56.101, 10.0.2.15, 0010
[  197.976530]         INBOUND: 6, 3333, 40910, 192.168.56.101, 10.0.2.15, 0010
[  197.976533]        OUTBOUND: 6, 40910, 3333, 10.0.2.15, 192.168.56.101, 0010
[  197.976567]        OUTBOUND: 6, 40910, 3333, 10.0.2.15, 192.168.56.101, 0010
[  197.980156]         INBOUND: 6, 3333, 40910, 192.168.56.101, 10.0.2.15, 0010
[  197.980206]         INBOUND: 6, 3333, 40910, 192.168.56.101, 10.0.2.15, 0010
[  197.980253]        OUTBOUND: 6, 40910, 3333, 10.0.2.15, 192.168.56.101, 0010
[  197.980281]        OUTBOUND: 6, 40910, 3333, 10.0.2.15, 192.168.56.101, 0010
[  197.982084]         INBOUND: 6, 3333, 40910, 192.168.56.101, 10.0.2.15, 0010
[  197.982123]        OUTBOUND: 6, 40910, 3333, 10.0.2.15, 192.168.56.101, 0010
[  197.982277]         INBOUND: 6, 3333, 40910, 192.168.56.101, 10.0.2.15, 0010
[  197.982322]        OUTBOUND: 6, 40910, 3333, 10.0.2.15, 192.168.56.101, 0010
[  197.985044]         INBOUND: 6, 3333, 40910, 192.168.56.101, 10.0.2.15, 0010
[  197.985117]        OUTBOUND: 6, 40910, 3333, 10.0.2.15, 192.168.56.101, 0010
[  197.985202]         INBOUND: 6, 3333, 40910, 192.168.56.101, 10.0.2.15, 0010
