[    0.000000] Initializing cgroup subsys cpuset
[    0.000000] Initializing cgroup subsys cpu
[    0.000000] Initializing cgroup subsys cpuacct
[    0.000000] Linux version 4.4.0 (sysprog2020user@sysprog2020) (gcc version 5.4.0 20160609 (Ubuntu 5.4.0-6ubuntu1~16.04.12) ) #10 SMP Thu Dec 17 14:41:02 KST 2020
[    0.000000] Command line: BOOT_IMAGE=/boot/vmlinuz-4.4.0 root=UUID=50f7fe7a-aa2e-467b-a381-d1b2d3456cc5 ro quiet splash
[    0.000000] KERNEL supported cpus:
[    0.000000]   Intel GenuineIntel
[    0.000000]   AMD AuthenticAMD
[    0.000000]   Centaur CentaurHauls
[    0.000000] x86/fpu: xstate_offset[2]:  576, xstate_sizes[2]:  256
[    0.000000] x86/fpu: Supporting XSAVE feature 0x01: 'x87 floating point registers'
[    0.000000] x86/fpu: Supporting XSAVE feature 0x02: 'SSE registers'
[    0.000000] x86/fpu: Supporting XSAVE feature 0x04: 'AVX registers'
[    0.000000] x86/fpu: Enabled xstate features 0x7, context size is 832 bytes, using 'standard' format.
[    0.000000] x86/fpu: Using 'lazy' FPU context switches.
[    0.000000] e820: BIOS-provided physical RAM map:
[    0.000000] BIOS-e820: [mem 0x0000000000000000-0x000000000009fbff] usable
[    0.000000] BIOS-e820: [mem 0x000000000009fc00-0x000000000009ffff] reserved
[    0.000000] BIOS-e820: [mem 0x00000000000f0000-0x00000000000fffff] reserved
[    0.000000] BIOS-e820: [mem 0x0000000000100000-0x00000000dffeffff] usable
[    0.000000] BIOS-e820: [mem 0x00000000dfff0000-0x00000000dfffffff] ACPI data
[    0.000000] BIOS-e820: [mem 0x00000000fec00000-0x00000000fec00fff] reserved
[    0.000000] BIOS-e820: [mem 0x00000000fee00000-0x00000000fee00fff] reserved
[    0.000000] BIOS-e820: [mem 0x00000000fffc0000-0x00000000ffffffff] reserved
[    0.000000] BIOS-e820: [mem 0x0000000100000000-0x000000011fffffff] usable
[    0.000000] NX (Execute Disable) protection: active
[    0.000000] SMBIOS 2.5 present.
[    0.000000] DMI: innotek GmbH VirtualBox/VirtualBox, BIOS VirtualBox 12/01/2006
[    0.000000] Hypervisor detected: KVM
[    0.000000] e820: update [mem 0x00000000-0x00000fff] usable ==> reserved
[    0.000000] e820: remove [mem 0x000a0000-0x000fffff] usable
[    0.000000] e820: last_pfn = 0x120000 max_arch_pfn = 0x400000000
[    0.000000] MTRR default type: uncachable
[    0.000000] MTRR variable ranges disabled:
[    0.000000] x86/PAT: Configuration [0-7]: WB  WC  UC- UC  WB  WC  UC- WT  
[    0.000000] MTRR: Disabled
[    0.000000] CPU MTRRs all blank - virtualized system.
[    0.000000] e820: last_pfn = 0xdfff0 max_arch_pfn = 0x400000000
[    0.000000] found SMP MP-table at [mem 0x0009fff0-0x0009ffff] mapped at [ffff88000009fff0]
[    0.000000] Scanning 1 areas for low memory corruption
[    0.000000] Base memory trampoline at [ffff880000099000] 99000 size 24576
[    0.000000] BRK [0x024b1000, 0x024b1fff] PGTABLE
[    0.000000] BRK [0x024b2000, 0x024b2fff] PGTABLE
[    0.000000] BRK [0x024b3000, 0x024b3fff] PGTABLE
[    0.000000] BRK [0x024b4000, 0x024b4fff] PGTABLE
[    0.000000] RAMDISK: [mem 0x15236000-0x26912fff]
[    0.000000] ACPI: Early table checksum verification disabled
[    0.000000] ACPI: RSDP 0x00000000000E0000 000024 (v02 VBOX  )
[    0.000000] ACPI: XSDT 0x00000000DFFF0030 00003C (v01 VBOX   VBOXXSDT 00000001 ASL  00000061)
[    0.000000] ACPI: FACP 0x00000000DFFF00F0 0000F4 (v04 VBOX   VBOXFACP 00000001 ASL  00000061)
[    0.000000] ACPI: DSDT 0x00000000DFFF0490 002325 (v02 VBOX   VBOXBIOS 00000002 INTL 20100528)
[    0.000000] ACPI: FACS 0x00000000DFFF0200 000040
[    0.000000] ACPI: FACS 0x00000000DFFF0200 000040
[    0.000000] ACPI: APIC 0x00000000DFFF0240 00007C (v02 VBOX   VBOXAPIC 00000001 ASL  00000061)
[    0.000000] ACPI: SSDT 0x00000000DFFF02C0 0001CC (v01 VBOX   VBOXCPUT 00000002 INTL 20100528)
[    0.000000] ACPI: Local APIC address 0xfee00000
[    0.000000] No NUMA configuration found
[    0.000000] Faking a node at [mem 0x0000000000000000-0x000000011fffffff]
[    0.000000] NODE_DATA(0) allocated [mem 0x11ffda000-0x11fffbfff]
[    0.000000] kvm-clock: Using msrs 4b564d01 and 4b564d00
[    0.000000] kvm-clock: cpu 0, msr 1:1ff5a001, primary cpu clock
[    0.000000] kvm-clock: using sched offset of 6488351466 cycles
[    0.000000] clocksource: kvm-clock: mask: 0xffffffffffffffff max_cycles: 0x1cd42e4dffb, max_idle_ns: 881590591483 ns
[    0.000000] Zone ranges:
[    0.000000]   DMA      [mem 0x0000000000001000-0x0000000000ffffff]
[    0.000000]   DMA32    [mem 0x0000000001000000-0x00000000ffffffff]
[    0.000000]   Normal   [mem 0x0000000100000000-0x000000011fffffff]
[    0.000000] Movable zone start for each node
[    0.000000] Early memory node ranges
[    0.000000]   node   0: [mem 0x0000000000001000-0x000000000009efff]
[    0.000000]   node   0: [mem 0x0000000000100000-0x00000000dffeffff]
[    0.000000]   node   0: [mem 0x0000000100000000-0x000000011fffffff]
[    0.000000] Initmem setup node 0 [mem 0x0000000000001000-0x000000011fffffff]
[    0.000000] On node 0 totalpages: 1048462
[    0.000000]   DMA zone: 64 pages used for memmap
[    0.000000]   DMA zone: 21 pages reserved
[    0.000000]   DMA zone: 3998 pages, LIFO batch:0
[    0.000000]   DMA32 zone: 14272 pages used for memmap
[    0.000000]   DMA32 zone: 913392 pages, LIFO batch:31
[    0.000000]   Normal zone: 2048 pages used for memmap
[    0.000000]   Normal zone: 131072 pages, LIFO batch:31
[    0.000000] ACPI: PM-Timer IO Port: 0x4008
[    0.000000] ACPI: Local APIC address 0xfee00000
[    0.000000] IOAPIC[0]: apic_id 6, version 32, address 0xfec00000, GSI 0-23
[    0.000000] ACPI: INT_SRC_OVR (bus 0 bus_irq 0 global_irq 2 dfl dfl)
[    0.000000] ACPI: INT_SRC_OVR (bus 0 bus_irq 9 global_irq 9 low level)
[    0.000000] ACPI: IRQ0 used by override.
[    0.000000] ACPI: IRQ9 used by override.
[    0.000000] Using ACPI (MADT) for SMP configuration information
[    0.000000] smpboot: Allowing 6 CPUs, 0 hotplug CPUs
[    0.000000] PM: Registered nosave memory: [mem 0x00000000-0x00000fff]
[    0.000000] PM: Registered nosave memory: [mem 0x0009f000-0x0009ffff]
[    0.000000] PM: Registered nosave memory: [mem 0x000a0000-0x000effff]
[    0.000000] PM: Registered nosave memory: [mem 0x000f0000-0x000fffff]
[    0.000000] PM: Registered nosave memory: [mem 0xdfff0000-0xdfffffff]
[    0.000000] PM: Registered nosave memory: [mem 0xe0000000-0xfebfffff]
[    0.000000] PM: Registered nosave memory: [mem 0xfec00000-0xfec00fff]
[    0.000000] PM: Registered nosave memory: [mem 0xfec01000-0xfedfffff]
[    0.000000] PM: Registered nosave memory: [mem 0xfee00000-0xfee00fff]
[    0.000000] PM: Registered nosave memory: [mem 0xfee01000-0xfffbffff]
[    0.000000] PM: Registered nosave memory: [mem 0xfffc0000-0xffffffff]
[    0.000000] e820: [mem 0xe0000000-0xfebfffff] available for PCI devices
[    0.000000] Booting paravirtualized kernel on KVM
[    0.000000] clocksource: refined-jiffies: mask: 0xffffffff max_cycles: 0xffffffff, max_idle_ns: 7645519600211568 ns
[    0.000000] setup_percpu: NR_CPUS:8192 nr_cpumask_bits:6 nr_cpu_ids:6 nr_node_ids:1
[    0.000000] PERCPU: Embedded 33 pages/cpu @ffff88011fc00000 s96792 r8192 d30184 u262144
[    0.000000] pcpu-alloc: s96792 r8192 d30184 u262144 alloc=1*2097152
[    0.000000] pcpu-alloc: [0] 0 1 2 3 4 5 - - 
[    0.000000] PV qspinlock hash table entries: 256 (order: 0, 4096 bytes)
[    0.000000] Built 1 zonelists in Node order, mobility grouping on.  Total pages: 1032057
[    0.000000] Policy zone: Normal
[    0.000000] Kernel command line: BOOT_IMAGE=/boot/vmlinuz-4.4.0 root=UUID=50f7fe7a-aa2e-467b-a381-d1b2d3456cc5 ro quiet splash
[    0.000000] PID hash table entries: 4096 (order: 3, 32768 bytes)
[    0.000000] Calgary: detecting Calgary via BIOS EBDA area
[    0.000000] Calgary: Unable to locate Rio Grande table in EBDA - bailing!
[    0.000000] Memory: 3753700K/4193848K available (8371K kernel code, 1476K rwdata, 3856K rodata, 1844K init, 3492K bss, 440148K reserved, 0K cma-reserved)
[    0.000000] SLUB: HWalign=64, Order=0-3, MinObjects=0, CPUs=6, Nodes=1
[    0.000000] Hierarchical RCU implementation.
[    0.000000] 	Build-time adjustment of leaf fanout to 64.
[    0.000000] 	RCU restricting CPUs from NR_CPUS=8192 to nr_cpu_ids=6.
[    0.000000] RCU: Adjusting geometry for rcu_fanout_leaf=64, nr_cpu_ids=6
[    0.000000] NR_IRQS:524544 nr_irqs:472 16
[    0.000000] Console: colour VGA+ 80x25
[    0.000000] console [tty0] enabled
[    0.000000] tsc: Detected 1608.001 MHz processor
[    0.057479] Calibrating delay loop (skipped) preset value.. 3216.00 BogoMIPS (lpj=6432004)
[    0.057482] pid_max: default: 32768 minimum: 301
[    0.057486] ACPI: Core revision 20150930
[    0.058770] ACPI: 2 ACPI AML tables successfully acquired and loaded
[    0.058783] Security Framework initialized
[    0.058784] Yama: becoming mindful.
[    0.058789] AppArmor: AppArmor initialized
[    0.059146] Dentry cache hash table entries: 524288 (order: 10, 4194304 bytes)
[    0.060169] Inode-cache hash table entries: 262144 (order: 9, 2097152 bytes)
[    0.060449] Mount-cache hash table entries: 8192 (order: 4, 65536 bytes)
[    0.060453] Mountpoint-cache hash table entries: 8192 (order: 4, 65536 bytes)
[    0.060573] Initializing cgroup subsys io
[    0.060575] Initializing cgroup subsys memory
[    0.060579] Initializing cgroup subsys devices
[    0.060580] Initializing cgroup subsys freezer
[    0.060581] Initializing cgroup subsys net_cls
[    0.060583] Initializing cgroup subsys perf_event
[    0.060584] Initializing cgroup subsys net_prio
[    0.060585] Initializing cgroup subsys hugetlb
[    0.060587] Initializing cgroup subsys pids
[    0.060694] CPU: Physical Processor ID: 0
[    0.060695] CPU: Processor Core ID: 0
[    0.061822] mce: CPU supports 0 MCE banks
[    0.061845] Last level iTLB entries: 4KB 64, 2MB 8, 4MB 8
[    0.061846] Last level dTLB entries: 4KB 64, 2MB 0, 4MB 0, 1GB 4
[    0.063818] Freeing SMP alternatives memory: 28K (ffffffff8213f000 - ffffffff82146000)
[    0.072596] ftrace: allocating 31768 entries in 125 pages
[    0.113571] x2apic enabled
[    0.113849] Switched APIC routing to physical x2apic.
[    0.114838] ..TIMER: vector=0x30 apic1=0 pin1=2 apic2=-1 pin2=-1
[    0.222732] smpboot: CPU0: Intel(R) Core(TM) i7-10710U CPU @ 1.10GHz (family: 0x6, model: 0xa6, stepping: 0x0)
[    0.222762] Performance Events: unsupported p6 CPU model 166 no PMU driver, software events only.
[    0.222772] KVM setup paravirtual spinlock
[    0.223469] x86: Booting SMP configuration:
[    0.223470] .... node  #0, CPUs:      #1
[    0.223643] kvm-clock: cpu 1, msr 1:1ff5a041, secondary cpu clock
[    0.224785] mce: CPU supports 0 MCE banks
[    0.226879]  #2
[    0.227039] kvm-clock: cpu 2, msr 1:1ff5a081, secondary cpu clock
[    0.228203] mce: CPU supports 0 MCE banks
[    0.230454]  #3
[    0.230454] kvm-clock: cpu 3, msr 1:1ff5a0c1, secondary cpu clock
[    0.231631] mce: CPU supports 0 MCE banks
[    0.233923]  #4
[    0.233923] kvm-clock: cpu 4, msr 1:1ff5a101, secondary cpu clock
[    0.235264] mce: CPU supports 0 MCE banks
[    0.237514]  #5
[    0.237514] kvm-clock: cpu 5, msr 1:1ff5a141, secondary cpu clock
[    0.238627] mce: CPU supports 0 MCE banks
[    0.240664] x86: Booted up 1 node, 6 CPUs
[    0.240667] smpboot: Total of 6 processors activated (19296.01 BogoMIPS)
[    0.241127] devtmpfs: initialized
[    0.242842] evm: security.selinux
[    0.242843] evm: security.SMACK64
[    0.242844] evm: security.SMACK64EXEC
[    0.242845] evm: security.SMACK64TRANSMUTE
[    0.242846] evm: security.SMACK64MMAP
[    0.242846] evm: security.ima
[    0.242847] evm: security.capability
[    0.243086] clocksource: jiffies: mask: 0xffffffff max_cycles: 0xffffffff, max_idle_ns: 7645041785100000 ns
[    0.243233] pinctrl core: initialized pinctrl subsystem
[    0.243314] RTC time: 14:32:22, date: 12/17/20
[    0.243387] NET: Registered protocol family 16
[    0.255784] cpuidle: using governor ladder
[    0.267762] cpuidle: using governor menu
[    0.267769] PCCT header not found.
[    0.267844] ACPI: bus type PCI registered
[    0.267845] acpiphp: ACPI Hot Plug PCI Controller Driver version: 0.5
[    0.267934] PCI: Using configuration type 1 for base access
[    0.280858] ACPI: Added _OSI(Module Device)
[    0.280860] ACPI: Added _OSI(Processor Device)
[    0.280861] ACPI: Added _OSI(3.0 _SCP Extensions)
[    0.280862] ACPI: Added _OSI(Processor Aggregator Device)
[    0.281552] ACPI: Executed 1 blocks of module-level executable AML code
[    0.283978] ACPI: Interpreter enabled
[    0.283982] ACPI Exception: AE_NOT_FOUND, While evaluating Sleep State [\_S1_] (20150930/hwxface-580)
[    0.283985] ACPI Exception: AE_NOT_FOUND, While evaluating Sleep State [\_S2_] (20150930/hwxface-580)
[    0.283987] ACPI Exception: AE_NOT_FOUND, While evaluating Sleep State [\_S3_] (20150930/hwxface-580)
[    0.283989] ACPI Exception: AE_NOT_FOUND, While evaluating Sleep State [\_S4_] (20150930/hwxface-580)
[    0.283993] ACPI: (supports S0 S5)
[    0.283994] ACPI: Using IOAPIC for interrupt routing
[    0.284161] PCI: Using host bridge windows from ACPI; if necessary, use "pci=nocrs" and report a bug
[    0.288087] ACPI: PCI Root Bridge [PCI0] (domain 0000 [bus 00-ff])
[    0.288091] acpi PNP0A03:00: _OSC: OS supports [ASPM ClockPM Segments MSI]
[    0.288434] acpi PNP0A03:00: _OSC: not requesting OS control; OS requires [ExtendedConfig ASPM ClockPM MSI]
[    0.288441] acpi PNP0A03:00: fail to add MMCONFIG information, can't access extended PCI configuration space under this bridge.
[    0.288748] PCI host bridge to bus 0000:00
[    0.288750] pci_bus 0000:00: root bus resource [io  0x0000-0x0cf7 window]
[    0.288752] pci_bus 0000:00: root bus resource [io  0x0d00-0xffff window]
[    0.288753] pci_bus 0000:00: root bus resource [mem 0x000a0000-0x000bffff window]
[    0.288754] pci_bus 0000:00: root bus resource [mem 0xe0000000-0xfdffffff window]
[    0.288756] pci_bus 0000:00: root bus resource [bus 00-ff]
[    0.288790] pci 0000:00:00.0: [8086:1237] type 00 class 0x060000
[    0.289263] pci 0000:00:01.0: [8086:7000] type 00 class 0x060100
[    0.289861] pci 0000:00:01.1: [8086:7111] type 00 class 0x01018a
[    0.290130] pci 0000:00:01.1: reg 0x20: [io  0xd000-0xd00f]
[    0.290252] pci 0000:00:01.1: legacy IDE quirk: reg 0x10: [io  0x01f0-0x01f7]
[    0.290253] pci 0000:00:01.1: legacy IDE quirk: reg 0x14: [io  0x03f6]
[    0.290255] pci 0000:00:01.1: legacy IDE quirk: reg 0x18: [io  0x0170-0x0177]
[    0.290256] pci 0000:00:01.1: legacy IDE quirk: reg 0x1c: [io  0x0376]
[    0.290453] pci 0000:00:02.0: [15ad:0405] type 00 class 0x030000
[    0.292393] pci 0000:00:02.0: reg 0x10: [io  0xd010-0xd01f]
[    0.294098] pci 0000:00:02.0: reg 0x14: [mem 0xe0000000-0xe0ffffff pref]
[    0.295738] pci 0000:00:02.0: reg 0x18: [mem 0xf0000000-0xf01fffff]
[    0.303643] pci 0000:00:03.0: [8086:100e] type 00 class 0x020000
[    0.305199] pci 0000:00:03.0: reg 0x10: [mem 0xf0200000-0xf021ffff]
[    0.307948] pci 0000:00:03.0: reg 0x18: [io  0xd020-0xd027]
[    0.313973] pci 0000:00:04.0: [80ee:cafe] type 00 class 0x088000
[    0.315233] pci 0000:00:04.0: reg 0x10: [io  0xd040-0xd05f]
[    0.316402] pci 0000:00:04.0: reg 0x14: [mem 0xf0400000-0xf07fffff]
[    0.319014] pci 0000:00:04.0: reg 0x18: [mem 0xf0800000-0xf0803fff pref]
[    0.325013] pci 0000:00:05.0: [8086:2415] type 00 class 0x040100
[    0.325102] pci 0000:00:05.0: reg 0x10: [io  0xd100-0xd1ff]
[    0.325153] pci 0000:00:05.0: reg 0x14: [io  0xd200-0xd23f]
[    0.325597] pci 0000:00:06.0: [106b:003f] type 00 class 0x0c0310
[    0.326875] pci 0000:00:06.0: reg 0x10: [mem 0xf0804000-0xf0804fff]
[    0.336239] pci 0000:00:07.0: [8086:7113] type 00 class 0x068000
[    0.336547] pci 0000:00:07.0: quirk: [io  0x4000-0x403f] claimed by PIIX4 ACPI
[    0.336558] pci 0000:00:07.0: quirk: [io  0x4100-0x410f] claimed by PIIX4 SMB
[    0.336814] pci 0000:00:0d.0: [8086:2829] type 00 class 0x010601
[    0.338464] pci 0000:00:0d.0: reg 0x10: [io  0xd240-0xd247]
[    0.339995] pci 0000:00:0d.0: reg 0x14: [io  0xd248-0xd24b]
[    0.341433] pci 0000:00:0d.0: reg 0x18: [io  0xd250-0xd257]
[    0.342765] pci 0000:00:0d.0: reg 0x1c: [io  0xd258-0xd25b]
[    0.344054] pci 0000:00:0d.0: reg 0x20: [io  0xd260-0xd26f]
[    0.345240] pci 0000:00:0d.0: reg 0x24: [mem 0xf0806000-0xf0807fff]
[    0.347806] ACPI: PCI Interrupt Link [LNKA] (IRQs 5 9 10 *11)
[    0.348036] ACPI: PCI Interrupt Link [LNKB] (IRQs 5 9 *10 11)
[    0.348124] ACPI: PCI Interrupt Link [LNKC] (IRQs 5 *9 10 11)
[    0.348205] ACPI: PCI Interrupt Link [LNKD] (IRQs 5 9 10 *11)
[    0.348313] ACPI: Enabled 2 GPEs in block 00 to 07
[    0.348593] vgaarb: setting as boot device: PCI:0000:00:02.0
[    0.348595] vgaarb: device added: PCI:0000:00:02.0,decodes=io+mem,owns=io+mem,locks=none
[    0.348597] vgaarb: loaded
[    0.348598] vgaarb: bridge control possible 0000:00:02.0
[    0.348779] SCSI subsystem initialized
[    0.348941] libata version 3.00 loaded.
[    0.348994] ACPI: bus type USB registered
[    0.349028] usbcore: registered new interface driver usbfs
[    0.349033] usbcore: registered new interface driver hub
[    0.349054] usbcore: registered new device driver usb
[    0.349452] PCI: Using ACPI for IRQ routing
[    0.349454] PCI: pci_cache_line_size set to 64 bytes
[    0.349613] e820: reserve RAM buffer [mem 0x0009fc00-0x0009ffff]
[    0.349617] e820: reserve RAM buffer [mem 0xdfff0000-0xdfffffff]
[    0.349715] NetLabel: Initializing
[    0.349716] NetLabel:  domain hash size = 128
[    0.349717] NetLabel:  protocols = UNLABELED CIPSOv4
[    0.349725] NetLabel:  unlabeled traffic allowed by default
[    0.349963] clocksource: Switched to clocksource kvm-clock
[    0.355426] AppArmor: AppArmor Filesystem Enabled
[    0.355470] pnp: PnP ACPI init
[    0.355523] pnp 00:00: Plug and Play ACPI device, IDs PNP0303 (active)
[    0.355578] pnp 00:01: Plug and Play ACPI device, IDs PNP0f03 (active)
[    0.356160] pnp: PnP ACPI: found 2 devices
[    0.365874] clocksource: acpi_pm: mask: 0xffffff max_cycles: 0xffffff, max_idle_ns: 2085701024 ns
[    0.365883] pci_bus 0000:00: resource 4 [io  0x0000-0x0cf7 window]
[    0.365885] pci_bus 0000:00: resource 5 [io  0x0d00-0xffff window]
[    0.365886] pci_bus 0000:00: resource 6 [mem 0x000a0000-0x000bffff window]
[    0.365887] pci_bus 0000:00: resource 7 [mem 0xe0000000-0xfdffffff window]
[    0.365909] NET: Registered protocol family 2
[    0.366071] TCP established hash table entries: 32768 (order: 6, 262144 bytes)
[    0.366124] TCP bind hash table entries: 32768 (order: 7, 524288 bytes)
[    0.366163] TCP: Hash tables configured (established 32768 bind 32768)
[    0.366176] UDP hash table entries: 2048 (order: 4, 65536 bytes)
[    0.366185] UDP-Lite hash table entries: 2048 (order: 4, 65536 bytes)
[    0.366214] NET: Registered protocol family 1
[    0.366222] pci 0000:00:00.0: Limiting direct PCI/PCI transfers
[    0.366244] pci 0000:00:01.0: Activating ISA DMA hang workarounds
[    0.366265] pci 0000:00:02.0: Video device with shadowed ROM
[    0.366520] PCI: CLS 0 bytes, default 64
[    0.366612] Unpacking initramfs...
[    3.733473] Freeing initrd memory: 285556K (ffff880015236000 - ffff880026913000)
[    3.733564] PCI-DMA: Using software bounce buffering for IO (SWIOTLB)
[    3.733567] software IO TLB [mem 0xdbff0000-0xdfff0000] (64MB) mapped at [ffff8800dbff0000-ffff8800dffeffff]
[    3.733784] platform rtc_cmos: registered platform RTC device (no PNP device found)
[    3.733872] Scanning for low memory corruption every 60 seconds
[    3.734818] futex hash table entries: 2048 (order: 5, 131072 bytes)
[    3.734851] audit: initializing netlink subsys (disabled)
[    3.734867] audit: type=2000 audit(1608215557.464:1): initialized
[    3.735014] Initialise system trusted keyring
[    3.735522] HugeTLB registered 2 MB page size, pre-allocated 0 pages
[    3.736573] zbud: loaded
[    3.736958] VFS: Disk quotas dquot_6.6.0
[    3.736981] VFS: Dquot-cache hash table entries: 512 (order 0, 4096 bytes)
[    3.737137] squashfs: version 4.0 (2009/01/31) Phillip Lougher
[    3.737435] fuse init (API version 7.23)
[    3.737540] Key type big_key registered
[    3.740225] Key type asymmetric registered
[    3.740228] Asymmetric key parser 'x509' registered
[    3.740257] Block layer SCSI generic (bsg) driver version 0.4 loaded (major 249)
[    3.740529] io scheduler noop registered
[    3.740531] io scheduler deadline registered
[    3.740680] io scheduler cfq registered (default)
[    3.740741] pci_hotplug: PCI Hot Plug PCI Core version: 0.5
[    3.740745] pciehp: PCI Express Hot Plug Controller Driver version: 0.4
[    3.740764] intel_idle: does not run on family 6 model 166
[    3.740846] ACPI: AC Adapter [AC] (on-line)
[    3.740883] input: Power Button as /devices/LNXSYSTM:00/LNXPWRBN:00/input/input0
[    3.740885] ACPI: Power Button [PWRF]
[    3.740939] input: Sleep Button as /devices/LNXSYSTM:00/LNXSLPBN:00/input/input1
[    3.740941] ACPI: Sleep Button [SLPF]
[    3.741196] GHES: HEST is not enabled!
[    3.741258] Serial: 8250/16550 driver, 32 ports, IRQ sharing enabled
[    3.741822] ACPI: Battery Slot [BAT0] (battery present)
[    3.742000] Linux agpgart interface v0.103
[    3.744152] loop: module loaded
[    3.744223] ata_piix 0000:00:01.1: version 2.13
[    3.744627] scsi host0: ata_piix
[    3.744757] scsi host1: ata_piix
[    3.744782] ata1: PATA max UDMA/33 cmd 0x1f0 ctl 0x3f6 bmdma 0xd000 irq 14
[    3.744783] ata2: PATA max UDMA/33 cmd 0x170 ctl 0x376 bmdma 0xd008 irq 15
[    3.744834] libphy: Fixed MDIO Bus: probed
[    3.744836] tun: Universal TUN/TAP device driver, 1.6
[    3.744837] tun: (C) 1999-2004 Max Krasnyansky <maxk@qualcomm.com>
[    3.744856] PPP generic driver version 2.4.2
[    3.744882] ehci_hcd: USB 2.0 'Enhanced' Host Controller (EHCI) Driver
[    3.744885] ehci-pci: EHCI PCI platform driver
[    3.744892] ehci-platform: EHCI generic platform driver
[    3.744898] ohci_hcd: USB 1.1 'Open' Host Controller (OHCI) Driver
[    3.744901] ohci-pci: OHCI PCI platform driver
[    3.745382] ohci-pci 0000:00:06.0: OHCI PCI host controller
[    3.745387] ohci-pci 0000:00:06.0: new USB bus registered, assigned bus number 1
[    3.745495] ohci-pci 0000:00:06.0: irq 22, io mem 0xf0804000
[    4.075692] usb usb1: New USB device found, idVendor=1d6b, idProduct=0001
[    4.075698] usb usb1: New USB device strings: Mfr=3, Product=2, SerialNumber=1
[    4.075703] usb usb1: Product: OHCI PCI host controller
[    4.075706] usb usb1: Manufacturer: Linux 4.4.0 ohci_hcd
[    4.075709] usb usb1: SerialNumber: 0000:00:06.0
[    4.075939] hub 1-0:1.0: USB hub found
[    4.075971] hub 1-0:1.0: 12 ports detected
[    4.076788] ohci-platform: OHCI generic platform driver
[    4.076815] uhci_hcd: USB Universal Host Controller Interface driver
[    4.076939] i8042: PNP: PS/2 Controller [PNP0303:PS2K,PNP0f03:PS2M] at 0x60,0x64 irq 1,12
[    4.078074] serio: i8042 KBD port at 0x60,0x64 irq 1
[    4.078087] serio: i8042 AUX port at 0x60,0x64 irq 12
[    4.078309] mousedev: PS/2 mouse device common for all mice
[    4.078902] rtc_cmos rtc_cmos: rtc core: registered rtc_cmos as rtc0
[    4.078947] rtc_cmos rtc_cmos: alarms up to one day, 114 bytes nvram
[    4.078953] i2c /dev entries driver
[    4.079018] device-mapper: uevent: version 1.0.3
[    4.079072] device-mapper: ioctl: 4.34.0-ioctl (2015-10-28) initialised: dm-devel@redhat.com
[    4.079084] ledtrig-cpu: registered to indicate activity on CPUs
[    4.079816] NET: Registered protocol family 10
[    4.080115] NET: Registered protocol family 17
[    4.080123] Key type dns_resolver registered
[    4.080296] microcode: CPU0 sig=0xa0660, pf=0x8, revision=0x0
[    4.080303] microcode: CPU1 sig=0xa0660, pf=0x8, revision=0x0
[    4.087477] microcode: CPU2 sig=0xa0660, pf=0x8, revision=0x0
[    4.087543] microcode: CPU3 sig=0xa0660, pf=0x8, revision=0x0
[    4.087585] input: AT Translated Set 2 keyboard as /devices/platform/i8042/serio0/input/input2
[    4.087713] microcode: CPU4 sig=0xa0660, pf=0x8, revision=0x0
[    4.087726] ata2.00: ATAPI: VBOX CD-ROM, 1.0, max UDMA/133
[    4.087852] microcode: CPU5 sig=0xa0660, pf=0x8, revision=0x0
[    4.087955] microcode: Microcode Update Driver: v2.01 <tigran@aivazian.fsnet.co.uk>, Peter Oruba
[    4.088045] registered taskstats version 1
[    4.088056] Loading compiled-in X.509 certificates
[    4.088065] ata2.00: configured for UDMA/33
[    4.088508] Loaded X.509 cert 'Build time autogenerated kernel key: 3e67ad3e11e97d8f6b9a6e63f191183bc29faee9'
[    4.088529] zswap: loaded using pool lzo/zbud
[    4.088701] scsi 1:0:0:0: CD-ROM            VBOX     CD-ROM           1.0  PQ: 0 ANSI: 5
[    4.090708] Key type trusted registered
[    4.094547] sr 1:0:0:0: [sr0] scsi3-mmc drive: 32x/32x xa/form2 tray
[    4.094549] cdrom: Uniform CD-ROM driver Revision: 3.20
[    4.094726] sr 1:0:0:0: Attached scsi CD-ROM sr0
[    4.094802] Key type encrypted registered
[    4.094807] AppArmor: AppArmor sha1 policy hashing enabled
[    4.094810] ima: No TPM chip found, activating TPM-bypass!
[    4.094820] evm: HMAC attrs: 0x1
[    4.094862] sr 1:0:0:0: Attached scsi generic sg0 type 5
[    4.095307]   Magic number: 0:278:536
[    4.095319] tty ttyS16: hash matches
[    4.095459] rtc_cmos rtc_cmos: setting system clock to 2020-12-17 14:32:26 UTC (1608215546)
[    4.095693] BIOS EDD facility v0.16 2004-Jun-25, 0 devices found
[    4.095694] EDD information not available.
[    4.095723] PM: Hibernation image not present or could not be loaded.
[    4.097051] Freeing unused kernel memory: 1844K (ffffffff81f72000 - ffffffff8213f000)
[    4.097053] Write protecting the kernel read-only data: 14336k
[    4.097929] Freeing unused kernel memory: 1856K (ffff880001830000 - ffff880001a00000)
[    4.098539] Freeing unused kernel memory: 240K (ffff880001dc4000 - ffff880001e00000)
[    4.104282] x86/mm: Checked W+X mappings: passed, no W+X pages found.
[    4.112635] random: systemd-udevd urandom read with 3 bits of entropy available
[    4.136894] ACPI: Video Device [GFX0] (multi-head: yes  rom: no  post: no)
[    4.136946] input: Video Bus as /devices/LNXSYSTM:00/LNXSYBUS:00/PNP0A03:00/LNXVIDEO:00/input/input5
[    4.138963] FUJITSU Extended Socket Network Device Driver - version 1.0 - Copyright (c) 2015 FUJITSU LIMITED
[    4.147318] e1000: Intel(R) PRO/1000 Network Driver - version 7.3.21-k8-NAPI
[    4.147320] e1000: Copyright (c) 1999-2006 Intel Corporation.
[    4.185272] [drm] Initialized drm 1.1.0 20060810
[    4.359832] input: ImExPS/2 Generic Explorer Mouse as /devices/platform/i8042/serio1/input/input6
[    5.338448] usb 1-1: new full-speed USB device number 2 using ohci-pci
[    5.338706] tsc: Refined TSC clocksource calibration: 1607.997 MHz
[    5.338712] clocksource: tsc: mask: 0xffffffffffffffff max_cycles: 0x172da757658, max_idle_ns: 440795229495 ns
[    5.364374] e1000 0000:00:03.0 eth0: (PCI:33MHz:32-bit) 08:00:27:5d:54:a1
[    5.364379] e1000 0000:00:03.0 eth0: Intel(R) PRO/1000 Network Connection
[    5.364904] ahci 0000:00:0d.0: version 3.0
[    5.364952] e1000 0000:00:03.0 enp0s3: renamed from eth0
[    5.364981] ahci 0000:00:0d.0: SSS flag set, parallel bus scan disabled
[    5.365113] ahci 0000:00:0d.0: AHCI 0001.0100 32 slots 2 ports 3 Gbps 0x3 impl SATA mode
[    5.365115] ahci 0000:00:0d.0: flags: 64bit ncq stag only ccc 
[    5.365606] scsi host2: ahci
[    5.365707] scsi host3: ahci
[    5.365743] ata3: SATA max UDMA/133 abar m8192@0xf0806000 port 0xf0806100 irq 21
[    5.365747] ata4: SATA max UDMA/133 abar m8192@0xf0806000 port 0xf0806180 irq 21
[    5.367108] [drm] DMA map mode: Using physical TTM page addresses.
[    5.367141] [drm] Capabilities:
[    5.367142] [drm]   Cursor.
[    5.367143] [drm]   Cursor bypass 2.
[    5.367144] [drm]   Alpha cursor.
[    5.367144] [drm]   3D.
[    5.367145] [drm]   Extended Fifo.
[    5.367145] [drm]   Pitchlock.
[    5.367146] [drm]   Irq mask.
[    5.367146] [drm]   GMR.
[    5.367147] [drm]   Traces.
[    5.367148] [drm]   GMR2.
[    5.367148] [drm]   Screen Object 2.
[    5.367149] [drm] Max GMR ids is 8192
[    5.367150] [drm] Max number of GMR pages is 1048576
[    5.367150] [drm] Max dedicated hypervisor surface memory is 507904 kiB
[    5.367151] [drm] Maximum display memory size is 16384 kiB
[    5.367152] [drm] VRAM at 0xe0000000 size is 16384 kiB
[    5.367153] [drm] MMIO at 0xf0000000 size is 2048 kiB
[    5.367154] [drm] global init.
[    5.367365] [TTM] Zone  kernel: Available graphics memory: 2021612 kiB
[    5.367367] [TTM] Initializing pool allocator
[    5.367371] [TTM] Initializing DMA pool allocator
[    5.367431] [drm] Supports vblank timestamp caching Rev 2 (21.10.2013).
[    5.367432] [drm] No driver support for vblank timestamp query.
[    5.367629] [drm] Screen Objects Display Unit initialized
[    5.367685] [drm] width 720
[    5.367692] [drm] height 400
[    5.367700] [drm] bpp 32
[    5.367951] [drm] Fifo max 0x00200000 min 0x00001000 cap 0x00000355
[    5.367959] [drm] DX: no.
[    5.369431] fbcon: svgadrmfb (fb0) is primary device
[    5.386319] Console: switching to colour frame buffer device 100x37
[    5.387147] [drm] Initialized vmwgfx 2.9.0 20150810 for 0000:00:02.0 on minor 0
[    5.785917] ata3: SATA link up 3.0 Gbps (SStatus 123 SControl 300)
[    5.786372] ata3.00: ATA-6: VBOX HARDDISK, 1.0, max UDMA/133
[    5.786379] ata3.00: 104857600 sectors, multi 128: LBA48 NCQ (depth 31/32)
[    5.786947] ata3.00: configured for UDMA/133
[    5.787569] scsi 2:0:0:0: Direct-Access     ATA      VBOX HARDDISK    1.0  PQ: 0 ANSI: 5
[    5.788005] sd 2:0:0:0: Attached scsi generic sg1 type 0
[    5.788008] sd 2:0:0:0: [sda] 104857600 512-byte logical blocks: (53.6 GB/50.0 GiB)
[    5.788054] sd 2:0:0:0: [sda] Write Protect is off
[    5.788110] sd 2:0:0:0: [sda] Mode Sense: 00 3a 00 00
[    5.788192] sd 2:0:0:0: [sda] Write cache: enabled, read cache: enabled, doesn't support DPO or FUA
[    5.798717]  sda: sda1 sda2 < sda5 >
[    5.799367] sd 2:0:0:0: [sda] Attached SCSI disk
[    6.380684] usb 1-1: New USB device found, idVendor=80ee, idProduct=0021
[    6.380688] usb 1-1: New USB device strings: Mfr=1, Product=3, SerialNumber=0
[    6.380691] usb 1-1: Product: USB Tablet
[    6.380693] usb 1-1: Manufacturer: VirtualBox
[    6.404741] hidraw: raw HID events driver (C) Jiri Kosina
[    6.420016] usbcore: registered new interface driver usbhid
[    6.420018] usbhid: USB HID core driver
[    6.427756] input: VirtualBox USB Tablet as /devices/pci0000:00/0000:00:06.0/usb1/1-1/1-1:1.0/0003:80EE:0021.0001/input/input7
[    6.428206] hid-generic 0003:80EE:0021.0001: input,hidraw0: USB HID v1.10 Mouse [VirtualBox USB Tablet] on usb-0000:00:06.0-1/input0
[    6.438673] ata4: SATA link up 3.0 Gbps (SStatus 123 SControl 300)
[    6.438965] ata4.00: ATA-6: VBOX HARDDISK, 1.0, max UDMA/133
[    6.438967] ata4.00: 20971520 sectors, multi 128: LBA48 NCQ (depth 31/32)
[    6.439331] ata4.00: configured for UDMA/133
[    6.439573] scsi 3:0:0:0: Direct-Access     ATA      VBOX HARDDISK    1.0  PQ: 0 ANSI: 5
[    6.439744] sd 3:0:0:0: [sdb] 20971520 512-byte logical blocks: (10.7 GB/10.0 GiB)
[    6.439758] sd 3:0:0:0: [sdb] Write Protect is off
[    6.439760] sd 3:0:0:0: [sdb] Mode Sense: 00 3a 00 00
[    6.439766] sd 3:0:0:0: [sdb] Write cache: enabled, read cache: enabled, doesn't support DPO or FUA
[    6.439824] sd 3:0:0:0: Attached scsi generic sg2 type 0
[    6.448497]  sdb: sdb1 sdb2
[    6.448944] sd 3:0:0:0: [sdb] Attached SCSI disk
[    7.226268] floppy0: no floppy controllers found
[    8.060094] EXT4-fs (sda1): mounted filesystem with ordered data mode. Opts: (null)
[    8.692008] systemd[1]: systemd 229 running in system mode. (+PAM +AUDIT +SELINUX +IMA +APPARMOR +SMACK +SYSVINIT +UTMP +LIBCRYPTSETUP +GCRYPT +GNUTLS +ACL +XZ -LZ4 +SECCOMP +BLKID +ELFUTILS +KMOD -IDN)
[    8.692032] systemd[1]: Detected virtualization oracle.
[    8.692034] systemd[1]: Detected architecture x86-64.
[    8.692234] systemd[1]: Set hostname to <sysprog2020>.
[    9.141041] systemd[1]: Listening on Journal Socket.
[    9.141078] systemd[1]: Listening on fsck to fsckd communication Socket.
[    9.141128] systemd[1]: Created slice User and Session Slice.
[    9.141201] systemd[1]: Set up automount Arbitrary Executable File Formats File System Automount Point.
[    9.141208] systemd[1]: Reached target Remote File Systems (Pre).
[    9.141212] systemd[1]: Reached target User and Group Name Lookups.
[    9.141232] systemd[1]: Started Trigger resolvconf update for networkd DNS.
[    9.141236] systemd[1]: Reached target Encrypted Volumes.
[    9.141253] systemd[1]: Listening on udev Control Socket.
[    9.141258] systemd[1]: Reached target Remote File Systems.
[    9.141275] systemd[1]: Listening on /dev/initctl Compatibility Named Pipe.
[    9.141288] systemd[1]: Listening on Journal Socket (/dev/log).
[    9.141324] systemd[1]: Created slice System Slice.
[    9.954615] systemd[1]: Starting Set console keymap...
[    9.954963] systemd[1]: Mounting Huge Pages File System...
[    9.954981] systemd[1]: Reached target Slices.
[    9.955434] systemd[1]: Mounting POSIX Message Queue File System...
[    9.955896] systemd[1]: Started Braille Device Support.
[    9.956393] systemd[1]: Starting Uncomplicated firewall...
[    9.956456] systemd[1]: Started Forward Password Requests to Wall Directory Watch.
[    9.963561] systemd[1]: Starting Load Kernel Modules...
[    9.964576] systemd[1]: Starting Remount Root and Kernel File Systems...
[    9.964604] systemd[1]: Listening on Syslog Socket.
[    9.964631] systemd[1]: Listening on udev Kernel Socket.
[    9.964931] systemd[1]: Starting Create list of required static device nodes for the current kernel...
[    9.964976] systemd[1]: Listening on Journal Audit Socket.
[    9.965556] systemd[1]: Starting Journal Service...
[    9.965880] systemd[1]: Mounting Debug File System...
[    9.973193] systemd[1]: Started Create list of required static device nodes for the current kernel.
[    9.974215] systemd[1]: Starting Create Static Device Nodes in /dev...
[    9.988190] systemd[1]: Started Uncomplicated firewall.
[   10.014674] random: nonblocking pool is initialized
[   10.039153] systemd[1]: Started Create Static Device Nodes in /dev.
[   10.383026] systemd[1]: Starting udev Kernel Device Manager...
[   10.385859] systemd[1]: Mounted Debug File System.
[   10.386211] EXT4-fs (sda1): re-mounted. Opts: errors=remount-ro
[   10.386364] systemd[1]: Mounted Huge Pages File System.
[   10.386378] systemd[1]: Mounted POSIX Message Queue File System.
[   10.387051] systemd[1]: Started Remount Root and Kernel File Systems.
[   10.387800] systemd[1]: Starting Load/Save Random Seed...
[   10.389459] systemd[1]: Starting udev Coldplug all Devices...
[   10.391941] systemd[1]: Started Journal Service.
[   10.963275] lp: driver loaded but no devices found
[   10.972730] ppdev: user-space parallel port driver
[   10.993969] systemd-journald[288]: Received request to flush runtime journal from PID 1
[   11.150531] piix4_smbus 0000:00:07.0: SMBus Host Controller at 0x4100, revision 0
[   11.293618] AVX2 version of gcm_enc/dec engaged.
[   11.293620] AES CTR mode by8 optimization enabled
[   11.517162] snd_intel8x0 0000:00:05.0: disable (unknown or VT-d) VM optimization
[   11.707756] audit: type=1400 audit(1608215554.108:2): apparmor="STATUS" operation="profile_load" name="/usr/lib/snapd/snap-confine" pid=644 comm="apparmor_parser"
[   11.707760] audit: type=1400 audit(1608215554.108:3): apparmor="STATUS" operation="profile_load" name="mount-namespace-capture-helper" pid=644 comm="apparmor_parser"
[   11.721203] audit: type=1400 audit(1608215554.120:4): apparmor="STATUS" operation="profile_load" name="/sbin/dhclient" pid=640 comm="apparmor_parser"
[   11.721207] audit: type=1400 audit(1608215554.120:5): apparmor="STATUS" operation="profile_load" name="/usr/lib/NetworkManager/nm-dhcp-client.action" pid=640 comm="apparmor_parser"
[   11.721210] audit: type=1400 audit(1608215554.120:6): apparmor="STATUS" operation="profile_load" name="/usr/lib/NetworkManager/nm-dhcp-helper" pid=640 comm="apparmor_parser"
[   11.721212] audit: type=1400 audit(1608215554.120:7): apparmor="STATUS" operation="profile_load" name="/usr/lib/connman/scripts/dhclient-script" pid=640 comm="apparmor_parser"
[   11.722051] audit: type=1400 audit(1608215554.124:8): apparmor="STATUS" operation="profile_load" name="/usr/sbin/cups-browsed" pid=645 comm="apparmor_parser"
[   11.723273] audit: type=1400 audit(1608215554.124:9): apparmor="STATUS" operation="profile_load" name="/usr/sbin/ippusbxd" pid=647 comm="apparmor_parser"
[   11.724023] audit: type=1400 audit(1608215554.124:10): apparmor="STATUS" operation="profile_load" name="/usr/lib/cups/backend/cups-pdf" pid=646 comm="apparmor_parser"
[   11.724028] audit: type=1400 audit(1608215554.124:11): apparmor="STATUS" operation="profile_load" name="/usr/sbin/cupsd" pid=646 comm="apparmor_parser"
[   12.421345] Adding 998396k swap on /dev/sda5.  Priority:-1 extents:1 across:998396k FS
[   12.422540] snd_intel8x0 0000:00:05.0: white list rate for 1028:0177 is 48000
[   12.976481] IPv6: ADDRCONF(NETDEV_UP): enp0s3: link is not ready
[   12.978013] IPv6: ADDRCONF(NETDEV_UP): enp0s3: link is not ready
[   12.978654] e1000: enp0s3 NIC Link is Up 1000 Mbps Full Duplex, Flow Control: RX
[   12.978960] IPv6: ADDRCONF(NETDEV_CHANGE): enp0s3: link becomes ready
[   14.404239] floppy0: no floppy controllers found
[   14.404315] work still pending
[   52.511641] spa3: module verification failed: signature and/or required key missing - tainting kernel
[   52.514177] spa3: init successful.
[   52.519245] spa3: Opening file...
[   52.519253] spa3: nRules: 0, buf:I 1111
               , buf[n]:I 32 49 49
[   52.519255] spa3: Inbound rule added
[   52.519270] spa3: Opening file...
[   52.519274] spa3: nRules: 1, buf:O 2222
               , buf[n]:O 32 50 50
[   52.519275] spa3: Outbound rule added.
[   52.519287] spa3: Opening file...
[   52.519290] spa3: nRules: 2, buf:F 3333
               , buf[n]:F 32 51 51
[   52.519291] spa3: Forwarding rule added.
[   52.519301] spa3: Opening file...
[   52.519304] spa3: nRules: 3, buf:P 4444
               , buf[n]:P 32 52 52
[   52.519305] spa3: Proxy rule added.
[   52.519317] spa3: Opening file...
[   52.519320] spa3: nRules: 4, buf:F 5555
               , buf[n]:F 32 53 53
[   52.519321] spa3: Forwarding rule added.
[   52.519332] spa3: Opening file...
[   52.519335] spa3: nRules: 5, buf:P 5555
               , buf[n]:P 32 53 53
[   52.519336] spa3: Proxy rule added.
[   52.520029] spa3: Opening file...
[   52.520036] curr_pos: 0, type_char: I, portno: 1111
[   52.520237] curr_pos: 1, type_char: O, portno: 2222
[   52.520468] curr_pos: 2, type_char: F, portno: 3333
[   52.520640] curr_pos: 3, type_char: P, portno: 4444
[   52.520815] curr_pos: 4, type_char: F, portno: 5555
[   52.521005] curr_pos: 5, type_char: P, portno: 5555
[   52.521183] spa3: Finished reading rules.
[   52.525229] spa3: nRules: 6, buf:3,spa3: nRules: 5, buf:
               ,
[   52.527030] OUTBOUND       : 6, 49290, 3333, 10.0.2.15, 192.168.56.101, 1000
[   52.527033] OUTBOUND       : 6, 55300, 1111, 10.0.2.15, 192.168.56.101, 1000
[   52.527046] DROP(OUTBOUND) : 6, 52402, 2222, 10.0.2.15, 192.168.56.101, 1000
[   52.527164] OUTBOUND       : 6, 46190, 4444, 10.0.2.15, 192.168.56.101, 1000
[   52.527214] OUTBOUND       : 6, 46342, 5555, 10.0.2.15, 192.168.56.101, 1000
[   52.527850] INBOUND        : 6, 3333, 49290, 192.168.56.101, 10.0.2.15, 1010
[   52.527869] OUTBOUND       : 6, 49290, 3333, 10.0.2.15, 192.168.56.101, 0010
[   52.527883] DROP(INBOUND)  : 6, 1111, 55300, 192.168.56.101, 10.0.2.15, 1010
[   52.527885] INBOUND        : 6, 4444, 46190, 192.168.56.101, 10.0.2.15, 1010
[   52.527895] OUTBOUND       : 6, 46190, 4444, 10.0.2.15, 192.168.56.101, 0010
[   52.527905] PROXY(INBOUND) : 6, 5555, 5555, 192.168.56.101, 131.1.1.1, 1010
[   52.527909] FORWARD        : 6, 5555, 45845, 192.168.56.101, 131.1.1.1, 1010
[   52.527910] OUTBOUND       : 6, 5555, 45845, 192.168.56.101, 131.1.1.1, 1010
[   52.528368] INBOUND        : 6, 3333, 49290, 192.168.56.101, 10.0.2.15, 0010
[   52.528387] OUTBOUND       : 6, 49290, 3333, 10.0.2.15, 192.168.56.101, 0010
[   52.528921] DROP(INBOUND)  : 6, 1111, 55300, 192.168.56.101, 10.0.2.15, 1010
[   52.530590] INBOUND        : 6, 4444, 46190, 192.168.56.101, 10.0.2.15, 0010
[   52.530630] OUTBOUND       : 6, 46190, 4444, 10.0.2.15, 192.168.56.101, 0010
[   52.531736] INBOUND        : 6, 3333, 49290, 192.168.56.101, 10.0.2.15, 0010
[   52.531744] DROP(INBOUND)  : 6, 1111, 55300, 192.168.56.101, 10.0.2.15, 1010
[   52.531785] OUTBOUND       : 6, 49290, 3333, 10.0.2.15, 192.168.56.101, 0010
[   52.531906] DROP(INBOUND)  : 6, 1111, 55300, 192.168.56.101, 10.0.2.15, 1010
[   52.531909] INBOUND        : 6, 3333, 49290, 192.168.56.101, 10.0.2.15, 0010
[   52.531912] OUTBOUND       : 6, 49290, 3333, 10.0.2.15, 192.168.56.101, 0010
[   52.533131] INBOUND        : 6, 4444, 46190, 192.168.56.101, 10.0.2.15, 0010
[   52.533185] PROXY(INBOUND) : 6, 5555, 5555, 192.168.56.101, 131.1.1.1, 1010
[   52.533189] OUTBOUND       : 6, 46190, 4444, 10.0.2.15, 192.168.56.101, 0010
[   52.533190] FORWARD        : 6, 5555, 45845, 192.168.56.101, 131.1.1.1, 1010
[   52.533192] OUTBOUND       : 6, 5555, 45845, 192.168.56.101, 131.1.1.1, 1010
[   52.533225] INBOUND        : 6, 4444, 46190, 192.168.56.101, 10.0.2.15, 0010
[   52.533228] OUTBOUND       : 6, 46190, 4444, 10.0.2.15, 192.168.56.101, 0010
[   52.534889] DROP(INBOUND)  : 6, 1111, 55300, 192.168.56.101, 10.0.2.15, 1010
[   52.534955] INBOUND        : 6, 4444, 46190, 192.168.56.101, 10.0.2.15, 0010
[   52.534966] PROXY(INBOUND) : 6, 5555, 5555, 192.168.56.101, 131.1.1.1, 1010
[   52.534969] FORWARD        : 6, 5555, 45845, 192.168.56.101, 131.1.1.1, 1010
[   52.534971] OUTBOUND       : 6, 5555, 45845, 192.168.56.101, 131.1.1.1, 1010
[   52.535012] INBOUND        : 6, 3333, 49290, 192.168.56.101, 10.0.2.15, 0010
[   52.535038] DROP(INBOUND)  : 6, 1111, 55300, 192.168.56.101, 10.0.2.15, 1010
[   52.535099] OUTBOUND       : 6, 46190, 4444, 10.0.2.15, 192.168.56.101, 0010
[   52.535105] PROXY(INBOUND) : 6, 5555, 5555, 192.168.56.101, 131.1.1.1, 1010
[   52.535108] FORWARD        : 6, 5555, 45845, 192.168.56.101, 131.1.1.1, 1010
[   52.535109] OUTBOUND       : 6, 5555, 45845, 192.168.56.101, 131.1.1.1, 1010
[   52.535112] INBOUND        : 6, 4444, 46190, 192.168.56.101, 10.0.2.15, 0010
[   52.535119] OUTBOUND       : 6, 46190, 4444, 10.0.2.15, 192.168.56.101, 0010
[   52.535130] OUTBOUND       : 6, 49290, 3333, 10.0.2.15, 192.168.56.101, 0010
[   52.535156] INBOUND        : 6, 3333, 49290, 192.168.56.101, 10.0.2.15, 0010
[   52.535166] OUTBOUND       : 6, 49290, 3333, 10.0.2.15, 192.168.56.101, 0010
[   52.536832] INBOUND        : 6, 4444, 46190, 192.168.56.101, 10.0.2.15, 0010
[   52.536930] OUTBOUND       : 6, 46190, 4444, 10.0.2.15, 192.168.56.101, 0010
[   52.536962] INBOUND        : 6, 4444, 46190, 192.168.56.101, 10.0.2.15, 0010
[   52.536967] OUTBOUND       : 6, 46190, 4444, 10.0.2.15, 192.168.56.101, 0010
[   52.537839] DROP(INBOUND)  : 6, 1111, 55300, 192.168.56.101, 10.0.2.15, 1010
[   52.537922] INBOUND        : 6, 3333, 49290, 192.168.56.101, 10.0.2.15, 0010
[   52.537927] PROXY(INBOUND) : 6, 5555, 5555, 192.168.56.101, 131.1.1.1, 1010
[   52.537930] FORWARD        : 6, 5555, 45845, 192.168.56.101, 131.1.1.1, 1010
[   52.537932] OUTBOUND       : 6, 5555, 45845, 192.168.56.101, 131.1.1.1, 1010
[   52.537941] DROP(INBOUND)  : 6, 1111, 55300, 192.168.56.101, 10.0.2.15, 1010
[   52.537974] OUTBOUND       : 6, 49290, 3333, 10.0.2.15, 192.168.56.101, 0010
[   52.537998] INBOUND        : 6, 3333, 49290, 192.168.56.101, 10.0.2.15, 0010
[   52.538000] PROXY(INBOUND) : 6, 5555, 5555, 192.168.56.101, 131.1.1.1, 1010
[   52.538002] FORWARD        : 6, 5555, 45845, 192.168.56.101, 131.1.1.1, 1010
[   52.538004] OUTBOUND       : 6, 5555, 45845, 192.168.56.101, 131.1.1.1, 1010
[   52.538040] OUTBOUND       : 6, 49290, 3333, 10.0.2.15, 192.168.56.101, 0010
[   52.540670] PROXY(INBOUND) : 6, 5555, 5555, 192.168.56.101, 131.1.1.1, 1010
[   52.540674] FORWARD        : 6, 5555, 45845, 192.168.56.101, 131.1.1.1, 1010
[   52.540676] OUTBOUND       : 6, 5555, 45845, 192.168.56.101, 131.1.1.1, 1010
[   52.540687] INBOUND        : 6, 4444, 46190, 192.168.56.101, 10.0.2.15, 0010
[   52.540698] DROP(INBOUND)  : 6, 1111, 55300, 192.168.56.101, 10.0.2.15, 1010
[   52.540700] INBOUND        : 6, 3333, 49290, 192.168.56.101, 10.0.2.15, 0010
[   52.540717] OUTBOUND       : 6, 49290, 3333, 10.0.2.15, 192.168.56.101, 0010
[   52.540719] OUTBOUND       : 6, 46190, 4444, 10.0.2.15, 192.168.56.101, 0010
[   52.540763] INBOUND        : 6, 3333, 49290, 192.168.56.101, 10.0.2.15, 0010
[   52.540798] OUTBOUND       : 6, 49290, 3333, 10.0.2.15, 192.168.56.101, 0010
[   52.540939] PROXY(INBOUND) : 6, 5555, 5555, 192.168.56.101, 131.1.1.1, 1010
[   52.540942] FORWARD        : 6, 5555, 45845, 192.168.56.101, 131.1.1.1, 1010
[   52.540943] OUTBOUND       : 6, 5555, 45845, 192.168.56.101, 131.1.1.1, 1010
[   52.541096] PROXY(INBOUND) : 6, 5555, 5555, 192.168.56.101, 131.1.1.1, 1010
[   52.541099] FORWARD        : 6, 5555, 45845, 192.168.56.101, 131.1.1.1, 1010
[   52.541100] OUTBOUND       : 6, 5555, 45845, 192.168.56.101, 131.1.1.1, 1010
[   52.541741] INBOUND        : 6, 4444, 46190, 192.168.56.101, 10.0.2.15, 0010
[   52.541786] OUTBOUND       : 6, 46190, 4444, 10.0.2.15, 192.168.56.101, 0010
[   52.541931] INBOUND        : 6, 4444, 46190, 192.168.56.101, 10.0.2.15, 0010
[   52.542062] OUTBOUND       : 6, 46190, 4444, 10.0.2.15, 192.168.56.101, 0010
[   52.543849] DROP(INBOUND)  : 6, 1111, 55300, 192.168.56.101, 10.0.2.15, 1010
[   52.543853] DROP(INBOUND)  : 6, 1111, 55300, 192.168.56.101, 10.0.2.15, 1010
[   52.544634] PROXY(INBOUND) : 6, 5555, 5555, 192.168.56.101, 131.1.1.1, 1010
[   52.544641] FORWARD        : 6, 5555, 45845, 192.168.56.101, 131.1.1.1, 1010
[   52.544643] OUTBOUND       : 6, 5555, 45845, 192.168.56.101, 131.1.1.1, 1010
[   52.544658] INBOUND        : 6, 3333, 49290, 192.168.56.101, 10.0.2.15, 0010
[   52.544668] PROXY(INBOUND) : 6, 5555, 5555, 192.168.56.101, 131.1.1.1, 1010
[   52.544670] FORWARD        : 6, 5555, 45845, 192.168.56.101, 131.1.1.1, 1010
[   52.544672] OUTBOUND       : 6, 5555, 45845, 192.168.56.101, 131.1.1.1, 1010
[   52.544765] INBOUND        : 6, 3333, 49290, 192.168.56.101, 10.0.2.15, 0010
[   52.544781] OUTBOUND       : 6, 49290, 3333, 10.0.2.15, 192.168.56.101, 0010
[   52.544790] OUTBOUND       : 6, 49290, 3333, 10.0.2.15, 192.168.56.101, 0010
[   52.546603] INBOUND        : 6, 4444, 46190, 192.168.56.101, 10.0.2.15, 0010
[   52.546626] PROXY(INBOUND) : 6, 5555, 5555, 192.168.56.101, 131.1.1.1, 1010
[   52.546634] FORWARD        : 6, 5555, 45845, 192.168.56.101, 131.1.1.1, 1010
[   52.546639] OUTBOUND       : 6, 5555, 45845, 192.168.56.101, 131.1.1.1, 1010
[   52.546644] OUTBOUND       : 6, 46190, 4444, 10.0.2.15, 192.168.56.101, 0010
[   52.546692] INBOUND        : 6, 4444, 46190, 192.168.56.101, 10.0.2.15, 0010
[   52.546707] PROXY(INBOUND) : 6, 5555, 5555, 192.168.56.101, 131.1.1.1, 1010
[   52.546712] FORWARD        : 6, 5555, 45845, 192.168.56.101, 131.1.1.1, 1010
[   52.546720] OUTBOUND       : 6, 5555, 45845, 192.168.56.101, 131.1.1.1, 1010
[   52.546722] OUTBOUND       : 6, 46190, 4444, 10.0.2.15, 192.168.56.101, 0010
[   52.547699] DROP(INBOUND)  : 6, 1111, 55300, 192.168.56.101, 10.0.2.15, 1010
[   52.547802] DROP(INBOUND)  : 6, 1111, 55300, 192.168.56.101, 10.0.2.15, 1010
[   52.548469] INBOUND        : 6, 3333, 49290, 192.168.56.101, 10.0.2.15, 0010
[   52.548487] PROXY(INBOUND) : 6, 5555, 5555, 192.168.56.101, 131.1.1.1, 1010
[   52.548496] FORWARD        : 6, 5555, 45845, 192.168.56.101, 131.1.1.1, 1010
[   52.548502] OUTBOUND       : 6, 5555, 45845, 192.168.56.101, 131.1.1.1, 1010
[   52.548527] INBOUND        : 6, 3333, 49290, 192.168.56.101, 10.0.2.15, 0010
[   52.548537] PROXY(INBOUND) : 6, 5555, 5555, 192.168.56.101, 131.1.1.1, 1010
[   52.548547] FORWARD        : 6, 5555, 45845, 192.168.56.101, 131.1.1.1, 1010
[   52.548557] OUTBOUND       : 6, 5555, 45845, 192.168.56.101, 131.1.1.1, 1010
[   52.548597] OUTBOUND       : 6, 49290, 3333, 10.0.2.15, 192.168.56.101, 0010
[   52.548630] OUTBOUND       : 6, 49290, 3333, 10.0.2.15, 192.168.56.101, 0010
[   52.549432] INBOUND        : 6, 4444, 46190, 192.168.56.101, 10.0.2.15, 0010
[   52.549459] OUTBOUND       : 6, 46190, 4444, 10.0.2.15, 192.168.56.101, 0010
[   52.549479] INBOUND        : 6, 4444, 46190, 192.168.56.101, 10.0.2.15, 0010
[   52.549483] OUTBOUND       : 6, 46190, 4444, 10.0.2.15, 192.168.56.101, 0010
[   52.550513] DROP(INBOUND)  : 6, 1111, 55300, 192.168.56.101, 10.0.2.15, 1010
[   52.550563] DROP(INBOUND)  : 6, 1111, 55300, 192.168.56.101, 10.0.2.15, 1010
[   52.551489] INBOUND        : 6, 3333, 49290, 192.168.56.101, 10.0.2.15, 0010
[   52.551522] OUTBOUND       : 6, 49290, 3333, 10.0.2.15, 192.168.56.101, 0010
[   52.551550] PROXY(INBOUND) : 6, 5555, 5555, 192.168.56.101, 131.1.1.1, 1010
[   52.551553] FORWARD        : 6, 5555, 45845, 192.168.56.101, 131.1.1.1, 1010
[   52.551554] OUTBOUND       : 6, 5555, 45845, 192.168.56.101, 131.1.1.1, 1010
[   52.551562] INBOUND        : 6, 3333, 49290, 192.168.56.101, 10.0.2.15, 0010
[   52.551564] PROXY(INBOUND) : 6, 5555, 5555, 192.168.56.101, 131.1.1.1, 1010
[   52.551566] FORWARD        : 6, 5555, 45845, 192.168.56.101, 131.1.1.1, 1010
[   52.551567] OUTBOUND       : 6, 5555, 45845, 192.168.56.101, 131.1.1.1, 1010
[   52.551602] OUTBOUND       : 6, 49290, 3333, 10.0.2.15, 192.168.56.101, 0010
[   52.552599] INBOUND        : 6, 4444, 46190, 192.168.56.101, 10.0.2.15, 0010
[   52.552622] OUTBOUND       : 6, 46190, 4444, 10.0.2.15, 192.168.56.101, 0010
[   52.552642] INBOUND        : 6, 4444, 46190, 192.168.56.101, 10.0.2.15, 0010
[   52.552646] DROP(INBOUND)  : 6, 1111, 55300, 192.168.56.101, 10.0.2.15, 1010
[   52.552648] OUTBOUND       : 6, 46190, 4444, 10.0.2.15, 192.168.56.101, 0010
[   52.554547] INBOUND        : 6, 4444, 46190, 192.168.56.101, 10.0.2.15, 0010
[   52.554560] PROXY(INBOUND) : 6, 5555, 5555, 192.168.56.101, 131.1.1.1, 1010
[   52.554565] FORWARD        : 6, 5555, 45845, 192.168.56.101, 131.1.1.1, 1010
[   52.554574] OUTBOUND       : 6, 5555, 45845, 192.168.56.101, 131.1.1.1, 1010
[   52.554575] OUTBOUND       : 6, 46190, 4444, 10.0.2.15, 192.168.56.101, 0010
[   52.554616] INBOUND        : 6, 4444, 46190, 192.168.56.101, 10.0.2.15, 0010
[   52.554626] PROXY(INBOUND) : 6, 5555, 5555, 192.168.56.101, 131.1.1.1, 1010
[   52.554632] FORWARD        : 6, 5555, 45845, 192.168.56.101, 131.1.1.1, 1010
[   52.554638] OUTBOUND       : 6, 46190, 4444, 10.0.2.15, 192.168.56.101, 0010
[   52.554640] OUTBOUND       : 6, 5555, 45845, 192.168.56.101, 131.1.1.1, 1010
[   52.554674] INBOUND        : 6, 3333, 49290, 192.168.56.101, 10.0.2.15, 0010
[   52.554699] OUTBOUND       : 6, 49290, 3333, 10.0.2.15, 192.168.56.101, 0010
[   52.554746] INBOUND        : 6, 3333, 49290, 192.168.56.101, 10.0.2.15, 0010
[   52.554749] INBOUND        : 6, 3333, 49290, 192.168.56.101, 10.0.2.15, 0010
[   52.554765] OUTBOUND       : 6, 49290, 3333, 10.0.2.15, 192.168.56.101, 0010
[   52.555565] DROP(INBOUND)  : 6, 1111, 55300, 192.168.56.101, 10.0.2.15, 1010
[   52.555621] DROP(INBOUND)  : 6, 1111, 55300, 192.168.56.101, 10.0.2.15, 1010
[   52.556508] INBOUND        : 6, 4444, 46190, 192.168.56.101, 10.0.2.15, 0010
[   52.556532] OUTBOUND       : 6, 46190, 4444, 10.0.2.15, 192.168.56.101, 0010
[   52.556558] PROXY(INBOUND) : 6, 5555, 5555, 192.168.56.101, 131.1.1.1, 1010
[   52.556561] FORWARD        : 6, 5555, 45845, 192.168.56.101, 131.1.1.1, 1010
[   52.556562] OUTBOUND       : 6, 5555, 45845, 192.168.56.101, 131.1.1.1, 1010
[   52.556570] INBOUND        : 6, 4444, 46190, 192.168.56.101, 10.0.2.15, 0010
[   52.556576] PROXY(INBOUND) : 6, 5555, 5555, 192.168.56.101, 131.1.1.1, 1010
[   52.556578] FORWARD        : 6, 5555, 45845, 192.168.56.101, 131.1.1.1, 1010
[   52.556579] OUTBOUND       : 6, 5555, 45845, 192.168.56.101, 131.1.1.1, 1010
[   52.556593] OUTBOUND       : 6, 46190, 4444, 10.0.2.15, 192.168.56.101, 0010
[   52.557532] INBOUND        : 6, 3333, 49290, 192.168.56.101, 10.0.2.15, 0010
[   52.557547] OUTBOUND       : 6, 49290, 3333, 10.0.2.15, 192.168.56.101, 0010
[   52.557588] INBOUND        : 6, 3333, 49290, 192.168.56.101, 10.0.2.15, 0010
[   52.557607] OUTBOUND       : 6, 49290, 3333, 10.0.2.15, 192.168.56.101, 0010
[   52.558386] DROP(INBOUND)  : 6, 1111, 55300, 192.168.56.101, 10.0.2.15, 1010
[   52.558452] DROP(INBOUND)  : 6, 1111, 55300, 192.168.56.101, 10.0.2.15, 1010
[   52.559304] PROXY(INBOUND) : 6, 5555, 5555, 192.168.56.101, 131.1.1.1, 1010
[   52.559316] FORWARD        : 6, 5555, 45845, 192.168.56.101, 131.1.1.1, 1010
[   52.559321] OUTBOUND       : 6, 5555, 45845, 192.168.56.101, 131.1.1.1, 1010
[   52.559359] PROXY(INBOUND) : 6, 5555, 5555, 192.168.56.101, 131.1.1.1, 1010
[   52.559370] FORWARD        : 6, 5555, 45845, 192.168.56.101, 131.1.1.1, 1010
[   52.559375] OUTBOUND       : 6, 5555, 45845, 192.168.56.101, 131.1.1.1, 1010
[   52.559409] INBOUND        : 6, 4444, 46190, 192.168.56.101, 10.0.2.15, 0010
[   52.559438] OUTBOUND       : 6, 46190, 4444, 10.0.2.15, 192.168.56.101, 0010
[   52.559505] INBOUND        : 6, 4444, 46190, 192.168.56.101, 10.0.2.15, 0010
[   52.559541] OUTBOUND       : 6, 46190, 4444, 10.0.2.15, 192.168.56.101, 0010
[   52.559566] INBOUND        : 6, 3333, 49290, 192.168.56.101, 10.0.2.15, 0010
[   52.559631] INBOUND        : 6, 3333, 49290, 192.168.56.101, 10.0.2.15, 0010
[   52.559647] OUTBOUND       : 6, 49290, 3333, 10.0.2.15, 192.168.56.101, 0010
[   52.559659] OUTBOUND       : 6, 49290, 3333, 10.0.2.15, 192.168.56.101, 0010
[   52.560487] DROP(INBOUND)  : 6, 1111, 55300, 192.168.56.101, 10.0.2.15, 1010
[   52.560491] DROP(INBOUND)  : 6, 1111, 55300, 192.168.56.101, 10.0.2.15, 1010
[   52.561391] INBOUND        : 6, 4444, 46190, 192.168.56.101, 10.0.2.15, 0010
[   52.561404] PROXY(INBOUND) : 6, 5555, 5555, 192.168.56.101, 131.1.1.1, 1010
[   52.561406] FORWARD        : 6, 5555, 45845, 192.168.56.101, 131.1.1.1, 1010
[   52.561408] OUTBOUND       : 6, 5555, 45845, 192.168.56.101, 131.1.1.1, 1010
[   52.561421] PROXY(INBOUND) : 6, 5555, 5555, 192.168.56.101, 131.1.1.1, 1010
[   52.561423] FORWARD        : 6, 5555, 45845, 192.168.56.101, 131.1.1.1, 1010
[   52.561425] OUTBOUND       : 6, 46190, 4444, 10.0.2.15, 192.168.56.101, 0010
[   52.561427] OUTBOUND       : 6, 5555, 45845, 192.168.56.101, 131.1.1.1, 1010
[   52.561429] INBOUND        : 6, 4444, 46190, 192.168.56.101, 10.0.2.15, 0010
[   52.561446] OUTBOUND       : 6, 46190, 4444, 10.0.2.15, 192.168.56.101, 0010
[   52.564268] DROP(INBOUND)  : 6, 1111, 55300, 192.168.56.101, 10.0.2.15, 1010
[   52.564282] INBOUND        : 6, 3333, 49290, 192.168.56.101, 10.0.2.15, 0010
[   52.564295] INBOUND        : 6, 4444, 46190, 192.168.56.101, 10.0.2.15, 0010
[   52.564332] OUTBOUND       : 6, 46190, 4444, 10.0.2.15, 192.168.56.101, 0010
[   52.564338] INBOUND        : 6, 4444, 46190, 192.168.56.101, 10.0.2.15, 0010
[   52.564342] PROXY(INBOUND) : 6, 5555, 5555, 192.168.56.101, 131.1.1.1, 1010
[   52.564345] FORWARD        : 6, 5555, 45845, 192.168.56.101, 131.1.1.1, 1010
[   52.564347] OUTBOUND       : 6, 5555, 45845, 192.168.56.101, 131.1.1.1, 1010
[   52.564349] OUTBOUND       : 6, 46190, 4444, 10.0.2.15, 192.168.56.101, 0010
[   52.564352] INBOUND        : 6, 4444, 46190, 192.168.56.101, 10.0.2.15, 0010
[   52.564384] OUTBOUND       : 6, 46190, 4444, 10.0.2.15, 192.168.56.101, 0010
[   52.564401] PROXY(INBOUND) : 6, 5555, 5555, 192.168.56.101, 131.1.1.1, 1010
[   52.564404] FORWARD        : 6, 5555, 45845, 192.168.56.101, 131.1.1.1, 1010
[   52.564406] OUTBOUND       : 6, 5555, 45845, 192.168.56.101, 131.1.1.1, 1010
[   52.564427] OUTBOUND       : 6, 49290, 3333, 10.0.2.15, 192.168.56.101, 0010
[   52.565287] DROP(INBOUND)  : 6, 1111, 55300, 192.168.56.101, 10.0.2.15, 1010
[   52.565331] DROP(INBOUND)  : 6, 1111, 55300, 192.168.56.101, 10.0.2.15, 1010
[   52.566265] INBOUND        : 6, 4444, 46190, 192.168.56.101, 10.0.2.15, 0010
[   52.566286] INBOUND        : 6, 3333, 49290, 192.168.56.101, 10.0.2.15, 0010
[   52.566297] INBOUND        : 6, 4444, 46190, 192.168.56.101, 10.0.2.15, 0010
[   52.566303] OUTBOUND       : 6, 46190, 4444, 10.0.2.15, 192.168.56.101, 0010
[   52.566307] INBOUND        : 6, 3333, 49290, 192.168.56.101, 10.0.2.15, 0010
[   52.566319] OUTBOUND       : 6, 46190, 4444, 10.0.2.15, 192.168.56.101, 0010
[   52.566370] OUTBOUND       : 6, 49290, 3333, 10.0.2.15, 192.168.56.101, 0010
[   52.566382] OUTBOUND       : 6, 49290, 3333, 10.0.2.15, 192.168.56.101, 0010
[   52.567260] PROXY(INBOUND) : 6, 5555, 5555, 192.168.56.101, 131.1.1.1, 1010
[   52.567263] FORWARD        : 6, 5555, 45845, 192.168.56.101, 131.1.1.1, 1010
[   52.567265] OUTBOUND       : 6, 5555, 45845, 192.168.56.101, 131.1.1.1, 1010
[   52.568058] PROXY(INBOUND) : 6, 5555, 5555, 192.168.56.101, 131.1.1.1, 1010
[   52.568060] FORWARD        : 6, 5555, 45845, 192.168.56.101, 131.1.1.1, 1010
[   52.568062] OUTBOUND       : 6, 5555, 45845, 192.168.56.101, 131.1.1.1, 1010
[   52.568069] DROP(INBOUND)  : 6, 1111, 55300, 192.168.56.101, 10.0.2.15, 1010
[   52.568110] DROP(INBOUND)  : 6, 1111, 55300, 192.168.56.101, 10.0.2.15, 1010
[   52.569079] INBOUND        : 6, 3333, 49290, 192.168.56.101, 10.0.2.15, 0010
[   52.569096] OUTBOUND       : 6, 49290, 3333, 10.0.2.15, 192.168.56.101, 0010
[   52.569141] INBOUND        : 6, 3333, 49290, 192.168.56.101, 10.0.2.15, 0010
[   52.569157] OUTBOUND       : 6, 49290, 3333, 10.0.2.15, 192.168.56.101, 0010
[   52.570163] INBOUND        : 6, 4444, 46190, 192.168.56.101, 10.0.2.15, 0010
[   52.570179] PROXY(INBOUND) : 6, 5555, 5555, 192.168.56.101, 131.1.1.1, 1010
[   52.570185] FORWARD        : 6, 5555, 45845, 192.168.56.101, 131.1.1.1, 1010
[   52.570192] OUTBOUND       : 6, 5555, 45845, 192.168.56.101, 131.1.1.1, 1010
[   52.570203] OUTBOUND       : 6, 46190, 4444, 10.0.2.15, 192.168.56.101, 0010
[   52.570212] INBOUND        : 6, 4444, 46190, 192.168.56.101, 10.0.2.15, 0010
[   52.570231] PROXY(INBOUND) : 6, 5555, 5555, 192.168.56.101, 131.1.1.1, 1010
[   52.570236] FORWARD        : 6, 5555, 45845, 192.168.56.101, 131.1.1.1, 1010
[   52.570242] OUTBOUND       : 6, 46190, 4444, 10.0.2.15, 192.168.56.101, 0010
[   52.570245] OUTBOUND       : 6, 5555, 45845, 192.168.56.101, 131.1.1.1, 1010
[   52.571134] DROP(INBOUND)  : 6, 1111, 55300, 192.168.56.101, 10.0.2.15, 1010
[   52.571148] INBOUND        : 6, 3333, 49290, 192.168.56.101, 10.0.2.15, 0010
[   52.571185] DROP(INBOUND)  : 6, 1111, 55300, 192.168.56.101, 10.0.2.15, 1010
[   52.571187] INBOUND        : 6, 3333, 49290, 192.168.56.101, 10.0.2.15, 0010
[   52.571200] OUTBOUND       : 6, 49290, 3333, 10.0.2.15, 192.168.56.101, 0010
[   52.571209] OUTBOUND       : 6, 49290, 3333, 10.0.2.15, 192.168.56.101, 0010
[   52.573085] INBOUND        : 6, 4444, 46190, 192.168.56.101, 10.0.2.15, 0010
[   52.573095] DROP(INBOUND)  : 6, 1111, 55300, 192.168.56.101, 10.0.2.15, 1010
[   52.573109] OUTBOUND       : 6, 46190, 4444, 10.0.2.15, 192.168.56.101, 0010
[   52.573131] INBOUND        : 6, 4444, 46190, 192.168.56.101, 10.0.2.15, 0010
[   52.573136] DROP(INBOUND)  : 6, 1111, 55300, 192.168.56.101, 10.0.2.15, 1010
[   52.573155] OUTBOUND       : 6, 46190, 4444, 10.0.2.15, 192.168.56.101, 0010
[   52.573206] INBOUND        : 6, 3333, 49290, 192.168.56.101, 10.0.2.15, 0010
[   52.573212] PROXY(INBOUND) : 6, 5555, 5555, 192.168.56.101, 131.1.1.1, 1010
[   52.573214] FORWARD        : 6, 5555, 45845, 192.168.56.101, 131.1.1.1, 1010
[   52.573215] OUTBOUND       : 6, 5555, 45845, 192.168.56.101, 131.1.1.1, 1010
[   52.573224] INBOUND        : 6, 3333, 49290, 192.168.56.101, 10.0.2.15, 0010
[   52.573238] OUTBOUND       : 6, 49290, 3333, 10.0.2.15, 192.168.56.101, 0010
[   52.573258] PROXY(INBOUND) : 6, 5555, 5555, 192.168.56.101, 131.1.1.1, 1010
[   52.573260] FORWARD        : 6, 5555, 45845, 192.168.56.101, 131.1.1.1, 1010
[   52.573261] OUTBOUND       : 6, 5555, 45845, 192.168.56.101, 131.1.1.1, 1010
[   52.573278] OUTBOUND       : 6, 49290, 3333, 10.0.2.15, 192.168.56.101, 0010
[   52.575254] INBOUND        : 6, 3333, 49290, 192.168.56.101, 10.0.2.15, 0010
[   52.575286] OUTBOUND       : 6, 49290, 3333, 10.0.2.15, 192.168.56.101, 0010
[   52.575327] INBOUND        : 6, 3333, 49290, 192.168.56.101, 10.0.2.15, 0010
[   52.575344] OUTBOUND       : 6, 49290, 3333, 10.0.2.15, 192.168.56.101, 0010
[   52.576104] INBOUND        : 6, 4444, 46190, 192.168.56.101, 10.0.2.15, 0010
[   52.576113] DROP(INBOUND)  : 6, 1111, 55300, 192.168.56.101, 10.0.2.15, 1010
[   52.576115] INBOUND        : 6, 4444, 46190, 192.168.56.101, 10.0.2.15, 0010
[   52.576117] DROP(INBOUND)  : 6, 1111, 55300, 192.168.56.101, 10.0.2.15, 1010
[   52.576132] OUTBOUND       : 6, 46190, 4444, 10.0.2.15, 192.168.56.101, 0010
[   52.576143] OUTBOUND       : 6, 46190, 4444, 10.0.2.15, 192.168.56.101, 0010
[   52.576206] PROXY(INBOUND) : 6, 5555, 5555, 192.168.56.101, 131.1.1.1, 1010
[   52.576209] FORWARD        : 6, 5555, 45845, 192.168.56.101, 131.1.1.1, 1010
[   52.576210] OUTBOUND       : 6, 5555, 45845, 192.168.56.101, 131.1.1.1, 1010
[   52.576250] PROXY(INBOUND) : 6, 5555, 5555, 192.168.56.101, 131.1.1.1, 1010
[   52.576253] FORWARD        : 6, 5555, 45845, 192.168.56.101, 131.1.1.1, 1010
[   52.576254] OUTBOUND       : 6, 5555, 45845, 192.168.56.101, 131.1.1.1, 1010
[   52.578922] INBOUND        : 6, 4444, 46190, 192.168.56.101, 10.0.2.15, 0010
[   52.578948] DROP(INBOUND)  : 6, 1111, 55300, 192.168.56.101, 10.0.2.15, 1010
[   52.578971] OUTBOUND       : 6, 46190, 4444, 10.0.2.15, 192.168.56.101, 0010
[   52.579032] INBOUND        : 6, 3333, 49290, 192.168.56.101, 10.0.2.15, 0010
[   52.579051] PROXY(INBOUND) : 6, 5555, 5555, 192.168.56.101, 131.1.1.1, 1010
[   52.579061] FORWARD        : 6, 5555, 45845, 192.168.56.101, 131.1.1.1, 1010
[   52.579088] OUTBOUND       : 6, 5555, 45845, 192.168.56.101, 131.1.1.1, 1010
[   52.579106] INBOUND        : 6, 4444, 46190, 192.168.56.101, 10.0.2.15, 0010
[   52.579122] DROP(INBOUND)  : 6, 1111, 55300, 192.168.56.101, 10.0.2.15, 1010
[   52.579150] INBOUND        : 6, 3333, 49290, 192.168.56.101, 10.0.2.15, 0010
[   52.579157] PROXY(INBOUND) : 6, 5555, 5555, 192.168.56.101, 131.1.1.1, 1010
[   52.579159] OUTBOUND       : 6, 46190, 4444, 10.0.2.15, 192.168.56.101, 0010
[   52.579169] FORWARD        : 6, 5555, 45845, 192.168.56.101, 131.1.1.1, 1010
[   52.579179] OUTBOUND       : 6, 5555, 45845, 192.168.56.101, 131.1.1.1, 1010
[   52.579240] OUTBOUND       : 6, 49290, 3333, 10.0.2.15, 192.168.56.101, 0010
[   52.579287] OUTBOUND       : 6, 49290, 3333, 10.0.2.15, 192.168.56.101, 0010
[   52.581871] INBOUND        : 6, 4444, 46190, 192.168.56.101, 10.0.2.15, 0010
[   52.581880] DROP(INBOUND)  : 6, 1111, 55300, 192.168.56.101, 10.0.2.15, 1010
[   52.581883] INBOUND        : 6, 3333, 49290, 192.168.56.101, 10.0.2.15, 0010
[   52.581896] OUTBOUND       : 6, 46190, 4444, 10.0.2.15, 192.168.56.101, 0010
[   52.581923] OUTBOUND       : 6, 49290, 3333, 10.0.2.15, 192.168.56.101, 0010
[   52.581935] INBOUND        : 6, 4444, 46190, 192.168.56.101, 10.0.2.15, 0010
[   52.581942] DROP(INBOUND)  : 6, 1111, 55300, 192.168.56.101, 10.0.2.15, 1010
[   52.581944] INBOUND        : 6, 3333, 49290, 192.168.56.101, 10.0.2.15, 0010
[   52.581956] OUTBOUND       : 6, 49290, 3333, 10.0.2.15, 192.168.56.101, 0010
[   52.581961] OUTBOUND       : 6, 46190, 4444, 10.0.2.15, 192.168.56.101, 0010
[   52.582017] PROXY(INBOUND) : 6, 5555, 5555, 192.168.56.101, 131.1.1.1, 1010
[   52.582021] FORWARD        : 6, 5555, 45845, 192.168.56.101, 131.1.1.1, 1010
[   52.582022] OUTBOUND       : 6, 5555, 45845, 192.168.56.101, 131.1.1.1, 1010
[   52.582093] PROXY(INBOUND) : 6, 5555, 5555, 192.168.56.101, 131.1.1.1, 1010
[   52.582097] FORWARD        : 6, 5555, 45845, 192.168.56.101, 131.1.1.1, 1010
[   52.582098] OUTBOUND       : 6, 5555, 45845, 192.168.56.101, 131.1.1.1, 1010
[   52.583817] DROP(INBOUND)  : 6, 1111, 55300, 192.168.56.101, 10.0.2.15, 1010
[   52.583879] DROP(INBOUND)  : 6, 1111, 55300, 192.168.56.101, 10.0.2.15, 1010
[   52.583977] PROXY(INBOUND) : 6, 5555, 5555, 192.168.56.101, 131.1.1.1, 1010
[   52.583980] FORWARD        : 6, 5555, 45845, 192.168.56.101, 131.1.1.1, 1010
[   52.583981] OUTBOUND       : 6, 5555, 45845, 192.168.56.101, 131.1.1.1, 1010
[   52.584011] PROXY(INBOUND) : 6, 5555, 5555, 192.168.56.101, 131.1.1.1, 1010
[   52.584014] FORWARD        : 6, 5555, 45845, 192.168.56.101, 131.1.1.1, 1010
[   52.584015] OUTBOUND       : 6, 5555, 45845, 192.168.56.101, 131.1.1.1, 1010
[   52.584109] INBOUND        : 6, 4444, 46190, 192.168.56.101, 10.0.2.15, 0010
[   52.584138] OUTBOUND       : 6, 46190, 4444, 10.0.2.15, 192.168.56.101, 0010
[   52.584233] INBOUND        : 6, 4444, 46190, 192.168.56.101, 10.0.2.15, 0010
[   52.584255] OUTBOUND       : 6, 46190, 4444, 10.0.2.15, 192.168.56.101, 0010
[   52.584679] INBOUND        : 6, 3333, 49290, 192.168.56.101, 10.0.2.15, 0010
[   52.584695] OUTBOUND       : 6, 49290, 3333, 10.0.2.15, 192.168.56.101, 0010
[   52.584733] INBOUND        : 6, 3333, 49290, 192.168.56.101, 10.0.2.15, 0010
[   52.584761] OUTBOUND       : 6, 49290, 3333, 10.0.2.15, 192.168.56.101, 0010
[   52.585767] INBOUND        : 6, 4444, 46190, 192.168.56.101, 10.0.2.15, 0010
[   52.585778] DROP(INBOUND)  : 6, 1111, 55300, 192.168.56.101, 10.0.2.15, 1010
[   52.585791] OUTBOUND       : 6, 46190, 4444, 10.0.2.15, 192.168.56.101, 0010
[   52.585831] INBOUND        : 6, 4444, 46190, 192.168.56.101, 10.0.2.15, 0010
[   52.585837] DROP(INBOUND)  : 6, 1111, 55300, 192.168.56.101, 10.0.2.15, 1010
[   52.585850] OUTBOUND       : 6, 46190, 4444, 10.0.2.15, 192.168.56.101, 0010
[   52.588526] PROXY(INBOUND) : 6, 5555, 5555, 192.168.56.101, 131.1.1.1, 1010
[   52.588541] FORWARD        : 6, 5555, 45845, 192.168.56.101, 131.1.1.1, 1010
[   52.588549] OUTBOUND       : 6, 5555, 45845, 192.168.56.101, 131.1.1.1, 1010
[   52.588566] INBOUND        : 6, 3333, 49290, 192.168.56.101, 10.0.2.15, 0010
[   52.588578] INBOUND        : 6, 4444, 46190, 192.168.56.101, 10.0.2.15, 0010
[   52.588616] OUTBOUND       : 6, 46190, 4444, 10.0.2.15, 192.168.56.101, 0010
[   52.588637] INBOUND        : 6, 4444, 46190, 192.168.56.101, 10.0.2.15, 0010
[   52.588650] OUTBOUND       : 6, 46190, 4444, 10.0.2.15, 192.168.56.101, 0010
[   52.588656] OUTBOUND       : 6, 49290, 3333, 10.0.2.15, 192.168.56.101, 0010
[   52.588692] DROP(INBOUND)  : 6, 1111, 55300, 192.168.56.101, 10.0.2.15, 1010
[   52.588775] DROP(INBOUND)  : 6, 1111, 55300, 192.168.56.101, 10.0.2.15, 1010
[   52.588882] INBOUND        : 6, 3333, 49290, 192.168.56.101, 10.0.2.15, 0010
[   52.588898] OUTBOUND       : 6, 49290, 3333, 10.0.2.15, 192.168.56.101, 0010
[   52.588948] INBOUND        : 6, 3333, 49290, 192.168.56.101, 10.0.2.15, 0010
[   52.588964] OUTBOUND       : 6, 49290, 3333, 10.0.2.15, 192.168.56.101, 0010
[   52.589609] PROXY(INBOUND) : 6, 5555, 5555, 192.168.56.101, 131.1.1.1, 1010
[   52.589612] FORWARD        : 6, 5555, 45845, 192.168.56.101, 131.1.1.1, 1010
[   52.589614] OUTBOUND       : 6, 5555, 45845, 192.168.56.101, 131.1.1.1, 1010
[   52.589655] PROXY(INBOUND) : 6, 5555, 5555, 192.168.56.101, 131.1.1.1, 1010
[   52.589657] FORWARD        : 6, 5555, 45845, 192.168.56.101, 131.1.1.1, 1010
[   52.589658] OUTBOUND       : 6, 5555, 45845, 192.168.56.101, 131.1.1.1, 1010
[   52.626784] INBOUND        : 6, 4444, 46190, 192.168.56.101, 10.0.2.15, 0010
[   52.626809] INBOUND        : 6, 4444, 46190, 192.168.56.101, 10.0.2.15, 0010
[   52.626816] DROP(INBOUND)  : 6, 1111, 55300, 192.168.56.101, 10.0.2.15, 1010
[   52.626822] DROP(INBOUND)  : 6, 1111, 55300, 192.168.56.101, 10.0.2.15, 1010
[   52.626832] INBOUND        : 6, 3333, 49290, 192.168.56.101, 10.0.2.15, 0010
[   52.626838] OUTBOUND       : 6, 46190, 4444, 10.0.2.15, 192.168.56.101, 0010
[   52.626840] INBOUND        : 6, 3333, 49290, 192.168.56.101, 10.0.2.15, 0010
[   52.626842] INBOUND        : 6, 4444, 46190, 192.168.56.101, 10.0.2.15, 0010
[   52.626848] INBOUND        : 6, 4444, 46190, 192.168.56.101, 10.0.2.15, 0010
[   52.626854] PROXY(INBOUND) : 6, 5555, 5555, 192.168.56.101, 131.1.1.1, 1010
[   52.626862] FORWARD        : 6, 5555, 45845, 192.168.56.101, 131.1.1.1, 1010
[   52.626864] OUTBOUND       : 6, 46190, 4444, 10.0.2.15, 192.168.56.101, 0010
[   52.626872] OUTBOUND       : 6, 5555, 45845, 192.168.56.101, 131.1.1.1, 1010
[   52.626875] OUTBOUND       : 6, 46190, 4444, 10.0.2.15, 192.168.56.101, 0010
[   52.626879] PROXY(INBOUND) : 6, 5555, 5555, 192.168.56.101, 131.1.1.1, 1010
[   52.626885] FORWARD        : 6, 5555, 45845, 192.168.56.101, 131.1.1.1, 1010
[   52.626889] OUTBOUND       : 6, 46190, 4444, 10.0.2.15, 192.168.56.101, 0010
[   52.626890] OUTBOUND       : 6, 5555, 45845, 192.168.56.101, 131.1.1.1, 1010
[   52.626906] DROP(INBOUND)  : 6, 1111, 55300, 192.168.56.101, 10.0.2.15, 1010
[   52.626914] DROP(INBOUND)  : 6, 1111, 55300, 192.168.56.101, 10.0.2.15, 1010
[   52.626926] INBOUND        : 6, 3333, 49290, 192.168.56.101, 10.0.2.15, 0010
[   52.626933] INBOUND        : 6, 3333, 49290, 192.168.56.101, 10.0.2.15, 0010
[   52.626943] INBOUND        : 6, 4444, 46190, 192.168.56.101, 10.0.2.15, 0010
[   52.626952] PROXY(INBOUND) : 6, 5555, 5555, 192.168.56.101, 131.1.1.1, 1010
[   52.626958] FORWARD        : 6, 5555, 45845, 192.168.56.101, 131.1.1.1, 1010
[   52.626965] OUTBOUND       : 6, 5555, 45845, 192.168.56.101, 131.1.1.1, 1010
[   52.626979] INBOUND        : 6, 4444, 46190, 192.168.56.101, 10.0.2.15, 0010
[   52.626993] PROXY(INBOUND) : 6, 5555, 5555, 192.168.56.101, 131.1.1.1, 1010
[   52.626999] FORWARD        : 6, 5555, 45845, 192.168.56.101, 131.1.1.1, 1010
[   52.627005] OUTBOUND       : 6, 5555, 45845, 192.168.56.101, 131.1.1.1, 1010
[   52.627019] DROP(INBOUND)  : 6, 1111, 55300, 192.168.56.101, 10.0.2.15, 1010
[   52.627027] DROP(INBOUND)  : 6, 1111, 55300, 192.168.56.101, 10.0.2.15, 1010
[   52.627033] INBOUND        : 6, 3333, 49290, 192.168.56.101, 10.0.2.15, 0010
[   52.627039] PROXY(INBOUND) : 6, 5555, 5555, 192.168.56.101, 131.1.1.1, 1010
[   52.627048] FORWARD        : 6, 5555, 45845, 192.168.56.101, 131.1.1.1, 1010
[   52.627057] OUTBOUND       : 6, 5555, 45845, 192.168.56.101, 131.1.1.1, 1010
[   52.627069] INBOUND        : 6, 3333, 49290, 192.168.56.101, 10.0.2.15, 0010
[   52.627078] PROXY(INBOUND) : 6, 5555, 5555, 192.168.56.101, 131.1.1.1, 1010
[   52.627085] FORWARD        : 6, 5555, 45845, 192.168.56.101, 131.1.1.1, 1010
[   52.627091] OUTBOUND       : 6, 5555, 45845, 192.168.56.101, 131.1.1.1, 1010
[   52.627101] INBOUND        : 6, 4444, 46190, 192.168.56.101, 10.0.2.15, 0010
[   52.627117] INBOUND        : 6, 4444, 46190, 192.168.56.101, 10.0.2.15, 0010
[   52.627121] OUTBOUND       : 6, 46190, 4444, 10.0.2.15, 192.168.56.101, 0010
[   52.627124] DROP(INBOUND)  : 6, 1111, 55300, 192.168.56.101, 10.0.2.15, 1010
[   52.627132] DROP(INBOUND)  : 6, 1111, 55300, 192.168.56.101, 10.0.2.15, 1010
[   52.627136] OUTBOUND       : 6, 46190, 4444, 10.0.2.15, 192.168.56.101, 0010
[   52.627143] OUTBOUND       : 6, 46190, 4444, 10.0.2.15, 192.168.56.101, 0010
[   52.627145] INBOUND        : 6, 3333, 49290, 192.168.56.101, 10.0.2.15, 0010
[   52.627158] PROXY(INBOUND) : 6, 5555, 5555, 192.168.56.101, 131.1.1.1, 1010
[   52.627164] FORWARD        : 6, 5555, 45845, 192.168.56.101, 131.1.1.1, 1010
[   52.627170] OUTBOUND       : 6, 5555, 45845, 192.168.56.101, 131.1.1.1, 1010
[   52.627186] INBOUND        : 6, 3333, 49290, 192.168.56.101, 10.0.2.15, 0010
[   52.627199] PROXY(INBOUND) : 6, 5555, 5555, 192.168.56.101, 131.1.1.1, 1010
[   52.627212] FORWARD        : 6, 5555, 45845, 192.168.56.101, 131.1.1.1, 1010
[   52.627217] OUTBOUND       : 6, 5555, 45845, 192.168.56.101, 131.1.1.1, 1010
[   52.627229] INBOUND        : 6, 4444, 46190, 192.168.56.101, 10.0.2.15, 0010
[   52.627243] INBOUND        : 6, 4444, 46190, 192.168.56.101, 10.0.2.15, 0010
[   52.627256] DROP(INBOUND)  : 6, 1111, 55300, 192.168.56.101, 10.0.2.15, 1010
[   52.627257] OUTBOUND       : 6, 46190, 4444, 10.0.2.15, 192.168.56.101, 0010
[   52.627266] DROP(INBOUND)  : 6, 1111, 55300, 192.168.56.101, 10.0.2.15, 1010
[   52.627271] OUTBOUND       : 6, 46190, 4444, 10.0.2.15, 192.168.56.101, 0010
[   52.627274] PROXY(INBOUND) : 6, 5555, 5555, 192.168.56.101, 131.1.1.1, 1010
[   52.627277] FORWARD        : 6, 5555, 45845, 192.168.56.101, 131.1.1.1, 1010
[   52.627279] OUTBOUND       : 6, 5555, 45845, 192.168.56.101, 131.1.1.1, 1010
[   52.627295] PROXY(INBOUND) : 6, 5555, 5555, 192.168.56.101, 131.1.1.1, 1010
[   52.627305] FORWARD        : 6, 5555, 45845, 192.168.56.101, 131.1.1.1, 1010
[   52.627311] OUTBOUND       : 6, 5555, 45845, 192.168.56.101, 131.1.1.1, 1010
[   52.627329] INBOUND        : 6, 3333, 49290, 192.168.56.101, 10.0.2.15, 0010
[   52.627337] INBOUND        : 6, 3333, 49290, 192.168.56.101, 10.0.2.15, 0010
[   52.627347] INBOUND        : 6, 4444, 46190, 192.168.56.101, 10.0.2.15, 0010
[   52.627357] INBOUND        : 6, 4444, 46190, 192.168.56.101, 10.0.2.15, 0010
[   52.627365] DROP(INBOUND)  : 6, 1111, 55300, 192.168.56.101, 10.0.2.15, 1010
[   52.627373] OUTBOUND       : 6, 46190, 4444, 10.0.2.15, 192.168.56.101, 0010
[   52.627375] DROP(INBOUND)  : 6, 1111, 55300, 192.168.56.101, 10.0.2.15, 1010
[   52.627379] OUTBOUND       : 6, 46190, 4444, 10.0.2.15, 192.168.56.101, 0010
[   52.627383] PROXY(INBOUND) : 6, 5555, 5555, 192.168.56.101, 131.1.1.1, 1010
[   52.627391] FORWARD        : 6, 5555, 45845, 192.168.56.101, 131.1.1.1, 1010
[   52.627400] OUTBOUND       : 6, 5555, 45845, 192.168.56.101, 131.1.1.1, 1010
[   52.627411] PROXY(INBOUND) : 6, 5555, 5555, 192.168.56.101, 131.1.1.1, 1010
[   52.627419] FORWARD        : 6, 5555, 45845, 192.168.56.101, 131.1.1.1, 1010
[   52.627424] OUTBOUND       : 6, 5555, 45845, 192.168.56.101, 131.1.1.1, 1010
[   52.627430] INBOUND        : 6, 4444, 46190, 192.168.56.101, 10.0.2.15, 0010
[   52.627443] INBOUND        : 6, 3333, 49290, 192.168.56.101, 10.0.2.15, 0010
[   52.627454] INBOUND        : 6, 4444, 46190, 192.168.56.101, 10.0.2.15, 0010
[   52.627456] OUTBOUND       : 6, 46190, 4444, 10.0.2.15, 192.168.56.101, 0010
[   52.627464] INBOUND        : 6, 3333, 49290, 192.168.56.101, 10.0.2.15, 0010
[   52.627470] OUTBOUND       : 6, 46190, 4444, 10.0.2.15, 192.168.56.101, 0010
[   52.627471] DROP(INBOUND)  : 6, 1111, 55300, 192.168.56.101, 10.0.2.15, 1010
[   52.627492] OUTBOUND       : 6, 49290, 3333, 10.0.2.15, 192.168.56.101, 0010
[   52.627493] PROXY(INBOUND) : 6, 5555, 5555, 192.168.56.101, 131.1.1.1, 1010
[   52.627495] FORWARD        : 6, 5555, 45845, 192.168.56.101, 131.1.1.1, 1010
[   52.627496] OUTBOUND       : 6, 5555, 45845, 192.168.56.101, 131.1.1.1, 1010
[   52.627501] OUTBOUND       : 6, 49290, 3333, 10.0.2.15, 192.168.56.101, 0010
[   52.627504] OUTBOUND       : 6, 49290, 3333, 10.0.2.15, 192.168.56.101, 0010
[   52.627508] OUTBOUND       : 6, 49290, 3333, 10.0.2.15, 192.168.56.101, 0010
[   52.627522] OUTBOUND       : 6, 49290, 3333, 10.0.2.15, 192.168.56.101, 0010
[   52.627526] OUTBOUND       : 6, 49290, 3333, 10.0.2.15, 192.168.56.101, 0010
[   52.627540] DROP(INBOUND)  : 6, 1111, 55300, 192.168.56.101, 10.0.2.15, 1010
[   52.627543] PROXY(INBOUND) : 6, 5555, 5555, 192.168.56.101, 131.1.1.1, 1010
[   52.627546] FORWARD        : 6, 5555, 45845, 192.168.56.101, 131.1.1.1, 1010
[   52.627548] OUTBOUND       : 6, 5555, 45845, 192.168.56.101, 131.1.1.1, 1010
[   52.627558] INBOUND        : 6, 4444, 46190, 192.168.56.101, 10.0.2.15, 0010
[   52.627567] INBOUND        : 6, 3333, 49290, 192.168.56.101, 10.0.2.15, 0010
[   52.627571] OUTBOUND       : 6, 49290, 3333, 10.0.2.15, 192.168.56.101, 0010
[   52.627581] INBOUND        : 6, 4444, 46190, 192.168.56.101, 10.0.2.15, 0010
[   52.627583] INBOUND        : 6, 3333, 49290, 192.168.56.101, 10.0.2.15, 0010
[   52.627586] DROP(INBOUND)  : 6, 1111, 55300, 192.168.56.101, 10.0.2.15, 1010
[   52.627588] DROP(INBOUND)  : 6, 1111, 55300, 192.168.56.101, 10.0.2.15, 1010
[   52.627590] PROXY(INBOUND) : 6, 5555, 5555, 192.168.56.101, 131.1.1.1, 1010
[   52.627593] FORWARD        : 6, 5555, 45845, 192.168.56.101, 131.1.1.1, 1010
[   52.627594] OUTBOUND       : 6, 5555, 45845, 192.168.56.101, 131.1.1.1, 1010
[   52.627595] OUTBOUND       : 6, 49290, 3333, 10.0.2.15, 192.168.56.101, 0010
[   52.627598] PROXY(INBOUND) : 6, 5555, 5555, 192.168.56.101, 131.1.1.1, 1010
[   52.627600] FORWARD        : 6, 5555, 45845, 192.168.56.101, 131.1.1.1, 1010
[   52.627602] OUTBOUND       : 6, 5555, 45845, 192.168.56.101, 131.1.1.1, 1010
[   52.627606] INBOUND        : 6, 4444, 46190, 192.168.56.101, 10.0.2.15, 0010
[   52.627609] INBOUND        : 6, 4444, 46190, 192.168.56.101, 10.0.2.15, 0010
[   52.627617] INBOUND        : 6, 3333, 49290, 192.168.56.101, 10.0.2.15, 0010
[   52.627620] OUTBOUND       : 6, 49290, 3333, 10.0.2.15, 192.168.56.101, 0010
[   52.627630] DROP(INBOUND)  : 6, 1111, 55300, 192.168.56.101, 10.0.2.15, 1010
[   52.627632] DROP(INBOUND)  : 6, 1111, 55300, 192.168.56.101, 10.0.2.15, 1010
[   52.627635] PROXY(INBOUND) : 6, 5555, 5555, 192.168.56.101, 131.1.1.1, 1010
[   52.627637] FORWARD        : 6, 5555, 45845, 192.168.56.101, 131.1.1.1, 1010
[   52.627639] OUTBOUND       : 6, 5555, 45845, 192.168.56.101, 131.1.1.1, 1010
[   52.627640] OUTBOUND       : 6, 46190, 4444, 10.0.2.15, 192.168.56.101, 0010
[   52.627643] PROXY(INBOUND) : 6, 5555, 5555, 192.168.56.101, 131.1.1.1, 1010
[   52.627645] FORWARD        : 6, 5555, 45845, 192.168.56.101, 131.1.1.1, 1010
[   52.627646] OUTBOUND       : 6, 5555, 45845, 192.168.56.101, 131.1.1.1, 1010
[   52.627650] INBOUND        : 6, 4444, 46190, 192.168.56.101, 10.0.2.15, 0010
[   52.627653] INBOUND        : 6, 3333, 49290, 192.168.56.101, 10.0.2.15, 0010
[   52.627656] OUTBOUND       : 6, 46190, 4444, 10.0.2.15, 192.168.56.101, 0010
[   52.627661] INBOUND        : 6, 4444, 46190, 192.168.56.101, 10.0.2.15, 0010
[   52.627664] INBOUND        : 6, 3333, 49290, 192.168.56.101, 10.0.2.15, 0010
[   52.627666] DROP(INBOUND)  : 6, 1111, 55300, 192.168.56.101, 10.0.2.15, 1010
[   52.627668] PROXY(INBOUND) : 6, 5555, 5555, 192.168.56.101, 131.1.1.1, 1010
[   52.627670] FORWARD        : 6, 5555, 45845, 192.168.56.101, 131.1.1.1, 1010
[   52.627672] OUTBOUND       : 6, 5555, 45845, 192.168.56.101, 131.1.1.1, 1010
[   52.627674] DROP(INBOUND)  : 6, 1111, 55300, 192.168.56.101, 10.0.2.15, 1010
[   52.627676] PROXY(INBOUND) : 6, 5555, 5555, 192.168.56.101, 131.1.1.1, 1010
[   52.627678] FORWARD        : 6, 5555, 45845, 192.168.56.101, 131.1.1.1, 1010
[   52.627680] OUTBOUND       : 6, 5555, 45845, 192.168.56.101, 131.1.1.1, 1010
[   52.627690] INBOUND        : 6, 4444, 46190, 192.168.56.101, 10.0.2.15, 0010
[   52.627692] INBOUND        : 6, 4444, 46190, 192.168.56.101, 10.0.2.15, 0010
[   52.627694] OUTBOUND       : 6, 46190, 4444, 10.0.2.15, 192.168.56.101, 0010
[   52.627697] INBOUND        : 6, 3333, 49290, 192.168.56.101, 10.0.2.15, 0010
[   52.627700] INBOUND        : 6, 3333, 49290, 192.168.56.101, 10.0.2.15, 0010
[   52.627701] OUTBOUND       : 6, 46190, 4444, 10.0.2.15, 192.168.56.101, 0010
[   52.627704] PROXY(INBOUND) : 6, 5555, 5555, 192.168.56.101, 131.1.1.1, 1010
[   52.627706] FORWARD        : 6, 5555, 45845, 192.168.56.101, 131.1.1.1, 1010
[   52.627708] OUTBOUND       : 6, 5555, 45845, 192.168.56.101, 131.1.1.1, 1010
[   52.627709] OUTBOUND       : 6, 46190, 4444, 10.0.2.15, 192.168.56.101, 0010
[   52.627712] PROXY(INBOUND) : 6, 5555, 5555, 192.168.56.101, 131.1.1.1, 1010
[   52.627715] FORWARD        : 6, 5555, 45845, 192.168.56.101, 131.1.1.1, 1010
[   52.627717] OUTBOUND       : 6, 5555, 45845, 192.168.56.101, 131.1.1.1, 1010
[   52.627719] DROP(INBOUND)  : 6, 1111, 55300, 192.168.56.101, 10.0.2.15, 1010
[   52.627721] DROP(INBOUND)  : 6, 1111, 55300, 192.168.56.101, 10.0.2.15, 1010
[   52.627724] INBOUND        : 6, 3333, 49290, 192.168.56.101, 10.0.2.15, 0010
[   52.627727] INBOUND        : 6, 4444, 46190, 192.168.56.101, 10.0.2.15, 0010
[   52.627731] OUTBOUND       : 6, 46190, 4444, 10.0.2.15, 192.168.56.101, 0010
[   52.627741] INBOUND        : 6, 3333, 49290, 192.168.56.101, 10.0.2.15, 0010
[   52.627744] INBOUND        : 6, 4444, 46190, 192.168.56.101, 10.0.2.15, 0010
[   52.627749] OUTBOUND       : 6, 46190, 4444, 10.0.2.15, 192.168.56.101, 0010
[   52.627751] PROXY(INBOUND) : 6, 5555, 5555, 192.168.56.101, 131.1.1.1, 1010
[   52.627753] FORWARD        : 6, 5555, 45845, 192.168.56.101, 131.1.1.1, 1010
[   52.627755] OUTBOUND       : 6, 5555, 45845, 192.168.56.101, 131.1.1.1, 1010
[   52.627757] PROXY(INBOUND) : 6, 5555, 5555, 192.168.56.101, 131.1.1.1, 1010
[   52.627759] FORWARD        : 6, 5555, 45845, 192.168.56.101, 131.1.1.1, 1010
[   52.627761] OUTBOUND       : 6, 5555, 45845, 192.168.56.101, 131.1.1.1, 1010
[   52.627769] DROP(INBOUND)  : 6, 1111, 55300, 192.168.56.101, 10.0.2.15, 1010
[   52.627771] DROP(INBOUND)  : 6, 1111, 55300, 192.168.56.101, 10.0.2.15, 1010
[   52.627775] INBOUND        : 6, 3333, 49290, 192.168.56.101, 10.0.2.15, 0010
[   52.627777] INBOUND        : 6, 3333, 49290, 192.168.56.101, 10.0.2.15, 0010
[   52.627781] INBOUND        : 6, 4444, 46190, 192.168.56.101, 10.0.2.15, 0010
[   52.627782] OUTBOUND       : 6, 49290, 3333, 10.0.2.15, 192.168.56.101, 0010
[   52.627789] DROP(INBOUND)  : 6, 1111, 55300, 192.168.56.101, 10.0.2.15, 1010
[   52.627791] PROXY(INBOUND) : 6, 5555, 5555, 192.168.56.101, 131.1.1.1, 1010
[   52.627793] FORWARD        : 6, 5555, 45845, 192.168.56.101, 131.1.1.1, 1010
[   52.627794] OUTBOUND       : 6, 49290, 3333, 10.0.2.15, 192.168.56.101, 0010
[   52.627796] OUTBOUND       : 6, 5555, 45845, 192.168.56.101, 131.1.1.1, 1010
[   52.627797] OUTBOUND       : 6, 49290, 3333, 10.0.2.15, 192.168.56.101, 0010
[   52.627800] OUTBOUND       : 6, 49290, 3333, 10.0.2.15, 192.168.56.101, 0010
[   52.627801] INBOUND        : 6, 4444, 46190, 192.168.56.101, 10.0.2.15, 0010
[   52.627803] DROP(INBOUND)  : 6, 1111, 55300, 192.168.56.101, 10.0.2.15, 1010
[   52.627805] PROXY(INBOUND) : 6, 5555, 5555, 192.168.56.101, 131.1.1.1, 1010
[   52.627807] FORWARD        : 6, 5555, 45845, 192.168.56.101, 131.1.1.1, 1010
[   52.627809] OUTBOUND       : 6, 5555, 45845, 192.168.56.101, 131.1.1.1, 1010
[   52.627822] OUTBOUND       : 6, 49290, 3333, 10.0.2.15, 192.168.56.101, 0010
[   52.627838] OUTBOUND       : 6, 46190, 4444, 10.0.2.15, 192.168.56.101, 0010
[   52.627842] OUTBOUND       : 6, 46190, 4444, 10.0.2.15, 192.168.56.101, 0010
[   52.628659] INBOUND        : 6, 3333, 49290, 192.168.56.101, 10.0.2.15, 0010
[   52.628676] INBOUND        : 6, 4444, 46190, 192.168.56.101, 10.0.2.15, 0010
[   52.628682] INBOUND        : 6, 4444, 46190, 192.168.56.101, 10.0.2.15, 0010
[   52.628684] INBOUND        : 6, 3333, 49290, 192.168.56.101, 10.0.2.15, 0010
[   52.628723] OUTBOUND       : 6, 46190, 4444, 10.0.2.15, 192.168.56.101, 0010
[   52.628728] OUTBOUND       : 6, 46190, 4444, 10.0.2.15, 192.168.56.101, 0010
[   52.628780] OUTBOUND       : 6, 49290, 3333, 10.0.2.15, 192.168.56.101, 0010
[   52.628793] OUTBOUND       : 6, 49290, 3333, 10.0.2.15, 192.168.56.101, 0010
[   52.630263] PROXY(INBOUND) : 6, 5555, 5555, 192.168.56.101, 131.1.1.1, 1010
[   52.630267] FORWARD        : 6, 5555, 45845, 192.168.56.101, 131.1.1.1, 1010
[   52.630271] OUTBOUND       : 6, 5555, 45845, 192.168.56.101, 131.1.1.1, 1010
[   52.630284] PROXY(INBOUND) : 6, 5555, 5555, 192.168.56.101, 131.1.1.1, 1010
[   52.630289] FORWARD        : 6, 5555, 45845, 192.168.56.101, 131.1.1.1, 1010
[   52.630316] OUTBOUND       : 6, 5555, 45845, 192.168.56.101, 131.1.1.1, 1010
[   52.630325] DROP(INBOUND)  : 6, 1111, 55300, 192.168.56.101, 10.0.2.15, 1010
[   52.630331] INBOUND        : 6, 4444, 46190, 192.168.56.101, 10.0.2.15, 0010
[   52.630344] DROP(INBOUND)  : 6, 1111, 55300, 192.168.56.101, 10.0.2.15, 1010
[   52.630349] INBOUND        : 6, 4444, 46190, 192.168.56.101, 10.0.2.15, 0010
[   52.630379] OUTBOUND       : 6, 46190, 4444, 10.0.2.15, 192.168.56.101, 0010
[   52.630391] OUTBOUND       : 6, 46190, 4444, 10.0.2.15, 192.168.56.101, 0010
[   52.631271] INBOUND        : 6, 3333, 49290, 192.168.56.101, 10.0.2.15, 0010
[   52.631297] OUTBOUND       : 6, 49290, 3333, 10.0.2.15, 192.168.56.101, 0010
[   52.631424] INBOUND        : 6, 3333, 49290, 192.168.56.101, 10.0.2.15, 0010
[   52.631433] PROXY(INBOUND) : 6, 5555, 5555, 192.168.56.101, 131.1.1.1, 1010
[   52.631436] FORWARD        : 6, 5555, 45845, 192.168.56.101, 131.1.1.1, 1010
[   52.631437] OUTBOUND       : 6, 5555, 45845, 192.168.56.101, 131.1.1.1, 1010
[   52.631468] OUTBOUND       : 6, 49290, 3333, 10.0.2.15, 192.168.56.101, 0010
[   52.631707] PROXY(INBOUND) : 6, 5555, 5555, 192.168.56.101, 131.1.1.1, 1010
[   52.631711] FORWARD        : 6, 5555, 45845, 192.168.56.101, 131.1.1.1, 1010
[   52.631712] OUTBOUND       : 6, 5555, 45845, 192.168.56.101, 131.1.1.1, 1010
[   52.631856] DROP(INBOUND)  : 6, 1111, 55300, 192.168.56.101, 10.0.2.15, 1010
[   52.631891] DROP(INBOUND)  : 6, 1111, 55300, 192.168.56.101, 10.0.2.15, 1010
[   52.633361] INBOUND        : 6, 3333, 49290, 192.168.56.101, 10.0.2.15, 0010
[   52.633384] OUTBOUND       : 6, 49290, 3333, 10.0.2.15, 192.168.56.101, 0010
[   52.633403] INBOUND        : 6, 3333, 49290, 192.168.56.101, 10.0.2.15, 0010
[   52.633420] OUTBOUND       : 6, 49290, 3333, 10.0.2.15, 192.168.56.101, 0010
[   52.633704] DROP(INBOUND)  : 6, 1111, 55300, 192.168.56.101, 10.0.2.15, 1010
[   52.633708] INBOUND        : 6, 4444, 46190, 192.168.56.101, 10.0.2.15, 0010
[   52.633731] OUTBOUND       : 6, 46190, 4444, 10.0.2.15, 192.168.56.101, 0010
[   52.633800] INBOUND        : 6, 4444, 46190, 192.168.56.101, 10.0.2.15, 0010
[   52.633838] OUTBOUND       : 6, 46190, 4444, 10.0.2.15, 192.168.56.101, 0010
[   52.636248] INBOUND        : 6, 3333, 49290, 192.168.56.101, 10.0.2.15, 0010
[   52.636271] PROXY(INBOUND) : 6, 5555, 5555, 192.168.56.101, 131.1.1.1, 1010
[   52.636277] FORWARD        : 6, 5555, 45845, 192.168.56.101, 131.1.1.1, 1010
[   52.636286] OUTBOUND       : 6, 5555, 45845, 192.168.56.101, 131.1.1.1, 1010
[   52.636301] INBOUND        : 6, 4444, 46190, 192.168.56.101, 10.0.2.15, 0010
[   52.636305] OUTBOUND       : 6, 49290, 3333, 10.0.2.15, 192.168.56.101, 0010
[   52.636354] INBOUND        : 6, 3333, 49290, 192.168.56.101, 10.0.2.15, 0010
[   52.636366] INBOUND        : 6, 4444, 46190, 192.168.56.101, 10.0.2.15, 0010
[   52.636377] OUTBOUND       : 6, 46190, 4444, 10.0.2.15, 192.168.56.101, 0010
[   52.636397] OUTBOUND       : 6, 49290, 3333, 10.0.2.15, 192.168.56.101, 0010
[   52.636410] PROXY(INBOUND) : 6, 5555, 5555, 192.168.56.101, 131.1.1.1, 1010
[   52.636413] OUTBOUND       : 6, 46190, 4444, 10.0.2.15, 192.168.56.101, 0010
[   52.636420] FORWARD        : 6, 5555, 45845, 192.168.56.101, 131.1.1.1, 1010
[   52.636426] OUTBOUND       : 6, 5555, 45845, 192.168.56.101, 131.1.1.1, 1010
[   52.638569] INBOUND        : 6, 4444, 46190, 192.168.56.101, 10.0.2.15, 0010
[   52.638589] PROXY(INBOUND) : 6, 5555, 5555, 192.168.56.101, 131.1.1.1, 1010
[   52.638599] FORWARD        : 6, 5555, 45845, 192.168.56.101, 131.1.1.1, 1010
[   52.638606] OUTBOUND       : 6, 5555, 45845, 192.168.56.101, 131.1.1.1, 1010
[   52.638624] INBOUND        : 6, 4444, 46190, 192.168.56.101, 10.0.2.15, 0010
[   52.638646] OUTBOUND       : 6, 46190, 4444, 10.0.2.15, 192.168.56.101, 0010
[   52.638714] OUTBOUND       : 6, 46190, 4444, 10.0.2.15, 192.168.56.101, 0010
[   52.638716] PROXY(INBOUND) : 6, 5555, 5555, 192.168.56.101, 131.1.1.1, 1010
[   52.638719] FORWARD        : 6, 5555, 45845, 192.168.56.101, 131.1.1.1, 1010
[   52.638744] OUTBOUND       : 6, 5555, 45845, 192.168.56.101, 131.1.1.1, 1010
[   52.640065] INBOUND        : 6, 3333, 49290, 192.168.56.101, 10.0.2.15, 0010
[   52.640152] OUTBOUND       : 6, 49290, 3333, 10.0.2.15, 192.168.56.101, 0010
[   52.640206] INBOUND        : 6, 3333, 49290, 192.168.56.101, 10.0.2.15, 0010
[   52.640234] OUTBOUND       : 6, 49290, 3333, 10.0.2.15, 192.168.56.101, 0010
[   52.640994] INBOUND        : 6, 4444, 46190, 192.168.56.101, 10.0.2.15, 0010
[   52.641021] OUTBOUND       : 6, 46190, 4444, 10.0.2.15, 192.168.56.101, 0010
[   52.641069] INBOUND        : 6, 4444, 46190, 192.168.56.101, 10.0.2.15, 0010
[   52.641104] OUTBOUND       : 6, 46190, 4444, 10.0.2.15, 192.168.56.101, 0010
[   52.642122] PROXY(INBOUND) : 6, 5555, 5555, 192.168.56.101, 131.1.1.1, 1010
[   52.642136] FORWARD        : 6, 5555, 45845, 192.168.56.101, 131.1.1.1, 1010
[   52.642143] OUTBOUND       : 6, 5555, 45845, 192.168.56.101, 131.1.1.1, 1010
[   52.642156] PROXY(INBOUND) : 6, 5555, 5555, 192.168.56.101, 131.1.1.1, 1010
[   52.642161] FORWARD        : 6, 5555, 45845, 192.168.56.101, 131.1.1.1, 1010
[   52.642166] OUTBOUND       : 6, 5555, 45845, 192.168.56.101, 131.1.1.1, 1010
[   52.642177] INBOUND        : 6, 3333, 49290, 192.168.56.101, 10.0.2.15, 0010
[   52.642211] OUTBOUND       : 6, 49290, 3333, 10.0.2.15, 192.168.56.101, 0010
[   52.642219] INBOUND        : 6, 3333, 49290, 192.168.56.101, 10.0.2.15, 0010
[   52.642254] OUTBOUND       : 6, 49290, 3333, 10.0.2.15, 192.168.56.101, 0010
[   52.643901] INBOUND        : 6, 4444, 46190, 192.168.56.101, 10.0.2.15, 0010
[   52.643921] PROXY(INBOUND) : 6, 5555, 5555, 192.168.56.101, 131.1.1.1, 1010
[   52.643927] FORWARD        : 6, 5555, 45845, 192.168.56.101, 131.1.1.1, 1010
[   52.643933] OUTBOUND       : 6, 5555, 45845, 192.168.56.101, 131.1.1.1, 1010
[   52.643946] OUTBOUND       : 6, 46190, 4444, 10.0.2.15, 192.168.56.101, 0010
[   52.643949] INBOUND        : 6, 4444, 46190, 192.168.56.101, 10.0.2.15, 0010
[   52.643966] OUTBOUND       : 6, 46190, 4444, 10.0.2.15, 192.168.56.101, 0010
[   52.643990] PROXY(INBOUND) : 6, 5555, 5555, 192.168.56.101, 131.1.1.1, 1010
[   52.643997] FORWARD        : 6, 5555, 45845, 192.168.56.101, 131.1.1.1, 1010
[   52.644003] OUTBOUND       : 6, 5555, 45845, 192.168.56.101, 131.1.1.1, 1010
[   52.644912] INBOUND        : 6, 3333, 49290, 192.168.56.101, 10.0.2.15, 0010
[   52.644950] OUTBOUND       : 6, 49290, 3333, 10.0.2.15, 192.168.56.101, 0010
[   52.645005] INBOUND        : 6, 3333, 49290, 192.168.56.101, 10.0.2.15, 0010
[   52.645039] OUTBOUND       : 6, 49290, 3333, 10.0.2.15, 192.168.56.101, 0010
[   52.646949] INBOUND        : 6, 4444, 46190, 192.168.56.101, 10.0.2.15, 0010
[   52.646966] PROXY(INBOUND) : 6, 5555, 5555, 192.168.56.101, 131.1.1.1, 1010
[   52.646973] FORWARD        : 6, 5555, 45845, 192.168.56.101, 131.1.1.1, 1010
[   52.646980] OUTBOUND       : 6, 5555, 45845, 192.168.56.101, 131.1.1.1, 1010
[   52.646994] OUTBOUND       : 6, 46190, 4444, 10.0.2.15, 192.168.56.101, 0010
[   52.646997] PROXY(INBOUND) : 6, 5555, 5555, 192.168.56.101, 131.1.1.1, 1010
[   52.646999] FORWARD        : 6, 5555, 45845, 192.168.56.101, 131.1.1.1, 1010
[   52.647007] OUTBOUND       : 6, 5555, 45845, 192.168.56.101, 131.1.1.1, 1010
[   52.647012] INBOUND        : 6, 4444, 46190, 192.168.56.101, 10.0.2.15, 0010
[   52.647030] OUTBOUND       : 6, 46190, 4444, 10.0.2.15, 192.168.56.101, 0010
[   52.647881] INBOUND        : 6, 3333, 49290, 192.168.56.101, 10.0.2.15, 0010
[   52.647923] OUTBOUND       : 6, 49290, 3333, 10.0.2.15, 192.168.56.101, 0010
[   52.647972] INBOUND        : 6, 3333, 49290, 192.168.56.101, 10.0.2.15, 0010
[   52.648006] OUTBOUND       : 6, 49290, 3333, 10.0.2.15, 192.168.56.101, 0010
[   52.648088] INBOUND        : 6, 4444, 46190, 192.168.56.101, 10.0.2.15, 0010
[   52.648118] OUTBOUND       : 6, 46190, 4444, 10.0.2.15, 192.168.56.101, 0010
[   52.648169] INBOUND        : 6, 4444, 46190, 192.168.56.101, 10.0.2.15, 0010
[   52.648194] OUTBOUND       : 6, 46190, 4444, 10.0.2.15, 192.168.56.101, 0010
[   52.648775] PROXY(INBOUND) : 6, 5555, 5555, 192.168.56.101, 131.1.1.1, 1010
[   52.648789] FORWARD        : 6, 5555, 45845, 192.168.56.101, 131.1.1.1, 1010
[   52.648795] OUTBOUND       : 6, 5555, 45845, 192.168.56.101, 131.1.1.1, 1010
[   52.648807] PROXY(INBOUND) : 6, 5555, 5555, 192.168.56.101, 131.1.1.1, 1010
[   52.648813] FORWARD        : 6, 5555, 45845, 192.168.56.101, 131.1.1.1, 1010
[   52.648821] OUTBOUND       : 6, 5555, 45845, 192.168.56.101, 131.1.1.1, 1010
[   52.648935] PROXY(INBOUND) : 6, 5555, 5555, 192.168.56.101, 131.1.1.1, 1010
[   52.648948] FORWARD        : 6, 5555, 45845, 192.168.56.101, 131.1.1.1, 1010
[   52.648953] OUTBOUND       : 6, 5555, 45845, 192.168.56.101, 131.1.1.1, 1010
[   52.650751] INBOUND        : 6, 4444, 46190, 192.168.56.101, 10.0.2.15, 0010
[   52.650773] INBOUND        : 6, 3333, 49290, 192.168.56.101, 10.0.2.15, 0010
[   52.650783] OUTBOUND       : 6, 46190, 4444, 10.0.2.15, 192.168.56.101, 0010
[   52.650784] INBOUND        : 6, 4444, 46190, 192.168.56.101, 10.0.2.15, 0010
[   52.650798] OUTBOUND       : 6, 49290, 3333, 10.0.2.15, 192.168.56.101, 0010
[   52.650804] OUTBOUND       : 6, 46190, 4444, 10.0.2.15, 192.168.56.101, 0010
[   52.650852] INBOUND        : 6, 3333, 49290, 192.168.56.101, 10.0.2.15, 0010
[   52.650889] OUTBOUND       : 6, 49290, 3333, 10.0.2.15, 192.168.56.101, 0010
[   52.651709] PROXY(INBOUND) : 6, 5555, 5555, 192.168.56.101, 131.1.1.1, 1010
[   52.651722] FORWARD        : 6, 5555, 45845, 192.168.56.101, 131.1.1.1, 1010
[   52.651727] OUTBOUND       : 6, 5555, 45845, 192.168.56.101, 131.1.1.1, 1010
[   52.653807] INBOUND        : 6, 4444, 46190, 192.168.56.101, 10.0.2.15, 0010
[   52.653825] INBOUND        : 6, 3333, 49290, 192.168.56.101, 10.0.2.15, 0010
[   52.653834] INBOUND        : 6, 4444, 46190, 192.168.56.101, 10.0.2.15, 0010
[   52.653835] OUTBOUND       : 6, 46190, 4444, 10.0.2.15, 192.168.56.101, 0010
[   52.653841] INBOUND        : 6, 3333, 49290, 192.168.56.101, 10.0.2.15, 0010
[   52.653847] OUTBOUND       : 6, 49290, 3333, 10.0.2.15, 192.168.56.101, 0010
[   52.653849] OUTBOUND       : 6, 46190, 4444, 10.0.2.15, 192.168.56.101, 0010
[   52.653853] OUTBOUND       : 6, 49290, 3333, 10.0.2.15, 192.168.56.101, 0010
[   52.656612] INBOUND        : 6, 4444, 46190, 192.168.56.101, 10.0.2.15, 0010
[   52.656643] OUTBOUND       : 6, 46190, 4444, 10.0.2.15, 192.168.56.101, 0010
[   52.656736] INBOUND        : 6, 4444, 46190, 192.168.56.101, 10.0.2.15, 0010
[   52.656808] OUTBOUND       : 6, 46190, 4444, 10.0.2.15, 192.168.56.101, 0010
[   52.656882] INBOUND        : 6, 3333, 49290, 192.168.56.101, 10.0.2.15, 0010
[   52.656898] INBOUND        : 6, 3333, 49290, 192.168.56.101, 10.0.2.15, 0010
[   52.656973] OUTBOUND       : 6, 49290, 3333, 10.0.2.15, 192.168.56.101, 0010
[   52.656986] OUTBOUND       : 6, 49290, 3333, 10.0.2.15, 192.168.56.101, 0010
[   52.659685] INBOUND        : 6, 4444, 46190, 192.168.56.101, 10.0.2.15, 0010
[   52.659758] OUTBOUND       : 6, 46190, 4444, 10.0.2.15, 192.168.56.101, 0010
[   52.659803] INBOUND        : 6, 4444, 46190, 192.168.56.101, 10.0.2.15, 0010
[   52.659863] OUTBOUND       : 6, 46190, 4444, 10.0.2.15, 192.168.56.101, 0010
[   52.660512] INBOUND        : 6, 3333, 49290, 192.168.56.101, 10.0.2.15, 0010
[   52.660573] OUTBOUND       : 6, 49290, 3333, 10.0.2.15, 192.168.56.101, 0010
[   52.660595] INBOUND        : 6, 3333, 49290, 192.168.56.101, 10.0.2.15, 0010
[   52.660626] OUTBOUND       : 6, 49290, 3333, 10.0.2.15, 192.168.56.101, 0010
[   52.662649] INBOUND        : 6, 4444, 46190, 192.168.56.101, 10.0.2.15, 0010
[   52.662723] OUTBOUND       : 6, 46190, 4444, 10.0.2.15, 192.168.56.101, 0010
[   52.662803] INBOUND        : 6, 4444, 46190, 192.168.56.101, 10.0.2.15, 0010
[   52.662851] OUTBOUND       : 6, 46190, 4444, 10.0.2.15, 192.168.56.101, 0010
[   52.663501] INBOUND        : 6, 3333, 49290, 192.168.56.101, 10.0.2.15, 0010
[   52.663518] INBOUND        : 6, 3333, 49290, 192.168.56.101, 10.0.2.15, 0010
[   52.663541] OUTBOUND       : 6, 49290, 3333, 10.0.2.15, 192.168.56.101, 0010
[   52.663554] OUTBOUND       : 6, 49290, 3333, 10.0.2.15, 192.168.56.101, 0010
[   52.666463] INBOUND        : 6, 4444, 46190, 192.168.56.101, 10.0.2.15, 0010
[   52.666483] INBOUND        : 6, 3333, 49290, 192.168.56.101, 10.0.2.15, 0010
[   52.666500] OUTBOUND       : 6, 46190, 4444, 10.0.2.15, 192.168.56.101, 0010
[   52.666527] OUTBOUND       : 6, 49290, 3333, 10.0.2.15, 192.168.56.101, 0010
[   52.666610] INBOUND        : 6, 3333, 49290, 192.168.56.101, 10.0.2.15, 0010
[   52.666649] OUTBOUND       : 6, 49290, 3333, 10.0.2.15, 192.168.56.101, 0010
[   52.669355] INBOUND        : 6, 4444, 46190, 192.168.56.101, 10.0.2.15, 0010
[   52.669371] INBOUND        : 6, 4444, 46190, 192.168.56.101, 10.0.2.15, 0010
[   52.669389] OUTBOUND       : 6, 46190, 4444, 10.0.2.15, 192.168.56.101, 0010
[   52.669419] OUTBOUND       : 6, 46190, 4444, 10.0.2.15, 192.168.56.101, 0010
[   52.670397] INBOUND        : 6, 3333, 49290, 192.168.56.101, 10.0.2.15, 0010
[   52.670503] OUTBOUND       : 6, 49290, 3333, 10.0.2.15, 192.168.56.101, 0010
[   52.670609] INBOUND        : 6, 3333, 49290, 192.168.56.101, 10.0.2.15, 0010
[   52.670657] OUTBOUND       : 6, 49290, 3333, 10.0.2.15, 192.168.56.101, 0010
[   52.672417] INBOUND        : 6, 4444, 46190, 192.168.56.101, 10.0.2.15, 0010
[   52.672467] OUTBOUND       : 6, 46190, 4444, 10.0.2.15, 192.168.56.101, 0010
[   52.672471] INBOUND        : 6, 4444, 46190, 192.168.56.101, 10.0.2.15, 0010
[   52.672479] OUTBOUND       : 6, 46190, 4444, 10.0.2.15, 192.168.56.101, 0010
[   52.673328] INBOUND        : 6, 3333, 49290, 192.168.56.101, 10.0.2.15, 0010
[   52.673363] OUTBOUND       : 6, 49290, 3333, 10.0.2.15, 192.168.56.101, 0010
[   52.673410] INBOUND        : 6, 3333, 49290, 192.168.56.101, 10.0.2.15, 0010
[   52.673443] OUTBOUND       : 6, 49290, 3333, 10.0.2.15, 192.168.56.101, 0010
[   52.674306] INBOUND        : 6, 4444, 46190, 192.168.56.101, 10.0.2.15, 0010
[   52.674357] OUTBOUND       : 6, 46190, 4444, 10.0.2.15, 192.168.56.101, 0010
[   52.674418] INBOUND        : 6, 4444, 46190, 192.168.56.101, 10.0.2.15, 0010
[   52.674449] OUTBOUND       : 6, 46190, 4444, 10.0.2.15, 192.168.56.101, 0010
[   52.676260] INBOUND        : 6, 3333, 49290, 192.168.56.101, 10.0.2.15, 0010
[   52.676326] OUTBOUND       : 6, 49290, 3333, 10.0.2.15, 192.168.56.101, 0010
[   52.676388] INBOUND        : 6, 3333, 49290, 192.168.56.101, 10.0.2.15, 0010
[   52.676415] OUTBOUND       : 6, 49290, 3333, 10.0.2.15, 192.168.56.101, 0010
[   52.677207] INBOUND        : 6, 4444, 46190, 192.168.56.101, 10.0.2.15, 0010
[   52.677243] OUTBOUND       : 6, 46190, 4444, 10.0.2.15, 192.168.56.101, 0010
[   52.677295] INBOUND        : 6, 4444, 46190, 192.168.56.101, 10.0.2.15, 0010
[   52.677351] OUTBOUND       : 6, 46190, 4444, 10.0.2.15, 192.168.56.101, 0010
[   52.679262] INBOUND        : 6, 3333, 49290, 192.168.56.101, 10.0.2.15, 0010
[   52.679286] INBOUND        : 6, 3333, 49290, 192.168.56.101, 10.0.2.15, 0010
[   52.679334] OUTBOUND       : 6, 49290, 3333, 10.0.2.15, 192.168.56.101, 0010
[   52.679353] OUTBOUND       : 6, 49290, 3333, 10.0.2.15, 192.168.56.101, 0010
[   52.680107] INBOUND        : 6, 4444, 46190, 192.168.56.101, 10.0.2.15, 0010
[   52.680138] OUTBOUND       : 6, 46190, 4444, 10.0.2.15, 192.168.56.101, 0010
[   52.680216] INBOUND        : 6, 4444, 46190, 192.168.56.101, 10.0.2.15, 0010
[   52.680243] OUTBOUND       : 6, 46190, 4444, 10.0.2.15, 192.168.56.101, 0010
[   52.681403] INBOUND        : 6, 3333, 49290, 192.168.56.101, 10.0.2.15, 0010
[   52.681438] OUTBOUND       : 6, 49290, 3333, 10.0.2.15, 192.168.56.101, 0010
[   52.683959] INBOUND        : 6, 4444, 46190, 192.168.56.101, 10.0.2.15, 0010
[   52.683975] INBOUND        : 6, 4444, 46190, 192.168.56.101, 10.0.2.15, 0010
[   52.684015] OUTBOUND       : 6, 46190, 4444, 10.0.2.15, 192.168.56.101, 0010
[   52.684034] OUTBOUND       : 6, 46190, 4444, 10.0.2.15, 192.168.56.101, 0010
[   52.685025] INBOUND        : 6, 3333, 49290, 192.168.56.101, 10.0.2.15, 0010
