[    0.000000] Initializing cgroup subsys cpuset
[    0.000000] Initializing cgroup subsys cpu
[    0.000000] Initializing cgroup subsys cpuacct
[    0.000000] Linux version 4.4.0 (sysprog2020user@sysprog2020) (gcc version 5.4.0 20160609 (Ubuntu 5.4.0-6ubuntu1~16.04.12) ) #10 SMP Thu Dec 17 14:41:02 KST 2020
[    0.000000] Command line: BOOT_IMAGE=/boot/vmlinuz-4.4.0 root=UUID=50f7fe7a-aa2e-467b-a381-d1b2d3456cc5 ro quiet splash
[    0.000000] KERNEL supported cpus:
[    0.000000]   Intel GenuineIntel
[    0.000000]   AMD AuthenticAMD
[    0.000000]   Centaur CentaurHauls
[    0.000000] x86/fpu: xstate_offset[2]:  576, xstate_sizes[2]:  256
[    0.000000] x86/fpu: Supporting XSAVE feature 0x01: 'x87 floating point registers'
[    0.000000] x86/fpu: Supporting XSAVE feature 0x02: 'SSE registers'
[    0.000000] x86/fpu: Supporting XSAVE feature 0x04: 'AVX registers'
[    0.000000] x86/fpu: Enabled xstate features 0x7, context size is 832 bytes, using 'standard' format.
[    0.000000] x86/fpu: Using 'lazy' FPU context switches.
[    0.000000] e820: BIOS-provided physical RAM map:
[    0.000000] BIOS-e820: [mem 0x0000000000000000-0x000000000009fbff] usable
[    0.000000] BIOS-e820: [mem 0x000000000009fc00-0x000000000009ffff] reserved
[    0.000000] BIOS-e820: [mem 0x00000000000f0000-0x00000000000fffff] reserved
[    0.000000] BIOS-e820: [mem 0x0000000000100000-0x00000000dffeffff] usable
[    0.000000] BIOS-e820: [mem 0x00000000dfff0000-0x00000000dfffffff] ACPI data
[    0.000000] BIOS-e820: [mem 0x00000000fec00000-0x00000000fec00fff] reserved
[    0.000000] BIOS-e820: [mem 0x00000000fee00000-0x00000000fee00fff] reserved
[    0.000000] BIOS-e820: [mem 0x00000000fffc0000-0x00000000ffffffff] reserved
[    0.000000] BIOS-e820: [mem 0x0000000100000000-0x000000011fffffff] usable
[    0.000000] NX (Execute Disable) protection: active
[    0.000000] SMBIOS 2.5 present.
[    0.000000] DMI: innotek GmbH VirtualBox/VirtualBox, BIOS VirtualBox 12/01/2006
[    0.000000] Hypervisor detected: KVM
[    0.000000] e820: update [mem 0x00000000-0x00000fff] usable ==> reserved
[    0.000000] e820: remove [mem 0x000a0000-0x000fffff] usable
[    0.000000] e820: last_pfn = 0x120000 max_arch_pfn = 0x400000000
[    0.000000] MTRR default type: uncachable
[    0.000000] MTRR variable ranges disabled:
[    0.000000] x86/PAT: Configuration [0-7]: WB  WC  UC- UC  WB  WC  UC- WT  
[    0.000000] MTRR: Disabled
[    0.000000] CPU MTRRs all blank - virtualized system.
[    0.000000] e820: last_pfn = 0xdfff0 max_arch_pfn = 0x400000000
[    0.000000] found SMP MP-table at [mem 0x0009fff0-0x0009ffff] mapped at [ffff88000009fff0]
[    0.000000] Scanning 1 areas for low memory corruption
[    0.000000] Base memory trampoline at [ffff880000099000] 99000 size 24576
[    0.000000] BRK [0x024b1000, 0x024b1fff] PGTABLE
[    0.000000] BRK [0x024b2000, 0x024b2fff] PGTABLE
[    0.000000] BRK [0x024b3000, 0x024b3fff] PGTABLE
[    0.000000] BRK [0x024b4000, 0x024b4fff] PGTABLE
[    0.000000] RAMDISK: [mem 0x15236000-0x26912fff]
[    0.000000] ACPI: Early table checksum verification disabled
[    0.000000] ACPI: RSDP 0x00000000000E0000 000024 (v02 VBOX  )
[    0.000000] ACPI: XSDT 0x00000000DFFF0030 00003C (v01 VBOX   VBOXXSDT 00000001 ASL  00000061)
[    0.000000] ACPI: FACP 0x00000000DFFF00F0 0000F4 (v04 VBOX   VBOXFACP 00000001 ASL  00000061)
[    0.000000] ACPI: DSDT 0x00000000DFFF0490 002325 (v02 VBOX   VBOXBIOS 00000002 INTL 20100528)
[    0.000000] ACPI: FACS 0x00000000DFFF0200 000040
[    0.000000] ACPI: FACS 0x00000000DFFF0200 000040
[    0.000000] ACPI: APIC 0x00000000DFFF0240 00007C (v02 VBOX   VBOXAPIC 00000001 ASL  00000061)
[    0.000000] ACPI: SSDT 0x00000000DFFF02C0 0001CC (v01 VBOX   VBOXCPUT 00000002 INTL 20100528)
[    0.000000] ACPI: Local APIC address 0xfee00000
[    0.000000] No NUMA configuration found
[    0.000000] Faking a node at [mem 0x0000000000000000-0x000000011fffffff]
[    0.000000] NODE_DATA(0) allocated [mem 0x11ffda000-0x11fffbfff]
[    0.000000] kvm-clock: Using msrs 4b564d01 and 4b564d00
[    0.000000] kvm-clock: cpu 0, msr 1:1ff5a001, primary cpu clock
[    0.000000] kvm-clock: using sched offset of 6526056821 cycles
[    0.000000] clocksource: kvm-clock: mask: 0xffffffffffffffff max_cycles: 0x1cd42e4dffb, max_idle_ns: 881590591483 ns
[    0.000000] Zone ranges:
[    0.000000]   DMA      [mem 0x0000000000001000-0x0000000000ffffff]
[    0.000000]   DMA32    [mem 0x0000000001000000-0x00000000ffffffff]
[    0.000000]   Normal   [mem 0x0000000100000000-0x000000011fffffff]
[    0.000000] Movable zone start for each node
[    0.000000] Early memory node ranges
[    0.000000]   node   0: [mem 0x0000000000001000-0x000000000009efff]
[    0.000000]   node   0: [mem 0x0000000000100000-0x00000000dffeffff]
[    0.000000]   node   0: [mem 0x0000000100000000-0x000000011fffffff]
[    0.000000] Initmem setup node 0 [mem 0x0000000000001000-0x000000011fffffff]
[    0.000000] On node 0 totalpages: 1048462
[    0.000000]   DMA zone: 64 pages used for memmap
[    0.000000]   DMA zone: 21 pages reserved
[    0.000000]   DMA zone: 3998 pages, LIFO batch:0
[    0.000000]   DMA32 zone: 14272 pages used for memmap
[    0.000000]   DMA32 zone: 913392 pages, LIFO batch:31
[    0.000000]   Normal zone: 2048 pages used for memmap
[    0.000000]   Normal zone: 131072 pages, LIFO batch:31
[    0.000000] ACPI: PM-Timer IO Port: 0x4008
[    0.000000] ACPI: Local APIC address 0xfee00000
[    0.000000] IOAPIC[0]: apic_id 6, version 32, address 0xfec00000, GSI 0-23
[    0.000000] ACPI: INT_SRC_OVR (bus 0 bus_irq 0 global_irq 2 dfl dfl)
[    0.000000] ACPI: INT_SRC_OVR (bus 0 bus_irq 9 global_irq 9 low level)
[    0.000000] ACPI: IRQ0 used by override.
[    0.000000] ACPI: IRQ9 used by override.
[    0.000000] Using ACPI (MADT) for SMP configuration information
[    0.000000] smpboot: Allowing 6 CPUs, 0 hotplug CPUs
[    0.000000] PM: Registered nosave memory: [mem 0x00000000-0x00000fff]
[    0.000000] PM: Registered nosave memory: [mem 0x0009f000-0x0009ffff]
[    0.000000] PM: Registered nosave memory: [mem 0x000a0000-0x000effff]
[    0.000000] PM: Registered nosave memory: [mem 0x000f0000-0x000fffff]
[    0.000000] PM: Registered nosave memory: [mem 0xdfff0000-0xdfffffff]
[    0.000000] PM: Registered nosave memory: [mem 0xe0000000-0xfebfffff]
[    0.000000] PM: Registered nosave memory: [mem 0xfec00000-0xfec00fff]
[    0.000000] PM: Registered nosave memory: [mem 0xfec01000-0xfedfffff]
[    0.000000] PM: Registered nosave memory: [mem 0xfee00000-0xfee00fff]
[    0.000000] PM: Registered nosave memory: [mem 0xfee01000-0xfffbffff]
[    0.000000] PM: Registered nosave memory: [mem 0xfffc0000-0xffffffff]
[    0.000000] e820: [mem 0xe0000000-0xfebfffff] available for PCI devices
[    0.000000] Booting paravirtualized kernel on KVM
[    0.000000] clocksource: refined-jiffies: mask: 0xffffffff max_cycles: 0xffffffff, max_idle_ns: 7645519600211568 ns
[    0.000000] setup_percpu: NR_CPUS:8192 nr_cpumask_bits:6 nr_cpu_ids:6 nr_node_ids:1
[    0.000000] PERCPU: Embedded 33 pages/cpu @ffff88011fc00000 s96792 r8192 d30184 u262144
[    0.000000] pcpu-alloc: s96792 r8192 d30184 u262144 alloc=1*2097152
[    0.000000] pcpu-alloc: [0] 0 1 2 3 4 5 - - 
[    0.000000] PV qspinlock hash table entries: 256 (order: 0, 4096 bytes)
[    0.000000] Built 1 zonelists in Node order, mobility grouping on.  Total pages: 1032057
[    0.000000] Policy zone: Normal
[    0.000000] Kernel command line: BOOT_IMAGE=/boot/vmlinuz-4.4.0 root=UUID=50f7fe7a-aa2e-467b-a381-d1b2d3456cc5 ro quiet splash
[    0.000000] PID hash table entries: 4096 (order: 3, 32768 bytes)
[    0.000000] Calgary: detecting Calgary via BIOS EBDA area
[    0.000000] Calgary: Unable to locate Rio Grande table in EBDA - bailing!
[    0.000000] Memory: 3753700K/4193848K available (8371K kernel code, 1476K rwdata, 3856K rodata, 1844K init, 3492K bss, 440148K reserved, 0K cma-reserved)
[    0.000000] SLUB: HWalign=64, Order=0-3, MinObjects=0, CPUs=6, Nodes=1
[    0.000000] Hierarchical RCU implementation.
[    0.000000] 	Build-time adjustment of leaf fanout to 64.
[    0.000000] 	RCU restricting CPUs from NR_CPUS=8192 to nr_cpu_ids=6.
[    0.000000] RCU: Adjusting geometry for rcu_fanout_leaf=64, nr_cpu_ids=6
[    0.000000] NR_IRQS:524544 nr_irqs:472 16
[    0.000000] Console: colour VGA+ 80x25
[    0.000000] console [tty0] enabled
[    0.000000] tsc: Detected 1608.001 MHz processor
[    0.060315] Calibrating delay loop (skipped) preset value.. 3216.00 BogoMIPS (lpj=6432004)
[    0.060317] pid_max: default: 32768 minimum: 301
[    0.060322] ACPI: Core revision 20150930
[    0.061616] ACPI: 2 ACPI AML tables successfully acquired and loaded
[    0.061629] Security Framework initialized
[    0.061630] Yama: becoming mindful.
[    0.061635] AppArmor: AppArmor initialized
[    0.061980] Dentry cache hash table entries: 524288 (order: 10, 4194304 bytes)
[    0.062974] Inode-cache hash table entries: 262144 (order: 9, 2097152 bytes)
[    0.063251] Mount-cache hash table entries: 8192 (order: 4, 65536 bytes)
[    0.063255] Mountpoint-cache hash table entries: 8192 (order: 4, 65536 bytes)
[    0.063384] Initializing cgroup subsys io
[    0.063386] Initializing cgroup subsys memory
[    0.063389] Initializing cgroup subsys devices
[    0.063391] Initializing cgroup subsys freezer
[    0.063392] Initializing cgroup subsys net_cls
[    0.063394] Initializing cgroup subsys perf_event
[    0.063395] Initializing cgroup subsys net_prio
[    0.063396] Initializing cgroup subsys hugetlb
[    0.063397] Initializing cgroup subsys pids
[    0.063510] CPU: Physical Processor ID: 0
[    0.063511] CPU: Processor Core ID: 0
[    0.064960] mce: CPU supports 0 MCE banks
[    0.064993] Last level iTLB entries: 4KB 64, 2MB 8, 4MB 8
[    0.064994] Last level dTLB entries: 4KB 64, 2MB 0, 4MB 0, 1GB 4
[    0.066904] Freeing SMP alternatives memory: 28K (ffffffff8213f000 - ffffffff82146000)
[    0.075209] ftrace: allocating 31768 entries in 125 pages
[    0.117884] x2apic enabled
[    0.118084] Switched APIC routing to physical x2apic.
[    0.119085] ..TIMER: vector=0x30 apic1=0 pin1=2 apic2=-1 pin2=-1
[    0.225811] smpboot: CPU0: Intel(R) Core(TM) i7-10710U CPU @ 1.10GHz (family: 0x6, model: 0xa6, stepping: 0x0)
[    0.225841] Performance Events: unsupported p6 CPU model 166 no PMU driver, software events only.
[    0.225851] KVM setup paravirtual spinlock
[    0.226552] x86: Booting SMP configuration:
[    0.226553] .... node  #0, CPUs:      #1
[    0.226729] kvm-clock: cpu 1, msr 1:1ff5a041, secondary cpu clock
[    0.227869] mce: CPU supports 0 MCE banks
[    0.229960]  #2
[    0.230174] kvm-clock: cpu 2, msr 1:1ff5a081, secondary cpu clock
[    0.231787] mce: CPU supports 0 MCE banks
[    0.234203]  #3
[    0.234203] kvm-clock: cpu 3, msr 1:1ff5a0c1, secondary cpu clock
[    0.235389] mce: CPU supports 0 MCE banks
[    0.237643]  #4
[    0.237643] kvm-clock: cpu 4, msr 1:1ff5a101, secondary cpu clock
[    0.238866] mce: CPU supports 0 MCE banks
[    0.241214]  #5
[    0.241214] kvm-clock: cpu 5, msr 1:1ff5a141, secondary cpu clock
[    0.242387] mce: CPU supports 0 MCE banks
[    0.244459] x86: Booted up 1 node, 6 CPUs
[    0.244463] smpboot: Total of 6 processors activated (19296.01 BogoMIPS)
[    0.244798] devtmpfs: initialized
[    0.246507] evm: security.selinux
[    0.246508] evm: security.SMACK64
[    0.246509] evm: security.SMACK64EXEC
[    0.246509] evm: security.SMACK64TRANSMUTE
[    0.246510] evm: security.SMACK64MMAP
[    0.246511] evm: security.ima
[    0.246511] evm: security.capability
[    0.246779] clocksource: jiffies: mask: 0xffffffff max_cycles: 0xffffffff, max_idle_ns: 7645041785100000 ns
[    0.247003] pinctrl core: initialized pinctrl subsystem
[    0.247129] RTC time: 15:20:38, date: 12/17/20
[    0.247204] NET: Registered protocol family 16
[    0.258794] cpuidle: using governor ladder
[    0.271420] cpuidle: using governor menu
[    0.271428] PCCT header not found.
[    0.271486] ACPI: bus type PCI registered
[    0.271488] acpiphp: ACPI Hot Plug PCI Controller Driver version: 0.5
[    0.271576] PCI: Using configuration type 1 for base access
[    0.284583] ACPI: Added _OSI(Module Device)
[    0.284585] ACPI: Added _OSI(Processor Device)
[    0.284586] ACPI: Added _OSI(3.0 _SCP Extensions)
[    0.284586] ACPI: Added _OSI(Processor Aggregator Device)
[    0.285288] ACPI: Executed 1 blocks of module-level executable AML code
[    0.287504] ACPI: Interpreter enabled
[    0.287508] ACPI Exception: AE_NOT_FOUND, While evaluating Sleep State [\_S1_] (20150930/hwxface-580)
[    0.287511] ACPI Exception: AE_NOT_FOUND, While evaluating Sleep State [\_S2_] (20150930/hwxface-580)
[    0.287512] ACPI Exception: AE_NOT_FOUND, While evaluating Sleep State [\_S3_] (20150930/hwxface-580)
[    0.287515] ACPI Exception: AE_NOT_FOUND, While evaluating Sleep State [\_S4_] (20150930/hwxface-580)
[    0.287518] ACPI: (supports S0 S5)
[    0.287520] ACPI: Using IOAPIC for interrupt routing
[    0.287684] PCI: Using host bridge windows from ACPI; if necessary, use "pci=nocrs" and report a bug
[    0.291767] ACPI: PCI Root Bridge [PCI0] (domain 0000 [bus 00-ff])
[    0.291771] acpi PNP0A03:00: _OSC: OS supports [ASPM ClockPM Segments MSI]
[    0.292129] acpi PNP0A03:00: _OSC: not requesting OS control; OS requires [ExtendedConfig ASPM ClockPM MSI]
[    0.292136] acpi PNP0A03:00: fail to add MMCONFIG information, can't access extended PCI configuration space under this bridge.
[    0.292435] PCI host bridge to bus 0000:00
[    0.292438] pci_bus 0000:00: root bus resource [io  0x0000-0x0cf7 window]
[    0.292439] pci_bus 0000:00: root bus resource [io  0x0d00-0xffff window]
[    0.292440] pci_bus 0000:00: root bus resource [mem 0x000a0000-0x000bffff window]
[    0.292441] pci_bus 0000:00: root bus resource [mem 0xe0000000-0xfdffffff window]
[    0.292443] pci_bus 0000:00: root bus resource [bus 00-ff]
[    0.292476] pci 0000:00:00.0: [8086:1237] type 00 class 0x060000
[    0.292947] pci 0000:00:01.0: [8086:7000] type 00 class 0x060100
[    0.293504] pci 0000:00:01.1: [8086:7111] type 00 class 0x01018a
[    0.293774] pci 0000:00:01.1: reg 0x20: [io  0xd000-0xd00f]
[    0.293894] pci 0000:00:01.1: legacy IDE quirk: reg 0x10: [io  0x01f0-0x01f7]
[    0.293895] pci 0000:00:01.1: legacy IDE quirk: reg 0x14: [io  0x03f6]
[    0.293896] pci 0000:00:01.1: legacy IDE quirk: reg 0x18: [io  0x0170-0x0177]
[    0.293897] pci 0000:00:01.1: legacy IDE quirk: reg 0x1c: [io  0x0376]
[    0.294094] pci 0000:00:02.0: [15ad:0405] type 00 class 0x030000
[    0.295899] pci 0000:00:02.0: reg 0x10: [io  0xd010-0xd01f]
[    0.298166] pci 0000:00:02.0: reg 0x14: [mem 0xe0000000-0xe0ffffff pref]
[    0.300136] pci 0000:00:02.0: reg 0x18: [mem 0xf0000000-0xf01fffff]
[    0.308121] pci 0000:00:03.0: [8086:100e] type 00 class 0x020000
[    0.309572] pci 0000:00:03.0: reg 0x10: [mem 0xf0200000-0xf021ffff]
[    0.312661] pci 0000:00:03.0: reg 0x18: [io  0xd020-0xd027]
[    0.320331] pci 0000:00:04.0: [80ee:cafe] type 00 class 0x088000
[    0.321942] pci 0000:00:04.0: reg 0x10: [io  0xd040-0xd05f]
[    0.323329] pci 0000:00:04.0: reg 0x14: [mem 0xf0400000-0xf07fffff]
[    0.324690] pci 0000:00:04.0: reg 0x18: [mem 0xf0800000-0xf0803fff pref]
[    0.329749] pci 0000:00:05.0: [8086:2415] type 00 class 0x040100
[    0.329836] pci 0000:00:05.0: reg 0x10: [io  0xd100-0xd1ff]
[    0.329885] pci 0000:00:05.0: reg 0x14: [io  0xd200-0xd23f]
[    0.330512] pci 0000:00:06.0: [106b:003f] type 00 class 0x0c0310
[    0.332817] pci 0000:00:06.0: reg 0x10: [mem 0xf0804000-0xf0804fff]
[    0.342360] pci 0000:00:07.0: [8086:7113] type 00 class 0x068000
[    0.342688] pci 0000:00:07.0: quirk: [io  0x4000-0x403f] claimed by PIIX4 ACPI
[    0.342697] pci 0000:00:07.0: quirk: [io  0x4100-0x410f] claimed by PIIX4 SMB
[    0.342953] pci 0000:00:0d.0: [8086:2829] type 00 class 0x010601
[    0.344318] pci 0000:00:0d.0: reg 0x10: [io  0xd240-0xd247]
[    0.345631] pci 0000:00:0d.0: reg 0x14: [io  0xd248-0xd24b]
[    0.346832] pci 0000:00:0d.0: reg 0x18: [io  0xd250-0xd257]
[    0.348697] pci 0000:00:0d.0: reg 0x1c: [io  0xd258-0xd25b]
[    0.350339] pci 0000:00:0d.0: reg 0x20: [io  0xd260-0xd26f]
[    0.352441] pci 0000:00:0d.0: reg 0x24: [mem 0xf0806000-0xf0807fff]
[    0.355258] ACPI: PCI Interrupt Link [LNKA] (IRQs 5 9 10 *11)
[    0.355519] ACPI: PCI Interrupt Link [LNKB] (IRQs 5 9 *10 11)
[    0.355610] ACPI: PCI Interrupt Link [LNKC] (IRQs 5 *9 10 11)
[    0.355692] ACPI: PCI Interrupt Link [LNKD] (IRQs 5 9 10 *11)
[    0.355796] ACPI: Enabled 2 GPEs in block 00 to 07
[    0.356081] vgaarb: setting as boot device: PCI:0000:00:02.0
[    0.356083] vgaarb: device added: PCI:0000:00:02.0,decodes=io+mem,owns=io+mem,locks=none
[    0.356085] vgaarb: loaded
[    0.356086] vgaarb: bridge control possible 0000:00:02.0
[    0.356317] SCSI subsystem initialized
[    0.356566] libata version 3.00 loaded.
[    0.356592] ACPI: bus type USB registered
[    0.356608] usbcore: registered new interface driver usbfs
[    0.356614] usbcore: registered new interface driver hub
[    0.356637] usbcore: registered new device driver usb
[    0.356887] PCI: Using ACPI for IRQ routing
[    0.356889] PCI: pci_cache_line_size set to 64 bytes
[    0.357029] e820: reserve RAM buffer [mem 0x0009fc00-0x0009ffff]
[    0.357034] e820: reserve RAM buffer [mem 0xdfff0000-0xdfffffff]
[    0.357121] NetLabel: Initializing
[    0.357122] NetLabel:  domain hash size = 128
[    0.357123] NetLabel:  protocols = UNLABELED CIPSOv4
[    0.357132] NetLabel:  unlabeled traffic allowed by default
[    0.357412] clocksource: Switched to clocksource kvm-clock
[    0.362522] AppArmor: AppArmor Filesystem Enabled
[    0.362561] pnp: PnP ACPI init
[    0.362610] pnp 00:00: Plug and Play ACPI device, IDs PNP0303 (active)
[    0.362663] pnp 00:01: Plug and Play ACPI device, IDs PNP0f03 (active)
[    0.363247] pnp: PnP ACPI: found 2 devices
[    0.374541] clocksource: acpi_pm: mask: 0xffffff max_cycles: 0xffffff, max_idle_ns: 2085701024 ns
[    0.374552] pci_bus 0000:00: resource 4 [io  0x0000-0x0cf7 window]
[    0.374553] pci_bus 0000:00: resource 5 [io  0x0d00-0xffff window]
[    0.374555] pci_bus 0000:00: resource 6 [mem 0x000a0000-0x000bffff window]
[    0.374556] pci_bus 0000:00: resource 7 [mem 0xe0000000-0xfdffffff window]
[    0.374582] NET: Registered protocol family 2
[    0.374732] TCP established hash table entries: 32768 (order: 6, 262144 bytes)
[    0.374785] TCP bind hash table entries: 32768 (order: 7, 524288 bytes)
[    0.374823] TCP: Hash tables configured (established 32768 bind 32768)
[    0.374836] UDP hash table entries: 2048 (order: 4, 65536 bytes)
[    0.374845] UDP-Lite hash table entries: 2048 (order: 4, 65536 bytes)
[    0.374887] NET: Registered protocol family 1
[    0.374896] pci 0000:00:00.0: Limiting direct PCI/PCI transfers
[    0.374918] pci 0000:00:01.0: Activating ISA DMA hang workarounds
[    0.374940] pci 0000:00:02.0: Video device with shadowed ROM
[    0.375166] PCI: CLS 0 bytes, default 64
[    0.375208] Unpacking initramfs...
[    3.793953] Freeing initrd memory: 285556K (ffff880015236000 - ffff880026913000)
[    3.794077] PCI-DMA: Using software bounce buffering for IO (SWIOTLB)
[    3.794081] software IO TLB [mem 0xdbff0000-0xdfff0000] (64MB) mapped at [ffff8800dbff0000-ffff8800dffeffff]
[    3.794242] platform rtc_cmos: registered platform RTC device (no PNP device found)
[    3.794385] Scanning for low memory corruption every 60 seconds
[    3.794863] futex hash table entries: 2048 (order: 5, 131072 bytes)
[    3.794887] audit: initializing netlink subsys (disabled)
[    3.794899] audit: type=2000 audit(1608218453.495:1): initialized
[    3.795043] Initialise system trusted keyring
[    3.795378] HugeTLB registered 2 MB page size, pre-allocated 0 pages
[    3.796454] zbud: loaded
[    3.796677] VFS: Disk quotas dquot_6.6.0
[    3.796721] VFS: Dquot-cache hash table entries: 512 (order 0, 4096 bytes)
[    3.796901] squashfs: version 4.0 (2009/01/31) Phillip Lougher
[    3.797350] fuse init (API version 7.23)
[    3.797434] Key type big_key registered
[    3.799894] Key type asymmetric registered
[    3.799898] Asymmetric key parser 'x509' registered
[    3.799948] Block layer SCSI generic (bsg) driver version 0.4 loaded (major 249)
[    3.800014] io scheduler noop registered
[    3.800017] io scheduler deadline registered
[    3.800049] io scheduler cfq registered (default)
[    3.800117] pci_hotplug: PCI Hot Plug PCI Core version: 0.5
[    3.800139] pciehp: PCI Express Hot Plug Controller Driver version: 0.4
[    3.800160] intel_idle: does not run on family 6 model 166
[    3.800260] ACPI: AC Adapter [AC] (on-line)
[    3.800301] input: Power Button as /devices/LNXSYSTM:00/LNXPWRBN:00/input/input0
[    3.800304] ACPI: Power Button [PWRF]
[    3.800365] input: Sleep Button as /devices/LNXSYSTM:00/LNXSLPBN:00/input/input1
[    3.800367] ACPI: Sleep Button [SLPF]
[    3.800600] GHES: HEST is not enabled!
[    3.801484] ACPI: Battery Slot [BAT0] (battery present)
[    3.801519] Serial: 8250/16550 driver, 32 ports, IRQ sharing enabled
[    3.803363] Linux agpgart interface v0.103
[    3.805135] loop: module loaded
[    3.805210] ata_piix 0000:00:01.1: version 2.13
[    3.805570] scsi host0: ata_piix
[    3.805674] scsi host1: ata_piix
[    3.805698] ata1: PATA max UDMA/33 cmd 0x1f0 ctl 0x3f6 bmdma 0xd000 irq 14
[    3.805700] ata2: PATA max UDMA/33 cmd 0x170 ctl 0x376 bmdma 0xd008 irq 15
[    3.805749] libphy: Fixed MDIO Bus: probed
[    3.805751] tun: Universal TUN/TAP device driver, 1.6
[    3.805752] tun: (C) 1999-2004 Max Krasnyansky <maxk@qualcomm.com>
[    3.806147] PPP generic driver version 2.4.2
[    3.806206] ehci_hcd: USB 2.0 'Enhanced' Host Controller (EHCI) Driver
[    3.806210] ehci-pci: EHCI PCI platform driver
[    3.806218] ehci-platform: EHCI generic platform driver
[    3.806225] ohci_hcd: USB 1.1 'Open' Host Controller (OHCI) Driver
[    3.806227] ohci-pci: OHCI PCI platform driver
[    3.806696] ohci-pci 0000:00:06.0: OHCI PCI host controller
[    3.806700] ohci-pci 0000:00:06.0: new USB bus registered, assigned bus number 1
[    3.806751] ohci-pci 0000:00:06.0: irq 22, io mem 0xf0804000
[    4.224335] ata2.00: ATAPI: VBOX CD-ROM, 1.0, max UDMA/133
[    4.224544] usb usb1: New USB device found, idVendor=1d6b, idProduct=0001
[    4.224546] usb usb1: New USB device strings: Mfr=3, Product=2, SerialNumber=1
[    4.224548] usb usb1: Product: OHCI PCI host controller
[    4.224549] usb usb1: Manufacturer: Linux 4.4.0 ohci_hcd
[    4.224550] usb usb1: SerialNumber: 0000:00:06.0
[    4.224633] hub 1-0:1.0: USB hub found
[    4.224642] hub 1-0:1.0: 12 ports detected
[    4.224663] ata2.00: configured for UDMA/33
[    4.224926] ohci-platform: OHCI generic platform driver
[    4.224938] uhci_hcd: USB Universal Host Controller Interface driver
[    4.224982] i8042: PNP: PS/2 Controller [PNP0303:PS2K,PNP0f03:PS2M] at 0x60,0x64 irq 1,12
[    4.225462] serio: i8042 KBD port at 0x60,0x64 irq 1
[    4.225465] serio: i8042 AUX port at 0x60,0x64 irq 12
[    4.225472] scsi 1:0:0:0: CD-ROM            VBOX     CD-ROM           1.0  PQ: 0 ANSI: 5
[    4.225540] mousedev: PS/2 mouse device common for all mice
[    4.225809] rtc_cmos rtc_cmos: rtc core: registered rtc_cmos as rtc0
[    4.225855] rtc_cmos rtc_cmos: alarms up to one day, 114 bytes nvram
[    4.225878] i2c /dev entries driver
[    4.225956] device-mapper: uevent: version 1.0.3
[    4.226005] device-mapper: ioctl: 4.34.0-ioctl (2015-10-28) initialised: dm-devel@redhat.com
[    4.226017] ledtrig-cpu: registered to indicate activity on CPUs
[    4.226652] input: AT Translated Set 2 keyboard as /devices/platform/i8042/serio0/input/input2
[    4.226916] NET: Registered protocol family 10
[    4.227111] NET: Registered protocol family 17
[    4.227118] Key type dns_resolver registered
[    4.227300] microcode: CPU0 sig=0xa0660, pf=0x8, revision=0x0
[    4.227317] microcode: CPU1 sig=0xa0660, pf=0x8, revision=0x0
[    4.227324] microcode: CPU2 sig=0xa0660, pf=0x8, revision=0x0
[    4.227380] microcode: CPU3 sig=0xa0660, pf=0x8, revision=0x0
[    4.227442] microcode: CPU4 sig=0xa0660, pf=0x8, revision=0x0
[    4.227501] microcode: CPU5 sig=0xa0660, pf=0x8, revision=0x0
[    4.227522] microcode: Microcode Update Driver: v2.01 <tigran@aivazian.fsnet.co.uk>, Peter Oruba
[    4.227602] registered taskstats version 1
[    4.227613] Loading compiled-in X.509 certificates
[    4.228048] Loaded X.509 cert 'Build time autogenerated kernel key: 3e67ad3e11e97d8f6b9a6e63f191183bc29faee9'
[    4.228064] zswap: loaded using pool lzo/zbud
[    4.229751] Key type trusted registered
[    4.233075] Key type encrypted registered
[    4.233081] AppArmor: AppArmor sha1 policy hashing enabled
[    4.233084] ima: No TPM chip found, activating TPM-bypass!
[    4.233096] evm: HMAC attrs: 0x1
[    4.233576]   Magic number: 0:178:336
[    4.233597] tty tty57: hash matches
[    4.233744] rtc_cmos rtc_cmos: setting system clock to 2020-12-17 15:20:42 UTC (1608218442)
[    4.233956] BIOS EDD facility v0.16 2004-Jun-25, 0 devices found
[    4.233957] EDD information not available.
[    4.233992] PM: Hibernation image not present or could not be loaded.
[    4.234032] sr 1:0:0:0: [sr0] scsi3-mmc drive: 32x/32x xa/form2 tray
[    4.234034] cdrom: Uniform CD-ROM driver Revision: 3.20
[    4.234197] sr 1:0:0:0: Attached scsi CD-ROM sr0
[    4.234273] sr 1:0:0:0: Attached scsi generic sg0 type 5
[    4.235887] Freeing unused kernel memory: 1844K (ffffffff81f72000 - ffffffff8213f000)
[    4.235889] Write protecting the kernel read-only data: 14336k
[    4.236795] Freeing unused kernel memory: 1856K (ffff880001830000 - ffff880001a00000)
[    4.237484] Freeing unused kernel memory: 240K (ffff880001dc4000 - ffff880001e00000)
[    4.242895] x86/mm: Checked W+X mappings: passed, no W+X pages found.
[    4.253695] random: systemd-udevd urandom read with 3 bits of entropy available
[    4.277992] ACPI: Video Device [GFX0] (multi-head: yes  rom: no  post: no)
[    4.278046] input: Video Bus as /devices/LNXSYSTM:00/LNXSYBUS:00/PNP0A03:00/LNXVIDEO:00/input/input4
[    4.279745] FUJITSU Extended Socket Network Device Driver - version 1.0 - Copyright (c) 2015 FUJITSU LIMITED
[    4.286778] e1000: Intel(R) PRO/1000 Network Driver - version 7.3.21-k8-NAPI
[    4.286779] e1000: Copyright (c) 1999-2006 Intel Corporation.
[    4.322620] [drm] Initialized drm 1.1.0 20060810
[    4.611749] input: ImExPS/2 Generic Explorer Mouse as /devices/platform/i8042/serio1/input/input5
[    4.629537] usb 1-1: new full-speed USB device number 2 using ohci-pci
[    4.646132] e1000 0000:00:03.0 eth0: (PCI:33MHz:32-bit) 08:00:27:5d:54:a1
[    4.646136] e1000 0000:00:03.0 eth0: Intel(R) PRO/1000 Network Connection
[    4.646861] ahci 0000:00:0d.0: version 3.0
[    4.646961] e1000 0000:00:03.0 enp0s3: renamed from eth0
[    4.647021] ahci 0000:00:0d.0: SSS flag set, parallel bus scan disabled
[    4.647233] ahci 0000:00:0d.0: AHCI 0001.0100 32 slots 2 ports 3 Gbps 0x3 impl SATA mode
[    4.647235] ahci 0000:00:0d.0: flags: 64bit ncq stag only ccc 
[    4.647674] scsi host2: ahci
[    4.647798] scsi host3: ahci
[    4.647849] ata3: SATA max UDMA/133 abar m8192@0xf0806000 port 0xf0806100 irq 21
[    4.647852] ata4: SATA max UDMA/133 abar m8192@0xf0806000 port 0xf0806180 irq 21
[    4.648986] [drm] DMA map mode: Using physical TTM page addresses.
[    4.649019] [drm] Capabilities:
[    4.649021] [drm]   Cursor.
[    4.649021] [drm]   Cursor bypass 2.
[    4.649022] [drm]   Alpha cursor.
[    4.649022] [drm]   3D.
[    4.649023] [drm]   Extended Fifo.
[    4.649023] [drm]   Pitchlock.
[    4.649024] [drm]   Irq mask.
[    4.649024] [drm]   GMR.
[    4.649025] [drm]   Traces.
[    4.649026] [drm]   GMR2.
[    4.649026] [drm]   Screen Object 2.
[    4.649027] [drm] Max GMR ids is 8192
[    4.649028] [drm] Max number of GMR pages is 1048576
[    4.649028] [drm] Max dedicated hypervisor surface memory is 507904 kiB
[    4.649029] [drm] Maximum display memory size is 16384 kiB
[    4.649030] [drm] VRAM at 0xe0000000 size is 16384 kiB
[    4.649031] [drm] MMIO at 0xf0000000 size is 2048 kiB
[    4.649032] [drm] global init.
[    4.649104] [TTM] Zone  kernel: Available graphics memory: 2021612 kiB
[    4.649105] [TTM] Initializing pool allocator
[    4.649108] [TTM] Initializing DMA pool allocator
[    4.649171] [drm] Supports vblank timestamp caching Rev 2 (21.10.2013).
[    4.649171] [drm] No driver support for vblank timestamp query.
[    4.650052] [drm] Screen Objects Display Unit initialized
[    4.650090] [drm] width 720
[    4.650101] [drm] height 400
[    4.650109] [drm] bpp 32
[    4.650300] [drm] Fifo max 0x00200000 min 0x00001000 cap 0x00000355
[    4.650307] [drm] DX: no.
[    4.652882] fbcon: svgadrmfb (fb0) is primary device
[    4.669964] Console: switching to colour frame buffer device 100x37
[    4.671150] [drm] Initialized vmwgfx 2.9.0 20150810 for 0000:00:02.0 on minor 0
[    4.818936] tsc: Refined TSC clocksource calibration: 1608.328 MHz
[    4.818939] clocksource: tsc: mask: 0xffffffffffffffff max_cycles: 0x172ee017ec2, max_idle_ns: 440795205548 ns
[    4.937203] usb 1-1: New USB device found, idVendor=80ee, idProduct=0021
[    4.937205] usb 1-1: New USB device strings: Mfr=1, Product=3, SerialNumber=0
[    4.937207] usb 1-1: Product: USB Tablet
[    4.937208] usb 1-1: Manufacturer: VirtualBox
[    4.948085] hidraw: raw HID events driver (C) Jiri Kosina
[    4.965700] ata3: SATA link up 3.0 Gbps (SStatus 123 SControl 300)
[    4.965726] usbcore: registered new interface driver usbhid
[    4.965727] usbhid: USB HID core driver
[    4.965870] ata3.00: ATA-6: VBOX HARDDISK, 1.0, max UDMA/133
[    4.965872] ata3.00: 104857600 sectors, multi 128: LBA48 NCQ (depth 31/32)
[    4.966112] ata3.00: configured for UDMA/133
[    4.966377] scsi 2:0:0:0: Direct-Access     ATA      VBOX HARDDISK    1.0  PQ: 0 ANSI: 5
[    4.966658] sd 2:0:0:0: [sda] 104857600 512-byte logical blocks: (53.6 GB/50.0 GiB)
[    4.966673] sd 2:0:0:0: [sda] Write Protect is off
[    4.966675] sd 2:0:0:0: [sda] Mode Sense: 00 3a 00 00
[    4.966681] sd 2:0:0:0: [sda] Write cache: enabled, read cache: enabled, doesn't support DPO or FUA
[    4.966710] sd 2:0:0:0: Attached scsi generic sg1 type 0
[    4.972636] input: VirtualBox USB Tablet as /devices/pci0000:00/0000:00:06.0/usb1/1-1/1-1:1.0/0003:80EE:0021.0001/input/input6
[    4.972934] hid-generic 0003:80EE:0021.0001: input,hidraw0: USB HID v1.10 Mouse [VirtualBox USB Tablet] on usb-0000:00:06.0-1/input0
[    4.975179]  sda: sda1 sda2 < sda5 >
[    4.975720] sd 2:0:0:0: [sda] Attached SCSI disk
[    5.421691] ata4: SATA link up 3.0 Gbps (SStatus 123 SControl 300)
[    5.421898] ata4.00: ATA-6: VBOX HARDDISK, 1.0, max UDMA/133
[    5.421900] ata4.00: 20971520 sectors, multi 128: LBA48 NCQ (depth 31/32)
[    5.422265] ata4.00: configured for UDMA/133
[    5.422592] scsi 3:0:0:0: Direct-Access     ATA      VBOX HARDDISK    1.0  PQ: 0 ANSI: 5
[    5.422714] sd 3:0:0:0: Attached scsi generic sg2 type 0
[    5.422763] sd 3:0:0:0: [sdb] 20971520 512-byte logical blocks: (10.7 GB/10.0 GiB)
[    5.422778] sd 3:0:0:0: [sdb] Write Protect is off
[    5.422780] sd 3:0:0:0: [sdb] Mode Sense: 00 3a 00 00
[    5.422786] sd 3:0:0:0: [sdb] Write cache: enabled, read cache: enabled, doesn't support DPO or FUA
[    5.432431]  sdb: sdb1 sdb2
[    5.432737] sd 3:0:0:0: [sdb] Attached SCSI disk
[    7.316811] floppy0: no floppy controllers found
[    7.316842] work still pending
[    7.666834] EXT4-fs (sda1): mounted filesystem with ordered data mode. Opts: (null)
[    7.794289] systemd[1]: systemd 229 running in system mode. (+PAM +AUDIT +SELINUX +IMA +APPARMOR +SMACK +SYSVINIT +UTMP +LIBCRYPTSETUP +GCRYPT +GNUTLS +ACL +XZ -LZ4 +SECCOMP +BLKID +ELFUTILS +KMOD -IDN)
[    7.794313] systemd[1]: Detected virtualization oracle.
[    7.794316] systemd[1]: Detected architecture x86-64.
[    7.794522] systemd[1]: Set hostname to <sysprog2020>.
[    7.876298] systemd[1]: Reached target Encrypted Volumes.
[    7.876354] systemd[1]: Listening on Syslog Socket.
[    7.876429] systemd[1]: Set up automount Arbitrary Executable File Formats File System Automount Point.
[    7.876486] systemd[1]: Created slice System Slice.
[    7.876495] systemd[1]: Reached target Remote File Systems (Pre).
[    7.876512] systemd[1]: Listening on /dev/initctl Compatibility Named Pipe.
[    7.876532] systemd[1]: Started Forward Password Requests to Wall Directory Watch.
[    7.876551] systemd[1]: Started Trigger resolvconf update for networkd DNS.
[    7.876585] systemd[1]: Created slice User and Session Slice.
[    7.876590] systemd[1]: Reached target Slices.
[    7.876606] systemd[1]: Listening on Journal Socket (/dev/log).
[    7.876611] systemd[1]: Reached target Remote File Systems.
[    7.876628] systemd[1]: Listening on Journal Socket.
[    7.893613] systemd[1]: Starting Set console keymap...
[    7.894842] systemd[1]: Starting Load Kernel Modules...
[    7.895171] systemd[1]: Started Braille Device Support.
[    7.895622] systemd[1]: Mounting Debug File System...
[    7.896039] systemd[1]: Mounting POSIX Message Queue File System...
[    7.896128] systemd[1]: Listening on udev Kernel Socket.
[    7.896232] systemd[1]: Listening on udev Control Socket.
[    7.896320] systemd[1]: Listening on Journal Audit Socket.
[    7.896795] systemd[1]: Starting Create list of required static device nodes for the current kernel...
[    7.896833] systemd[1]: Listening on fsck to fsckd communication Socket.
[    7.897155] systemd[1]: Starting Journal Service...
[    7.897521] systemd[1]: Mounting Huge Pages File System...
[    7.897567] systemd[1]: Reached target User and Group Name Lookups.
[    7.898738] systemd[1]: Starting Uncomplicated firewall...
[    7.899077] systemd[1]: Starting Remount Root and Kernel File Systems...
[    7.901191] systemd[1]: Started Uncomplicated firewall.
[    7.929481] systemd[1]: Started Create list of required static device nodes for the current kernel.
[    7.948567] lp: driver loaded but no devices found
[    7.949713] systemd[1]: Starting Create Static Device Nodes in /dev...
[    7.962571] random: nonblocking pool is initialized
[    7.967568] systemd[1]: Mounted Debug File System.
[    7.967587] systemd[1]: Mounted POSIX Message Queue File System.
[    7.967927] systemd[1]: Mounted Huge Pages File System.
[    7.968619] EXT4-fs (sda1): re-mounted. Opts: errors=remount-ro
[    7.969270] systemd[1]: Started Remount Root and Kernel File Systems.
[    7.969713] systemd[1]: Starting Load/Save Random Seed...
[    7.971073] systemd[1]: Starting udev Coldplug all Devices...
[    7.971295] ppdev: user-space parallel port driver
[    7.974467] systemd[1]: Started Load/Save Random Seed.
[    7.976943] systemd[1]: Started Journal Service.
[    8.004323] systemd-journald[280]: Received request to flush runtime journal from PID 1
[    8.215762] piix4_smbus 0000:00:07.0: SMBus Host Controller at 0x4100, revision 0
[    8.280008] AVX2 version of gcm_enc/dec engaged.
[    8.280010] AES CTR mode by8 optimization enabled
[    9.538055] audit: type=1400 audit(1608218447.800:2): apparmor="STATUS" operation="profile_load" name="/usr/lib/snapd/snap-confine" pid=687 comm="apparmor_parser"
[    9.538059] audit: type=1400 audit(1608218447.800:3): apparmor="STATUS" operation="profile_load" name="mount-namespace-capture-helper" pid=687 comm="apparmor_parser"
[    9.572477] audit: type=1400 audit(1608218447.836:4): apparmor="STATUS" operation="profile_load" name="webbrowser-app" pid=686 comm="apparmor_parser"
[    9.572481] audit: type=1400 audit(1608218447.836:5): apparmor="STATUS" operation="profile_load" name="oxide_helper" pid=686 comm="apparmor_parser"
[    9.573679] snd_intel8x0 0000:00:05.0: disable (unknown or VT-d) VM optimization
[    9.574521] audit: type=1400 audit(1608218447.836:6): apparmor="STATUS" operation="profile_load" name="/usr/sbin/ippusbxd" pid=696 comm="apparmor_parser"
[    9.575021] audit: type=1400 audit(1608218447.836:7): apparmor="STATUS" operation="profile_load" name="/sbin/dhclient" pid=683 comm="apparmor_parser"
[    9.575025] audit: type=1400 audit(1608218447.836:8): apparmor="STATUS" operation="profile_load" name="/usr/lib/NetworkManager/nm-dhcp-client.action" pid=683 comm="apparmor_parser"
[    9.575027] audit: type=1400 audit(1608218447.836:9): apparmor="STATUS" operation="profile_load" name="/usr/lib/NetworkManager/nm-dhcp-helper" pid=683 comm="apparmor_parser"
[    9.575030] audit: type=1400 audit(1608218447.836:10): apparmor="STATUS" operation="profile_load" name="/usr/lib/connman/scripts/dhclient-script" pid=683 comm="apparmor_parser"
[    9.575262] audit: type=1400 audit(1608218447.836:11): apparmor="STATUS" operation="profile_load" name="/usr/sbin/cups-browsed" pid=688 comm="apparmor_parser"
[    9.613942] Adding 998396k swap on /dev/sda5.  Priority:-1 extents:1 across:998396k FS
[   10.628742] snd_intel8x0 0000:00:05.0: white list rate for 1028:0177 is 48000
[   11.064014] IPv6: ADDRCONF(NETDEV_UP): enp0s3: link is not ready
[   11.065758] IPv6: ADDRCONF(NETDEV_UP): enp0s3: link is not ready
[   11.065945] e1000: enp0s3 NIC Link is Up 1000 Mbps Full Duplex, Flow Control: RX
[   11.066271] IPv6: ADDRCONF(NETDEV_CHANGE): enp0s3: link becomes ready
[   11.814067] floppy0: no floppy controllers found
[   11.814119] work still pending
[   61.415968] spa3: module verification failed: signature and/or required key missing - tainting kernel
[   61.418101] spa3: init successful.
[   61.423168] spa3: Opening file...
[   61.423178] spa3: nRules: 0, buf:I 1111
               , buf[n]:I 32 49 49
[   61.423180] spa3: Inbound rule added
[   61.423216] spa3: Opening file...
[   61.423220] spa3: nRules: 1, buf:O 2222
               , buf[n]:O 32 50 50
[   61.423222] spa3: Outbound rule added.
[   61.423279] spa3: Opening file...
[   61.423283] spa3: nRules: 2, buf:F 3333
               , buf[n]:F 32 51 51
[   61.423284] spa3: Forwarding rule added.
[   61.423296] spa3: Opening file...
[   61.423300] spa3: nRules: 3, buf:P 4444
               , buf[n]:P 32 52 52
[   61.423301] spa3: Proxy rule added.
[   61.423311] spa3: Opening file...
[   61.423315] spa3: nRules: 4, buf:F 5555
               , buf[n]:F 32 53 53
[   61.423316] spa3: Forwarding rule added.
[   61.423328] spa3: Opening file...
[   61.423331] spa3: nRules: 5, buf:P 5555
               , buf[n]:P 32 53 53
[   61.423332] spa3: Proxy rule added.
[   61.423343] spa3: Opening file...
[   61.423346] spa3: nRules: 6, buf:P 5555
               , buf[n]:P 32 53 53
[   61.423347] spa3: Proxy rule added.
[   61.424268] spa3: Opening file...
[   61.424275] curr_pos: 0, type_char: I, portno: 1111
[   61.424654] curr_pos: 1, type_char: O, portno: 2222
[   61.425008] curr_pos: 2, type_char: F, portno: 3333
[   61.425354] curr_pos: 3, type_char: P, portno: 4444
[   61.425933] curr_pos: 4, type_char: F, portno: 5555
[   61.426276] curr_pos: 5, type_char: P, portno: 5555
[   61.426627] curr_pos: 6, type_char: P, portno: 5555
[   61.426958] spa3: Finished reading rules.
[   61.431669] spa3: nRules: 7, buf:6,spa3: nRules: 6, buf:
               ,
[   61.431671] spa3: Input invalid.
[   61.433747] OUTBOUND       : 6, 48966, 1111, 10.0.2.15, 192.168.56.101, 1000
[   61.433749] OUTBOUND       : 6, 39544, 4444, 10.0.2.15, 192.168.56.101, 1000
[   61.433751] OUTBOUND       : 6, 49006, 3333, 10.0.2.15, 192.168.56.101, 1000
[   61.433753] OUTBOUND       : 6, 50638, 5555, 10.0.2.15, 192.168.56.101, 1000
[   61.433775] DROP(OUTBOUND) : 6, 33812, 2222, 10.0.2.15, 192.168.56.101, 1000
[   61.434686] INBOUND        : 6, 3333, 49006, 192.168.56.101, 10.0.2.15, 1010
[   61.434703] OUTBOUND       : 6, 49006, 3333, 10.0.2.15, 192.168.56.101, 0010
[   61.434713] PROXY(INBOUND) : 6, 4444, 4444, 192.168.56.101, 131.1.1.1, 1010
[   61.434715] FORWARD        : 6, 4444, 23569, 192.168.56.101, 131.1.1.1, 1010
[   61.434717] OUTBOUND       : 6, 4444, 23569, 192.168.56.101, 131.1.1.1, 1010
[   61.434722] DROP(INBOUND)  : 6, 1111, 48966, 192.168.56.101, 10.0.2.15, 1010
[   61.434724] PROXY(INBOUND) : 6, 5555, 5555, 192.168.56.101, 131.1.1.1, 1010
[   61.434726] DROP(FORWARD)  : 6, 5555, 45845, 192.168.56.101, 131.1.1.1, 1010
[   61.435178] PROXY(INBOUND) : 6, 4444, 4444, 192.168.56.101, 131.1.1.1, 1010
[   61.435183] FORWARD        : 6, 4444, 23569, 192.168.56.101, 131.1.1.1, 1010
[   61.435184] OUTBOUND       : 6, 4444, 23569, 192.168.56.101, 131.1.1.1, 1010
[   61.435840] INBOUND        : 6, 3333, 49006, 192.168.56.101, 10.0.2.15, 0010
[   61.435924] OUTBOUND       : 6, 49006, 3333, 10.0.2.15, 192.168.56.101, 0010
[   61.437387] DROP(INBOUND)  : 6, 1111, 48966, 192.168.56.101, 10.0.2.15, 1010
[   61.438732] PROXY(INBOUND) : 6, 4444, 4444, 192.168.56.101, 131.1.1.1, 1010
[   61.438742] FORWARD        : 6, 4444, 23569, 192.168.56.101, 131.1.1.1, 1010
[   61.438744] OUTBOUND       : 6, 4444, 23569, 192.168.56.101, 131.1.1.1, 1010
[   61.438764] INBOUND        : 6, 3333, 49006, 192.168.56.101, 10.0.2.15, 0010
[   61.438867] OUTBOUND       : 6, 49006, 3333, 10.0.2.15, 192.168.56.101, 0010
[   61.438911] PROXY(INBOUND) : 6, 4444, 4444, 192.168.56.101, 131.1.1.1, 1010
[   61.438916] FORWARD        : 6, 4444, 23569, 192.168.56.101, 131.1.1.1, 1010
[   61.438917] OUTBOUND       : 6, 4444, 23569, 192.168.56.101, 131.1.1.1, 1010
[   61.438927] INBOUND        : 6, 3333, 49006, 192.168.56.101, 10.0.2.15, 0010
[   61.438952] OUTBOUND       : 6, 49006, 3333, 10.0.2.15, 192.168.56.101, 0010
[   61.439400] PROXY(INBOUND) : 6, 5555, 5555, 192.168.56.101, 131.1.1.1, 1010
[   61.439405] DROP(FORWARD)  : 6, 5555, 45845, 192.168.56.101, 131.1.1.1, 1010
[   61.440257] DROP(INBOUND)  : 6, 1111, 48966, 192.168.56.101, 10.0.2.15, 1010
[   61.440296] PROXY(INBOUND) : 6, 5555, 5555, 192.168.56.101, 131.1.1.1, 1010
[   61.440302] DROP(FORWARD)  : 6, 5555, 45845, 192.168.56.101, 131.1.1.1, 1010
[   61.440403] DROP(INBOUND)  : 6, 1111, 48966, 192.168.56.101, 10.0.2.15, 1010
[   61.440407] PROXY(INBOUND) : 6, 5555, 5555, 192.168.56.101, 131.1.1.1, 1010
[   61.440411] DROP(FORWARD)  : 6, 5555, 45845, 192.168.56.101, 131.1.1.1, 1010
[   61.440571] INBOUND        : 6, 3333, 49006, 192.168.56.101, 10.0.2.15, 0010
[   61.440642] OUTBOUND       : 6, 49006, 3333, 10.0.2.15, 192.168.56.101, 0010
[   61.443074] DROP(INBOUND)  : 6, 1111, 48966, 192.168.56.101, 10.0.2.15, 1010
[   61.443078] INBOUND        : 6, 3333, 49006, 192.168.56.101, 10.0.2.15, 0010
[   61.443106] PROXY(INBOUND) : 6, 4444, 4444, 192.168.56.101, 131.1.1.1, 1010
[   61.443109] FORWARD        : 6, 4444, 23569, 192.168.56.101, 131.1.1.1, 1010
[   61.443110] OUTBOUND       : 6, 4444, 23569, 192.168.56.101, 131.1.1.1, 1010
[   61.443160] OUTBOUND       : 6, 49006, 3333, 10.0.2.15, 192.168.56.101, 0010
[   61.443233] INBOUND        : 6, 3333, 49006, 192.168.56.101, 10.0.2.15, 0010
[   61.443264] OUTBOUND       : 6, 49006, 3333, 10.0.2.15, 192.168.56.101, 0010
[   61.443386] PROXY(INBOUND) : 6, 5555, 5555, 192.168.56.101, 131.1.1.1, 1010
[   61.443389] DROP(FORWARD)  : 6, 5555, 45845, 192.168.56.101, 131.1.1.1, 1010
[   61.443391] INBOUND        : 6, 3333, 49006, 192.168.56.101, 10.0.2.15, 0010
[   61.443487] OUTBOUND       : 6, 49006, 3333, 10.0.2.15, 192.168.56.101, 0010
[   61.443495] PROXY(INBOUND) : 6, 5555, 5555, 192.168.56.101, 131.1.1.1, 1010
[   61.443518] DROP(FORWARD)  : 6, 5555, 45845, 192.168.56.101, 131.1.1.1, 1010
[   61.443611] PROXY(INBOUND) : 6, 4444, 4444, 192.168.56.101, 131.1.1.1, 1010
[   61.443614] FORWARD        : 6, 4444, 23569, 192.168.56.101, 131.1.1.1, 1010
[   61.443616] OUTBOUND       : 6, 4444, 23569, 192.168.56.101, 131.1.1.1, 1010
[   61.443822] PROXY(INBOUND) : 6, 4444, 4444, 192.168.56.101, 131.1.1.1, 1010
[   61.443825] FORWARD        : 6, 4444, 23569, 192.168.56.101, 131.1.1.1, 1010
[   61.443826] OUTBOUND       : 6, 4444, 23569, 192.168.56.101, 131.1.1.1, 1010
[   61.445163] DROP(INBOUND)  : 6, 1111, 48966, 192.168.56.101, 10.0.2.15, 1010
[   61.445310] DROP(INBOUND)  : 6, 1111, 48966, 192.168.56.101, 10.0.2.15, 1010
[   61.445481] INBOUND        : 6, 3333, 49006, 192.168.56.101, 10.0.2.15, 0010
[   61.445645] OUTBOUND       : 6, 49006, 3333, 10.0.2.15, 192.168.56.101, 0010
[   61.445663] INBOUND        : 6, 3333, 49006, 192.168.56.101, 10.0.2.15, 0010
[   61.445671] OUTBOUND       : 6, 49006, 3333, 10.0.2.15, 192.168.56.101, 0010
[   61.447156] PROXY(INBOUND) : 6, 5555, 5555, 192.168.56.101, 131.1.1.1, 1010
[   61.447160] DROP(FORWARD)  : 6, 5555, 45845, 192.168.56.101, 131.1.1.1, 1010
[   61.447163] PROXY(INBOUND) : 6, 4444, 4444, 192.168.56.101, 131.1.1.1, 1010
[   61.447164] FORWARD        : 6, 4444, 23569, 192.168.56.101, 131.1.1.1, 1010
[   61.447183] OUTBOUND       : 6, 4444, 23569, 192.168.56.101, 131.1.1.1, 1010
[   61.447191] PROXY(INBOUND) : 6, 4444, 4444, 192.168.56.101, 131.1.1.1, 1010
[   61.447192] FORWARD        : 6, 4444, 23569, 192.168.56.101, 131.1.1.1, 1010
[   61.447194] OUTBOUND       : 6, 4444, 23569, 192.168.56.101, 131.1.1.1, 1010
[   61.447358] PROXY(INBOUND) : 6, 5555, 5555, 192.168.56.101, 131.1.1.1, 1010
[   61.447361] DROP(FORWARD)  : 6, 5555, 45845, 192.168.56.101, 131.1.1.1, 1010
[   61.448155] DROP(INBOUND)  : 6, 1111, 48966, 192.168.56.101, 10.0.2.15, 1010
[   61.448158] DROP(INBOUND)  : 6, 1111, 48966, 192.168.56.101, 10.0.2.15, 1010
[   61.449049] INBOUND        : 6, 3333, 49006, 192.168.56.101, 10.0.2.15, 0010
[   61.449112] OUTBOUND       : 6, 49006, 3333, 10.0.2.15, 192.168.56.101, 0010
[   61.449121] INBOUND        : 6, 3333, 49006, 192.168.56.101, 10.0.2.15, 0010
[   61.449128] OUTBOUND       : 6, 49006, 3333, 10.0.2.15, 192.168.56.101, 0010
[   61.449944] PROXY(INBOUND) : 6, 4444, 4444, 192.168.56.101, 131.1.1.1, 1010
[   61.449949] FORWARD        : 6, 4444, 23569, 192.168.56.101, 131.1.1.1, 1010
[   61.449952] OUTBOUND       : 6, 4444, 23569, 192.168.56.101, 131.1.1.1, 1010
[   61.449963] PROXY(INBOUND) : 6, 5555, 5555, 192.168.56.101, 131.1.1.1, 1010
[   61.449966] DROP(FORWARD)  : 6, 5555, 45845, 192.168.56.101, 131.1.1.1, 1010
[   61.450005] PROXY(INBOUND) : 6, 4444, 4444, 192.168.56.101, 131.1.1.1, 1010
[   61.450008] FORWARD        : 6, 4444, 23569, 192.168.56.101, 131.1.1.1, 1010
[   61.450011] OUTBOUND       : 6, 4444, 23569, 192.168.56.101, 131.1.1.1, 1010
[   61.450022] PROXY(INBOUND) : 6, 5555, 5555, 192.168.56.101, 131.1.1.1, 1010
[   61.450025] DROP(FORWARD)  : 6, 5555, 45845, 192.168.56.101, 131.1.1.1, 1010
[   61.450927] DROP(INBOUND)  : 6, 1111, 48966, 192.168.56.101, 10.0.2.15, 1010
[   61.451000] DROP(INBOUND)  : 6, 1111, 48966, 192.168.56.101, 10.0.2.15, 1010
[   61.451895] INBOUND        : 6, 3333, 49006, 192.168.56.101, 10.0.2.15, 0010
[   61.451942] OUTBOUND       : 6, 49006, 3333, 10.0.2.15, 192.168.56.101, 0010
[   61.451959] INBOUND        : 6, 3333, 49006, 192.168.56.101, 10.0.2.15, 0010
[   61.451968] OUTBOUND       : 6, 49006, 3333, 10.0.2.15, 192.168.56.101, 0010
[   61.452886] PROXY(INBOUND) : 6, 4444, 4444, 192.168.56.101, 131.1.1.1, 1010
[   61.452894] FORWARD        : 6, 4444, 23569, 192.168.56.101, 131.1.1.1, 1010
[   61.452897] OUTBOUND       : 6, 4444, 23569, 192.168.56.101, 131.1.1.1, 1010
[   61.452911] DROP(INBOUND)  : 6, 1111, 48966, 192.168.56.101, 10.0.2.15, 1010
[   61.452949] PROXY(INBOUND) : 6, 5555, 5555, 192.168.56.101, 131.1.1.1, 1010
[   61.452953] DROP(FORWARD)  : 6, 5555, 45845, 192.168.56.101, 131.1.1.1, 1010
[   61.452956] PROXY(INBOUND) : 6, 4444, 4444, 192.168.56.101, 131.1.1.1, 1010
[   61.452959] FORWARD        : 6, 4444, 23569, 192.168.56.101, 131.1.1.1, 1010
[   61.452961] OUTBOUND       : 6, 4444, 23569, 192.168.56.101, 131.1.1.1, 1010
[   61.452975] DROP(INBOUND)  : 6, 1111, 48966, 192.168.56.101, 10.0.2.15, 1010
[   61.452978] PROXY(INBOUND) : 6, 5555, 5555, 192.168.56.101, 131.1.1.1, 1010
[   61.452982] DROP(FORWARD)  : 6, 5555, 45845, 192.168.56.101, 131.1.1.1, 1010
[   61.454811] INBOUND        : 6, 3333, 49006, 192.168.56.101, 10.0.2.15, 0010
[   61.454844] OUTBOUND       : 6, 49006, 3333, 10.0.2.15, 192.168.56.101, 0010
[   61.454885] INBOUND        : 6, 3333, 49006, 192.168.56.101, 10.0.2.15, 0010
[   61.454908] OUTBOUND       : 6, 49006, 3333, 10.0.2.15, 192.168.56.101, 0010
[   61.455809] PROXY(INBOUND) : 6, 5555, 5555, 192.168.56.101, 131.1.1.1, 1010
[   61.455814] DROP(FORWARD)  : 6, 5555, 45845, 192.168.56.101, 131.1.1.1, 1010
[   61.455906] PROXY(INBOUND) : 6, 5555, 5555, 192.168.56.101, 131.1.1.1, 1010
[   61.455911] DROP(FORWARD)  : 6, 5555, 45845, 192.168.56.101, 131.1.1.1, 1010
[   61.456000] PROXY(INBOUND) : 6, 4444, 4444, 192.168.56.101, 131.1.1.1, 1010
[   61.456005] FORWARD        : 6, 4444, 23569, 192.168.56.101, 131.1.1.1, 1010
[   61.456007] OUTBOUND       : 6, 4444, 23569, 192.168.56.101, 131.1.1.1, 1010
[   61.456062] PROXY(INBOUND) : 6, 4444, 4444, 192.168.56.101, 131.1.1.1, 1010
[   61.456065] FORWARD        : 6, 4444, 23569, 192.168.56.101, 131.1.1.1, 1010
[   61.456067] OUTBOUND       : 6, 4444, 23569, 192.168.56.101, 131.1.1.1, 1010
[   61.456151] DROP(INBOUND)  : 6, 1111, 48966, 192.168.56.101, 10.0.2.15, 1010
[   61.456238] DROP(INBOUND)  : 6, 1111, 48966, 192.168.56.101, 10.0.2.15, 1010
[   61.458052] INBOUND        : 6, 3333, 49006, 192.168.56.101, 10.0.2.15, 0010
[   61.458110] OUTBOUND       : 6, 49006, 3333, 10.0.2.15, 192.168.56.101, 0010
[   61.458187] INBOUND        : 6, 3333, 49006, 192.168.56.101, 10.0.2.15, 0010
[   61.458229] OUTBOUND       : 6, 49006, 3333, 10.0.2.15, 192.168.56.101, 0010
[   61.459709] DROP(INBOUND)  : 6, 1111, 48966, 192.168.56.101, 10.0.2.15, 1010
[   61.459730] PROXY(INBOUND) : 6, 5555, 5555, 192.168.56.101, 131.1.1.1, 1010
[   61.459742] DROP(FORWARD)  : 6, 5555, 45845, 192.168.56.101, 131.1.1.1, 1010
[   61.459790] DROP(INBOUND)  : 6, 1111, 48966, 192.168.56.101, 10.0.2.15, 1010
[   61.459802] PROXY(INBOUND) : 6, 5555, 5555, 192.168.56.101, 131.1.1.1, 1010
[   61.459812] DROP(FORWARD)  : 6, 5555, 45845, 192.168.56.101, 131.1.1.1, 1010
[   61.459939] PROXY(INBOUND) : 6, 4444, 4444, 192.168.56.101, 131.1.1.1, 1010
[   61.459959] FORWARD        : 6, 4444, 23569, 192.168.56.101, 131.1.1.1, 1010
[   61.459968] OUTBOUND       : 6, 4444, 23569, 192.168.56.101, 131.1.1.1, 1010
[   61.464283] PROXY(INBOUND) : 6, 4444, 4444, 192.168.56.101, 131.1.1.1, 1010
[   61.464312] FORWARD        : 6, 4444, 23569, 192.168.56.101, 131.1.1.1, 1010
[   61.464319] OUTBOUND       : 6, 4444, 23569, 192.168.56.101, 131.1.1.1, 1010
[   61.464378] INBOUND        : 6, 3333, 49006, 192.168.56.101, 10.0.2.15, 0010
[   61.464439] OUTBOUND       : 6, 49006, 3333, 10.0.2.15, 192.168.56.101, 0010
[   61.464442] INBOUND        : 6, 3333, 49006, 192.168.56.101, 10.0.2.15, 0010
[   61.464464] OUTBOUND       : 6, 49006, 3333, 10.0.2.15, 192.168.56.101, 0010
[   61.465534] DROP(INBOUND)  : 6, 1111, 48966, 192.168.56.101, 10.0.2.15, 1010
[   61.465554] PROXY(INBOUND) : 6, 5555, 5555, 192.168.56.101, 131.1.1.1, 1010
[   61.465564] DROP(FORWARD)  : 6, 5555, 45845, 192.168.56.101, 131.1.1.1, 1010
[   61.465603] DROP(INBOUND)  : 6, 1111, 48966, 192.168.56.101, 10.0.2.15, 1010
[   61.465616] PROXY(INBOUND) : 6, 5555, 5555, 192.168.56.101, 131.1.1.1, 1010
[   61.465627] DROP(FORWARD)  : 6, 5555, 45845, 192.168.56.101, 131.1.1.1, 1010
[   61.466548] PROXY(INBOUND) : 6, 4444, 4444, 192.168.56.101, 131.1.1.1, 1010
[   61.466568] FORWARD        : 6, 4444, 23569, 192.168.56.101, 131.1.1.1, 1010
[   61.466575] OUTBOUND       : 6, 4444, 23569, 192.168.56.101, 131.1.1.1, 1010
[   61.466641] PROXY(INBOUND) : 6, 4444, 4444, 192.168.56.101, 131.1.1.1, 1010
[   61.466654] FORWARD        : 6, 4444, 23569, 192.168.56.101, 131.1.1.1, 1010
[   61.466662] OUTBOUND       : 6, 4444, 23569, 192.168.56.101, 131.1.1.1, 1010
[   61.466780] INBOUND        : 6, 3333, 49006, 192.168.56.101, 10.0.2.15, 0010
[   61.466829] OUTBOUND       : 6, 49006, 3333, 10.0.2.15, 192.168.56.101, 0010
[   61.466934] INBOUND        : 6, 3333, 49006, 192.168.56.101, 10.0.2.15, 0010
[   61.467005] PROXY(INBOUND) : 6, 5555, 5555, 192.168.56.101, 131.1.1.1, 1010
[   61.467025] OUTBOUND       : 6, 49006, 3333, 10.0.2.15, 192.168.56.101, 0010
[   61.467092] DROP(FORWARD)  : 6, 5555, 45845, 192.168.56.101, 131.1.1.1, 1010
[   61.467111] PROXY(INBOUND) : 6, 5555, 5555, 192.168.56.101, 131.1.1.1, 1010
[   61.467123] DROP(FORWARD)  : 6, 5555, 45845, 192.168.56.101, 131.1.1.1, 1010
[   61.467462] DROP(INBOUND)  : 6, 1111, 48966, 192.168.56.101, 10.0.2.15, 1010
[   61.467529] DROP(INBOUND)  : 6, 1111, 48966, 192.168.56.101, 10.0.2.15, 1010
[   61.469480] INBOUND        : 6, 3333, 49006, 192.168.56.101, 10.0.2.15, 0010
[   61.469534] OUTBOUND       : 6, 49006, 3333, 10.0.2.15, 192.168.56.101, 0010
[   61.472332] DROP(INBOUND)  : 6, 1111, 48966, 192.168.56.101, 10.0.2.15, 1010
[   61.472359] PROXY(INBOUND) : 6, 5555, 5555, 192.168.56.101, 131.1.1.1, 1010
[   61.472371] DROP(FORWARD)  : 6, 5555, 45845, 192.168.56.101, 131.1.1.1, 1010
[   61.472379] INBOUND        : 6, 3333, 49006, 192.168.56.101, 10.0.2.15, 0010
[   61.472394] PROXY(INBOUND) : 6, 4444, 4444, 192.168.56.101, 131.1.1.1, 1010
[   61.472400] FORWARD        : 6, 4444, 23569, 192.168.56.101, 131.1.1.1, 1010
[   61.472406] OUTBOUND       : 6, 4444, 23569, 192.168.56.101, 131.1.1.1, 1010
[   61.472421] OUTBOUND       : 6, 49006, 3333, 10.0.2.15, 192.168.56.101, 0010
[   61.472429] INBOUND        : 6, 3333, 49006, 192.168.56.101, 10.0.2.15, 0010
[   61.472445] OUTBOUND       : 6, 49006, 3333, 10.0.2.15, 192.168.56.101, 0010
[   61.472466] PROXY(INBOUND) : 6, 4444, 4444, 192.168.56.101, 131.1.1.1, 1010
[   61.472478] FORWARD        : 6, 4444, 23569, 192.168.56.101, 131.1.1.1, 1010
[   61.472486] OUTBOUND       : 6, 4444, 23569, 192.168.56.101, 131.1.1.1, 1010
[   61.472502] INBOUND        : 6, 3333, 49006, 192.168.56.101, 10.0.2.15, 0010
[   61.472522] PROXY(INBOUND) : 6, 4444, 4444, 192.168.56.101, 131.1.1.1, 1010
[   61.472531] FORWARD        : 6, 4444, 23569, 192.168.56.101, 131.1.1.1, 1010
[   61.472541] OUTBOUND       : 6, 4444, 23569, 192.168.56.101, 131.1.1.1, 1010
[   61.472544] OUTBOUND       : 6, 49006, 3333, 10.0.2.15, 192.168.56.101, 0010
[   61.472554] PROXY(INBOUND) : 6, 5555, 5555, 192.168.56.101, 131.1.1.1, 1010
[   61.472566] DROP(FORWARD)  : 6, 5555, 45845, 192.168.56.101, 131.1.1.1, 1010
[   61.472578] PROXY(INBOUND) : 6, 5555, 5555, 192.168.56.101, 131.1.1.1, 1010
[   61.472587] DROP(FORWARD)  : 6, 5555, 45845, 192.168.56.101, 131.1.1.1, 1010
[   61.473329] DROP(INBOUND)  : 6, 1111, 48966, 192.168.56.101, 10.0.2.15, 1010
[   61.473392] DROP(INBOUND)  : 6, 1111, 48966, 192.168.56.101, 10.0.2.15, 1010
[   61.473500] INBOUND        : 6, 3333, 49006, 192.168.56.101, 10.0.2.15, 0010
[   61.473549] OUTBOUND       : 6, 49006, 3333, 10.0.2.15, 192.168.56.101, 0010
[   61.473571] INBOUND        : 6, 3333, 49006, 192.168.56.101, 10.0.2.15, 0010
[   61.473624] OUTBOUND       : 6, 49006, 3333, 10.0.2.15, 192.168.56.101, 0010
[   61.474339] PROXY(INBOUND) : 6, 4444, 4444, 192.168.56.101, 131.1.1.1, 1010
[   61.474364] FORWARD        : 6, 4444, 23569, 192.168.56.101, 131.1.1.1, 1010
[   61.474372] OUTBOUND       : 6, 4444, 23569, 192.168.56.101, 131.1.1.1, 1010
[   61.474443] PROXY(INBOUND) : 6, 4444, 4444, 192.168.56.101, 131.1.1.1, 1010
[   61.474461] FORWARD        : 6, 4444, 23569, 192.168.56.101, 131.1.1.1, 1010
[   61.474470] OUTBOUND       : 6, 4444, 23569, 192.168.56.101, 131.1.1.1, 1010
[   61.474563] PROXY(INBOUND) : 6, 5555, 5555, 192.168.56.101, 131.1.1.1, 1010
[   61.474583] DROP(FORWARD)  : 6, 5555, 45845, 192.168.56.101, 131.1.1.1, 1010
[   61.474685] PROXY(INBOUND) : 6, 5555, 5555, 192.168.56.101, 131.1.1.1, 1010
[   61.474703] DROP(FORWARD)  : 6, 5555, 45845, 192.168.56.101, 131.1.1.1, 1010
[   61.475304] DROP(INBOUND)  : 6, 1111, 48966, 192.168.56.101, 10.0.2.15, 1010
[   61.475383] DROP(INBOUND)  : 6, 1111, 48966, 192.168.56.101, 10.0.2.15, 1010
[   61.476391] PROXY(INBOUND) : 6, 5555, 5555, 192.168.56.101, 131.1.1.1, 1010
[   61.476409] DROP(FORWARD)  : 6, 5555, 45845, 192.168.56.101, 131.1.1.1, 1010
[   61.476422] INBOUND        : 6, 3333, 49006, 192.168.56.101, 10.0.2.15, 0010
[   61.476441] PROXY(INBOUND) : 6, 5555, 5555, 192.168.56.101, 131.1.1.1, 1010
[   61.476451] DROP(FORWARD)  : 6, 5555, 45845, 192.168.56.101, 131.1.1.1, 1010
[   61.476459] INBOUND        : 6, 3333, 49006, 192.168.56.101, 10.0.2.15, 0010
[   61.476462] OUTBOUND       : 6, 49006, 3333, 10.0.2.15, 192.168.56.101, 0010
[   61.476486] OUTBOUND       : 6, 49006, 3333, 10.0.2.15, 192.168.56.101, 0010
[   61.477281] DROP(INBOUND)  : 6, 1111, 48966, 192.168.56.101, 10.0.2.15, 1010
[   61.477300] PROXY(INBOUND) : 6, 4444, 4444, 192.168.56.101, 131.1.1.1, 1010
[   61.477311] FORWARD        : 6, 4444, 23569, 192.168.56.101, 131.1.1.1, 1010
[   61.477318] OUTBOUND       : 6, 4444, 23569, 192.168.56.101, 131.1.1.1, 1010
[   61.477338] DROP(INBOUND)  : 6, 1111, 48966, 192.168.56.101, 10.0.2.15, 1010
[   61.477452] PROXY(INBOUND) : 6, 4444, 4444, 192.168.56.101, 131.1.1.1, 1010
[   61.477469] FORWARD        : 6, 4444, 23569, 192.168.56.101, 131.1.1.1, 1010
[   61.477478] OUTBOUND       : 6, 4444, 23569, 192.168.56.101, 131.1.1.1, 1010
[   61.479240] INBOUND        : 6, 3333, 49006, 192.168.56.101, 10.0.2.15, 0010
[   61.479299] OUTBOUND       : 6, 49006, 3333, 10.0.2.15, 192.168.56.101, 0010
[   61.479305] PROXY(INBOUND) : 6, 5555, 5555, 192.168.56.101, 131.1.1.1, 1010
[   61.479323] DROP(FORWARD)  : 6, 5555, 45845, 192.168.56.101, 131.1.1.1, 1010
[   61.479333] INBOUND        : 6, 3333, 49006, 192.168.56.101, 10.0.2.15, 0010
[   61.479346] PROXY(INBOUND) : 6, 5555, 5555, 192.168.56.101, 131.1.1.1, 1010
[   61.479348] OUTBOUND       : 6, 49006, 3333, 10.0.2.15, 192.168.56.101, 0010
[   61.479361] DROP(FORWARD)  : 6, 5555, 45845, 192.168.56.101, 131.1.1.1, 1010
[   61.479535] DROP(INBOUND)  : 6, 1111, 48966, 192.168.56.101, 10.0.2.15, 1010
[   61.479651] DROP(INBOUND)  : 6, 1111, 48966, 192.168.56.101, 10.0.2.15, 1010
[   61.481187] PROXY(INBOUND) : 6, 4444, 4444, 192.168.56.101, 131.1.1.1, 1010
[   61.481210] FORWARD        : 6, 4444, 23569, 192.168.56.101, 131.1.1.1, 1010
[   61.481218] OUTBOUND       : 6, 4444, 23569, 192.168.56.101, 131.1.1.1, 1010
[   61.481237] PROXY(INBOUND) : 6, 4444, 4444, 192.168.56.101, 131.1.1.1, 1010
[   61.481246] FORWARD        : 6, 4444, 23569, 192.168.56.101, 131.1.1.1, 1010
[   61.481254] OUTBOUND       : 6, 4444, 23569, 192.168.56.101, 131.1.1.1, 1010
[   61.482120] DROP(INBOUND)  : 6, 1111, 48966, 192.168.56.101, 10.0.2.15, 1010
[   61.482139] PROXY(INBOUND) : 6, 5555, 5555, 192.168.56.101, 131.1.1.1, 1010
[   61.482148] DROP(FORWARD)  : 6, 5555, 45845, 192.168.56.101, 131.1.1.1, 1010
[   61.482189] DROP(INBOUND)  : 6, 1111, 48966, 192.168.56.101, 10.0.2.15, 1010
[   61.482202] PROXY(INBOUND) : 6, 5555, 5555, 192.168.56.101, 131.1.1.1, 1010
[   61.482211] DROP(FORWARD)  : 6, 5555, 45845, 192.168.56.101, 131.1.1.1, 1010
[   61.482301] INBOUND        : 6, 3333, 49006, 192.168.56.101, 10.0.2.15, 0010
[   61.482354] OUTBOUND       : 6, 49006, 3333, 10.0.2.15, 192.168.56.101, 0010
[   61.482362] INBOUND        : 6, 3333, 49006, 192.168.56.101, 10.0.2.15, 0010
[   61.482375] OUTBOUND       : 6, 49006, 3333, 10.0.2.15, 192.168.56.101, 0010
[   61.484105] PROXY(INBOUND) : 6, 4444, 4444, 192.168.56.101, 131.1.1.1, 1010
[   61.484126] FORWARD        : 6, 4444, 23569, 192.168.56.101, 131.1.1.1, 1010
[   61.484134] OUTBOUND       : 6, 4444, 23569, 192.168.56.101, 131.1.1.1, 1010
[   61.484183] PROXY(INBOUND) : 6, 4444, 4444, 192.168.56.101, 131.1.1.1, 1010
[   61.484196] FORWARD        : 6, 4444, 23569, 192.168.56.101, 131.1.1.1, 1010
[   61.484203] OUTBOUND       : 6, 4444, 23569, 192.168.56.101, 131.1.1.1, 1010
[   61.485085] DROP(INBOUND)  : 6, 1111, 48966, 192.168.56.101, 10.0.2.15, 1010
[   61.485108] INBOUND        : 6, 3333, 49006, 192.168.56.101, 10.0.2.15, 0010
[   61.485127] DROP(INBOUND)  : 6, 1111, 48966, 192.168.56.101, 10.0.2.15, 1010
[   61.485138] INBOUND        : 6, 3333, 49006, 192.168.56.101, 10.0.2.15, 0010
[   61.485152] OUTBOUND       : 6, 49006, 3333, 10.0.2.15, 192.168.56.101, 0010
[   61.485172] OUTBOUND       : 6, 49006, 3333, 10.0.2.15, 192.168.56.101, 0010
[   61.485212] PROXY(INBOUND) : 6, 5555, 5555, 192.168.56.101, 131.1.1.1, 1010
[   61.485232] DROP(FORWARD)  : 6, 5555, 45845, 192.168.56.101, 131.1.1.1, 1010
[   61.485313] PROXY(INBOUND) : 6, 5555, 5555, 192.168.56.101, 131.1.1.1, 1010
[   61.485332] DROP(FORWARD)  : 6, 5555, 45845, 192.168.56.101, 131.1.1.1, 1010
[   61.487060] INBOUND        : 6, 3333, 49006, 192.168.56.101, 10.0.2.15, 0010
[   61.487090] PROXY(INBOUND) : 6, 4444, 4444, 192.168.56.101, 131.1.1.1, 1010
[   61.487100] FORWARD        : 6, 4444, 23569, 192.168.56.101, 131.1.1.1, 1010
[   61.487109] OUTBOUND       : 6, 4444, 23569, 192.168.56.101, 131.1.1.1, 1010
[   61.487114] OUTBOUND       : 6, 49006, 3333, 10.0.2.15, 192.168.56.101, 0010
[   61.487135] INBOUND        : 6, 3333, 49006, 192.168.56.101, 10.0.2.15, 0010
[   61.487155] PROXY(INBOUND) : 6, 4444, 4444, 192.168.56.101, 131.1.1.1, 1010
[   61.487158] OUTBOUND       : 6, 49006, 3333, 10.0.2.15, 192.168.56.101, 0010
[   61.487167] FORWARD        : 6, 4444, 23569, 192.168.56.101, 131.1.1.1, 1010
[   61.487174] OUTBOUND       : 6, 4444, 23569, 192.168.56.101, 131.1.1.1, 1010
[   61.487980] DROP(INBOUND)  : 6, 1111, 48966, 192.168.56.101, 10.0.2.15, 1010
[   61.487999] PROXY(INBOUND) : 6, 5555, 5555, 192.168.56.101, 131.1.1.1, 1010
[   61.488008] DROP(FORWARD)  : 6, 5555, 45845, 192.168.56.101, 131.1.1.1, 1010
[   61.488113] DROP(INBOUND)  : 6, 1111, 48966, 192.168.56.101, 10.0.2.15, 1010
[   61.488132] PROXY(INBOUND) : 6, 5555, 5555, 192.168.56.101, 131.1.1.1, 1010
[   61.488140] DROP(FORWARD)  : 6, 5555, 45845, 192.168.56.101, 131.1.1.1, 1010
[   61.489972] INBOUND        : 6, 3333, 49006, 192.168.56.101, 10.0.2.15, 0010
[   61.490001] PROXY(INBOUND) : 6, 5555, 5555, 192.168.56.101, 131.1.1.1, 1010
[   61.490010] DROP(FORWARD)  : 6, 5555, 45845, 192.168.56.101, 131.1.1.1, 1010
[   61.490018] INBOUND        : 6, 3333, 49006, 192.168.56.101, 10.0.2.15, 0010
[   61.490024] OUTBOUND       : 6, 49006, 3333, 10.0.2.15, 192.168.56.101, 0010
[   61.490028] PROXY(INBOUND) : 6, 5555, 5555, 192.168.56.101, 131.1.1.1, 1010
[   61.490040] DROP(FORWARD)  : 6, 5555, 45845, 192.168.56.101, 131.1.1.1, 1010
[   61.490047] OUTBOUND       : 6, 49006, 3333, 10.0.2.15, 192.168.56.101, 0010
[   61.490131] PROXY(INBOUND) : 6, 4444, 4444, 192.168.56.101, 131.1.1.1, 1010
[   61.490142] FORWARD        : 6, 4444, 23569, 192.168.56.101, 131.1.1.1, 1010
[   61.490149] OUTBOUND       : 6, 4444, 23569, 192.168.56.101, 131.1.1.1, 1010
[   61.490238] PROXY(INBOUND) : 6, 4444, 4444, 192.168.56.101, 131.1.1.1, 1010
[   61.490255] FORWARD        : 6, 4444, 23569, 192.168.56.101, 131.1.1.1, 1010
[   61.490262] OUTBOUND       : 6, 4444, 23569, 192.168.56.101, 131.1.1.1, 1010
[   61.490279] DROP(INBOUND)  : 6, 1111, 48966, 192.168.56.101, 10.0.2.15, 1010
[   61.490361] DROP(INBOUND)  : 6, 1111, 48966, 192.168.56.101, 10.0.2.15, 1010
[   61.492939] INBOUND        : 6, 3333, 49006, 192.168.56.101, 10.0.2.15, 0010
[   61.492973] PROXY(INBOUND) : 6, 4444, 4444, 192.168.56.101, 131.1.1.1, 1010
[   61.492985] FORWARD        : 6, 4444, 23569, 192.168.56.101, 131.1.1.1, 1010
[   61.492994] OUTBOUND       : 6, 49006, 3333, 10.0.2.15, 192.168.56.101, 0010
[   61.492995] OUTBOUND       : 6, 4444, 23569, 192.168.56.101, 131.1.1.1, 1010
[   61.493019] PROXY(INBOUND) : 6, 5555, 5555, 192.168.56.101, 131.1.1.1, 1010
[   61.493031] DROP(FORWARD)  : 6, 5555, 45845, 192.168.56.101, 131.1.1.1, 1010
[   61.495726] DROP(INBOUND)  : 6, 1111, 48966, 192.168.56.101, 10.0.2.15, 1010
[   61.495746] PROXY(INBOUND) : 6, 5555, 5555, 192.168.56.101, 131.1.1.1, 1010
[   61.495756] DROP(FORWARD)  : 6, 5555, 45845, 192.168.56.101, 131.1.1.1, 1010
[   61.495765] INBOUND        : 6, 3333, 49006, 192.168.56.101, 10.0.2.15, 0010
[   61.495788] PROXY(INBOUND) : 6, 4444, 4444, 192.168.56.101, 131.1.1.1, 1010
[   61.495802] FORWARD        : 6, 4444, 23569, 192.168.56.101, 131.1.1.1, 1010
[   61.495809] OUTBOUND       : 6, 4444, 23569, 192.168.56.101, 131.1.1.1, 1010
[   61.495813] OUTBOUND       : 6, 49006, 3333, 10.0.2.15, 192.168.56.101, 0010
[   61.496780] DROP(INBOUND)  : 6, 1111, 48966, 192.168.56.101, 10.0.2.15, 1010
[   61.496800] INBOUND        : 6, 3333, 49006, 192.168.56.101, 10.0.2.15, 0010
[   61.496835] OUTBOUND       : 6, 49006, 3333, 10.0.2.15, 192.168.56.101, 0010
[   61.496867] DROP(INBOUND)  : 6, 1111, 48966, 192.168.56.101, 10.0.2.15, 1010
[   61.496881] INBOUND        : 6, 3333, 49006, 192.168.56.101, 10.0.2.15, 0010
[   61.496912] OUTBOUND       : 6, 49006, 3333, 10.0.2.15, 192.168.56.101, 0010
[   61.496943] PROXY(INBOUND) : 6, 5555, 5555, 192.168.56.101, 131.1.1.1, 1010
[   61.496957] DROP(FORWARD)  : 6, 5555, 45845, 192.168.56.101, 131.1.1.1, 1010
[   61.497024] PROXY(INBOUND) : 6, 5555, 5555, 192.168.56.101, 131.1.1.1, 1010
[   61.497038] DROP(FORWARD)  : 6, 5555, 45845, 192.168.56.101, 131.1.1.1, 1010
[   61.498733] PROXY(INBOUND) : 6, 4444, 4444, 192.168.56.101, 131.1.1.1, 1010
[   61.498751] FORWARD        : 6, 4444, 23569, 192.168.56.101, 131.1.1.1, 1010
[   61.498759] OUTBOUND       : 6, 4444, 23569, 192.168.56.101, 131.1.1.1, 1010
[   61.498867] DROP(INBOUND)  : 6, 1111, 48966, 192.168.56.101, 10.0.2.15, 1010
[   61.498885] PROXY(INBOUND) : 6, 4444, 4444, 192.168.56.101, 131.1.1.1, 1010
[   61.498893] FORWARD        : 6, 4444, 23569, 192.168.56.101, 131.1.1.1, 1010
[   61.498900] OUTBOUND       : 6, 4444, 23569, 192.168.56.101, 131.1.1.1, 1010
[   61.498990] DROP(INBOUND)  : 6, 1111, 48966, 192.168.56.101, 10.0.2.15, 1010
[   61.499720] INBOUND        : 6, 3333, 49006, 192.168.56.101, 10.0.2.15, 0010
[   61.499748] PROXY(INBOUND) : 6, 5555, 5555, 192.168.56.101, 131.1.1.1, 1010
[   61.499758] DROP(FORWARD)  : 6, 5555, 45845, 192.168.56.101, 131.1.1.1, 1010
[   61.499769] INBOUND        : 6, 3333, 49006, 192.168.56.101, 10.0.2.15, 0010
[   61.499774] OUTBOUND       : 6, 49006, 3333, 10.0.2.15, 192.168.56.101, 0010
[   61.499826] PROXY(INBOUND) : 6, 5555, 5555, 192.168.56.101, 131.1.1.1, 1010
[   61.499837] DROP(FORWARD)  : 6, 5555, 45845, 192.168.56.101, 131.1.1.1, 1010
[   61.499839] OUTBOUND       : 6, 49006, 3333, 10.0.2.15, 192.168.56.101, 0010
[   61.501735] PROXY(INBOUND) : 6, 4444, 4444, 192.168.56.101, 131.1.1.1, 1010
[   61.501753] FORWARD        : 6, 4444, 23569, 192.168.56.101, 131.1.1.1, 1010
[   61.501760] OUTBOUND       : 6, 4444, 23569, 192.168.56.101, 131.1.1.1, 1010
[   61.501843] PROXY(INBOUND) : 6, 4444, 4444, 192.168.56.101, 131.1.1.1, 1010
[   61.501858] FORWARD        : 6, 4444, 23569, 192.168.56.101, 131.1.1.1, 1010
[   61.501866] OUTBOUND       : 6, 4444, 23569, 192.168.56.101, 131.1.1.1, 1010
[   61.501886] DROP(INBOUND)  : 6, 1111, 48966, 192.168.56.101, 10.0.2.15, 1010
[   61.501898] DROP(INBOUND)  : 6, 1111, 48966, 192.168.56.101, 10.0.2.15, 1010
[   61.502030] INBOUND        : 6, 3333, 49006, 192.168.56.101, 10.0.2.15, 0010
[   61.502083] OUTBOUND       : 6, 49006, 3333, 10.0.2.15, 192.168.56.101, 0010
[   61.502108] INBOUND        : 6, 3333, 49006, 192.168.56.101, 10.0.2.15, 0010
[   61.502132] OUTBOUND       : 6, 49006, 3333, 10.0.2.15, 192.168.56.101, 0010
[   61.502743] PROXY(INBOUND) : 6, 5555, 5555, 192.168.56.101, 131.1.1.1, 1010
[   61.502765] DROP(FORWARD)  : 6, 5555, 45845, 192.168.56.101, 131.1.1.1, 1010
[   61.502807] PROXY(INBOUND) : 6, 5555, 5555, 192.168.56.101, 131.1.1.1, 1010
[   61.502821] DROP(FORWARD)  : 6, 5555, 45845, 192.168.56.101, 131.1.1.1, 1010
[   61.503612] DROP(INBOUND)  : 6, 1111, 48966, 192.168.56.101, 10.0.2.15, 1010
[   61.503651] PROXY(INBOUND) : 6, 4444, 4444, 192.168.56.101, 131.1.1.1, 1010
[   61.503659] FORWARD        : 6, 4444, 23569, 192.168.56.101, 131.1.1.1, 1010
[   61.503666] OUTBOUND       : 6, 4444, 23569, 192.168.56.101, 131.1.1.1, 1010
[   61.503713] DROP(INBOUND)  : 6, 1111, 48966, 192.168.56.101, 10.0.2.15, 1010
[   61.503727] PROXY(INBOUND) : 6, 4444, 4444, 192.168.56.101, 131.1.1.1, 1010
[   61.503737] FORWARD        : 6, 4444, 23569, 192.168.56.101, 131.1.1.1, 1010
[   61.503746] OUTBOUND       : 6, 4444, 23569, 192.168.56.101, 131.1.1.1, 1010
[   61.503814] INBOUND        : 6, 3333, 49006, 192.168.56.101, 10.0.2.15, 0010
[   61.503856] OUTBOUND       : 6, 49006, 3333, 10.0.2.15, 192.168.56.101, 0010
[   61.503887] INBOUND        : 6, 3333, 49006, 192.168.56.101, 10.0.2.15, 0010
[   61.503913] OUTBOUND       : 6, 49006, 3333, 10.0.2.15, 192.168.56.101, 0010
[   61.505621] DROP(INBOUND)  : 6, 1111, 48966, 192.168.56.101, 10.0.2.15, 1010
[   61.505659] PROXY(INBOUND) : 6, 5555, 5555, 192.168.56.101, 131.1.1.1, 1010
[   61.505668] DROP(FORWARD)  : 6, 5555, 45845, 192.168.56.101, 131.1.1.1, 1010
[   61.505720] DROP(INBOUND)  : 6, 1111, 48966, 192.168.56.101, 10.0.2.15, 1010
[   61.505803] PROXY(INBOUND) : 6, 5555, 5555, 192.168.56.101, 131.1.1.1, 1010
[   61.505821] DROP(FORWARD)  : 6, 5555, 45845, 192.168.56.101, 131.1.1.1, 1010
[   61.507538] INBOUND        : 6, 3333, 49006, 192.168.56.101, 10.0.2.15, 0010
[   61.507571] PROXY(INBOUND) : 6, 4444, 4444, 192.168.56.101, 131.1.1.1, 1010
[   61.507580] FORWARD        : 6, 4444, 23569, 192.168.56.101, 131.1.1.1, 1010
[   61.507588] OUTBOUND       : 6, 4444, 23569, 192.168.56.101, 131.1.1.1, 1010
[   61.507597] OUTBOUND       : 6, 49006, 3333, 10.0.2.15, 192.168.56.101, 0010
[   61.507617] DROP(INBOUND)  : 6, 1111, 48966, 192.168.56.101, 10.0.2.15, 1010
[   61.507630] INBOUND        : 6, 3333, 49006, 192.168.56.101, 10.0.2.15, 0010
[   61.507663] PROXY(INBOUND) : 6, 4444, 4444, 192.168.56.101, 131.1.1.1, 1010
[   61.507668] OUTBOUND       : 6, 49006, 3333, 10.0.2.15, 192.168.56.101, 0010
[   61.507678] FORWARD        : 6, 4444, 23569, 192.168.56.101, 131.1.1.1, 1010
[   61.507685] OUTBOUND       : 6, 4444, 23569, 192.168.56.101, 131.1.1.1, 1010
[   61.507705] DROP(INBOUND)  : 6, 1111, 48966, 192.168.56.101, 10.0.2.15, 1010
[   61.508476] PROXY(INBOUND) : 6, 5555, 5555, 192.168.56.101, 131.1.1.1, 1010
[   61.508494] DROP(FORWARD)  : 6, 5555, 45845, 192.168.56.101, 131.1.1.1, 1010
[   61.508544] PROXY(INBOUND) : 6, 5555, 5555, 192.168.56.101, 131.1.1.1, 1010
[   61.508557] DROP(FORWARD)  : 6, 5555, 45845, 192.168.56.101, 131.1.1.1, 1010
[   61.509458] DROP(INBOUND)  : 6, 1111, 48966, 192.168.56.101, 10.0.2.15, 1010
[   61.509538] DROP(INBOUND)  : 6, 1111, 48966, 192.168.56.101, 10.0.2.15, 1010
[   61.510423] PROXY(INBOUND) : 6, 4444, 4444, 192.168.56.101, 131.1.1.1, 1010
[   61.510440] FORWARD        : 6, 4444, 23569, 192.168.56.101, 131.1.1.1, 1010
[   61.510447] OUTBOUND       : 6, 4444, 23569, 192.168.56.101, 131.1.1.1, 1010
[   61.510545] PROXY(INBOUND) : 6, 4444, 4444, 192.168.56.101, 131.1.1.1, 1010
[   61.510562] FORWARD        : 6, 4444, 23569, 192.168.56.101, 131.1.1.1, 1010
[   61.510569] OUTBOUND       : 6, 4444, 23569, 192.168.56.101, 131.1.1.1, 1010
[   61.510589] INBOUND        : 6, 3333, 49006, 192.168.56.101, 10.0.2.15, 0010
[   61.510614] INBOUND        : 6, 3333, 49006, 192.168.56.101, 10.0.2.15, 0010
[   61.510645] OUTBOUND       : 6, 49006, 3333, 10.0.2.15, 192.168.56.101, 0010
[   61.510663] OUTBOUND       : 6, 49006, 3333, 10.0.2.15, 192.168.56.101, 0010
[   61.511426] DROP(INBOUND)  : 6, 1111, 48966, 192.168.56.101, 10.0.2.15, 1010
[   61.511445] PROXY(INBOUND) : 6, 5555, 5555, 192.168.56.101, 131.1.1.1, 1010
[   61.511454] DROP(FORWARD)  : 6, 5555, 45845, 192.168.56.101, 131.1.1.1, 1010
[   61.511512] DROP(INBOUND)  : 6, 1111, 48966, 192.168.56.101, 10.0.2.15, 1010
[   61.511525] PROXY(INBOUND) : 6, 5555, 5555, 192.168.56.101, 131.1.1.1, 1010
[   61.511533] DROP(FORWARD)  : 6, 5555, 45845, 192.168.56.101, 131.1.1.1, 1010
[   61.512411] PROXY(INBOUND) : 6, 4444, 4444, 192.168.56.101, 131.1.1.1, 1010
[   61.512431] FORWARD        : 6, 4444, 23569, 192.168.56.101, 131.1.1.1, 1010
[   61.512439] OUTBOUND       : 6, 4444, 23569, 192.168.56.101, 131.1.1.1, 1010
[   61.512459] PROXY(INBOUND) : 6, 4444, 4444, 192.168.56.101, 131.1.1.1, 1010
[   61.512467] FORWARD        : 6, 4444, 23569, 192.168.56.101, 131.1.1.1, 1010
[   61.512474] OUTBOUND       : 6, 4444, 23569, 192.168.56.101, 131.1.1.1, 1010
[   61.513345] INBOUND        : 6, 3333, 49006, 192.168.56.101, 10.0.2.15, 0010
[   61.513371] PROXY(INBOUND) : 6, 5555, 5555, 192.168.56.101, 131.1.1.1, 1010
[   61.513379] DROP(FORWARD)  : 6, 5555, 45845, 192.168.56.101, 131.1.1.1, 1010
[   61.513386] INBOUND        : 6, 3333, 49006, 192.168.56.101, 10.0.2.15, 0010
[   61.513395] OUTBOUND       : 6, 49006, 3333, 10.0.2.15, 192.168.56.101, 0010
[   61.513415] OUTBOUND       : 6, 49006, 3333, 10.0.2.15, 192.168.56.101, 0010
[   61.513432] PROXY(INBOUND) : 6, 5555, 5555, 192.168.56.101, 131.1.1.1, 1010
[   61.513441] DROP(FORWARD)  : 6, 5555, 45845, 192.168.56.101, 131.1.1.1, 1010
[   61.514350] DROP(INBOUND)  : 6, 1111, 48966, 192.168.56.101, 10.0.2.15, 1010
[   61.514442] DROP(INBOUND)  : 6, 1111, 48966, 192.168.56.101, 10.0.2.15, 1010
[   61.515336] PROXY(INBOUND) : 6, 4444, 4444, 192.168.56.101, 131.1.1.1, 1010
[   61.515357] FORWARD        : 6, 4444, 23569, 192.168.56.101, 131.1.1.1, 1010
[   61.515365] OUTBOUND       : 6, 4444, 23569, 192.168.56.101, 131.1.1.1, 1010
[   61.515425] PROXY(INBOUND) : 6, 4444, 4444, 192.168.56.101, 131.1.1.1, 1010
[   61.515440] FORWARD        : 6, 4444, 23569, 192.168.56.101, 131.1.1.1, 1010
[   61.515448] OUTBOUND       : 6, 4444, 23569, 192.168.56.101, 131.1.1.1, 1010
[   61.515648] PROXY(INBOUND) : 6, 5555, 5555, 192.168.56.101, 131.1.1.1, 1010
[   61.515662] DROP(FORWARD)  : 6, 5555, 45845, 192.168.56.101, 131.1.1.1, 1010
[   61.515776] PROXY(INBOUND) : 6, 5555, 5555, 192.168.56.101, 131.1.1.1, 1010
[   61.515790] DROP(FORWARD)  : 6, 5555, 45845, 192.168.56.101, 131.1.1.1, 1010
[   61.515800] INBOUND        : 6, 3333, 49006, 192.168.56.101, 10.0.2.15, 0010
[   61.515817] INBOUND        : 6, 3333, 49006, 192.168.56.101, 10.0.2.15, 0010
[   61.515844] OUTBOUND       : 6, 49006, 3333, 10.0.2.15, 192.168.56.101, 0010
[   61.515859] OUTBOUND       : 6, 49006, 3333, 10.0.2.15, 192.168.56.101, 0010
[   61.518259] PROXY(INBOUND) : 6, 4444, 4444, 192.168.56.101, 131.1.1.1, 1010
[   61.518275] FORWARD        : 6, 4444, 23569, 192.168.56.101, 131.1.1.1, 1010
[   61.518284] OUTBOUND       : 6, 4444, 23569, 192.168.56.101, 131.1.1.1, 1010
[   61.518305] DROP(INBOUND)  : 6, 1111, 48966, 192.168.56.101, 10.0.2.15, 1010
[   61.518319] INBOUND        : 6, 3333, 49006, 192.168.56.101, 10.0.2.15, 0010
[   61.518336] PROXY(INBOUND) : 6, 4444, 4444, 192.168.56.101, 131.1.1.1, 1010
[   61.518344] FORWARD        : 6, 4444, 23569, 192.168.56.101, 131.1.1.1, 1010
[   61.518351] OUTBOUND       : 6, 4444, 23569, 192.168.56.101, 131.1.1.1, 1010
[   61.518361] OUTBOUND       : 6, 49006, 3333, 10.0.2.15, 192.168.56.101, 0010
[   61.518368] DROP(INBOUND)  : 6, 1111, 48966, 192.168.56.101, 10.0.2.15, 1010
[   61.518376] INBOUND        : 6, 3333, 49006, 192.168.56.101, 10.0.2.15, 0010
[   61.518406] OUTBOUND       : 6, 49006, 3333, 10.0.2.15, 192.168.56.101, 0010
[   61.518426] PROXY(INBOUND) : 6, 5555, 5555, 192.168.56.101, 131.1.1.1, 1010
[   61.518440] DROP(FORWARD)  : 6, 5555, 45845, 192.168.56.101, 131.1.1.1, 1010
[   61.518524] PROXY(INBOUND) : 6, 5555, 5555, 192.168.56.101, 131.1.1.1, 1010
[   61.518539] DROP(FORWARD)  : 6, 5555, 45845, 192.168.56.101, 131.1.1.1, 1010
[   61.520255] DROP(INBOUND)  : 6, 1111, 48966, 192.168.56.101, 10.0.2.15, 1010
[   61.520337] DROP(INBOUND)  : 6, 1111, 48966, 192.168.56.101, 10.0.2.15, 1010
[   61.520528] PROXY(INBOUND) : 6, 5555, 5555, 192.168.56.101, 131.1.1.1, 1010
[   61.520543] DROP(FORWARD)  : 6, 5555, 45845, 192.168.56.101, 131.1.1.1, 1010
[   61.520620] PROXY(INBOUND) : 6, 5555, 5555, 192.168.56.101, 131.1.1.1, 1010
[   61.520633] DROP(FORWARD)  : 6, 5555, 45845, 192.168.56.101, 131.1.1.1, 1010
[   61.520766] PROXY(INBOUND) : 6, 4444, 4444, 192.168.56.101, 131.1.1.1, 1010
[   61.520779] FORWARD        : 6, 4444, 23569, 192.168.56.101, 131.1.1.1, 1010
[   61.520786] OUTBOUND       : 6, 4444, 23569, 192.168.56.101, 131.1.1.1, 1010
[   61.520804] PROXY(INBOUND) : 6, 4444, 4444, 192.168.56.101, 131.1.1.1, 1010
[   61.520812] FORWARD        : 6, 4444, 23569, 192.168.56.101, 131.1.1.1, 1010
[   61.520823] OUTBOUND       : 6, 4444, 23569, 192.168.56.101, 131.1.1.1, 1010
[   61.522141] INBOUND        : 6, 3333, 49006, 192.168.56.101, 10.0.2.15, 0010
[   61.522193] OUTBOUND       : 6, 49006, 3333, 10.0.2.15, 192.168.56.101, 0010
[   61.522225] INBOUND        : 6, 3333, 49006, 192.168.56.101, 10.0.2.15, 0010
[   61.522251] OUTBOUND       : 6, 49006, 3333, 10.0.2.15, 192.168.56.101, 0010
[   61.523160] DROP(INBOUND)  : 6, 1111, 48966, 192.168.56.101, 10.0.2.15, 1010
[   61.523265] DROP(INBOUND)  : 6, 1111, 48966, 192.168.56.101, 10.0.2.15, 1010
[   61.524150] PROXY(INBOUND) : 6, 4444, 4444, 192.168.56.101, 131.1.1.1, 1010
[   61.524166] FORWARD        : 6, 4444, 23569, 192.168.56.101, 131.1.1.1, 1010
[   61.524173] OUTBOUND       : 6, 4444, 23569, 192.168.56.101, 131.1.1.1, 1010
[   61.524229] PROXY(INBOUND) : 6, 5555, 5555, 192.168.56.101, 131.1.1.1, 1010
[   61.524241] DROP(FORWARD)  : 6, 5555, 45845, 192.168.56.101, 131.1.1.1, 1010
[   61.524249] PROXY(INBOUND) : 6, 4444, 4444, 192.168.56.101, 131.1.1.1, 1010
[   61.524255] FORWARD        : 6, 4444, 23569, 192.168.56.101, 131.1.1.1, 1010
[   61.524262] OUTBOUND       : 6, 4444, 23569, 192.168.56.101, 131.1.1.1, 1010
[   61.524280] PROXY(INBOUND) : 6, 5555, 5555, 192.168.56.101, 131.1.1.1, 1010
[   61.524292] DROP(FORWARD)  : 6, 5555, 45845, 192.168.56.101, 131.1.1.1, 1010
[   61.525056] INBOUND        : 6, 3333, 49006, 192.168.56.101, 10.0.2.15, 0010
[   61.525101] OUTBOUND       : 6, 49006, 3333, 10.0.2.15, 192.168.56.101, 0010
[   61.525120] INBOUND        : 6, 3333, 49006, 192.168.56.101, 10.0.2.15, 0010
[   61.525146] OUTBOUND       : 6, 49006, 3333, 10.0.2.15, 192.168.56.101, 0010
[   61.526149] DROP(INBOUND)  : 6, 1111, 48966, 192.168.56.101, 10.0.2.15, 1010
[   61.526212] DROP(INBOUND)  : 6, 1111, 48966, 192.168.56.101, 10.0.2.15, 1010
[   61.526357] PROXY(INBOUND) : 6, 5555, 5555, 192.168.56.101, 131.1.1.1, 1010
[   61.526378] DROP(FORWARD)  : 6, 5555, 45845, 192.168.56.101, 131.1.1.1, 1010
[   61.526438] PROXY(INBOUND) : 6, 5555, 5555, 192.168.56.101, 131.1.1.1, 1010
[   61.526449] DROP(FORWARD)  : 6, 5555, 45845, 192.168.56.101, 131.1.1.1, 1010
[   61.528013] INBOUND        : 6, 3333, 49006, 192.168.56.101, 10.0.2.15, 0010
[   61.528040] PROXY(INBOUND) : 6, 4444, 4444, 192.168.56.101, 131.1.1.1, 1010
[   61.528050] FORWARD        : 6, 4444, 23569, 192.168.56.101, 131.1.1.1, 1010
[   61.528058] OUTBOUND       : 6, 4444, 23569, 192.168.56.101, 131.1.1.1, 1010
[   61.528080] DROP(INBOUND)  : 6, 1111, 48966, 192.168.56.101, 10.0.2.15, 1010
[   61.528092] INBOUND        : 6, 3333, 49006, 192.168.56.101, 10.0.2.15, 0010
[   61.528106] PROXY(INBOUND) : 6, 4444, 4444, 192.168.56.101, 131.1.1.1, 1010
[   61.528114] FORWARD        : 6, 4444, 23569, 192.168.56.101, 131.1.1.1, 1010
[   61.528122] OUTBOUND       : 6, 4444, 23569, 192.168.56.101, 131.1.1.1, 1010
[   61.528144] DROP(INBOUND)  : 6, 1111, 48966, 192.168.56.101, 10.0.2.15, 1010
[   61.528196] OUTBOUND       : 6, 49006, 3333, 10.0.2.15, 192.168.56.101, 0010
[   61.528217] OUTBOUND       : 6, 49006, 3333, 10.0.2.15, 192.168.56.101, 0010
[   61.529005] PROXY(INBOUND) : 6, 5555, 5555, 192.168.56.101, 131.1.1.1, 1010
[   61.529022] DROP(FORWARD)  : 6, 5555, 45845, 192.168.56.101, 131.1.1.1, 1010
[   61.529079] PROXY(INBOUND) : 6, 5555, 5555, 192.168.56.101, 131.1.1.1, 1010
[   61.529092] DROP(FORWARD)  : 6, 5555, 45845, 192.168.56.101, 131.1.1.1, 1010
[   61.529979] DROP(INBOUND)  : 6, 1111, 48966, 192.168.56.101, 10.0.2.15, 1010
[   61.530048] DROP(INBOUND)  : 6, 1111, 48966, 192.168.56.101, 10.0.2.15, 1010
[   61.530930] INBOUND        : 6, 3333, 49006, 192.168.56.101, 10.0.2.15, 0010
[   61.530960] PROXY(INBOUND) : 6, 4444, 4444, 192.168.56.101, 131.1.1.1, 1010
[   61.530971] FORWARD        : 6, 4444, 23569, 192.168.56.101, 131.1.1.1, 1010
[   61.530984] OUTBOUND       : 6, 4444, 23569, 192.168.56.101, 131.1.1.1, 1010
[   61.531043] OUTBOUND       : 6, 49006, 3333, 10.0.2.15, 192.168.56.101, 0010
[   61.531105] INBOUND        : 6, 3333, 49006, 192.168.56.101, 10.0.2.15, 0010
[   61.531126] PROXY(INBOUND) : 6, 4444, 4444, 192.168.56.101, 131.1.1.1, 1010
[   61.531134] FORWARD        : 6, 4444, 23569, 192.168.56.101, 131.1.1.1, 1010
[   61.531143] OUTBOUND       : 6, 4444, 23569, 192.168.56.101, 131.1.1.1, 1010
[   61.531220] OUTBOUND       : 6, 49006, 3333, 10.0.2.15, 192.168.56.101, 0010
[   61.531907] PROXY(INBOUND) : 6, 5555, 5555, 192.168.56.101, 131.1.1.1, 1010
[   61.531925] DROP(FORWARD)  : 6, 5555, 45845, 192.168.56.101, 131.1.1.1, 1010
[   61.532043] PROXY(INBOUND) : 6, 5555, 5555, 192.168.56.101, 131.1.1.1, 1010
[   61.532062] DROP(FORWARD)  : 6, 5555, 45845, 192.168.56.101, 131.1.1.1, 1010
[   61.532136] INBOUND        : 6, 3333, 49006, 192.168.56.101, 10.0.2.15, 0010
[   61.532188] OUTBOUND       : 6, 49006, 3333, 10.0.2.15, 192.168.56.101, 0010
[   61.532247] INBOUND        : 6, 3333, 49006, 192.168.56.101, 10.0.2.15, 0010
[   61.532309] OUTBOUND       : 6, 49006, 3333, 10.0.2.15, 192.168.56.101, 0010
[   61.533886] DROP(INBOUND)  : 6, 1111, 48966, 192.168.56.101, 10.0.2.15, 1010
[   61.533896] PROXY(INBOUND) : 6, 5555, 5555, 192.168.56.101, 131.1.1.1, 1010
[   61.533906] DROP(FORWARD)  : 6, 5555, 45845, 192.168.56.101, 131.1.1.1, 1010
[   61.533915] DROP(INBOUND)  : 6, 1111, 48966, 192.168.56.101, 10.0.2.15, 1010
[   61.533923] PROXY(INBOUND) : 6, 5555, 5555, 192.168.56.101, 131.1.1.1, 1010
[   61.533937] DROP(FORWARD)  : 6, 5555, 45845, 192.168.56.101, 131.1.1.1, 1010
[   61.534855] INBOUND        : 6, 3333, 49006, 192.168.56.101, 10.0.2.15, 0010
[   61.534925] OUTBOUND       : 6, 49006, 3333, 10.0.2.15, 192.168.56.101, 0010
[   61.534934] INBOUND        : 6, 3333, 49006, 192.168.56.101, 10.0.2.15, 0010
[   61.535029] OUTBOUND       : 6, 49006, 3333, 10.0.2.15, 192.168.56.101, 0010
[   61.535091] PROXY(INBOUND) : 6, 4444, 4444, 192.168.56.101, 131.1.1.1, 1010
[   61.535110] FORWARD        : 6, 4444, 23569, 192.168.56.101, 131.1.1.1, 1010
[   61.535117] OUTBOUND       : 6, 4444, 23569, 192.168.56.101, 131.1.1.1, 1010
[   61.536940] PROXY(INBOUND) : 6, 5555, 5555, 192.168.56.101, 131.1.1.1, 1010
[   61.536956] DROP(FORWARD)  : 6, 5555, 45845, 192.168.56.101, 131.1.1.1, 1010
[   61.536962] PROXY(INBOUND) : 6, 5555, 5555, 192.168.56.101, 131.1.1.1, 1010
[   61.536967] DROP(FORWARD)  : 6, 5555, 45845, 192.168.56.101, 131.1.1.1, 1010
[   61.537103] DROP(INBOUND)  : 6, 1111, 48966, 192.168.56.101, 10.0.2.15, 1010
[   61.537118] INBOUND        : 6, 3333, 49006, 192.168.56.101, 10.0.2.15, 0010
[   61.537127] PROXY(INBOUND) : 6, 4444, 4444, 192.168.56.101, 131.1.1.1, 1010
[   61.537134] FORWARD        : 6, 4444, 23569, 192.168.56.101, 131.1.1.1, 1010
[   61.537139] OUTBOUND       : 6, 4444, 23569, 192.168.56.101, 131.1.1.1, 1010
[   61.537183] INBOUND        : 6, 3333, 49006, 192.168.56.101, 10.0.2.15, 0010
[   61.537194] DROP(INBOUND)  : 6, 1111, 48966, 192.168.56.101, 10.0.2.15, 1010
[   61.537199] PROXY(INBOUND) : 6, 4444, 4444, 192.168.56.101, 131.1.1.1, 1010
[   61.537205] FORWARD        : 6, 4444, 23569, 192.168.56.101, 131.1.1.1, 1010
[   61.537212] OUTBOUND       : 6, 4444, 23569, 192.168.56.101, 131.1.1.1, 1010
[   61.537260] OUTBOUND       : 6, 49006, 3333, 10.0.2.15, 192.168.56.101, 0010
[   61.537275] OUTBOUND       : 6, 49006, 3333, 10.0.2.15, 192.168.56.101, 0010
[   61.539004] DROP(INBOUND)  : 6, 1111, 48966, 192.168.56.101, 10.0.2.15, 1010
[   61.539013] PROXY(INBOUND) : 6, 5555, 5555, 192.168.56.101, 131.1.1.1, 1010
[   61.539021] DROP(FORWARD)  : 6, 5555, 45845, 192.168.56.101, 131.1.1.1, 1010
[   61.539071] PROXY(INBOUND) : 6, 5555, 5555, 192.168.56.101, 131.1.1.1, 1010
[   61.539083] DROP(FORWARD)  : 6, 5555, 45845, 192.168.56.101, 131.1.1.1, 1010
[   61.539747] PROXY(INBOUND) : 6, 4444, 4444, 192.168.56.101, 131.1.1.1, 1010
[   61.539764] FORWARD        : 6, 4444, 23569, 192.168.56.101, 131.1.1.1, 1010
[   61.539771] OUTBOUND       : 6, 4444, 23569, 192.168.56.101, 131.1.1.1, 1010
[   61.539888] PROXY(INBOUND) : 6, 4444, 4444, 192.168.56.101, 131.1.1.1, 1010
[   61.539905] FORWARD        : 6, 4444, 23569, 192.168.56.101, 131.1.1.1, 1010
[   61.539912] OUTBOUND       : 6, 4444, 23569, 192.168.56.101, 131.1.1.1, 1010
[   61.542666] PROXY(INBOUND) : 6, 5555, 5555, 192.168.56.101, 131.1.1.1, 1010
[   61.542684] DROP(FORWARD)  : 6, 5555, 45845, 192.168.56.101, 131.1.1.1, 1010
[   61.542709] INBOUND        : 6, 3333, 49006, 192.168.56.101, 10.0.2.15, 0010
[   61.542840] OUTBOUND       : 6, 49006, 3333, 10.0.2.15, 192.168.56.101, 0010
[   61.543071] PROXY(INBOUND) : 6, 4444, 4444, 192.168.56.101, 131.1.1.1, 1010
[   61.543086] FORWARD        : 6, 4444, 23569, 192.168.56.101, 131.1.1.1, 1010
[   61.543112] OUTBOUND       : 6, 4444, 23569, 192.168.56.101, 131.1.1.1, 1010
[   61.543632] INBOUND        : 6, 3333, 49006, 192.168.56.101, 10.0.2.15, 0010
[   61.543721] OUTBOUND       : 6, 49006, 3333, 10.0.2.15, 192.168.56.101, 0010
[   61.543779] INBOUND        : 6, 3333, 49006, 192.168.56.101, 10.0.2.15, 0010
[   61.543887] OUTBOUND       : 6, 49006, 3333, 10.0.2.15, 192.168.56.101, 0010
[   61.545581] PROXY(INBOUND) : 6, 5555, 5555, 192.168.56.101, 131.1.1.1, 1010
[   61.545591] DROP(FORWARD)  : 6, 5555, 45845, 192.168.56.101, 131.1.1.1, 1010
[   61.545671] PROXY(INBOUND) : 6, 5555, 5555, 192.168.56.101, 131.1.1.1, 1010
[   61.545687] DROP(FORWARD)  : 6, 5555, 45845, 192.168.56.101, 131.1.1.1, 1010
[   61.545886] INBOUND        : 6, 3333, 49006, 192.168.56.101, 10.0.2.15, 0010
[   61.545946] OUTBOUND       : 6, 49006, 3333, 10.0.2.15, 192.168.56.101, 0010
[   61.545950] INBOUND        : 6, 3333, 49006, 192.168.56.101, 10.0.2.15, 0010
[   61.545967] OUTBOUND       : 6, 49006, 3333, 10.0.2.15, 192.168.56.101, 0010
[   61.546523] PROXY(INBOUND) : 6, 4444, 4444, 192.168.56.101, 131.1.1.1, 1010
[   61.546541] FORWARD        : 6, 4444, 23569, 192.168.56.101, 131.1.1.1, 1010
[   61.546548] OUTBOUND       : 6, 4444, 23569, 192.168.56.101, 131.1.1.1, 1010
[   61.546564] PROXY(INBOUND) : 6, 4444, 4444, 192.168.56.101, 131.1.1.1, 1010
[   61.546571] FORWARD        : 6, 4444, 23569, 192.168.56.101, 131.1.1.1, 1010
[   61.546582] OUTBOUND       : 6, 4444, 23569, 192.168.56.101, 131.1.1.1, 1010
[   61.548482] INBOUND        : 6, 3333, 49006, 192.168.56.101, 10.0.2.15, 0010
[   61.548507] PROXY(INBOUND) : 6, 5555, 5555, 192.168.56.101, 131.1.1.1, 1010
[   61.548515] DROP(FORWARD)  : 6, 5555, 45845, 192.168.56.101, 131.1.1.1, 1010
[   61.548525] INBOUND        : 6, 3333, 49006, 192.168.56.101, 10.0.2.15, 0010
[   61.548534] PROXY(INBOUND) : 6, 5555, 5555, 192.168.56.101, 131.1.1.1, 1010
[   61.548541] DROP(FORWARD)  : 6, 5555, 45845, 192.168.56.101, 131.1.1.1, 1010
[   61.548605] OUTBOUND       : 6, 49006, 3333, 10.0.2.15, 192.168.56.101, 0010
[   61.548627] OUTBOUND       : 6, 49006, 3333, 10.0.2.15, 192.168.56.101, 0010
[   61.548637] PROXY(INBOUND) : 6, 4444, 4444, 192.168.56.101, 131.1.1.1, 1010
[   61.548654] FORWARD        : 6, 4444, 23569, 192.168.56.101, 131.1.1.1, 1010
[   61.548662] OUTBOUND       : 6, 4444, 23569, 192.168.56.101, 131.1.1.1, 1010
[   61.548710] PROXY(INBOUND) : 6, 4444, 4444, 192.168.56.101, 131.1.1.1, 1010
[   61.548723] FORWARD        : 6, 4444, 23569, 192.168.56.101, 131.1.1.1, 1010
[   61.548730] OUTBOUND       : 6, 4444, 23569, 192.168.56.101, 131.1.1.1, 1010
[   61.551454] INBOUND        : 6, 3333, 49006, 192.168.56.101, 10.0.2.15, 0010
[   61.551477] PROXY(INBOUND) : 6, 4444, 4444, 192.168.56.101, 131.1.1.1, 1010
[   61.551488] FORWARD        : 6, 4444, 23569, 192.168.56.101, 131.1.1.1, 1010
[   61.551495] OUTBOUND       : 6, 4444, 23569, 192.168.56.101, 131.1.1.1, 1010
[   61.551513] INBOUND        : 6, 3333, 49006, 192.168.56.101, 10.0.2.15, 0010
[   61.551522] PROXY(INBOUND) : 6, 4444, 4444, 192.168.56.101, 131.1.1.1, 1010
[   61.551532] FORWARD        : 6, 4444, 23569, 192.168.56.101, 131.1.1.1, 1010
[   61.551537] OUTBOUND       : 6, 4444, 23569, 192.168.56.101, 131.1.1.1, 1010
[   61.551596] OUTBOUND       : 6, 49006, 3333, 10.0.2.15, 192.168.56.101, 0010
[   61.551598] PROXY(INBOUND) : 6, 5555, 5555, 192.168.56.101, 131.1.1.1, 1010
[   61.551600] DROP(FORWARD)  : 6, 5555, 45845, 192.168.56.101, 131.1.1.1, 1010
[   61.551620] OUTBOUND       : 6, 49006, 3333, 10.0.2.15, 192.168.56.101, 0010
[   61.551643] PROXY(INBOUND) : 6, 5555, 5555, 192.168.56.101, 131.1.1.1, 1010
[   61.551658] DROP(FORWARD)  : 6, 5555, 45845, 192.168.56.101, 131.1.1.1, 1010
[   61.553449] PROXY(INBOUND) : 6, 5555, 5555, 192.168.56.101, 131.1.1.1, 1010
[   61.553483] DROP(FORWARD)  : 6, 5555, 45845, 192.168.56.101, 131.1.1.1, 1010
[   61.553584] PROXY(INBOUND) : 6, 5555, 5555, 192.168.56.101, 131.1.1.1, 1010
[   61.553601] DROP(FORWARD)  : 6, 5555, 45845, 192.168.56.101, 131.1.1.1, 1010
[   61.554415] INBOUND        : 6, 3333, 49006, 192.168.56.101, 10.0.2.15, 0010
[   61.554480] INBOUND        : 6, 3333, 49006, 192.168.56.101, 10.0.2.15, 0010
[   61.554562] OUTBOUND       : 6, 49006, 3333, 10.0.2.15, 192.168.56.101, 0010
[   61.554581] OUTBOUND       : 6, 49006, 3333, 10.0.2.15, 192.168.56.101, 0010
[   61.555325] PROXY(INBOUND) : 6, 4444, 4444, 192.168.56.101, 131.1.1.1, 1010
[   61.555357] FORWARD        : 6, 4444, 23569, 192.168.56.101, 131.1.1.1, 1010
[   61.555384] OUTBOUND       : 6, 4444, 23569, 192.168.56.101, 131.1.1.1, 1010
[   61.555430] PROXY(INBOUND) : 6, 4444, 4444, 192.168.56.101, 131.1.1.1, 1010
[   61.555442] FORWARD        : 6, 4444, 23569, 192.168.56.101, 131.1.1.1, 1010
[   61.555449] OUTBOUND       : 6, 4444, 23569, 192.168.56.101, 131.1.1.1, 1010
[   61.556425] PROXY(INBOUND) : 6, 5555, 5555, 192.168.56.101, 131.1.1.1, 1010
[   61.556440] DROP(FORWARD)  : 6, 5555, 45845, 192.168.56.101, 131.1.1.1, 1010
[   61.557307] PROXY(INBOUND) : 6, 5555, 5555, 192.168.56.101, 131.1.1.1, 1010
[   61.557321] DROP(FORWARD)  : 6, 5555, 45845, 192.168.56.101, 131.1.1.1, 1010
[   61.557410] INBOUND        : 6, 3333, 49006, 192.168.56.101, 10.0.2.15, 0010
[   61.557497] INBOUND        : 6, 3333, 49006, 192.168.56.101, 10.0.2.15, 0010
[   61.557581] OUTBOUND       : 6, 49006, 3333, 10.0.2.15, 192.168.56.101, 0010
[   61.557602] OUTBOUND       : 6, 49006, 3333, 10.0.2.15, 192.168.56.101, 0010
[   61.558256] PROXY(INBOUND) : 6, 4444, 4444, 192.168.56.101, 131.1.1.1, 1010
[   61.558273] FORWARD        : 6, 4444, 23569, 192.168.56.101, 131.1.1.1, 1010
[   61.558281] OUTBOUND       : 6, 4444, 23569, 192.168.56.101, 131.1.1.1, 1010
[   61.558331] PROXY(INBOUND) : 6, 4444, 4444, 192.168.56.101, 131.1.1.1, 1010
[   61.558345] FORWARD        : 6, 4444, 23569, 192.168.56.101, 131.1.1.1, 1010
[   61.558352] OUTBOUND       : 6, 4444, 23569, 192.168.56.101, 131.1.1.1, 1010
[   61.559316] PROXY(INBOUND) : 6, 5555, 5555, 192.168.56.101, 131.1.1.1, 1010
[   61.559330] DROP(FORWARD)  : 6, 5555, 45845, 192.168.56.101, 131.1.1.1, 1010
[   61.559358] PROXY(INBOUND) : 6, 5555, 5555, 192.168.56.101, 131.1.1.1, 1010
[   61.559366] DROP(FORWARD)  : 6, 5555, 45845, 192.168.56.101, 131.1.1.1, 1010
[   61.559464] PROXY(INBOUND) : 6, 5555, 5555, 192.168.56.101, 131.1.1.1, 1010
[   61.559491] DROP(FORWARD)  : 6, 5555, 45845, 192.168.56.101, 131.1.1.1, 1010
[   61.559585] PROXY(INBOUND) : 6, 4444, 4444, 192.168.56.101, 131.1.1.1, 1010
[   61.559597] FORWARD        : 6, 4444, 23569, 192.168.56.101, 131.1.1.1, 1010
[   61.559603] OUTBOUND       : 6, 4444, 23569, 192.168.56.101, 131.1.1.1, 1010
[   61.559678] PROXY(INBOUND) : 6, 4444, 4444, 192.168.56.101, 131.1.1.1, 1010
[   61.559690] FORWARD        : 6, 4444, 23569, 192.168.56.101, 131.1.1.1, 1010
[   61.559695] OUTBOUND       : 6, 4444, 23569, 192.168.56.101, 131.1.1.1, 1010
[   61.559709] INBOUND        : 6, 3333, 49006, 192.168.56.101, 10.0.2.15, 0010
[   61.559726] INBOUND        : 6, 3333, 49006, 192.168.56.101, 10.0.2.15, 0010
[   61.559905] OUTBOUND       : 6, 49006, 3333, 10.0.2.15, 192.168.56.101, 0010
[   61.559920] OUTBOUND       : 6, 49006, 3333, 10.0.2.15, 192.168.56.101, 0010
[   61.562157] PROXY(INBOUND) : 6, 4444, 4444, 192.168.56.101, 131.1.1.1, 1010
[   61.562170] FORWARD        : 6, 4444, 23569, 192.168.56.101, 131.1.1.1, 1010
[   61.562176] OUTBOUND       : 6, 4444, 23569, 192.168.56.101, 131.1.1.1, 1010
[   61.562193] INBOUND        : 6, 3333, 49006, 192.168.56.101, 10.0.2.15, 0010
[   61.562210] PROXY(INBOUND) : 6, 4444, 4444, 192.168.56.101, 131.1.1.1, 1010
[   61.562215] FORWARD        : 6, 4444, 23569, 192.168.56.101, 131.1.1.1, 1010
[   61.562220] OUTBOUND       : 6, 4444, 23569, 192.168.56.101, 131.1.1.1, 1010
[   61.562234] INBOUND        : 6, 3333, 49006, 192.168.56.101, 10.0.2.15, 0010
[   61.562339] OUTBOUND       : 6, 49006, 3333, 10.0.2.15, 192.168.56.101, 0010
[   61.562353] OUTBOUND       : 6, 49006, 3333, 10.0.2.15, 192.168.56.101, 0010
[   61.563102] PROXY(INBOUND) : 6, 5555, 5555, 192.168.56.101, 131.1.1.1, 1010
[   61.563115] DROP(FORWARD)  : 6, 5555, 45845, 192.168.56.101, 131.1.1.1, 1010
[   61.565047] PROXY(INBOUND) : 6, 4444, 4444, 192.168.56.101, 131.1.1.1, 1010
[   61.565058] FORWARD        : 6, 4444, 23569, 192.168.56.101, 131.1.1.1, 1010
[   61.565065] OUTBOUND       : 6, 4444, 23569, 192.168.56.101, 131.1.1.1, 1010
[   61.565083] INBOUND        : 6, 3333, 49006, 192.168.56.101, 10.0.2.15, 0010
[   61.565101] PROXY(INBOUND) : 6, 4444, 4444, 192.168.56.101, 131.1.1.1, 1010
[   61.565109] FORWARD        : 6, 4444, 23569, 192.168.56.101, 131.1.1.1, 1010
[   61.565115] OUTBOUND       : 6, 4444, 23569, 192.168.56.101, 131.1.1.1, 1010
[   61.565136] INBOUND        : 6, 3333, 49006, 192.168.56.101, 10.0.2.15, 0010
[   61.565144] PROXY(INBOUND) : 6, 4444, 4444, 192.168.56.101, 131.1.1.1, 1010
[   61.565154] FORWARD        : 6, 4444, 23569, 192.168.56.101, 131.1.1.1, 1010
[   61.565161] OUTBOUND       : 6, 4444, 23569, 192.168.56.101, 131.1.1.1, 1010
[   61.565287] OUTBOUND       : 6, 49006, 3333, 10.0.2.15, 192.168.56.101, 0010
[   61.565301] OUTBOUND       : 6, 49006, 3333, 10.0.2.15, 192.168.56.101, 0010
[   61.567979] INBOUND        : 6, 3333, 49006, 192.168.56.101, 10.0.2.15, 0010
[   61.567997] PROXY(INBOUND) : 6, 4444, 4444, 192.168.56.101, 131.1.1.1, 1010
[   61.568005] FORWARD        : 6, 4444, 23569, 192.168.56.101, 131.1.1.1, 1010
[   61.568012] OUTBOUND       : 6, 4444, 23569, 192.168.56.101, 131.1.1.1, 1010
[   61.568029] INBOUND        : 6, 3333, 49006, 192.168.56.101, 10.0.2.15, 0010
[   61.568133] OUTBOUND       : 6, 49006, 3333, 10.0.2.15, 192.168.56.101, 0010
[   61.568146] OUTBOUND       : 6, 49006, 3333, 10.0.2.15, 192.168.56.101, 0010
[   61.570954] INBOUND        : 6, 3333, 49006, 192.168.56.101, 10.0.2.15, 0010
[   61.571003] INBOUND        : 6, 3333, 49006, 192.168.56.101, 10.0.2.15, 0010
[   61.571086] OUTBOUND       : 6, 49006, 3333, 10.0.2.15, 192.168.56.101, 0010
[   61.571101] OUTBOUND       : 6, 49006, 3333, 10.0.2.15, 192.168.56.101, 0010
[   61.573888] INBOUND        : 6, 3333, 49006, 192.168.56.101, 10.0.2.15, 0010
[   61.573903] INBOUND        : 6, 3333, 49006, 192.168.56.101, 10.0.2.15, 0010
[   61.573995] OUTBOUND       : 6, 49006, 3333, 10.0.2.15, 192.168.56.101, 0010
[   61.574011] OUTBOUND       : 6, 49006, 3333, 10.0.2.15, 192.168.56.101, 0010
[   61.577888] INBOUND        : 6, 3333, 49006, 192.168.56.101, 10.0.2.15, 0010
[   61.577902] INBOUND        : 6, 3333, 49006, 192.168.56.101, 10.0.2.15, 0010
[   61.577983] OUTBOUND       : 6, 49006, 3333, 10.0.2.15, 192.168.56.101, 0010
[   61.577997] OUTBOUND       : 6, 49006, 3333, 10.0.2.15, 192.168.56.101, 0010
[   61.581789] INBOUND        : 6, 3333, 49006, 192.168.56.101, 10.0.2.15, 0010
[   61.581872] OUTBOUND       : 6, 49006, 3333, 10.0.2.15, 192.168.56.101, 0010
[   61.581914] INBOUND        : 6, 3333, 49006, 192.168.56.101, 10.0.2.15, 0010
[   61.581999] OUTBOUND       : 6, 49006, 3333, 10.0.2.15, 192.168.56.101, 0010
[   61.584863] INBOUND        : 6, 3333, 49006, 192.168.56.101, 10.0.2.15, 0010
[   61.584933] OUTBOUND       : 6, 49006, 3333, 10.0.2.15, 192.168.56.101, 0010
[   61.584972] INBOUND        : 6, 3333, 49006, 192.168.56.101, 10.0.2.15, 0010
[   61.585045] OUTBOUND       : 6, 49006, 3333, 10.0.2.15, 192.168.56.101, 0010
[   61.588835] INBOUND        : 6, 3333, 49006, 192.168.56.101, 10.0.2.15, 0010
[   61.588993] OUTBOUND       : 6, 49006, 3333, 10.0.2.15, 192.168.56.101, 0010
[   61.985422] INBOUND        : 6, 3333, 49006, 192.168.56.101, 10.0.2.15, 0010
[   61.985438] INBOUND        : 6, 3333, 49006, 192.168.56.101, 10.0.2.15, 0010
[   61.985441] INBOUND        : 6, 3333, 49006, 192.168.56.101, 10.0.2.15, 0010
[   61.985444] INBOUND        : 6, 3333, 49006, 192.168.56.101, 10.0.2.15, 0010
[   61.985446] INBOUND        : 6, 3333, 49006, 192.168.56.101, 10.0.2.15, 0010
[   61.985449] INBOUND        : 6, 3333, 49006, 192.168.56.101, 10.0.2.15, 0010
[   61.985451] INBOUND        : 6, 3333, 49006, 192.168.56.101, 10.0.2.15, 0010
[   61.985459] INBOUND        : 6, 3333, 49006, 192.168.56.101, 10.0.2.15, 0010
[   61.985462] INBOUND        : 6, 3333, 49006, 192.168.56.101, 10.0.2.15, 0010
[   61.985464] INBOUND        : 6, 3333, 49006, 192.168.56.101, 10.0.2.15, 0010
[   61.985466] INBOUND        : 6, 3333, 49006, 192.168.56.101, 10.0.2.15, 0010
[   61.985474] INBOUND        : 6, 3333, 49006, 192.168.56.101, 10.0.2.15, 0010
[   61.985476] INBOUND        : 6, 3333, 49006, 192.168.56.101, 10.0.2.15, 0010
[   61.985479] INBOUND        : 6, 3333, 49006, 192.168.56.101, 10.0.2.15, 0010
[   61.985481] INBOUND        : 6, 3333, 49006, 192.168.56.101, 10.0.2.15, 0010
[   61.985484] INBOUND        : 6, 3333, 49006, 192.168.56.101, 10.0.2.15, 0010
[   61.985486] INBOUND        : 6, 3333, 49006, 192.168.56.101, 10.0.2.15, 0010
[   61.985490] INBOUND        : 6, 3333, 49006, 192.168.56.101, 10.0.2.15, 0010
[   61.985492] INBOUND        : 6, 3333, 49006, 192.168.56.101, 10.0.2.15, 0010
[   61.985495] INBOUND        : 6, 3333, 49006, 192.168.56.101, 10.0.2.15, 0010
[   61.985497] INBOUND        : 6, 3333, 49006, 192.168.56.101, 10.0.2.15, 0010
[   61.985519] INBOUND        : 6, 3333, 49006, 192.168.56.101, 10.0.2.15, 0010
[   61.985522] INBOUND        : 6, 3333, 49006, 192.168.56.101, 10.0.2.15, 0010
[   61.985525] INBOUND        : 6, 3333, 49006, 192.168.56.101, 10.0.2.15, 0010
[   61.985527] INBOUND        : 6, 3333, 49006, 192.168.56.101, 10.0.2.15, 0010
[   61.985530] INBOUND        : 6, 3333, 49006, 192.168.56.101, 10.0.2.15, 0010
[   61.985535] INBOUND        : 6, 3333, 49006, 192.168.56.101, 10.0.2.15, 0010
[   61.985541] INBOUND        : 6, 3333, 49006, 192.168.56.101, 10.0.2.15, 0010
[   61.985546] INBOUND        : 6, 3333, 49006, 192.168.56.101, 10.0.2.15, 0010
[   61.985553] INBOUND        : 6, 3333, 49006, 192.168.56.101, 10.0.2.15, 0010
[   61.985558] INBOUND        : 6, 3333, 49006, 192.168.56.101, 10.0.2.15, 0010
[   61.985564] INBOUND        : 6, 3333, 49006, 192.168.56.101, 10.0.2.15, 0010
[   61.985573] INBOUND        : 6, 3333, 49006, 192.168.56.101, 10.0.2.15, 0010
[   61.985576] INBOUND        : 6, 3333, 49006, 192.168.56.101, 10.0.2.15, 0010
[   61.985578] INBOUND        : 6, 3333, 49006, 192.168.56.101, 10.0.2.15, 0010
[   61.985581] INBOUND        : 6, 3333, 49006, 192.168.56.101, 10.0.2.15, 0010
[   61.985583] INBOUND        : 6, 3333, 49006, 192.168.56.101, 10.0.2.15, 0010
[   61.985589] INBOUND        : 6, 3333, 49006, 192.168.56.101, 10.0.2.15, 0010
[   61.985591] INBOUND        : 6, 3333, 49006, 192.168.56.101, 10.0.2.15, 0010
[   61.985594] INBOUND        : 6, 3333, 49006, 192.168.56.101, 10.0.2.15, 0010
[   61.985596] INBOUND        : 6, 3333, 49006, 192.168.56.101, 10.0.2.15, 0010
[   61.985599] INBOUND        : 6, 3333, 49006, 192.168.56.101, 10.0.2.15, 0010
