[    0.000000] Initializing cgroup subsys cpuset
[    0.000000] Initializing cgroup subsys cpu
[    0.000000] Initializing cgroup subsys cpuacct
[    0.000000] Linux version 4.4.0 (sysprog2020user@sysprog2020) (gcc version 5.4.0 20160609 (Ubuntu 5.4.0-6ubuntu1~16.04.12) ) #10 SMP Thu Dec 17 14:41:02 KST 2020
[    0.000000] Command line: BOOT_IMAGE=/boot/vmlinuz-4.4.0 root=UUID=50f7fe7a-aa2e-467b-a381-d1b2d3456cc5 ro quiet splash
[    0.000000] KERNEL supported cpus:
[    0.000000]   Intel GenuineIntel
[    0.000000]   AMD AuthenticAMD
[    0.000000]   Centaur CentaurHauls
[    0.000000] x86/fpu: xstate_offset[2]:  576, xstate_sizes[2]:  256
[    0.000000] x86/fpu: Supporting XSAVE feature 0x01: 'x87 floating point registers'
[    0.000000] x86/fpu: Supporting XSAVE feature 0x02: 'SSE registers'
[    0.000000] x86/fpu: Supporting XSAVE feature 0x04: 'AVX registers'
[    0.000000] x86/fpu: Enabled xstate features 0x7, context size is 832 bytes, using 'standard' format.
[    0.000000] x86/fpu: Using 'lazy' FPU context switches.
[    0.000000] e820: BIOS-provided physical RAM map:
[    0.000000] BIOS-e820: [mem 0x0000000000000000-0x000000000009fbff] usable
[    0.000000] BIOS-e820: [mem 0x000000000009fc00-0x000000000009ffff] reserved
[    0.000000] BIOS-e820: [mem 0x00000000000f0000-0x00000000000fffff] reserved
[    0.000000] BIOS-e820: [mem 0x0000000000100000-0x00000000dffeffff] usable
[    0.000000] BIOS-e820: [mem 0x00000000dfff0000-0x00000000dfffffff] ACPI data
[    0.000000] BIOS-e820: [mem 0x00000000fec00000-0x00000000fec00fff] reserved
[    0.000000] BIOS-e820: [mem 0x00000000fee00000-0x00000000fee00fff] reserved
[    0.000000] BIOS-e820: [mem 0x00000000fffc0000-0x00000000ffffffff] reserved
[    0.000000] BIOS-e820: [mem 0x0000000100000000-0x000000011fffffff] usable
[    0.000000] NX (Execute Disable) protection: active
[    0.000000] SMBIOS 2.5 present.
[    0.000000] DMI: innotek GmbH VirtualBox/VirtualBox, BIOS VirtualBox 12/01/2006
[    0.000000] Hypervisor detected: KVM
[    0.000000] e820: update [mem 0x00000000-0x00000fff] usable ==> reserved
[    0.000000] e820: remove [mem 0x000a0000-0x000fffff] usable
[    0.000000] e820: last_pfn = 0x120000 max_arch_pfn = 0x400000000
[    0.000000] MTRR default type: uncachable
[    0.000000] MTRR variable ranges disabled:
[    0.000000] x86/PAT: Configuration [0-7]: WB  WC  UC- UC  WB  WC  UC- WT  
[    0.000000] MTRR: Disabled
[    0.000000] CPU MTRRs all blank - virtualized system.
[    0.000000] e820: last_pfn = 0xdfff0 max_arch_pfn = 0x400000000
[    0.000000] found SMP MP-table at [mem 0x0009fff0-0x0009ffff] mapped at [ffff88000009fff0]
[    0.000000] Scanning 1 areas for low memory corruption
[    0.000000] Base memory trampoline at [ffff880000099000] 99000 size 24576
[    0.000000] BRK [0x024b1000, 0x024b1fff] PGTABLE
[    0.000000] BRK [0x024b2000, 0x024b2fff] PGTABLE
[    0.000000] BRK [0x024b3000, 0x024b3fff] PGTABLE
[    0.000000] BRK [0x024b4000, 0x024b4fff] PGTABLE
[    0.000000] RAMDISK: [mem 0x15236000-0x26912fff]
[    0.000000] ACPI: Early table checksum verification disabled
[    0.000000] ACPI: RSDP 0x00000000000E0000 000024 (v02 VBOX  )
[    0.000000] ACPI: XSDT 0x00000000DFFF0030 00003C (v01 VBOX   VBOXXSDT 00000001 ASL  00000061)
[    0.000000] ACPI: FACP 0x00000000DFFF00F0 0000F4 (v04 VBOX   VBOXFACP 00000001 ASL  00000061)
[    0.000000] ACPI: DSDT 0x00000000DFFF0490 002325 (v02 VBOX   VBOXBIOS 00000002 INTL 20100528)
[    0.000000] ACPI: FACS 0x00000000DFFF0200 000040
[    0.000000] ACPI: FACS 0x00000000DFFF0200 000040
[    0.000000] ACPI: APIC 0x00000000DFFF0240 00007C (v02 VBOX   VBOXAPIC 00000001 ASL  00000061)
[    0.000000] ACPI: SSDT 0x00000000DFFF02C0 0001CC (v01 VBOX   VBOXCPUT 00000002 INTL 20100528)
[    0.000000] ACPI: Local APIC address 0xfee00000
[    0.000000] No NUMA configuration found
[    0.000000] Faking a node at [mem 0x0000000000000000-0x000000011fffffff]
[    0.000000] NODE_DATA(0) allocated [mem 0x11ffda000-0x11fffbfff]
[    0.000000] kvm-clock: Using msrs 4b564d01 and 4b564d00
[    0.000000] kvm-clock: cpu 0, msr 1:1ff5a001, primary cpu clock
[    0.000000] kvm-clock: using sched offset of 6569644600 cycles
[    0.000000] clocksource: kvm-clock: mask: 0xffffffffffffffff max_cycles: 0x1cd42e4dffb, max_idle_ns: 881590591483 ns
[    0.000000] Zone ranges:
[    0.000000]   DMA      [mem 0x0000000000001000-0x0000000000ffffff]
[    0.000000]   DMA32    [mem 0x0000000001000000-0x00000000ffffffff]
[    0.000000]   Normal   [mem 0x0000000100000000-0x000000011fffffff]
[    0.000000] Movable zone start for each node
[    0.000000] Early memory node ranges
[    0.000000]   node   0: [mem 0x0000000000001000-0x000000000009efff]
[    0.000000]   node   0: [mem 0x0000000000100000-0x00000000dffeffff]
[    0.000000]   node   0: [mem 0x0000000100000000-0x000000011fffffff]
[    0.000000] Initmem setup node 0 [mem 0x0000000000001000-0x000000011fffffff]
[    0.000000] On node 0 totalpages: 1048462
[    0.000000]   DMA zone: 64 pages used for memmap
[    0.000000]   DMA zone: 21 pages reserved
[    0.000000]   DMA zone: 3998 pages, LIFO batch:0
[    0.000000]   DMA32 zone: 14272 pages used for memmap
[    0.000000]   DMA32 zone: 913392 pages, LIFO batch:31
[    0.000000]   Normal zone: 2048 pages used for memmap
[    0.000000]   Normal zone: 131072 pages, LIFO batch:31
[    0.000000] ACPI: PM-Timer IO Port: 0x4008
[    0.000000] ACPI: Local APIC address 0xfee00000
[    0.000000] IOAPIC[0]: apic_id 6, version 32, address 0xfec00000, GSI 0-23
[    0.000000] ACPI: INT_SRC_OVR (bus 0 bus_irq 0 global_irq 2 dfl dfl)
[    0.000000] ACPI: INT_SRC_OVR (bus 0 bus_irq 9 global_irq 9 low level)
[    0.000000] ACPI: IRQ0 used by override.
[    0.000000] ACPI: IRQ9 used by override.
[    0.000000] Using ACPI (MADT) for SMP configuration information
[    0.000000] smpboot: Allowing 6 CPUs, 0 hotplug CPUs
[    0.000000] PM: Registered nosave memory: [mem 0x00000000-0x00000fff]
[    0.000000] PM: Registered nosave memory: [mem 0x0009f000-0x0009ffff]
[    0.000000] PM: Registered nosave memory: [mem 0x000a0000-0x000effff]
[    0.000000] PM: Registered nosave memory: [mem 0x000f0000-0x000fffff]
[    0.000000] PM: Registered nosave memory: [mem 0xdfff0000-0xdfffffff]
[    0.000000] PM: Registered nosave memory: [mem 0xe0000000-0xfebfffff]
[    0.000000] PM: Registered nosave memory: [mem 0xfec00000-0xfec00fff]
[    0.000000] PM: Registered nosave memory: [mem 0xfec01000-0xfedfffff]
[    0.000000] PM: Registered nosave memory: [mem 0xfee00000-0xfee00fff]
[    0.000000] PM: Registered nosave memory: [mem 0xfee01000-0xfffbffff]
[    0.000000] PM: Registered nosave memory: [mem 0xfffc0000-0xffffffff]
[    0.000000] e820: [mem 0xe0000000-0xfebfffff] available for PCI devices
[    0.000000] Booting paravirtualized kernel on KVM
[    0.000000] clocksource: refined-jiffies: mask: 0xffffffff max_cycles: 0xffffffff, max_idle_ns: 7645519600211568 ns
[    0.000000] setup_percpu: NR_CPUS:8192 nr_cpumask_bits:6 nr_cpu_ids:6 nr_node_ids:1
[    0.000000] PERCPU: Embedded 33 pages/cpu @ffff88011fc00000 s96792 r8192 d30184 u262144
[    0.000000] pcpu-alloc: s96792 r8192 d30184 u262144 alloc=1*2097152
[    0.000000] pcpu-alloc: [0] 0 1 2 3 4 5 - - 
[    0.000000] PV qspinlock hash table entries: 256 (order: 0, 4096 bytes)
[    0.000000] Built 1 zonelists in Node order, mobility grouping on.  Total pages: 1032057
[    0.000000] Policy zone: Normal
[    0.000000] Kernel command line: BOOT_IMAGE=/boot/vmlinuz-4.4.0 root=UUID=50f7fe7a-aa2e-467b-a381-d1b2d3456cc5 ro quiet splash
[    0.000000] PID hash table entries: 4096 (order: 3, 32768 bytes)
[    0.000000] Calgary: detecting Calgary via BIOS EBDA area
[    0.000000] Calgary: Unable to locate Rio Grande table in EBDA - bailing!
[    0.000000] Memory: 3753700K/4193848K available (8371K kernel code, 1476K rwdata, 3856K rodata, 1844K init, 3492K bss, 440148K reserved, 0K cma-reserved)
[    0.000000] SLUB: HWalign=64, Order=0-3, MinObjects=0, CPUs=6, Nodes=1
[    0.000000] Hierarchical RCU implementation.
[    0.000000] 	Build-time adjustment of leaf fanout to 64.
[    0.000000] 	RCU restricting CPUs from NR_CPUS=8192 to nr_cpu_ids=6.
[    0.000000] RCU: Adjusting geometry for rcu_fanout_leaf=64, nr_cpu_ids=6
[    0.000000] NR_IRQS:524544 nr_irqs:472 16
[    0.000000] Console: colour VGA+ 80x25
[    0.000000] console [tty0] enabled
[    0.000000] tsc: Detected 1608.001 MHz processor
[    0.055658] Calibrating delay loop (skipped) preset value.. 3216.00 BogoMIPS (lpj=6432004)
[    0.055660] pid_max: default: 32768 minimum: 301
[    0.055664] ACPI: Core revision 20150930
[    0.056882] ACPI: 2 ACPI AML tables successfully acquired and loaded
[    0.056894] Security Framework initialized
[    0.056895] Yama: becoming mindful.
[    0.056900] AppArmor: AppArmor initialized
[    0.057255] Dentry cache hash table entries: 524288 (order: 10, 4194304 bytes)
[    0.058163] Inode-cache hash table entries: 262144 (order: 9, 2097152 bytes)
[    0.058427] Mount-cache hash table entries: 8192 (order: 4, 65536 bytes)
[    0.058430] Mountpoint-cache hash table entries: 8192 (order: 4, 65536 bytes)
[    0.058538] Initializing cgroup subsys io
[    0.058540] Initializing cgroup subsys memory
[    0.058543] Initializing cgroup subsys devices
[    0.058544] Initializing cgroup subsys freezer
[    0.058545] Initializing cgroup subsys net_cls
[    0.058546] Initializing cgroup subsys perf_event
[    0.058548] Initializing cgroup subsys net_prio
[    0.058549] Initializing cgroup subsys hugetlb
[    0.058550] Initializing cgroup subsys pids
[    0.058623] CPU: Physical Processor ID: 0
[    0.058624] CPU: Processor Core ID: 0
[    0.059657] mce: CPU supports 0 MCE banks
[    0.059678] Last level iTLB entries: 4KB 64, 2MB 8, 4MB 8
[    0.059679] Last level dTLB entries: 4KB 64, 2MB 0, 4MB 0, 1GB 4
[    0.061489] Freeing SMP alternatives memory: 28K (ffffffff8213f000 - ffffffff82146000)
[    0.070019] ftrace: allocating 31768 entries in 125 pages
[    0.110110] x2apic enabled
[    0.110301] Switched APIC routing to physical x2apic.
[    0.111249] ..TIMER: vector=0x30 apic1=0 pin1=2 apic2=-1 pin2=-1
[    0.216369] smpboot: CPU0: Intel(R) Core(TM) i7-10710U CPU @ 1.10GHz (family: 0x6, model: 0xa6, stepping: 0x0)
[    0.216425] Performance Events: unsupported p6 CPU model 166 no PMU driver, software events only.
[    0.216455] KVM setup paravirtual spinlock
[    0.217278] x86: Booting SMP configuration:
[    0.217280] .... node  #0, CPUs:      #1
[    0.217490] kvm-clock: cpu 1, msr 1:1ff5a041, secondary cpu clock
[    0.218631] mce: CPU supports 0 MCE banks
[    0.220721]  #2
[    0.220880] kvm-clock: cpu 2, msr 1:1ff5a081, secondary cpu clock
[    0.222133] mce: CPU supports 0 MCE banks
[    0.224363]  #3
[    0.224364] kvm-clock: cpu 3, msr 1:1ff5a0c1, secondary cpu clock
[    0.225534] mce: CPU supports 0 MCE banks
[    0.227762]  #4
[    0.227762] kvm-clock: cpu 4, msr 1:1ff5a101, secondary cpu clock
[    0.229126] mce: CPU supports 0 MCE banks
[    0.231380]  #5
[    0.231380] kvm-clock: cpu 5, msr 1:1ff5a141, secondary cpu clock
[    0.232820] mce: CPU supports 0 MCE banks
[    0.234865] x86: Booted up 1 node, 6 CPUs
[    0.234868] smpboot: Total of 6 processors activated (19296.01 BogoMIPS)
[    0.235285] devtmpfs: initialized
[    0.237070] evm: security.selinux
[    0.237071] evm: security.SMACK64
[    0.237071] evm: security.SMACK64EXEC
[    0.237072] evm: security.SMACK64TRANSMUTE
[    0.237073] evm: security.SMACK64MMAP
[    0.237073] evm: security.ima
[    0.237074] evm: security.capability
[    0.237247] clocksource: jiffies: mask: 0xffffffff max_cycles: 0xffffffff, max_idle_ns: 7645041785100000 ns
[    0.237417] pinctrl core: initialized pinctrl subsystem
[    0.237496] RTC time: 12:48:41, date: 12/17/20
[    0.237569] NET: Registered protocol family 16
[    0.248648] cpuidle: using governor ladder
[    0.260102] cpuidle: using governor menu
[    0.260110] PCCT header not found.
[    0.260167] ACPI: bus type PCI registered
[    0.260169] acpiphp: ACPI Hot Plug PCI Controller Driver version: 0.5
[    0.260258] PCI: Using configuration type 1 for base access
[    0.274137] ACPI: Added _OSI(Module Device)
[    0.274141] ACPI: Added _OSI(Processor Device)
[    0.274144] ACPI: Added _OSI(3.0 _SCP Extensions)
[    0.274146] ACPI: Added _OSI(Processor Aggregator Device)
[    0.275767] ACPI: Executed 1 blocks of module-level executable AML code
[    0.280830] ACPI: Interpreter enabled
[    0.280834] ACPI Exception: AE_NOT_FOUND, While evaluating Sleep State [\_S1_] (20150930/hwxface-580)
[    0.280837] ACPI Exception: AE_NOT_FOUND, While evaluating Sleep State [\_S2_] (20150930/hwxface-580)
[    0.280839] ACPI Exception: AE_NOT_FOUND, While evaluating Sleep State [\_S3_] (20150930/hwxface-580)
[    0.280841] ACPI Exception: AE_NOT_FOUND, While evaluating Sleep State [\_S4_] (20150930/hwxface-580)
[    0.280845] ACPI: (supports S0 S5)
[    0.280846] ACPI: Using IOAPIC for interrupt routing
[    0.281007] PCI: Using host bridge windows from ACPI; if necessary, use "pci=nocrs" and report a bug
[    0.284906] ACPI: PCI Root Bridge [PCI0] (domain 0000 [bus 00-ff])
[    0.284911] acpi PNP0A03:00: _OSC: OS supports [ASPM ClockPM Segments MSI]
[    0.285254] acpi PNP0A03:00: _OSC: not requesting OS control; OS requires [ExtendedConfig ASPM ClockPM MSI]
[    0.285261] acpi PNP0A03:00: fail to add MMCONFIG information, can't access extended PCI configuration space under this bridge.
[    0.285570] PCI host bridge to bus 0000:00
[    0.285572] pci_bus 0000:00: root bus resource [io  0x0000-0x0cf7 window]
[    0.285574] pci_bus 0000:00: root bus resource [io  0x0d00-0xffff window]
[    0.285575] pci_bus 0000:00: root bus resource [mem 0x000a0000-0x000bffff window]
[    0.285576] pci_bus 0000:00: root bus resource [mem 0xe0000000-0xfdffffff window]
[    0.285578] pci_bus 0000:00: root bus resource [bus 00-ff]
[    0.285608] pci 0000:00:00.0: [8086:1237] type 00 class 0x060000
[    0.286116] pci 0000:00:01.0: [8086:7000] type 00 class 0x060100
[    0.286746] pci 0000:00:01.1: [8086:7111] type 00 class 0x01018a
[    0.287125] pci 0000:00:01.1: reg 0x20: [io  0xd000-0xd00f]
[    0.287327] pci 0000:00:01.1: legacy IDE quirk: reg 0x10: [io  0x01f0-0x01f7]
[    0.287329] pci 0000:00:01.1: legacy IDE quirk: reg 0x14: [io  0x03f6]
[    0.287330] pci 0000:00:01.1: legacy IDE quirk: reg 0x18: [io  0x0170-0x0177]
[    0.287331] pci 0000:00:01.1: legacy IDE quirk: reg 0x1c: [io  0x0376]
[    0.287599] pci 0000:00:02.0: [15ad:0405] type 00 class 0x030000
[    0.289678] pci 0000:00:02.0: reg 0x10: [io  0xd010-0xd01f]
[    0.291544] pci 0000:00:02.0: reg 0x14: [mem 0xe0000000-0xe0ffffff pref]
[    0.293292] pci 0000:00:02.0: reg 0x18: [mem 0xf0000000-0xf01fffff]
[    0.300720] pci 0000:00:03.0: [8086:100e] type 00 class 0x020000
[    0.302317] pci 0000:00:03.0: reg 0x10: [mem 0xf0200000-0xf021ffff]
[    0.305172] pci 0000:00:03.0: reg 0x18: [io  0xd020-0xd027]
[    0.310784] pci 0000:00:04.0: [80ee:cafe] type 00 class 0x088000
[    0.312072] pci 0000:00:04.0: reg 0x10: [io  0xd040-0xd05f]
[    0.314279] pci 0000:00:04.0: reg 0x14: [mem 0xf0400000-0xf07fffff]
[    0.316052] pci 0000:00:04.0: reg 0x18: [mem 0xf0800000-0xf0803fff pref]
[    0.323167] pci 0000:00:05.0: [8086:2415] type 00 class 0x040100
[    0.323255] pci 0000:00:05.0: reg 0x10: [io  0xd100-0xd1ff]
[    0.323304] pci 0000:00:05.0: reg 0x14: [io  0xd200-0xd23f]
[    0.323756] pci 0000:00:06.0: [106b:003f] type 00 class 0x0c0310
[    0.325169] pci 0000:00:06.0: reg 0x10: [mem 0xf0804000-0xf0804fff]
[    0.335254] pci 0000:00:07.0: [8086:7113] type 00 class 0x068000
[    0.335553] pci 0000:00:07.0: quirk: [io  0x4000-0x403f] claimed by PIIX4 ACPI
[    0.335563] pci 0000:00:07.0: quirk: [io  0x4100-0x410f] claimed by PIIX4 SMB
[    0.335825] pci 0000:00:0d.0: [8086:2829] type 00 class 0x010601
[    0.338408] pci 0000:00:0d.0: reg 0x10: [io  0xd240-0xd247]
[    0.339866] pci 0000:00:0d.0: reg 0x14: [io  0xd248-0xd24b]
[    0.341310] pci 0000:00:0d.0: reg 0x18: [io  0xd250-0xd257]
[    0.342741] pci 0000:00:0d.0: reg 0x1c: [io  0xd258-0xd25b]
[    0.344073] pci 0000:00:0d.0: reg 0x20: [io  0xd260-0xd26f]
[    0.345569] pci 0000:00:0d.0: reg 0x24: [mem 0xf0806000-0xf0807fff]
[    0.349523] ACPI: PCI Interrupt Link [LNKA] (IRQs 5 9 10 *11)
[    0.349753] ACPI: PCI Interrupt Link [LNKB] (IRQs 5 9 *10 11)
[    0.349874] ACPI: PCI Interrupt Link [LNKC] (IRQs 5 *9 10 11)
[    0.349964] ACPI: PCI Interrupt Link [LNKD] (IRQs 5 9 10 *11)
[    0.350156] ACPI: Enabled 2 GPEs in block 00 to 07
[    0.350493] vgaarb: setting as boot device: PCI:0000:00:02.0
[    0.350495] vgaarb: device added: PCI:0000:00:02.0,decodes=io+mem,owns=io+mem,locks=none
[    0.350497] vgaarb: loaded
[    0.350498] vgaarb: bridge control possible 0000:00:02.0
[    0.350706] SCSI subsystem initialized
[    0.350837] libata version 3.00 loaded.
[    0.350884] ACPI: bus type USB registered
[    0.350899] usbcore: registered new interface driver usbfs
[    0.350904] usbcore: registered new interface driver hub
[    0.350927] usbcore: registered new device driver usb
[    0.351307] PCI: Using ACPI for IRQ routing
[    0.351308] PCI: pci_cache_line_size set to 64 bytes
[    0.351479] e820: reserve RAM buffer [mem 0x0009fc00-0x0009ffff]
[    0.351485] e820: reserve RAM buffer [mem 0xdfff0000-0xdfffffff]
[    0.351589] NetLabel: Initializing
[    0.351590] NetLabel:  domain hash size = 128
[    0.351590] NetLabel:  protocols = UNLABELED CIPSOv4
[    0.351599] NetLabel:  unlabeled traffic allowed by default
[    0.351816] clocksource: Switched to clocksource kvm-clock
[    0.356911] AppArmor: AppArmor Filesystem Enabled
[    0.356956] pnp: PnP ACPI init
[    0.357010] pnp 00:00: Plug and Play ACPI device, IDs PNP0303 (active)
[    0.357073] pnp 00:01: Plug and Play ACPI device, IDs PNP0f03 (active)
[    0.357697] pnp: PnP ACPI: found 2 devices
[    0.367400] clocksource: acpi_pm: mask: 0xffffff max_cycles: 0xffffff, max_idle_ns: 2085701024 ns
[    0.367415] pci_bus 0000:00: resource 4 [io  0x0000-0x0cf7 window]
[    0.367416] pci_bus 0000:00: resource 5 [io  0x0d00-0xffff window]
[    0.367418] pci_bus 0000:00: resource 6 [mem 0x000a0000-0x000bffff window]
[    0.367419] pci_bus 0000:00: resource 7 [mem 0xe0000000-0xfdffffff window]
[    0.367446] NET: Registered protocol family 2
[    0.367646] TCP established hash table entries: 32768 (order: 6, 262144 bytes)
[    0.367699] TCP bind hash table entries: 32768 (order: 7, 524288 bytes)
[    0.367737] TCP: Hash tables configured (established 32768 bind 32768)
[    0.367761] UDP hash table entries: 2048 (order: 4, 65536 bytes)
[    0.367770] UDP-Lite hash table entries: 2048 (order: 4, 65536 bytes)
[    0.367802] NET: Registered protocol family 1
[    0.367810] pci 0000:00:00.0: Limiting direct PCI/PCI transfers
[    0.367850] pci 0000:00:01.0: Activating ISA DMA hang workarounds
[    0.367875] pci 0000:00:02.0: Video device with shadowed ROM
[    0.368055] PCI: CLS 0 bytes, default 64
[    0.368100] Unpacking initramfs...
[    3.680250] Freeing initrd memory: 285556K (ffff880015236000 - ffff880026913000)
[    3.680342] PCI-DMA: Using software bounce buffering for IO (SWIOTLB)
[    3.680344] software IO TLB [mem 0xdbff0000-0xdfff0000] (64MB) mapped at [ffff8800dbff0000-ffff8800dffeffff]
[    3.680414] platform rtc_cmos: registered platform RTC device (no PNP device found)
[    3.680460] Scanning for low memory corruption every 60 seconds
[    3.681398] futex hash table entries: 2048 (order: 5, 131072 bytes)
[    3.681419] audit: initializing netlink subsys (disabled)
[    3.681431] audit: type=2000 audit(1608209335.661:1): initialized
[    3.681566] Initialise system trusted keyring
[    3.682073] HugeTLB registered 2 MB page size, pre-allocated 0 pages
[    3.683085] zbud: loaded
[    3.683395] VFS: Disk quotas dquot_6.6.0
[    3.683416] VFS: Dquot-cache hash table entries: 512 (order 0, 4096 bytes)
[    3.683564] squashfs: version 4.0 (2009/01/31) Phillip Lougher
[    3.683937] fuse init (API version 7.23)
[    3.684109] Key type big_key registered
[    3.687838] Key type asymmetric registered
[    3.687841] Asymmetric key parser 'x509' registered
[    3.687868] Block layer SCSI generic (bsg) driver version 0.4 loaded (major 249)
[    3.687982] io scheduler noop registered
[    3.687985] io scheduler deadline registered
[    3.688044] io scheduler cfq registered (default)
[    3.688126] pci_hotplug: PCI Hot Plug PCI Core version: 0.5
[    3.688130] pciehp: PCI Express Hot Plug Controller Driver version: 0.4
[    3.688165] intel_idle: does not run on family 6 model 166
[    3.688242] ACPI: AC Adapter [AC] (on-line)
[    3.688277] input: Power Button as /devices/LNXSYSTM:00/LNXPWRBN:00/input/input0
[    3.688280] ACPI: Power Button [PWRF]
[    3.688330] input: Sleep Button as /devices/LNXSYSTM:00/LNXSLPBN:00/input/input1
[    3.688331] ACPI: Sleep Button [SLPF]
[    3.688568] GHES: HEST is not enabled!
[    3.688660] Serial: 8250/16550 driver, 32 ports, IRQ sharing enabled
[    3.689234] ACPI: Battery Slot [BAT0] (battery present)
[    3.689399] Linux agpgart interface v0.103
[    3.691544] loop: module loaded
[    3.691631] ata_piix 0000:00:01.1: version 2.13
[    3.692339] scsi host0: ata_piix
[    3.692524] scsi host1: ata_piix
[    3.692550] ata1: PATA max UDMA/33 cmd 0x1f0 ctl 0x3f6 bmdma 0xd000 irq 14
[    3.692552] ata2: PATA max UDMA/33 cmd 0x170 ctl 0x376 bmdma 0xd008 irq 15
[    3.692635] libphy: Fixed MDIO Bus: probed
[    3.692637] tun: Universal TUN/TAP device driver, 1.6
[    3.692657] tun: (C) 1999-2004 Max Krasnyansky <maxk@qualcomm.com>
[    3.692676] PPP generic driver version 2.4.2
[    3.692715] ehci_hcd: USB 2.0 'Enhanced' Host Controller (EHCI) Driver
[    3.692718] ehci-pci: EHCI PCI platform driver
[    3.692727] ehci-platform: EHCI generic platform driver
[    3.692733] ohci_hcd: USB 1.1 'Open' Host Controller (OHCI) Driver
[    3.692735] ohci-pci: OHCI PCI platform driver
[    3.693242] ohci-pci 0000:00:06.0: OHCI PCI host controller
[    3.693247] ohci-pci 0000:00:06.0: new USB bus registered, assigned bus number 1
[    3.693293] ohci-pci 0000:00:06.0: irq 22, io mem 0xf0804000
[    4.000819] ata2.00: ATAPI: VBOX CD-ROM, 1.0, max UDMA/133
[    4.000965] usb usb1: New USB device found, idVendor=1d6b, idProduct=0001
[    4.000967] usb usb1: New USB device strings: Mfr=3, Product=2, SerialNumber=1
[    4.000968] usb usb1: Product: OHCI PCI host controller
[    4.000970] usb usb1: Manufacturer: Linux 4.4.0 ohci_hcd
[    4.000970] usb usb1: SerialNumber: 0000:00:06.0
[    4.001054] hub 1-0:1.0: USB hub found
[    4.001063] hub 1-0:1.0: 12 ports detected
[    4.001139] ata2.00: configured for UDMA/33
[    4.001328] ohci-platform: OHCI generic platform driver
[    4.001338] uhci_hcd: USB Universal Host Controller Interface driver
[    4.001380] i8042: PNP: PS/2 Controller [PNP0303:PS2K,PNP0f03:PS2M] at 0x60,0x64 irq 1,12
[    4.001862] serio: i8042 KBD port at 0x60,0x64 irq 1
[    4.001865] serio: i8042 AUX port at 0x60,0x64 irq 12
[    4.001936] mousedev: PS/2 mouse device common for all mice
[    4.002035] scsi 1:0:0:0: CD-ROM            VBOX     CD-ROM           1.0  PQ: 0 ANSI: 5
[    4.002335] rtc_cmos rtc_cmos: rtc core: registered rtc_cmos as rtc0
[    4.002427] rtc_cmos rtc_cmos: alarms up to one day, 114 bytes nvram
[    4.002433] i2c /dev entries driver
[    4.002475] device-mapper: uevent: version 1.0.3
[    4.002567] device-mapper: ioctl: 4.34.0-ioctl (2015-10-28) initialised: dm-devel@redhat.com
[    4.002591] ledtrig-cpu: registered to indicate activity on CPUs
[    4.003119] input: AT Translated Set 2 keyboard as /devices/platform/i8042/serio0/input/input2
[    4.003415] NET: Registered protocol family 10
[    4.003720] NET: Registered protocol family 17
[    4.003729] Key type dns_resolver registered
[    4.003925] microcode: CPU0 sig=0xa0660, pf=0x8, revision=0x0
[    4.003978] microcode: CPU1 sig=0xa0660, pf=0x8, revision=0x0
[    4.003985] microcode: CPU2 sig=0xa0660, pf=0x8, revision=0x0
[    4.004032] microcode: CPU3 sig=0xa0660, pf=0x8, revision=0x0
[    4.004100] microcode: CPU4 sig=0xa0660, pf=0x8, revision=0x0
[    4.004162] microcode: CPU5 sig=0xa0660, pf=0x8, revision=0x0
[    4.004185] microcode: Microcode Update Driver: v2.01 <tigran@aivazian.fsnet.co.uk>, Peter Oruba
[    4.004320] registered taskstats version 1
[    4.004332] Loading compiled-in X.509 certificates
[    4.004743] Loaded X.509 cert 'Build time autogenerated kernel key: 3e67ad3e11e97d8f6b9a6e63f191183bc29faee9'
[    4.004757] zswap: loaded using pool lzo/zbud
[    4.006665] Key type trusted registered
[    4.008785] sr 1:0:0:0: [sr0] scsi3-mmc drive: 32x/32x xa/form2 tray
[    4.008787] cdrom: Uniform CD-ROM driver Revision: 3.20
[    4.008981] sr 1:0:0:0: Attached scsi CD-ROM sr0
[    4.009131] sr 1:0:0:0: Attached scsi generic sg0 type 5
[    4.010489] Key type encrypted registered
[    4.010494] AppArmor: AppArmor sha1 policy hashing enabled
[    4.010497] ima: No TPM chip found, activating TPM-bypass!
[    4.010508] evm: HMAC attrs: 0x1
[    4.010978]   Magic number: 0:375:835
[    4.011128] rtc_cmos rtc_cmos: setting system clock to 2020-12-17 12:48:44 UTC (1608209324)
[    4.011349] BIOS EDD facility v0.16 2004-Jun-25, 0 devices found
[    4.011350] EDD information not available.
[    4.011382] PM: Hibernation image not present or could not be loaded.
[    4.013194] Freeing unused kernel memory: 1844K (ffffffff81f72000 - ffffffff8213f000)
[    4.013195] Write protecting the kernel read-only data: 14336k
[    4.014131] Freeing unused kernel memory: 1856K (ffff880001830000 - ffff880001a00000)
[    4.014641] Freeing unused kernel memory: 240K (ffff880001dc4000 - ffff880001e00000)
[    4.019723] x86/mm: Checked W+X mappings: passed, no W+X pages found.
[    4.029307] random: systemd-udevd urandom read with 3 bits of entropy available
[    4.052865] ACPI: Video Device [GFX0] (multi-head: yes  rom: no  post: no)
[    4.052923] input: Video Bus as /devices/LNXSYSTM:00/LNXSYBUS:00/PNP0A03:00/LNXVIDEO:00/input/input4
[    4.054568] FUJITSU Extended Socket Network Device Driver - version 1.0 - Copyright (c) 2015 FUJITSU LIMITED
[    4.061289] e1000: Intel(R) PRO/1000 Network Driver - version 7.3.21-k8-NAPI
[    4.061291] e1000: Copyright (c) 1999-2006 Intel Corporation.
[    4.091261] [drm] Initialized drm 1.1.0 20060810
[    4.273229] input: ImExPS/2 Generic Explorer Mouse as /devices/platform/i8042/serio1/input/input5
[    4.407928] usb 1-1: new full-speed USB device number 2 using ohci-pci
[    4.416358] e1000 0000:00:03.0 eth0: (PCI:33MHz:32-bit) 08:00:27:5d:54:a1
[    4.416363] e1000 0000:00:03.0 eth0: Intel(R) PRO/1000 Network Connection
[    4.417038] e1000 0000:00:03.0 enp0s3: renamed from eth0
[    4.417043] ahci 0000:00:0d.0: version 3.0
[    4.417119] ahci 0000:00:0d.0: SSS flag set, parallel bus scan disabled
[    4.417249] ahci 0000:00:0d.0: AHCI 0001.0100 32 slots 2 ports 3 Gbps 0x3 impl SATA mode
[    4.417251] ahci 0000:00:0d.0: flags: 64bit ncq stag only ccc 
[    4.417825] scsi host2: ahci
[    4.418160] scsi host3: ahci
[    4.418204] ata3: SATA max UDMA/133 abar m8192@0xf0806000 port 0xf0806100 irq 21
[    4.418208] ata4: SATA max UDMA/133 abar m8192@0xf0806000 port 0xf0806180 irq 21
[    4.419360] [drm] DMA map mode: Using physical TTM page addresses.
[    4.419393] [drm] Capabilities:
[    4.419394] [drm]   Cursor.
[    4.419395] [drm]   Cursor bypass 2.
[    4.419396] [drm]   Alpha cursor.
[    4.419396] [drm]   3D.
[    4.419397] [drm]   Extended Fifo.
[    4.419397] [drm]   Pitchlock.
[    4.419398] [drm]   Irq mask.
[    4.419398] [drm]   GMR.
[    4.419399] [drm]   Traces.
[    4.419400] [drm]   GMR2.
[    4.419400] [drm]   Screen Object 2.
[    4.419401] [drm] Max GMR ids is 8192
[    4.419402] [drm] Max number of GMR pages is 1048576
[    4.419402] [drm] Max dedicated hypervisor surface memory is 507904 kiB
[    4.419403] [drm] Maximum display memory size is 16384 kiB
[    4.419404] [drm] VRAM at 0xe0000000 size is 16384 kiB
[    4.419404] [drm] MMIO at 0xf0000000 size is 2048 kiB
[    4.419406] [drm] global init.
[    4.419620] [TTM] Zone  kernel: Available graphics memory: 2021612 kiB
[    4.419622] [TTM] Initializing pool allocator
[    4.419625] [TTM] Initializing DMA pool allocator
[    4.419680] [drm] Supports vblank timestamp caching Rev 2 (21.10.2013).
[    4.419680] [drm] No driver support for vblank timestamp query.
[    4.419947] [drm] Screen Objects Display Unit initialized
[    4.419982] [drm] width 720
[    4.419991] [drm] height 400
[    4.419999] [drm] bpp 32
[    4.420184] [drm] Fifo max 0x00200000 min 0x00001000 cap 0x00000355
[    4.420190] [drm] DX: no.
[    4.421836] fbcon: svgadrmfb (fb0) is primary device
[    4.438935] Console: switching to colour frame buffer device 100x37
[    4.439763] [drm] Initialized vmwgfx 2.9.0 20150810 for 0000:00:02.0 on minor 0
[    4.671841] usb 1-1: New USB device found, idVendor=80ee, idProduct=0021
[    4.671844] usb 1-1: New USB device strings: Mfr=1, Product=3, SerialNumber=0
[    4.671845] usb 1-1: Product: USB Tablet
[    4.671846] usb 1-1: Manufacturer: VirtualBox
[    4.682703] hidraw: raw HID events driver (C) Jiri Kosina
[    4.683836] tsc: Refined TSC clocksource calibration: 1607.470 MHz
[    4.683839] clocksource: tsc: mask: 0xffffffffffffffff max_cycles: 0x172bb59e1bf, max_idle_ns: 440795246587 ns
[    4.696087] usbcore: registered new interface driver usbhid
[    4.696088] usbhid: USB HID core driver
[    4.702813] input: VirtualBox USB Tablet as /devices/pci0000:00/0000:00:06.0/usb1/1-1/1-1:1.0/0003:80EE:0021.0001/input/input6
[    4.703264] hid-generic 0003:80EE:0021.0001: input,hidraw0: USB HID v1.10 Mouse [VirtualBox USB Tablet] on usb-0000:00:06.0-1/input0
[    4.736594] ata3: SATA link up 3.0 Gbps (SStatus 123 SControl 300)
[    4.736774] ata3.00: ATA-6: VBOX HARDDISK, 1.0, max UDMA/133
[    4.736777] ata3.00: 104857600 sectors, multi 128: LBA48 NCQ (depth 31/32)
[    4.737074] ata3.00: configured for UDMA/133
[    4.737353] scsi 2:0:0:0: Direct-Access     ATA      VBOX HARDDISK    1.0  PQ: 0 ANSI: 5
[    4.737565] sd 2:0:0:0: [sda] 104857600 512-byte logical blocks: (53.6 GB/50.0 GiB)
[    4.737585] sd 2:0:0:0: [sda] Write Protect is off
[    4.737587] sd 2:0:0:0: [sda] Mode Sense: 00 3a 00 00
[    4.737595] sd 2:0:0:0: [sda] Write cache: enabled, read cache: enabled, doesn't support DPO or FUA
[    4.737711] sd 2:0:0:0: Attached scsi generic sg1 type 0
[    4.747004]  sda: sda1 sda2 < sda5 >
[    4.747254] sd 2:0:0:0: [sda] Attached SCSI disk
[    5.056827] ata4: SATA link up 3.0 Gbps (SStatus 123 SControl 300)
[    5.057036] ata4.00: ATA-6: VBOX HARDDISK, 1.0, max UDMA/133
[    5.057038] ata4.00: 20971520 sectors, multi 128: LBA48 NCQ (depth 31/32)
[    5.057423] ata4.00: configured for UDMA/133
[    5.057805] scsi 3:0:0:0: Direct-Access     ATA      VBOX HARDDISK    1.0  PQ: 0 ANSI: 5
[    5.057932] sd 3:0:0:0: [sdb] 20971520 512-byte logical blocks: (10.7 GB/10.0 GiB)
[    5.057948] sd 3:0:0:0: [sdb] Write Protect is off
[    5.057950] sd 3:0:0:0: [sdb] Mode Sense: 00 3a 00 00
[    5.057957] sd 3:0:0:0: [sdb] Write cache: enabled, read cache: enabled, doesn't support DPO or FUA
[    5.058059] sd 3:0:0:0: Attached scsi generic sg2 type 0
[    5.059325]  sdb: sdb1 sdb2
[    5.059733] sd 3:0:0:0: [sdb] Attached SCSI disk
[    7.088360] floppy0: no floppy controllers found
[    7.088434] work still pending
[    7.242690] EXT4-fs (sda1): mounted filesystem with ordered data mode. Opts: (null)
[    7.364814] systemd[1]: systemd 229 running in system mode. (+PAM +AUDIT +SELINUX +IMA +APPARMOR +SMACK +SYSVINIT +UTMP +LIBCRYPTSETUP +GCRYPT +GNUTLS +ACL +XZ -LZ4 +SECCOMP +BLKID +ELFUTILS +KMOD -IDN)
[    7.364840] systemd[1]: Detected virtualization oracle.
[    7.364843] systemd[1]: Detected architecture x86-64.
[    7.365065] systemd[1]: Set hostname to <sysprog2020>.
[    7.447617] systemd[1]: Listening on Journal Audit Socket.
[    7.447660] systemd[1]: Listening on udev Control Socket.
[    7.447672] systemd[1]: Listening on fsck to fsckd communication Socket.
[    7.447741] systemd[1]: Set up automount Arbitrary Executable File Formats File System Automount Point.
[    7.447749] systemd[1]: Reached target User and Group Name Lookups.
[    7.447761] systemd[1]: Listening on udev Kernel Socket.
[    7.447810] systemd[1]: Created slice User and Session Slice.
[    7.447853] systemd[1]: Started Trigger resolvconf update for networkd DNS.
[    7.447873] systemd[1]: Listening on Syslog Socket.
[    7.447892] systemd[1]: Started Forward Password Requests to Wall Directory Watch.
[    7.447897] systemd[1]: Reached target Remote File Systems (Pre).
[    7.447901] systemd[1]: Reached target Encrypted Volumes.
[    7.447937] systemd[1]: Created slice System Slice.
[    7.447947] systemd[1]: Reached target Slices.
[    7.447962] systemd[1]: Listening on Journal Socket (/dev/log).
[    7.447982] systemd[1]: Listening on Journal Socket.
[    7.716445] systemd[1]: Mounting Debug File System...
[    7.716936] systemd[1]: Starting Journal Service...
[    7.718754] systemd[1]: Starting Load Kernel Modules...
[    7.719188] systemd[1]: Mounting Huge Pages File System...
[    7.719522] systemd[1]: Starting Uncomplicated firewall...
[    7.719809] systemd[1]: Started Braille Device Support.
[    7.720555] systemd[1]: Mounting POSIX Message Queue File System...
[    7.721067] systemd[1]: Starting Remount Root and Kernel File Systems...
[    7.721479] systemd[1]: Starting Set console keymap...
[    7.722063] systemd[1]: Starting Create list of required static device nodes for the current kernel...
[    7.728152] systemd[1]: Listening on /dev/initctl Compatibility Named Pipe.
[    7.728177] systemd[1]: Reached target Remote File Systems.
[    7.729721] systemd[1]: Started Uncomplicated firewall.
[    7.760681] systemd[1]: Started Create list of required static device nodes for the current kernel.
[    7.771158] lp: driver loaded but no devices found
[    7.774132] ppdev: user-space parallel port driver
[    7.780780] systemd[1]: Starting Create Static Device Nodes in /dev...
[    7.781055] systemd[1]: Started Load Kernel Modules.
[    7.781419] systemd[1]: Mounting FUSE Control File System...
[    7.781722] systemd[1]: Starting Apply Kernel Variables...
[    7.781952] systemd[1]: Mounting Configuration File System...
[    7.797810] systemd[1]: Started Apply Kernel Variables.
[    7.809636] systemd[1]: Mounted Huge Pages File System.
[    7.809670] systemd[1]: Mounted Debug File System.
[    7.809677] systemd[1]: Mounted POSIX Message Queue File System.
[    7.809706] systemd[1]: Mounted FUSE Control File System.
[    7.809995] systemd[1]: Mounted Configuration File System.
[    7.810459] EXT4-fs (sda1): re-mounted. Opts: errors=remount-ro
[    7.811725] systemd[1]: Started Remount Root and Kernel File Systems.
[    7.813288] systemd[1]: Starting udev Coldplug all Devices...
[    7.813954] systemd[1]: Starting Load/Save Random Seed...
[    7.819320] systemd[1]: Started Journal Service.
[    7.861298] random: nonblocking pool is initialized
[    7.863707] systemd-journald[269]: Received request to flush runtime journal from PID 1
[    8.095431] piix4_smbus 0000:00:07.0: SMBus Host Controller at 0x4100, revision 0
[    8.219298] AVX2 version of gcm_enc/dec engaged.
[    8.219300] AES CTR mode by8 optimization enabled
[    8.281287] snd_intel8x0 0000:00:05.0: disable (unknown or VT-d) VM optimization
[    8.501217] audit: type=1400 audit(1608209328.988:2): apparmor="STATUS" operation="profile_load" name="/usr/lib/snapd/snap-confine" pid=644 comm="apparmor_parser"
[    8.501221] audit: type=1400 audit(1608209328.988:3): apparmor="STATUS" operation="profile_load" name="mount-namespace-capture-helper" pid=644 comm="apparmor_parser"
[    8.509735] audit: type=1400 audit(1608209328.996:4): apparmor="STATUS" operation="profile_load" name="/sbin/dhclient" pid=640 comm="apparmor_parser"
[    8.509739] audit: type=1400 audit(1608209328.996:5): apparmor="STATUS" operation="profile_load" name="/usr/lib/NetworkManager/nm-dhcp-client.action" pid=640 comm="apparmor_parser"
[    8.509741] audit: type=1400 audit(1608209328.996:6): apparmor="STATUS" operation="profile_load" name="/usr/lib/NetworkManager/nm-dhcp-helper" pid=640 comm="apparmor_parser"
[    8.509744] audit: type=1400 audit(1608209328.996:7): apparmor="STATUS" operation="profile_load" name="/usr/lib/connman/scripts/dhclient-script" pid=640 comm="apparmor_parser"
[    8.510806] audit: type=1400 audit(1608209328.996:8): apparmor="STATUS" operation="profile_load" name="/usr/lib/lightdm/lightdm-guest-session" pid=639 comm="apparmor_parser"
[    8.510809] audit: type=1400 audit(1608209328.996:9): apparmor="STATUS" operation="profile_load" name="chromium" pid=639 comm="apparmor_parser"
[    8.511074] audit: type=1400 audit(1608209328.996:10): apparmor="STATUS" operation="profile_load" name="/usr/sbin/ippusbxd" pid=647 comm="apparmor_parser"
[    9.024444] audit_printk_skb: 6 callbacks suppressed
[    9.024457] audit: type=1400 audit(1608209329.504:13): apparmor="STATUS" operation="profile_load" name="/usr/lib/cups/backend/cups-pdf" pid=646 comm="apparmor_parser"
[    9.024461] audit: type=1400 audit(1608209329.504:14): apparmor="STATUS" operation="profile_load" name="/usr/sbin/cupsd" pid=646 comm="apparmor_parser"
[    9.024464] audit: type=1400 audit(1608209329.504:15): apparmor="STATUS" operation="profile_load" name="third_party" pid=646 comm="apparmor_parser"
[    9.027478] audit: type=1400 audit(1608209329.516:16): apparmor="STATUS" operation="profile_load" name="/usr/sbin/cups-browsed" pid=645 comm="apparmor_parser"
[    9.061808] audit: type=1400 audit(1608209329.548:17): apparmor="STATUS" operation="profile_load" name="/usr/sbin/tcpdump" pid=649 comm="apparmor_parser"
[    9.630966] snd_intel8x0 0000:00:05.0: white list rate for 1028:0177 is 48000
[    9.631826] audit: type=1400 audit(1608209330.116:18): apparmor="STATUS" operation="profile_load" name="/usr/bin/evince" pid=641 comm="apparmor_parser"
[    9.631830] audit: type=1400 audit(1608209330.116:19): apparmor="STATUS" operation="profile_load" name="sanitized_helper" pid=641 comm="apparmor_parser"
[    9.631832] audit: type=1400 audit(1608209330.116:20): apparmor="STATUS" operation="profile_load" name="/usr/bin/evince-previewer" pid=641 comm="apparmor_parser"
[    9.631856] audit: type=1400 audit(1608209330.116:21): apparmor="STATUS" operation="profile_load" name="sanitized_helper" pid=641 comm="apparmor_parser"
[    9.631860] audit: type=1400 audit(1608209330.116:22): apparmor="STATUS" operation="profile_load" name="/usr/bin/evince-thumbnailer" pid=641 comm="apparmor_parser"
[    9.749955] Adding 998396k swap on /dev/sda5.  Priority:-1 extents:1 across:998396k FS
[   10.240491] IPv6: ADDRCONF(NETDEV_UP): enp0s3: link is not ready
[   10.242073] IPv6: ADDRCONF(NETDEV_UP): enp0s3: link is not ready
[   10.244376] e1000: enp0s3 NIC Link is Up 1000 Mbps Full Duplex, Flow Control: RX
[   10.244770] IPv6: ADDRCONF(NETDEV_CHANGE): enp0s3: link becomes ready
[   11.040261] floppy0: no floppy controllers found
[  150.423757] spa3: module verification failed: signature and/or required key missing - tainting kernel
[  150.426300] spa3: init successful.
[  159.986242] spa3: Opening file...
[  159.990001] spa3: nRules: 0, buf:O 1111
               , buf[n]:O 32 49 49
[  159.990004] spa3: Outbound rule added.
[  174.454792] spa3: Opening file...
[  174.458562] spa3: nRules: 1, buf:I 2222
               , buf[n]:I 32 50 50
[  174.458565] spa3: Inbound rule added
[  181.530030] spa3: Opening file...
[  181.539046] spa3: nRules: 2, buf:F 3333
               , buf[n]:F 32 51 51
[  181.539051] spa3: Forwarding rule added.
[  186.371443] spa3: Opening file...
[  186.379175] spa3: nRules: 3, buf:F 4444
               , buf[n]:F 32 52 52
[  186.379178] spa3: Forwarding rule added.
[  193.148027] spa3: Opening file...
[  193.148039] curr_pos: 0, type_char: O, portno: 1111
[  193.148460] curr_pos: 1, type_char: I, portno: 2222
[  193.148941] curr_pos: 2, type_char: F, portno: 3333
[  193.149353] curr_pos: 3, type_char: F, portno: 4444
[  193.149822] spa3: Finished reading rules.
[  201.900861] spa3: Opening file...
[  201.904130] spa3: nRules: 4, buf:P 4444
               , buf[n]:P 32 52 52
[  201.904132] spa3: Proxy rule added.
[  203.818348] spa3: Opening file...
[  203.818357] curr_pos: 0, type_char: O, portno: 1111
[  203.818713] curr_pos: 1, type_char: I, portno: 2222
[  203.819067] curr_pos: 2, type_char: F, portno: 3333
[  203.819476] curr_pos: 3, type_char: F, portno: 4444
[  203.819831] curr_pos: 4, type_char: P, portno: 4444
[  203.820202] spa3: Finished reading rules.
[  223.102587]  DROP(OUTBOUND): 6, 47698, 1111, 10.0.2.15, 192.168.56.101, 1000
[  223.102598]        OUTBOUND: 6, 35108, 2222, 10.0.2.15, 192.168.56.101, 1000
[  223.102627]        OUTBOUND: 6, 48930, 3333, 10.0.2.15, 192.168.56.101, 1000
[  223.102639]        OUTBOUND: 6, 43668, 4444, 10.0.2.15, 192.168.56.101, 1000
[  223.102648]        OUTBOUND: 6, 48934, 3333, 10.0.2.15, 192.168.56.101, 1000
[  223.102658]        OUTBOUND: 6, 49772, 5555, 10.0.2.15, 192.168.56.101, 1000
[  223.103382]  PROXY(INBOUND): 6, 4444, 4444, 192.168.56.101, 131.1.1.1, 1010
[  223.103404]         INBOUND: 6, 3333, 48930, 192.168.56.101, 10.0.2.15, 1010
[  223.103441]        OUTBOUND: 6, 48930, 3333, 10.0.2.15, 192.168.56.101, 0010
[  223.103452]   DROP(INBOUND): 6, 2222, 35108, 192.168.56.101, 10.0.2.15, 1010
[  223.103454]         INBOUND: 6, 3333, 48934, 192.168.56.101, 10.0.2.15, 1010
[  223.103457]        OUTBOUND: 6, 48934, 3333, 10.0.2.15, 192.168.56.101, 0010
[  223.104372]   DROP(INBOUND): 6, 2222, 35108, 192.168.56.101, 10.0.2.15, 1010
[  223.106466]  PROXY(INBOUND): 6, 4444, 4444, 192.168.56.101, 131.1.1.1, 1010
[  223.107479]   DROP(INBOUND): 6, 2222, 35108, 192.168.56.101, 10.0.2.15, 1010
[  223.107713]   DROP(INBOUND): 6, 2222, 35108, 192.168.56.101, 10.0.2.15, 1010
[  223.107749]         INBOUND: 6, 3333, 48930, 192.168.56.101, 10.0.2.15, 0010
[  223.107825]        OUTBOUND: 6, 48930, 3333, 10.0.2.15, 192.168.56.101, 0010
[  223.108935]  PROXY(INBOUND): 6, 4444, 4444, 192.168.56.101, 131.1.1.1, 1010
[  223.108940]   DROP(INBOUND): 6, 2222, 35108, 192.168.56.101, 10.0.2.15, 1010
[  223.109104]  PROXY(INBOUND): 6, 4444, 4444, 192.168.56.101, 131.1.1.1, 1010
[  223.109108]   DROP(INBOUND): 6, 2222, 35108, 192.168.56.101, 10.0.2.15, 1010
[  223.110226]         INBOUND: 6, 3333, 48930, 192.168.56.101, 10.0.2.15, 0010
[  223.110234]         INBOUND: 6, 3333, 48930, 192.168.56.101, 10.0.2.15, 0010
[  223.110264]        OUTBOUND: 6, 48930, 3333, 10.0.2.15, 192.168.56.101, 0010
[  223.110295]        OUTBOUND: 6, 48930, 3333, 10.0.2.15, 192.168.56.101, 0010
[  223.110868]   DROP(INBOUND): 6, 2222, 35108, 192.168.56.101, 10.0.2.15, 1010
[  223.111070]   DROP(INBOUND): 6, 2222, 35108, 192.168.56.101, 10.0.2.15, 1010
[  223.113975]  PROXY(INBOUND): 6, 4444, 4444, 192.168.56.101, 131.1.1.1, 1010
[  223.113981]         INBOUND: 6, 3333, 48930, 192.168.56.101, 10.0.2.15, 0010
[  223.113987]   DROP(INBOUND): 6, 2222, 35108, 192.168.56.101, 10.0.2.15, 1010
[  223.114082]        OUTBOUND: 6, 48930, 3333, 10.0.2.15, 192.168.56.101, 0010
[  223.114089]   DROP(INBOUND): 6, 2222, 35108, 192.168.56.101, 10.0.2.15, 1010
[  223.114876]  PROXY(INBOUND): 6, 4444, 4444, 192.168.56.101, 131.1.1.1, 1010
[  223.115036]  PROXY(INBOUND): 6, 4444, 4444, 192.168.56.101, 131.1.1.1, 1010
[  223.115861]         INBOUND: 6, 3333, 48930, 192.168.56.101, 10.0.2.15, 0010
[  223.115916]        OUTBOUND: 6, 48930, 3333, 10.0.2.15, 192.168.56.101, 0010
[  223.116041]         INBOUND: 6, 3333, 48930, 192.168.56.101, 10.0.2.15, 0010
[  223.116046]        OUTBOUND: 6, 48930, 3333, 10.0.2.15, 192.168.56.101, 0010
[  223.116757]  PROXY(INBOUND): 6, 4444, 4444, 192.168.56.101, 131.1.1.1, 1010
[  223.116761]   DROP(INBOUND): 6, 2222, 35108, 192.168.56.101, 10.0.2.15, 1010
[  223.117026]  PROXY(INBOUND): 6, 4444, 4444, 192.168.56.101, 131.1.1.1, 1010
[  223.118897]         INBOUND: 6, 3333, 48930, 192.168.56.101, 10.0.2.15, 0010
[  223.118941]        OUTBOUND: 6, 48930, 3333, 10.0.2.15, 192.168.56.101, 0010
[  223.119029]         INBOUND: 6, 3333, 48930, 192.168.56.101, 10.0.2.15, 0010
[  223.119084]        OUTBOUND: 6, 48930, 3333, 10.0.2.15, 192.168.56.101, 0010
[  223.119372]  PROXY(INBOUND): 6, 4444, 4444, 192.168.56.101, 131.1.1.1, 1010
[  223.119571]  PROXY(INBOUND): 6, 4444, 4444, 192.168.56.101, 131.1.1.1, 1010
[  223.134509]   DROP(INBOUND): 6, 2222, 35108, 192.168.56.101, 10.0.2.15, 1010
[  223.135013]   DROP(INBOUND): 6, 2222, 35108, 192.168.56.101, 10.0.2.15, 1010
[  223.136601]  PROXY(INBOUND): 6, 4444, 4444, 192.168.56.101, 131.1.1.1, 1010
[  223.136636]         INBOUND: 6, 3333, 48930, 192.168.56.101, 10.0.2.15, 0010
[  223.136771]        OUTBOUND: 6, 48930, 3333, 10.0.2.15, 192.168.56.101, 0010
[  223.136922]  PROXY(INBOUND): 6, 4444, 4444, 192.168.56.101, 131.1.1.1, 1010
[  223.136928]         INBOUND: 6, 3333, 48930, 192.168.56.101, 10.0.2.15, 0010
[  223.137024]        OUTBOUND: 6, 48930, 3333, 10.0.2.15, 192.168.56.101, 0010
[  223.137452]   DROP(INBOUND): 6, 2222, 35108, 192.168.56.101, 10.0.2.15, 1010
[  223.137622]   DROP(INBOUND): 6, 2222, 35108, 192.168.56.101, 10.0.2.15, 1010
[  223.139782]         INBOUND: 6, 3333, 48930, 192.168.56.101, 10.0.2.15, 0010
[  223.139798]  PROXY(INBOUND): 6, 4444, 4444, 192.168.56.101, 131.1.1.1, 1010
[  223.139828]        OUTBOUND: 6, 48930, 3333, 10.0.2.15, 192.168.56.101, 0010
[  223.139902]         INBOUND: 6, 3333, 48930, 192.168.56.101, 10.0.2.15, 0010
[  223.139908]        OUTBOUND: 6, 48930, 3333, 10.0.2.15, 192.168.56.101, 0010
[  223.139927]  PROXY(INBOUND): 6, 4444, 4444, 192.168.56.101, 131.1.1.1, 1010
[  223.141245]   DROP(INBOUND): 6, 2222, 35108, 192.168.56.101, 10.0.2.15, 1010
[  223.141461]   DROP(INBOUND): 6, 2222, 35108, 192.168.56.101, 10.0.2.15, 1010
[  223.142259]         INBOUND: 6, 3333, 48930, 192.168.56.101, 10.0.2.15, 0010
[  223.142273]  PROXY(INBOUND): 6, 4444, 4444, 192.168.56.101, 131.1.1.1, 1010
[  223.142279]         INBOUND: 6, 3333, 48930, 192.168.56.101, 10.0.2.15, 0010
[  223.142550]        OUTBOUND: 6, 48930, 3333, 10.0.2.15, 192.168.56.101, 0010
[  223.142572]        OUTBOUND: 6, 48930, 3333, 10.0.2.15, 192.168.56.101, 0010
[  223.142701]  PROXY(INBOUND): 6, 4444, 4444, 192.168.56.101, 131.1.1.1, 1010
[  223.144082]   DROP(INBOUND): 6, 2222, 35108, 192.168.56.101, 10.0.2.15, 1010
[  223.144220]   DROP(INBOUND): 6, 2222, 35108, 192.168.56.101, 10.0.2.15, 1010
[  223.144362]  PROXY(INBOUND): 6, 4444, 4444, 192.168.56.101, 131.1.1.1, 1010
[  223.144594]  PROXY(INBOUND): 6, 4444, 4444, 192.168.56.101, 131.1.1.1, 1010
[  223.146279]         INBOUND: 6, 3333, 48930, 192.168.56.101, 10.0.2.15, 0010
[  223.146289]         INBOUND: 6, 3333, 48930, 192.168.56.101, 10.0.2.15, 0010
[  223.146383]        OUTBOUND: 6, 48930, 3333, 10.0.2.15, 192.168.56.101, 0010
[  223.146399]        OUTBOUND: 6, 48930, 3333, 10.0.2.15, 192.168.56.101, 0010
[  223.147149]  PROXY(INBOUND): 6, 4444, 4444, 192.168.56.101, 131.1.1.1, 1010
[  223.147154]   DROP(INBOUND): 6, 2222, 35108, 192.168.56.101, 10.0.2.15, 1010
[  223.147360]  PROXY(INBOUND): 6, 4444, 4444, 192.168.56.101, 131.1.1.1, 1010
[  223.147364]   DROP(INBOUND): 6, 2222, 35108, 192.168.56.101, 10.0.2.15, 1010
[  223.148119]         INBOUND: 6, 3333, 48930, 192.168.56.101, 10.0.2.15, 0010
[  223.148146]        OUTBOUND: 6, 48930, 3333, 10.0.2.15, 192.168.56.101, 0010
[  223.148286]         INBOUND: 6, 3333, 48930, 192.168.56.101, 10.0.2.15, 0010
[  223.148348]        OUTBOUND: 6, 48930, 3333, 10.0.2.15, 192.168.56.101, 0010
[  223.148567]   DROP(INBOUND): 6, 2222, 35108, 192.168.56.101, 10.0.2.15, 1010
[  223.148709]   DROP(INBOUND): 6, 2222, 35108, 192.168.56.101, 10.0.2.15, 1010
[  223.150129]  PROXY(INBOUND): 6, 4444, 4444, 192.168.56.101, 131.1.1.1, 1010
[  223.150261]  PROXY(INBOUND): 6, 4444, 4444, 192.168.56.101, 131.1.1.1, 1010
[  223.151055]         INBOUND: 6, 3333, 48930, 192.168.56.101, 10.0.2.15, 0010
[  223.151083]        OUTBOUND: 6, 48930, 3333, 10.0.2.15, 192.168.56.101, 0010
[  223.151234]         INBOUND: 6, 3333, 48930, 192.168.56.101, 10.0.2.15, 0010
[  223.151296]        OUTBOUND: 6, 48930, 3333, 10.0.2.15, 192.168.56.101, 0010
[  223.151987]   DROP(INBOUND): 6, 2222, 35108, 192.168.56.101, 10.0.2.15, 1010
[  223.152151]   DROP(INBOUND): 6, 2222, 35108, 192.168.56.101, 10.0.2.15, 1010
[  223.152943]  PROXY(INBOUND): 6, 4444, 4444, 192.168.56.101, 131.1.1.1, 1010
[  223.152948]         INBOUND: 6, 3333, 48930, 192.168.56.101, 10.0.2.15, 0010
[  223.153059]        OUTBOUND: 6, 48930, 3333, 10.0.2.15, 192.168.56.101, 0010
[  223.153133]  PROXY(INBOUND): 6, 4444, 4444, 192.168.56.101, 131.1.1.1, 1010
[  223.153138]         INBOUND: 6, 3333, 48930, 192.168.56.101, 10.0.2.15, 0010
[  223.153171]        OUTBOUND: 6, 48930, 3333, 10.0.2.15, 192.168.56.101, 0010
[  223.155009]   DROP(INBOUND): 6, 2222, 35108, 192.168.56.101, 10.0.2.15, 1010
[  223.155028]   DROP(INBOUND): 6, 2222, 35108, 192.168.56.101, 10.0.2.15, 1010
[  223.155884]  PROXY(INBOUND): 6, 4444, 4444, 192.168.56.101, 131.1.1.1, 1010
[  223.155890]         INBOUND: 6, 3333, 48930, 192.168.56.101, 10.0.2.15, 0010
[  223.156035]        OUTBOUND: 6, 48930, 3333, 10.0.2.15, 192.168.56.101, 0010
[  223.156060]  PROXY(INBOUND): 6, 4444, 4444, 192.168.56.101, 131.1.1.1, 1010
[  223.156082]         INBOUND: 6, 3333, 48930, 192.168.56.101, 10.0.2.15, 0010
[  223.156125]        OUTBOUND: 6, 48930, 3333, 10.0.2.15, 192.168.56.101, 0010
[  223.157862]   DROP(INBOUND): 6, 2222, 35108, 192.168.56.101, 10.0.2.15, 1010
[  223.160649]  PROXY(INBOUND): 6, 4444, 4444, 192.168.56.101, 131.1.1.1, 1010
[  223.160673]         INBOUND: 6, 3333, 48930, 192.168.56.101, 10.0.2.15, 0010
[  223.160684]   DROP(INBOUND): 6, 2222, 35108, 192.168.56.101, 10.0.2.15, 1010
[  223.160685]   DROP(INBOUND): 6, 2222, 35108, 192.168.56.101, 10.0.2.15, 1010
[  223.160737]        OUTBOUND: 6, 48930, 3333, 10.0.2.15, 192.168.56.101, 0010
[  223.160837]   DROP(INBOUND): 6, 2222, 35108, 192.168.56.101, 10.0.2.15, 1010
[  223.161064]         INBOUND: 6, 3333, 48930, 192.168.56.101, 10.0.2.15, 0010
[  223.161089]        OUTBOUND: 6, 48930, 3333, 10.0.2.15, 192.168.56.101, 0010
[  223.161381]         INBOUND: 6, 3333, 48930, 192.168.56.101, 10.0.2.15, 0010
[  223.161390]  PROXY(INBOUND): 6, 4444, 4444, 192.168.56.101, 131.1.1.1, 1010
[  223.161489]        OUTBOUND: 6, 48930, 3333, 10.0.2.15, 192.168.56.101, 0010
[  223.161566]  PROXY(INBOUND): 6, 4444, 4444, 192.168.56.101, 131.1.1.1, 1010
[  223.163597]         INBOUND: 6, 3333, 48930, 192.168.56.101, 10.0.2.15, 0010
[  223.163609]   DROP(INBOUND): 6, 2222, 35108, 192.168.56.101, 10.0.2.15, 1010
[  223.163671]        OUTBOUND: 6, 48930, 3333, 10.0.2.15, 192.168.56.101, 0010
[  223.163730]         INBOUND: 6, 3333, 48930, 192.168.56.101, 10.0.2.15, 0010
[  223.163738]   DROP(INBOUND): 6, 2222, 35108, 192.168.56.101, 10.0.2.15, 1010
[  223.163740]  PROXY(INBOUND): 6, 4444, 4444, 192.168.56.101, 131.1.1.1, 1010
[  223.163755]        OUTBOUND: 6, 48930, 3333, 10.0.2.15, 192.168.56.101, 0010
[  223.163911]  PROXY(INBOUND): 6, 4444, 4444, 192.168.56.101, 131.1.1.1, 1010
[  223.167626]         INBOUND: 6, 3333, 48930, 192.168.56.101, 10.0.2.15, 0010
[  223.167637]  PROXY(INBOUND): 6, 4444, 4444, 192.168.56.101, 131.1.1.1, 1010
[  223.167640]   DROP(INBOUND): 6, 2222, 35108, 192.168.56.101, 10.0.2.15, 1010
[  223.167652]        OUTBOUND: 6, 48930, 3333, 10.0.2.15, 192.168.56.101, 0010
[  223.167802]  PROXY(INBOUND): 6, 4444, 4444, 192.168.56.101, 131.1.1.1, 1010
[  223.167806]         INBOUND: 6, 3333, 48930, 192.168.56.101, 10.0.2.15, 0010
[  223.167814]   DROP(INBOUND): 6, 2222, 35108, 192.168.56.101, 10.0.2.15, 1010
[  223.167869]        OUTBOUND: 6, 48930, 3333, 10.0.2.15, 192.168.56.101, 0010
[  223.170600]         INBOUND: 6, 3333, 48930, 192.168.56.101, 10.0.2.15, 0010
[  223.170612]   DROP(INBOUND): 6, 2222, 35108, 192.168.56.101, 10.0.2.15, 1010
[  223.170670]         INBOUND: 6, 3333, 48930, 192.168.56.101, 10.0.2.15, 0010
[  223.170674]   DROP(INBOUND): 6, 2222, 35108, 192.168.56.101, 10.0.2.15, 1010
[  223.170709]        OUTBOUND: 6, 48930, 3333, 10.0.2.15, 192.168.56.101, 0010
[  223.170725]        OUTBOUND: 6, 48930, 3333, 10.0.2.15, 192.168.56.101, 0010
[  223.171420]  PROXY(INBOUND): 6, 4444, 4444, 192.168.56.101, 131.1.1.1, 1010
[  223.171554]  PROXY(INBOUND): 6, 4444, 4444, 192.168.56.101, 131.1.1.1, 1010
[  223.173505]         INBOUND: 6, 3333, 48930, 192.168.56.101, 10.0.2.15, 0010
[  223.173514]   DROP(INBOUND): 6, 2222, 35108, 192.168.56.101, 10.0.2.15, 1010
[  223.173569]        OUTBOUND: 6, 48930, 3333, 10.0.2.15, 192.168.56.101, 0010
[  223.173611]         INBOUND: 6, 3333, 48930, 192.168.56.101, 10.0.2.15, 0010
[  223.173619]   DROP(INBOUND): 6, 2222, 35108, 192.168.56.101, 10.0.2.15, 1010
[  223.173692]        OUTBOUND: 6, 48930, 3333, 10.0.2.15, 192.168.56.101, 0010
[  223.174353]  PROXY(INBOUND): 6, 4444, 4444, 192.168.56.101, 131.1.1.1, 1010
[  223.174396]  PROXY(INBOUND): 6, 4444, 4444, 192.168.56.101, 131.1.1.1, 1010
[  223.175429]   DROP(INBOUND): 6, 2222, 35108, 192.168.56.101, 10.0.2.15, 1010
[  223.175585]   DROP(INBOUND): 6, 2222, 35108, 192.168.56.101, 10.0.2.15, 1010
[  223.176244]         INBOUND: 6, 3333, 48930, 192.168.56.101, 10.0.2.15, 0010
[  223.176338]        OUTBOUND: 6, 48930, 3333, 10.0.2.15, 192.168.56.101, 0010
[  223.176422]         INBOUND: 6, 3333, 48930, 192.168.56.101, 10.0.2.15, 0010
[  223.176526]        OUTBOUND: 6, 48930, 3333, 10.0.2.15, 192.168.56.101, 0010
[  223.176597]  PROXY(INBOUND): 6, 4444, 4444, 192.168.56.101, 131.1.1.1, 1010
[  223.176778]  PROXY(INBOUND): 6, 4444, 4444, 192.168.56.101, 131.1.1.1, 1010
[  223.178372]   DROP(INBOUND): 6, 2222, 35108, 192.168.56.101, 10.0.2.15, 1010
[  223.178487]   DROP(INBOUND): 6, 2222, 35108, 192.168.56.101, 10.0.2.15, 1010
[  223.179459]         INBOUND: 6, 3333, 48930, 192.168.56.101, 10.0.2.15, 0010
[  223.179484]        OUTBOUND: 6, 48930, 3333, 10.0.2.15, 192.168.56.101, 0010
[  223.179617]         INBOUND: 6, 3333, 48930, 192.168.56.101, 10.0.2.15, 0010
[  223.179642]        OUTBOUND: 6, 48930, 3333, 10.0.2.15, 192.168.56.101, 0010
[  223.179755]  PROXY(INBOUND): 6, 4444, 4444, 192.168.56.101, 131.1.1.1, 1010
[  223.179914]  PROXY(INBOUND): 6, 4444, 4444, 192.168.56.101, 131.1.1.1, 1010
[  223.182396]         INBOUND: 6, 3333, 48930, 192.168.56.101, 10.0.2.15, 0010
[  223.182419]   DROP(INBOUND): 6, 2222, 35108, 192.168.56.101, 10.0.2.15, 1010
[  223.182421]         INBOUND: 6, 3333, 48930, 192.168.56.101, 10.0.2.15, 0010
[  223.182423]   DROP(INBOUND): 6, 2222, 35108, 192.168.56.101, 10.0.2.15, 1010
[  223.182501]        OUTBOUND: 6, 48930, 3333, 10.0.2.15, 192.168.56.101, 0010
[  223.182516]        OUTBOUND: 6, 48930, 3333, 10.0.2.15, 192.168.56.101, 0010
[  223.183398]  PROXY(INBOUND): 6, 4444, 4444, 192.168.56.101, 131.1.1.1, 1010
[  223.183506]  PROXY(INBOUND): 6, 4444, 4444, 192.168.56.101, 131.1.1.1, 1010
[  223.184344]         INBOUND: 6, 3333, 48930, 192.168.56.101, 10.0.2.15, 0010
[  223.184415]         INBOUND: 6, 3333, 48930, 192.168.56.101, 10.0.2.15, 0010
[  223.184427]        OUTBOUND: 6, 48930, 3333, 10.0.2.15, 192.168.56.101, 0010
[  223.184441]        OUTBOUND: 6, 48930, 3333, 10.0.2.15, 192.168.56.101, 0010
[  223.185324]   DROP(INBOUND): 6, 2222, 35108, 192.168.56.101, 10.0.2.15, 1010
[  223.185327]   DROP(INBOUND): 6, 2222, 35108, 192.168.56.101, 10.0.2.15, 1010
[  223.187248]  PROXY(INBOUND): 6, 4444, 4444, 192.168.56.101, 131.1.1.1, 1010
[  223.187254]         INBOUND: 6, 3333, 48930, 192.168.56.101, 10.0.2.15, 0010
[  223.187258]  PROXY(INBOUND): 6, 4444, 4444, 192.168.56.101, 131.1.1.1, 1010
[  223.187260]         INBOUND: 6, 3333, 48930, 192.168.56.101, 10.0.2.15, 0010
[  223.187449]        OUTBOUND: 6, 48930, 3333, 10.0.2.15, 192.168.56.101, 0010
[  223.187464]        OUTBOUND: 6, 48930, 3333, 10.0.2.15, 192.168.56.101, 0010
[  223.188279]   DROP(INBOUND): 6, 2222, 35108, 192.168.56.101, 10.0.2.15, 1010
[  223.188282]   DROP(INBOUND): 6, 2222, 35108, 192.168.56.101, 10.0.2.15, 1010
[  223.188427]         INBOUND: 6, 3333, 48930, 192.168.56.101, 10.0.2.15, 0010
[  223.188437]         INBOUND: 6, 3333, 48930, 192.168.56.101, 10.0.2.15, 0010
[  223.188498]        OUTBOUND: 6, 48930, 3333, 10.0.2.15, 192.168.56.101, 0010
[  223.188512]        OUTBOUND: 6, 48930, 3333, 10.0.2.15, 192.168.56.101, 0010
[  223.189202]  PROXY(INBOUND): 6, 4444, 4444, 192.168.56.101, 131.1.1.1, 1010
[  223.189206]  PROXY(INBOUND): 6, 4444, 4444, 192.168.56.101, 131.1.1.1, 1010
[  223.190098]   DROP(INBOUND): 6, 2222, 35108, 192.168.56.101, 10.0.2.15, 1010
[  223.190171]   DROP(INBOUND): 6, 2222, 35108, 192.168.56.101, 10.0.2.15, 1010
[  223.191139]         INBOUND: 6, 3333, 48930, 192.168.56.101, 10.0.2.15, 0010
[  223.191148]         INBOUND: 6, 3333, 48930, 192.168.56.101, 10.0.2.15, 0010
[  223.191205]        OUTBOUND: 6, 48930, 3333, 10.0.2.15, 192.168.56.101, 0010
[  223.191219]        OUTBOUND: 6, 48930, 3333, 10.0.2.15, 192.168.56.101, 0010
[  223.194120]  PROXY(INBOUND): 6, 4444, 4444, 192.168.56.101, 131.1.1.1, 1010
[  223.194124]   DROP(INBOUND): 6, 2222, 35108, 192.168.56.101, 10.0.2.15, 1010
[  223.194128]         INBOUND: 6, 3333, 48930, 192.168.56.101, 10.0.2.15, 0010
[  223.194226]        OUTBOUND: 6, 48930, 3333, 10.0.2.15, 192.168.56.101, 0010
[  223.194227]         INBOUND: 6, 3333, 48930, 192.168.56.101, 10.0.2.15, 0010
[  223.194230]  PROXY(INBOUND): 6, 4444, 4444, 192.168.56.101, 131.1.1.1, 1010
[  223.194244]        OUTBOUND: 6, 48930, 3333, 10.0.2.15, 192.168.56.101, 0010
[  223.194312]  PROXY(INBOUND): 6, 4444, 4444, 192.168.56.101, 131.1.1.1, 1010
[  223.196077]  PROXY(INBOUND): 6, 4444, 4444, 192.168.56.101, 131.1.1.1, 1010
[  223.196081]   DROP(INBOUND): 6, 2222, 35108, 192.168.56.101, 10.0.2.15, 1010
[  223.196083]  PROXY(INBOUND): 6, 4444, 4444, 192.168.56.101, 131.1.1.1, 1010
[  223.196085]   DROP(INBOUND): 6, 2222, 35108, 192.168.56.101, 10.0.2.15, 1010
[  223.196250]         INBOUND: 6, 3333, 48930, 192.168.56.101, 10.0.2.15, 0010
[  223.196308]        OUTBOUND: 6, 48930, 3333, 10.0.2.15, 192.168.56.101, 0010
[  223.196352]         INBOUND: 6, 3333, 48930, 192.168.56.101, 10.0.2.15, 0010
[  223.196379]        OUTBOUND: 6, 48930, 3333, 10.0.2.15, 192.168.56.101, 0010
[  223.198039]         INBOUND: 6, 3333, 48930, 192.168.56.101, 10.0.2.15, 0010
[  223.198043]         INBOUND: 6, 3333, 48930, 192.168.56.101, 10.0.2.15, 0010
[  223.198108]   DROP(INBOUND): 6, 2222, 35108, 192.168.56.101, 10.0.2.15, 1010
[  223.198231]   DROP(INBOUND): 6, 2222, 35108, 192.168.56.101, 10.0.2.15, 1010
[  223.198282]        OUTBOUND: 6, 48930, 3333, 10.0.2.15, 192.168.56.101, 0010
[  223.198297]        OUTBOUND: 6, 48930, 3333, 10.0.2.15, 192.168.56.101, 0010
[  223.198331]  PROXY(INBOUND): 6, 4444, 4444, 192.168.56.101, 131.1.1.1, 1010
[  223.198430]  PROXY(INBOUND): 6, 4444, 4444, 192.168.56.101, 131.1.1.1, 1010
[  223.200910]  PROXY(INBOUND): 6, 4444, 4444, 192.168.56.101, 131.1.1.1, 1010
[  223.200944]  PROXY(INBOUND): 6, 4444, 4444, 192.168.56.101, 131.1.1.1, 1010
[  223.201936]         INBOUND: 6, 3333, 48930, 192.168.56.101, 10.0.2.15, 0010
[  223.201947]   DROP(INBOUND): 6, 2222, 35108, 192.168.56.101, 10.0.2.15, 1010
[  223.201950]         INBOUND: 6, 3333, 48930, 192.168.56.101, 10.0.2.15, 0010
[  223.201997]        OUTBOUND: 6, 48930, 3333, 10.0.2.15, 192.168.56.101, 0010
[  223.202012]        OUTBOUND: 6, 48930, 3333, 10.0.2.15, 192.168.56.101, 0010
[  223.202051]   DROP(INBOUND): 6, 2222, 35108, 192.168.56.101, 10.0.2.15, 1010
[  223.203760]  PROXY(INBOUND): 6, 4444, 4444, 192.168.56.101, 131.1.1.1, 1010
[  223.203828]  PROXY(INBOUND): 6, 4444, 4444, 192.168.56.101, 131.1.1.1, 1010
[  223.204817]         INBOUND: 6, 3333, 48930, 192.168.56.101, 10.0.2.15, 0010
[  223.204826]   DROP(INBOUND): 6, 2222, 35108, 192.168.56.101, 10.0.2.15, 1010
[  223.204900]        OUTBOUND: 6, 48930, 3333, 10.0.2.15, 192.168.56.101, 0010
[  223.204901]         INBOUND: 6, 3333, 48930, 192.168.56.101, 10.0.2.15, 0010
[  223.204904]   DROP(INBOUND): 6, 2222, 35108, 192.168.56.101, 10.0.2.15, 1010
[  223.204935]        OUTBOUND: 6, 48930, 3333, 10.0.2.15, 192.168.56.101, 0010
[  223.206821]  PROXY(INBOUND): 6, 4444, 4444, 192.168.56.101, 131.1.1.1, 1010
[  223.206825]   DROP(INBOUND): 6, 2222, 35108, 192.168.56.101, 10.0.2.15, 1010
[  223.206827]  PROXY(INBOUND): 6, 4444, 4444, 192.168.56.101, 131.1.1.1, 1010
[  223.206913]   DROP(INBOUND): 6, 2222, 35108, 192.168.56.101, 10.0.2.15, 1010
[  223.207795]         INBOUND: 6, 3333, 48930, 192.168.56.101, 10.0.2.15, 0010
[  223.207886]        OUTBOUND: 6, 48930, 3333, 10.0.2.15, 192.168.56.101, 0010
[  223.207891]         INBOUND: 6, 3333, 48930, 192.168.56.101, 10.0.2.15, 0010
[  223.207901]        OUTBOUND: 6, 48930, 3333, 10.0.2.15, 192.168.56.101, 0010
[  223.209676]  PROXY(INBOUND): 6, 4444, 4444, 192.168.56.101, 131.1.1.1, 1010
[  223.209680]   DROP(INBOUND): 6, 2222, 35108, 192.168.56.101, 10.0.2.15, 1010
[  223.209681]  PROXY(INBOUND): 6, 4444, 4444, 192.168.56.101, 131.1.1.1, 1010
[  223.209743]   DROP(INBOUND): 6, 2222, 35108, 192.168.56.101, 10.0.2.15, 1010
[  223.210690]         INBOUND: 6, 3333, 48930, 192.168.56.101, 10.0.2.15, 0010
[  223.210693]         INBOUND: 6, 3333, 48930, 192.168.56.101, 10.0.2.15, 0010
[  223.210796]        OUTBOUND: 6, 48930, 3333, 10.0.2.15, 192.168.56.101, 0010
[  223.210810]        OUTBOUND: 6, 48930, 3333, 10.0.2.15, 192.168.56.101, 0010
[  223.212484]   DROP(INBOUND): 6, 2222, 35108, 192.168.56.101, 10.0.2.15, 1010
[  223.212582]   DROP(INBOUND): 6, 2222, 35108, 192.168.56.101, 10.0.2.15, 1010
[  223.212717]  PROXY(INBOUND): 6, 4444, 4444, 192.168.56.101, 131.1.1.1, 1010
[  223.212847]  PROXY(INBOUND): 6, 4444, 4444, 192.168.56.101, 131.1.1.1, 1010
[  223.213646]         INBOUND: 6, 3333, 48930, 192.168.56.101, 10.0.2.15, 0010
[  223.213674]        OUTBOUND: 6, 48930, 3333, 10.0.2.15, 192.168.56.101, 0010
[  223.213787]         INBOUND: 6, 3333, 48930, 192.168.56.101, 10.0.2.15, 0010
[  223.213917]        OUTBOUND: 6, 48930, 3333, 10.0.2.15, 192.168.56.101, 0010
[  223.214532]  PROXY(INBOUND): 6, 4444, 4444, 192.168.56.101, 131.1.1.1, 1010
[  223.214664]  PROXY(INBOUND): 6, 4444, 4444, 192.168.56.101, 131.1.1.1, 1010
[  223.214669]   DROP(INBOUND): 6, 2222, 35108, 192.168.56.101, 10.0.2.15, 1010
[  223.214694]   DROP(INBOUND): 6, 2222, 35108, 192.168.56.101, 10.0.2.15, 1010
[  223.216438]         INBOUND: 6, 3333, 48930, 192.168.56.101, 10.0.2.15, 0010
[  223.216470]   DROP(INBOUND): 6, 2222, 35108, 192.168.56.101, 10.0.2.15, 1010
[  223.216486]        OUTBOUND: 6, 48930, 3333, 10.0.2.15, 192.168.56.101, 0010
[  223.216531]         INBOUND: 6, 3333, 48930, 192.168.56.101, 10.0.2.15, 0010
[  223.216557]   DROP(INBOUND): 6, 2222, 35108, 192.168.56.101, 10.0.2.15, 1010
[  223.216611]        OUTBOUND: 6, 48930, 3333, 10.0.2.15, 192.168.56.101, 0010
[  223.216769]  PROXY(INBOUND): 6, 4444, 4444, 192.168.56.101, 131.1.1.1, 1010
[  223.216865]  PROXY(INBOUND): 6, 4444, 4444, 192.168.56.101, 131.1.1.1, 1010
[  223.219491]         INBOUND: 6, 3333, 48930, 192.168.56.101, 10.0.2.15, 0010
[  223.219494]  PROXY(INBOUND): 6, 4444, 4444, 192.168.56.101, 131.1.1.1, 1010
[  223.219497]         INBOUND: 6, 3333, 48930, 192.168.56.101, 10.0.2.15, 0010
[  223.219499]  PROXY(INBOUND): 6, 4444, 4444, 192.168.56.101, 131.1.1.1, 1010
[  223.219682]        OUTBOUND: 6, 48930, 3333, 10.0.2.15, 192.168.56.101, 0010
[  223.219697]        OUTBOUND: 6, 48930, 3333, 10.0.2.15, 192.168.56.101, 0010
[  223.219709]   DROP(INBOUND): 6, 2222, 35108, 192.168.56.101, 10.0.2.15, 1010
[  223.219711]   DROP(INBOUND): 6, 2222, 35108, 192.168.56.101, 10.0.2.15, 1010
[  223.222317]         INBOUND: 6, 3333, 48930, 192.168.56.101, 10.0.2.15, 0010
[  223.222423]        OUTBOUND: 6, 48930, 3333, 10.0.2.15, 192.168.56.101, 0010
[  223.222441]         INBOUND: 6, 3333, 48930, 192.168.56.101, 10.0.2.15, 0010
[  223.222466]        OUTBOUND: 6, 48930, 3333, 10.0.2.15, 192.168.56.101, 0010
[  223.225259]  PROXY(INBOUND): 6, 4444, 4444, 192.168.56.101, 131.1.1.1, 1010
[  223.225262]   DROP(INBOUND): 6, 2222, 35108, 192.168.56.101, 10.0.2.15, 1010
[  223.225264]  PROXY(INBOUND): 6, 4444, 4444, 192.168.56.101, 131.1.1.1, 1010
[  223.225350]  PROXY(INBOUND): 6, 4444, 4444, 192.168.56.101, 131.1.1.1, 1010
[  223.225486]   DROP(INBOUND): 6, 2222, 35108, 192.168.56.101, 10.0.2.15, 1010
[  223.225490]         INBOUND: 6, 3333, 48930, 192.168.56.101, 10.0.2.15, 0010
[  223.225498]   DROP(INBOUND): 6, 2222, 35108, 192.168.56.101, 10.0.2.15, 1010
[  223.225562]        OUTBOUND: 6, 48930, 3333, 10.0.2.15, 192.168.56.101, 0010
[  223.225570]         INBOUND: 6, 3333, 48930, 192.168.56.101, 10.0.2.15, 0010
[  223.225577]        OUTBOUND: 6, 48930, 3333, 10.0.2.15, 192.168.56.101, 0010
[  223.228283]  PROXY(INBOUND): 6, 4444, 4444, 192.168.56.101, 131.1.1.1, 1010
[  223.228288]         INBOUND: 6, 3333, 48930, 192.168.56.101, 10.0.2.15, 0010
[  223.228291]  PROXY(INBOUND): 6, 4444, 4444, 192.168.56.101, 131.1.1.1, 1010
[  223.228293]         INBOUND: 6, 3333, 48930, 192.168.56.101, 10.0.2.15, 0010
[  223.228431]        OUTBOUND: 6, 48930, 3333, 10.0.2.15, 192.168.56.101, 0010
[  223.228444]        OUTBOUND: 6, 48930, 3333, 10.0.2.15, 192.168.56.101, 0010
[  223.229235]   DROP(INBOUND): 6, 2222, 35108, 192.168.56.101, 10.0.2.15, 1010
[  223.229238]   DROP(INBOUND): 6, 2222, 35108, 192.168.56.101, 10.0.2.15, 1010
[  223.230220]         INBOUND: 6, 3333, 48930, 192.168.56.101, 10.0.2.15, 0010
[  223.230224]         INBOUND: 6, 3333, 48930, 192.168.56.101, 10.0.2.15, 0010
[  223.230309]        OUTBOUND: 6, 48930, 3333, 10.0.2.15, 192.168.56.101, 0010
[  223.230322]        OUTBOUND: 6, 48930, 3333, 10.0.2.15, 192.168.56.101, 0010
[  223.231189]  PROXY(INBOUND): 6, 4444, 4444, 192.168.56.101, 131.1.1.1, 1010
[  223.231193]  PROXY(INBOUND): 6, 4444, 4444, 192.168.56.101, 131.1.1.1, 1010
[  223.232171]   DROP(INBOUND): 6, 2222, 35108, 192.168.56.101, 10.0.2.15, 1010
[  223.232174]         INBOUND: 6, 3333, 48930, 192.168.56.101, 10.0.2.15, 0010
[  223.232240]        OUTBOUND: 6, 48930, 3333, 10.0.2.15, 192.168.56.101, 0010
[  223.232259]   DROP(INBOUND): 6, 2222, 35108, 192.168.56.101, 10.0.2.15, 1010
[  223.232262]         INBOUND: 6, 3333, 48930, 192.168.56.101, 10.0.2.15, 0010
[  223.232282]        OUTBOUND: 6, 48930, 3333, 10.0.2.15, 192.168.56.101, 0010
[  223.233192]  PROXY(INBOUND): 6, 4444, 4444, 192.168.56.101, 131.1.1.1, 1010
[  223.233321]  PROXY(INBOUND): 6, 4444, 4444, 192.168.56.101, 131.1.1.1, 1010
[  223.234152]         INBOUND: 6, 3333, 48930, 192.168.56.101, 10.0.2.15, 0010
[  223.234156]         INBOUND: 6, 3333, 48930, 192.168.56.101, 10.0.2.15, 0010
[  223.234288]        OUTBOUND: 6, 48930, 3333, 10.0.2.15, 192.168.56.101, 0010
[  223.234302]        OUTBOUND: 6, 48930, 3333, 10.0.2.15, 192.168.56.101, 0010
[  223.235086]  PROXY(INBOUND): 6, 4444, 4444, 192.168.56.101, 131.1.1.1, 1010
[  223.235090]   DROP(INBOUND): 6, 2222, 35108, 192.168.56.101, 10.0.2.15, 1010
[  223.235092]  PROXY(INBOUND): 6, 4444, 4444, 192.168.56.101, 131.1.1.1, 1010
[  223.235094]   DROP(INBOUND): 6, 2222, 35108, 192.168.56.101, 10.0.2.15, 1010
[  223.236145]         INBOUND: 6, 3333, 48930, 192.168.56.101, 10.0.2.15, 0010
[  223.236155]         INBOUND: 6, 3333, 48930, 192.168.56.101, 10.0.2.15, 0010
[  223.236216]        OUTBOUND: 6, 48930, 3333, 10.0.2.15, 192.168.56.101, 0010
[  223.236229]        OUTBOUND: 6, 48930, 3333, 10.0.2.15, 192.168.56.101, 0010
[  223.238098]         INBOUND: 6, 3333, 48930, 192.168.56.101, 10.0.2.15, 0010
[  223.238103]   DROP(INBOUND): 6, 2222, 35108, 192.168.56.101, 10.0.2.15, 1010
[  223.238233]        OUTBOUND: 6, 48930, 3333, 10.0.2.15, 192.168.56.101, 0010
[  223.238369]         INBOUND: 6, 3333, 48930, 192.168.56.101, 10.0.2.15, 0010
[  223.238377]   DROP(INBOUND): 6, 2222, 35108, 192.168.56.101, 10.0.2.15, 1010
[  223.238431]        OUTBOUND: 6, 48930, 3333, 10.0.2.15, 192.168.56.101, 0010
[  223.238916]  PROXY(INBOUND): 6, 4444, 4444, 192.168.56.101, 131.1.1.1, 1010
[  223.238920]  PROXY(INBOUND): 6, 4444, 4444, 192.168.56.101, 131.1.1.1, 1010
[  223.239988]         INBOUND: 6, 3333, 48930, 192.168.56.101, 10.0.2.15, 0010
[  223.239998]   DROP(INBOUND): 6, 2222, 35108, 192.168.56.101, 10.0.2.15, 1010
[  223.240000]   DROP(INBOUND): 6, 2222, 35108, 192.168.56.101, 10.0.2.15, 1010
[  223.240002]         INBOUND: 6, 3333, 48930, 192.168.56.101, 10.0.2.15, 0010
[  223.240004]   DROP(INBOUND): 6, 2222, 35108, 192.168.56.101, 10.0.2.15, 1010
[  223.240061]        OUTBOUND: 6, 48930, 3333, 10.0.2.15, 192.168.56.101, 0010
[  223.240074]        OUTBOUND: 6, 48930, 3333, 10.0.2.15, 192.168.56.101, 0010
[  223.241965]  PROXY(INBOUND): 6, 4444, 4444, 192.168.56.101, 131.1.1.1, 1010
[  223.242804]         INBOUND: 6, 3333, 48930, 192.168.56.101, 10.0.2.15, 0010
[  223.242832]   DROP(INBOUND): 6, 2222, 35108, 192.168.56.101, 10.0.2.15, 1010
[  223.242847]        OUTBOUND: 6, 48930, 3333, 10.0.2.15, 192.168.56.101, 0010
[  223.242969]         INBOUND: 6, 3333, 48930, 192.168.56.101, 10.0.2.15, 0010
[  223.243065]        OUTBOUND: 6, 48930, 3333, 10.0.2.15, 192.168.56.101, 0010
[  223.245734]         INBOUND: 6, 3333, 48930, 192.168.56.101, 10.0.2.15, 0010
[  223.245928]        OUTBOUND: 6, 48930, 3333, 10.0.2.15, 192.168.56.101, 0010
[  223.245976]         INBOUND: 6, 3333, 48930, 192.168.56.101, 10.0.2.15, 0010
[  223.246009]        OUTBOUND: 6, 48930, 3333, 10.0.2.15, 192.168.56.101, 0010
[  223.248637]         INBOUND: 6, 3333, 48930, 192.168.56.101, 10.0.2.15, 0010
[  223.248650]         INBOUND: 6, 3333, 48930, 192.168.56.101, 10.0.2.15, 0010
[  223.248666]        OUTBOUND: 6, 48930, 3333, 10.0.2.15, 192.168.56.101, 0010
[  223.248680]        OUTBOUND: 6, 48930, 3333, 10.0.2.15, 192.168.56.101, 0010
[  223.251680]         INBOUND: 6, 3333, 48930, 192.168.56.101, 10.0.2.15, 0010
[  223.251690]         INBOUND: 6, 3333, 48930, 192.168.56.101, 10.0.2.15, 0010
[  223.251788]        OUTBOUND: 6, 48930, 3333, 10.0.2.15, 192.168.56.101, 0010
[  223.251827]        OUTBOUND: 6, 48930, 3333, 10.0.2.15, 192.168.56.101, 0010
[  223.253902]         INBOUND: 6, 3333, 48930, 192.168.56.101, 10.0.2.15, 0010
[  223.253921]         INBOUND: 6, 3333, 48930, 192.168.56.101, 10.0.2.15, 0010
[  223.253977]        OUTBOUND: 6, 48930, 3333, 10.0.2.15, 192.168.56.101, 0010
[  223.253990]        OUTBOUND: 6, 48930, 3333, 10.0.2.15, 192.168.56.101, 0010
[  223.256675]         INBOUND: 6, 3333, 48930, 192.168.56.101, 10.0.2.15, 0010
[  223.256733]        OUTBOUND: 6, 48930, 3333, 10.0.2.15, 192.168.56.101, 0010
[  223.256764]         INBOUND: 6, 3333, 48930, 192.168.56.101, 10.0.2.15, 0010
[  223.256789]        OUTBOUND: 6, 48930, 3333, 10.0.2.15, 192.168.56.101, 0010
[  223.260489]         INBOUND: 6, 3333, 48930, 192.168.56.101, 10.0.2.15, 0010
[  223.260584]         INBOUND: 6, 3333, 48930, 192.168.56.101, 10.0.2.15, 0010
[  223.260635]        OUTBOUND: 6, 48930, 3333, 10.0.2.15, 192.168.56.101, 0010
[  223.260648]        OUTBOUND: 6, 48930, 3333, 10.0.2.15, 192.168.56.101, 0010
[  223.262523]         INBOUND: 6, 3333, 48930, 192.168.56.101, 10.0.2.15, 0010
[  223.262629]         INBOUND: 6, 3333, 48930, 192.168.56.101, 10.0.2.15, 0010
[  223.262651]        OUTBOUND: 6, 48930, 3333, 10.0.2.15, 192.168.56.101, 0010
[  223.262664]        OUTBOUND: 6, 48930, 3333, 10.0.2.15, 192.168.56.101, 0010
[  223.265465]         INBOUND: 6, 3333, 48930, 192.168.56.101, 10.0.2.15, 0010
[  223.265475]         INBOUND: 6, 3333, 48930, 192.168.56.101, 10.0.2.15, 0010
[  223.265533]        OUTBOUND: 6, 48930, 3333, 10.0.2.15, 192.168.56.101, 0010
[  223.265546]        OUTBOUND: 6, 48930, 3333, 10.0.2.15, 192.168.56.101, 0010
[  223.268448]         INBOUND: 6, 3333, 48930, 192.168.56.101, 10.0.2.15, 0010
[  223.268579]        OUTBOUND: 6, 48930, 3333, 10.0.2.15, 192.168.56.101, 0010
[  223.268703]         INBOUND: 6, 3333, 48930, 192.168.56.101, 10.0.2.15, 0010
[  223.268765]        OUTBOUND: 6, 48930, 3333, 10.0.2.15, 192.168.56.101, 0010
[  223.271122]         INBOUND: 6, 3333, 48930, 192.168.56.101, 10.0.2.15, 0010
[  223.271201]        OUTBOUND: 6, 48930, 3333, 10.0.2.15, 192.168.56.101, 0010
[  223.273197]         INBOUND: 6, 3333, 48930, 192.168.56.101, 10.0.2.15, 0010
[  223.273301]        OUTBOUND: 6, 48930, 3333, 10.0.2.15, 192.168.56.101, 0010
[  223.273366]         INBOUND: 6, 3333, 48930, 192.168.56.101, 10.0.2.15, 0010
[  223.273416]        OUTBOUND: 6, 48930, 3333, 10.0.2.15, 192.168.56.101, 0010
[  223.276382]         INBOUND: 6, 3333, 48930, 192.168.56.101, 10.0.2.15, 0010
[  223.276386]         INBOUND: 6, 3333, 48930, 192.168.56.101, 10.0.2.15, 0010
[  223.276479]        OUTBOUND: 6, 48930, 3333, 10.0.2.15, 192.168.56.101, 0010
[  223.276494]        OUTBOUND: 6, 48930, 3333, 10.0.2.15, 192.168.56.101, 0010
[  223.280013]         INBOUND: 6, 3333, 48930, 192.168.56.101, 10.0.2.15, 0010
[  223.280124]         INBOUND: 6, 3333, 48930, 192.168.56.101, 10.0.2.15, 0010
[  223.280141]        OUTBOUND: 6, 48930, 3333, 10.0.2.15, 192.168.56.101, 0010
[  223.280155]        OUTBOUND: 6, 48930, 3333, 10.0.2.15, 192.168.56.101, 0010
[  223.282943]         INBOUND: 6, 3333, 48930, 192.168.56.101, 10.0.2.15, 0010
[  223.282951]         INBOUND: 6, 3333, 48930, 192.168.56.101, 10.0.2.15, 0010
[  223.282989]        OUTBOUND: 6, 48930, 3333, 10.0.2.15, 192.168.56.101, 0010
[  223.283002]        OUTBOUND: 6, 48930, 3333, 10.0.2.15, 192.168.56.101, 0010
[  223.286880]         INBOUND: 6, 3333, 48930, 192.168.56.101, 10.0.2.15, 0010
[  223.286968]        OUTBOUND: 6, 48930, 3333, 10.0.2.15, 192.168.56.101, 0010
[  223.287075]         INBOUND: 6, 3333, 48930, 192.168.56.101, 10.0.2.15, 0010
[  223.287148]        OUTBOUND: 6, 48930, 3333, 10.0.2.15, 192.168.56.101, 0010
[  223.288709]         INBOUND: 6, 3333, 48930, 192.168.56.101, 10.0.2.15, 0010
[  223.288765]        OUTBOUND: 6, 48930, 3333, 10.0.2.15, 192.168.56.101, 0010
[  223.288834]         INBOUND: 6, 3333, 48930, 192.168.56.101, 10.0.2.15, 0010
[  223.288915]        OUTBOUND: 6, 48930, 3333, 10.0.2.15, 192.168.56.101, 0010
[  223.291706]         INBOUND: 6, 3333, 48930, 192.168.56.101, 10.0.2.15, 0010
[  223.291711]         INBOUND: 6, 3333, 48930, 192.168.56.101, 10.0.2.15, 0010
[  223.291946]        OUTBOUND: 6, 48930, 3333, 10.0.2.15, 192.168.56.101, 0010
[  223.291963]        OUTBOUND: 6, 48930, 3333, 10.0.2.15, 192.168.56.101, 0010
[  223.293704]         INBOUND: 6, 3333, 48930, 192.168.56.101, 10.0.2.15, 0010
[  223.293776]        OUTBOUND: 6, 48930, 3333, 10.0.2.15, 192.168.56.101, 0010
[  223.293884]         INBOUND: 6, 3333, 48930, 192.168.56.101, 10.0.2.15, 0010
[  223.293968]        OUTBOUND: 6, 48930, 3333, 10.0.2.15, 192.168.56.101, 0010
[  223.295681]         INBOUND: 6, 3333, 48930, 192.168.56.101, 10.0.2.15, 0010
[  223.295707]        OUTBOUND: 6, 48930, 3333, 10.0.2.15, 192.168.56.101, 0010
[  223.295827]         INBOUND: 6, 3333, 48930, 192.168.56.101, 10.0.2.15, 0010
[  223.295899]        OUTBOUND: 6, 48930, 3333, 10.0.2.15, 192.168.56.101, 0010
[  223.298723]         INBOUND: 6, 3333, 48930, 192.168.56.101, 10.0.2.15, 0010
[  223.298837]        OUTBOUND: 6, 48930, 3333, 10.0.2.15, 192.168.56.101, 0010
[  223.298969]         INBOUND: 6, 3333, 48930, 192.168.56.101, 10.0.2.15, 0010
[  223.299044]        OUTBOUND: 6, 48930, 3333, 10.0.2.15, 192.168.56.101, 0010
[  223.300701]         INBOUND: 6, 3333, 48930, 192.168.56.101, 10.0.2.15, 0010
[  223.300726]        OUTBOUND: 6, 48930, 3333, 10.0.2.15, 192.168.56.101, 0010
[  223.300904]         INBOUND: 6, 3333, 48930, 192.168.56.101, 10.0.2.15, 0010
[  223.300926]        OUTBOUND: 6, 48930, 3333, 10.0.2.15, 192.168.56.101, 0010
[  223.302879]         INBOUND: 6, 3333, 48930, 192.168.56.101, 10.0.2.15, 0010
[  223.303005]        OUTBOUND: 6, 48930, 3333, 10.0.2.15, 192.168.56.101, 0010
[  223.303007]         INBOUND: 6, 3333, 48930, 192.168.56.101, 10.0.2.15, 0010
[  223.303022]        OUTBOUND: 6, 48930, 3333, 10.0.2.15, 192.168.56.101, 0010
[  223.305666]         INBOUND: 6, 3333, 48930, 192.168.56.101, 10.0.2.15, 0010
[  223.305695]         INBOUND: 6, 3333, 48930, 192.168.56.101, 10.0.2.15, 0010
[  223.305747]        OUTBOUND: 6, 48930, 3333, 10.0.2.15, 192.168.56.101, 0010
[  223.305761]        OUTBOUND: 6, 48930, 3333, 10.0.2.15, 192.168.56.101, 0010
[  223.308567]         INBOUND: 6, 3333, 48930, 192.168.56.101, 10.0.2.15, 0010
[  223.308684]         INBOUND: 6, 3333, 48930, 192.168.56.101, 10.0.2.15, 0010
[  223.308709]        OUTBOUND: 6, 48930, 3333, 10.0.2.15, 192.168.56.101, 0010
[  223.308723]        OUTBOUND: 6, 48930, 3333, 10.0.2.15, 192.168.56.101, 0010
[  223.311507]         INBOUND: 6, 3333, 48930, 192.168.56.101, 10.0.2.15, 0010
[  223.311549]        OUTBOUND: 6, 48930, 3333, 10.0.2.15, 192.168.56.101, 0010
[  223.311850]         INBOUND: 6, 3333, 48930, 192.168.56.101, 10.0.2.15, 0010
[  223.311914]        OUTBOUND: 6, 48930, 3333, 10.0.2.15, 192.168.56.101, 0010
[  223.314478]         INBOUND: 6, 3333, 48930, 192.168.56.101, 10.0.2.15, 0010
[  223.314483]         INBOUND: 6, 3333, 48930, 192.168.56.101, 10.0.2.15, 0010
[  223.314552]        OUTBOUND: 6, 48930, 3333, 10.0.2.15, 192.168.56.101, 0010
[  223.314567]        OUTBOUND: 6, 48930, 3333, 10.0.2.15, 192.168.56.101, 0010
[  223.317363]         INBOUND: 6, 3333, 48930, 192.168.56.101, 10.0.2.15, 0010
[  223.317389]        OUTBOUND: 6, 48930, 3333, 10.0.2.15, 192.168.56.101, 0010
[  223.317607]         INBOUND: 6, 3333, 48930, 192.168.56.101, 10.0.2.15, 0010
[  223.317675]        OUTBOUND: 6, 48930, 3333, 10.0.2.15, 192.168.56.101, 0010
[  223.320391]         INBOUND: 6, 3333, 48930, 192.168.56.101, 10.0.2.15, 0010
[  223.320522]        OUTBOUND: 6, 48930, 3333, 10.0.2.15, 192.168.56.101, 0010
[  223.320944]         INBOUND: 6, 3333, 48930, 192.168.56.101, 10.0.2.15, 0010
[  223.321041]        OUTBOUND: 6, 48930, 3333, 10.0.2.15, 192.168.56.101, 0010
[  223.323624]         INBOUND: 6, 3333, 48930, 192.168.56.101, 10.0.2.15, 0010
[  223.323686]        OUTBOUND: 6, 48930, 3333, 10.0.2.15, 192.168.56.101, 0010
[  223.323768]         INBOUND: 6, 3333, 48930, 192.168.56.101, 10.0.2.15, 0010
[  223.323928]        OUTBOUND: 6, 48930, 3333, 10.0.2.15, 192.168.56.101, 0010
[  223.326218]         INBOUND: 6, 3333, 48930, 192.168.56.101, 10.0.2.15, 0010
[  223.326294]        OUTBOUND: 6, 48930, 3333, 10.0.2.15, 192.168.56.101, 0010
[  223.329002]         INBOUND: 6, 3333, 48930, 192.168.56.101, 10.0.2.15, 0010
[  223.329034]         INBOUND: 6, 3333, 48930, 192.168.56.101, 10.0.2.15, 0010
[  223.329081]        OUTBOUND: 6, 48930, 3333, 10.0.2.15, 192.168.56.101, 0010
[  223.329094]        OUTBOUND: 6, 48930, 3333, 10.0.2.15, 192.168.56.101, 0010
[  223.331940]         INBOUND: 6, 3333, 48930, 192.168.56.101, 10.0.2.15, 0010
[  223.331955]         INBOUND: 6, 3333, 48930, 192.168.56.101, 10.0.2.15, 0010
[  223.332086]        OUTBOUND: 6, 48930, 3333, 10.0.2.15, 192.168.56.101, 0010
[  223.332100]        OUTBOUND: 6, 48930, 3333, 10.0.2.15, 192.168.56.101, 0010
[  223.334414]         INBOUND: 6, 3333, 48930, 192.168.56.101, 10.0.2.15, 0010
[  223.334511]        OUTBOUND: 6, 48930, 3333, 10.0.2.15, 192.168.56.101, 0010
[  223.334518]         INBOUND: 6, 3333, 48930, 192.168.56.101, 10.0.2.15, 0010
[  223.334527]        OUTBOUND: 6, 48930, 3333, 10.0.2.15, 192.168.56.101, 0010
[  223.336979]         INBOUND: 6, 3333, 48930, 192.168.56.101, 10.0.2.15, 0010
[  223.337038]         INBOUND: 6, 3333, 48930, 192.168.56.101, 10.0.2.15, 0010
[  223.337099]        OUTBOUND: 6, 48930, 3333, 10.0.2.15, 192.168.56.101, 0010
[  223.337135]        OUTBOUND: 6, 48930, 3333, 10.0.2.15, 192.168.56.101, 0010
[  223.337984]         INBOUND: 6, 3333, 48930, 192.168.56.101, 10.0.2.15, 0010
[  223.337995]         INBOUND: 6, 3333, 48930, 192.168.56.101, 10.0.2.15, 0010
[  223.338084]        OUTBOUND: 6, 48930, 3333, 10.0.2.15, 192.168.56.101, 0010
[  223.338100]        OUTBOUND: 6, 48930, 3333, 10.0.2.15, 192.168.56.101, 0010
[  223.340744]         INBOUND: 6, 3333, 48930, 192.168.56.101, 10.0.2.15, 0010
[  223.340830]        OUTBOUND: 6, 48930, 3333, 10.0.2.15, 192.168.56.101, 0010
[  223.340856]         INBOUND: 6, 3333, 48930, 192.168.56.101, 10.0.2.15, 0010
[  223.340881]        OUTBOUND: 6, 48930, 3333, 10.0.2.15, 192.168.56.101, 0010
[  223.343792]         INBOUND: 6, 3333, 48930, 192.168.56.101, 10.0.2.15, 0010
[  223.343906]         INBOUND: 6, 3333, 48930, 192.168.56.101, 10.0.2.15, 0010
[  223.343929]        OUTBOUND: 6, 48930, 3333, 10.0.2.15, 192.168.56.101, 0010
[  223.343946]        OUTBOUND: 6, 48930, 3333, 10.0.2.15, 192.168.56.101, 0010
[  223.348648]         INBOUND: 6, 3333, 48930, 192.168.56.101, 10.0.2.15, 0010
[  223.348698]        OUTBOUND: 6, 48930, 3333, 10.0.2.15, 192.168.56.101, 0010
[  223.351547]         INBOUND: 6, 3333, 48930, 192.168.56.101, 10.0.2.15, 0010
[  223.351556]         INBOUND: 6, 3333, 48930, 192.168.56.101, 10.0.2.15, 0010
[  223.351586]        OUTBOUND: 6, 48930, 3333, 10.0.2.15, 192.168.56.101, 0010
[  223.351765]         INBOUND: 6, 3333, 48930, 192.168.56.101, 10.0.2.15, 0010
[  223.351831]        OUTBOUND: 6, 48930, 3333, 10.0.2.15, 192.168.56.101, 0010
[  223.355527]         INBOUND: 6, 3333, 48930, 192.168.56.101, 10.0.2.15, 0010
[  223.355584]        OUTBOUND: 6, 48930, 3333, 10.0.2.15, 192.168.56.101, 0010
[  223.355605]         INBOUND: 6, 3333, 48930, 192.168.56.101, 10.0.2.15, 0010
[  223.355611]        OUTBOUND: 6, 48930, 3333, 10.0.2.15, 192.168.56.101, 0010
[  223.358416]         INBOUND: 6, 3333, 48930, 192.168.56.101, 10.0.2.15, 0010
[  223.358478]        OUTBOUND: 6, 48930, 3333, 10.0.2.15, 192.168.56.101, 0010
[  223.358502]         INBOUND: 6, 3333, 48930, 192.168.56.101, 10.0.2.15, 0010
[  223.358521]        OUTBOUND: 6, 48930, 3333, 10.0.2.15, 192.168.56.101, 0010
[  223.361256]         INBOUND: 6, 3333, 48930, 192.168.56.101, 10.0.2.15, 0010
[  223.361319]        OUTBOUND: 6, 48930, 3333, 10.0.2.15, 192.168.56.101, 0010
[  223.361384]         INBOUND: 6, 3333, 48930, 192.168.56.101, 10.0.2.15, 0010
[  223.361452]        OUTBOUND: 6, 48930, 3333, 10.0.2.15, 192.168.56.101, 0010
[  223.364293]         INBOUND: 6, 3333, 48930, 192.168.56.101, 10.0.2.15, 0010
[  223.364395]         INBOUND: 6, 3333, 48930, 192.168.56.101, 10.0.2.15, 0010
[  223.364413]        OUTBOUND: 6, 48930, 3333, 10.0.2.15, 192.168.56.101, 0010
[  223.364426]        OUTBOUND: 6, 48930, 3333, 10.0.2.15, 192.168.56.101, 0010
[  223.367096]         INBOUND: 6, 3333, 48930, 192.168.56.101, 10.0.2.15, 0010
[  223.367198]         INBOUND: 6, 3333, 48930, 192.168.56.101, 10.0.2.15, 0010
[  223.367234]        OUTBOUND: 6, 48930, 3333, 10.0.2.15, 192.168.56.101, 0010
[  223.367248]        OUTBOUND: 6, 48930, 3333, 10.0.2.15, 192.168.56.101, 0010
[  223.369992]         INBOUND: 6, 3333, 48930, 192.168.56.101, 10.0.2.15, 0010
[  223.370059]         INBOUND: 6, 3333, 48930, 192.168.56.101, 10.0.2.15, 0010
[  223.370061]        OUTBOUND: 6, 48930, 3333, 10.0.2.15, 192.168.56.101, 0010
[  223.370096]        OUTBOUND: 6, 48930, 3333, 10.0.2.15, 192.168.56.101, 0010
[  223.373079]         INBOUND: 6, 3333, 48930, 192.168.56.101, 10.0.2.15, 0010
[  223.373147]        OUTBOUND: 6, 48930, 3333, 10.0.2.15, 192.168.56.101, 0010
[  223.373219]         INBOUND: 6, 3333, 48930, 192.168.56.101, 10.0.2.15, 0010
[  223.373287]        OUTBOUND: 6, 48930, 3333, 10.0.2.15, 192.168.56.101, 0010
[  223.376208]         INBOUND: 6, 3333, 48930, 192.168.56.101, 10.0.2.15, 0010
[  223.376217]         INBOUND: 6, 3333, 48930, 192.168.56.101, 10.0.2.15, 0010
[  223.376312]        OUTBOUND: 6, 48930, 3333, 10.0.2.15, 192.168.56.101, 0010
[  223.376326]        OUTBOUND: 6, 48930, 3333, 10.0.2.15, 192.168.56.101, 0010
[  223.379053]         INBOUND: 6, 3333, 48930, 192.168.56.101, 10.0.2.15, 0010
[  223.379114]        OUTBOUND: 6, 48930, 3333, 10.0.2.15, 192.168.56.101, 0010
[  223.379200]         INBOUND: 6, 3333, 48930, 192.168.56.101, 10.0.2.15, 0010
[  223.379219]        OUTBOUND: 6, 48930, 3333, 10.0.2.15, 192.168.56.101, 0010
[  223.382304]         INBOUND: 6, 3333, 48930, 192.168.56.101, 10.0.2.15, 0010
[  223.382309]         INBOUND: 6, 3333, 48930, 192.168.56.101, 10.0.2.15, 0010
[  223.382348]        OUTBOUND: 6, 48930, 3333, 10.0.2.15, 192.168.56.101, 0010
[  223.382359]        OUTBOUND: 6, 48930, 3333, 10.0.2.15, 192.168.56.101, 0010
[  223.383997]         INBOUND: 6, 3333, 48930, 192.168.56.101, 10.0.2.15, 0010
[  223.384013]        OUTBOUND: 6, 48930, 3333, 10.0.2.15, 192.168.56.101, 0010
[  223.384115]         INBOUND: 6, 3333, 48930, 192.168.56.101, 10.0.2.15, 0010
[  223.384129]        OUTBOUND: 6, 48930, 3333, 10.0.2.15, 192.168.56.101, 0010
[  223.386986]         INBOUND: 6, 3333, 48930, 192.168.56.101, 10.0.2.15, 0010
[  223.386994]         INBOUND: 6, 3333, 48930, 192.168.56.101, 10.0.2.15, 0010
[  223.387017]        OUTBOUND: 6, 48930, 3333, 10.0.2.15, 192.168.56.101, 0010
[  223.387031]        OUTBOUND: 6, 48930, 3333, 10.0.2.15, 192.168.56.101, 0010
[  223.389914]         INBOUND: 6, 3333, 48930, 192.168.56.101, 10.0.2.15, 0010
[  223.389931]        OUTBOUND: 6, 48930, 3333, 10.0.2.15, 192.168.56.101, 0010
[  223.389989]         INBOUND: 6, 3333, 48930, 192.168.56.101, 10.0.2.15, 0010
[  223.390005]        OUTBOUND: 6, 48930, 3333, 10.0.2.15, 192.168.56.101, 0010
[  223.392788]         INBOUND: 6, 3333, 48930, 192.168.56.101, 10.0.2.15, 0010
[  223.392804]        OUTBOUND: 6, 48930, 3333, 10.0.2.15, 192.168.56.101, 0010
[  223.392874]         INBOUND: 6, 3333, 48930, 192.168.56.101, 10.0.2.15, 0010
[  223.392891]        OUTBOUND: 6, 48930, 3333, 10.0.2.15, 192.168.56.101, 0010
[  223.395754]         INBOUND: 6, 3333, 48930, 192.168.56.101, 10.0.2.15, 0010
[  223.395775]        OUTBOUND: 6, 48930, 3333, 10.0.2.15, 192.168.56.101, 0010
[  223.395845]         INBOUND: 6, 3333, 48930, 192.168.56.101, 10.0.2.15, 0010
[  223.395859]        OUTBOUND: 6, 48930, 3333, 10.0.2.15, 192.168.56.101, 0010
[  223.397719]         INBOUND: 6, 3333, 48930, 192.168.56.101, 10.0.2.15, 0010
[  223.397737]        OUTBOUND: 6, 48930, 3333, 10.0.2.15, 192.168.56.101, 0010
[  223.397839]         INBOUND: 6, 3333, 48930, 192.168.56.101, 10.0.2.15, 0010
[  223.397856]        OUTBOUND: 6, 48930, 3333, 10.0.2.15, 192.168.56.101, 0010
[  223.400851]         INBOUND: 6, 3333, 48930, 192.168.56.101, 10.0.2.15, 0010
[  223.400867]        OUTBOUND: 6, 48930, 3333, 10.0.2.15, 192.168.56.101, 0010
[  223.400997]         INBOUND: 6, 3333, 48930, 192.168.56.101, 10.0.2.15, 0010
[  223.401016]        OUTBOUND: 6, 48930, 3333, 10.0.2.15, 192.168.56.101, 0010
[  223.404755]         INBOUND: 6, 3333, 48930, 192.168.56.101, 10.0.2.15, 0010
[  223.404774]        OUTBOUND: 6, 48930, 3333, 10.0.2.15, 192.168.56.101, 0010
[  223.404851]         INBOUND: 6, 3333, 48930, 192.168.56.101, 10.0.2.15, 0010
[  223.404868]        OUTBOUND: 6, 48930, 3333, 10.0.2.15, 192.168.56.101, 0010
[  223.407682]         INBOUND: 6, 3333, 48930, 192.168.56.101, 10.0.2.15, 0010
[  223.407687]         INBOUND: 6, 3333, 48930, 192.168.56.101, 10.0.2.15, 0010
[  223.407708]        OUTBOUND: 6, 48930, 3333, 10.0.2.15, 192.168.56.101, 0010
[  223.407718]        OUTBOUND: 6, 48930, 3333, 10.0.2.15, 192.168.56.101, 0010
[  223.409608]         INBOUND: 6, 3333, 48930, 192.168.56.101, 10.0.2.15, 0010
[  223.409625]        OUTBOUND: 6, 48930, 3333, 10.0.2.15, 192.168.56.101, 0010
[  223.409696]         INBOUND: 6, 3333, 48930, 192.168.56.101, 10.0.2.15, 0010
[  223.409714]        OUTBOUND: 6, 48930, 3333, 10.0.2.15, 192.168.56.101, 0010
[  223.412490]         INBOUND: 6, 3333, 48930, 192.168.56.101, 10.0.2.15, 0010
[  223.412521]        OUTBOUND: 6, 48930, 3333, 10.0.2.15, 192.168.56.101, 0010
[  223.412706]         INBOUND: 6, 3333, 48930, 192.168.56.101, 10.0.2.15, 0010
[  223.412723]        OUTBOUND: 6, 48930, 3333, 10.0.2.15, 192.168.56.101, 0010
[  223.415623]         INBOUND: 6, 3333, 48930, 192.168.56.101, 10.0.2.15, 0010
[  223.415648]         INBOUND: 6, 3333, 48930, 192.168.56.101, 10.0.2.15, 0010
[  223.415683]        OUTBOUND: 6, 48930, 3333, 10.0.2.15, 192.168.56.101, 0010
[  223.415692]        OUTBOUND: 6, 48930, 3333, 10.0.2.15, 192.168.56.101, 0010
[  223.418528]         INBOUND: 6, 3333, 48930, 192.168.56.101, 10.0.2.15, 0010
[  223.418584]        OUTBOUND: 6, 48930, 3333, 10.0.2.15, 192.168.56.101, 0010
[  223.418705]         INBOUND: 6, 3333, 48930, 192.168.56.101, 10.0.2.15, 0010
[  223.418722]        OUTBOUND: 6, 48930, 3333, 10.0.2.15, 192.168.56.101, 0010
[  223.421354]         INBOUND: 6, 3333, 48930, 192.168.56.101, 10.0.2.15, 0010
[  223.421370]        OUTBOUND: 6, 48930, 3333, 10.0.2.15, 192.168.56.101, 0010
[  223.421544]         INBOUND: 6, 3333, 48930, 192.168.56.101, 10.0.2.15, 0010
[  223.421561]        OUTBOUND: 6, 48930, 3333, 10.0.2.15, 192.168.56.101, 0010
[  223.424321]         INBOUND: 6, 3333, 48930, 192.168.56.101, 10.0.2.15, 0010
[  223.424400]         INBOUND: 6, 3333, 48930, 192.168.56.101, 10.0.2.15, 0010
[  223.424447]        OUTBOUND: 6, 48930, 3333, 10.0.2.15, 192.168.56.101, 0010
[  223.424458]        OUTBOUND: 6, 48930, 3333, 10.0.2.15, 192.168.56.101, 0010
[  223.426249]         INBOUND: 6, 3333, 48930, 192.168.56.101, 10.0.2.15, 0010
[  223.426342]        OUTBOUND: 6, 48930, 3333, 10.0.2.15, 192.168.56.101, 0010
[  223.426440]         INBOUND: 6, 3333, 48930, 192.168.56.101, 10.0.2.15, 0010
[  223.426455]        OUTBOUND: 6, 48930, 3333, 10.0.2.15, 192.168.56.101, 0010
[  223.430199]         INBOUND: 6, 3333, 48930, 192.168.56.101, 10.0.2.15, 0010
[  223.430339]         INBOUND: 6, 3333, 48930, 192.168.56.101, 10.0.2.15, 0010
[  223.430390]        OUTBOUND: 6, 48930, 3333, 10.0.2.15, 192.168.56.101, 0010
[  223.430402]        OUTBOUND: 6, 48930, 3333, 10.0.2.15, 192.168.56.101, 0010
[  223.436017]         INBOUND: 6, 3333, 48930, 192.168.56.101, 10.0.2.15, 0010
[  223.436040]         INBOUND: 6, 3333, 48930, 192.168.56.101, 10.0.2.15, 0110
[  223.436136]        OUTBOUND: 6, 48930, 3333, 10.0.2.15, 192.168.56.101, 0110
[  223.436381]         INBOUND: 6, 3333, 48930, 192.168.56.101, 10.0.2.15, 0010
[  223.436393]         INBOUND: 6, 3333, 48934, 192.168.56.101, 10.0.2.15, 0010
[  223.436426]        OUTBOUND: 6, 48934, 3333, 10.0.2.15, 192.168.56.101, 0010
[  223.438920]         INBOUND: 6, 3333, 48934, 192.168.56.101, 10.0.2.15, 0010
[  223.438925]         INBOUND: 6, 3333, 48934, 192.168.56.101, 10.0.2.15, 0010
[  223.439022]        OUTBOUND: 6, 48934, 3333, 10.0.2.15, 192.168.56.101, 0010
[  223.439037]        OUTBOUND: 6, 48934, 3333, 10.0.2.15, 192.168.56.101, 0010
[  223.440082]         INBOUND: 6, 3333, 48934, 192.168.56.101, 10.0.2.15, 0010
[  223.440144]        OUTBOUND: 6, 48934, 3333, 10.0.2.15, 192.168.56.101, 0010
[  223.440219]         INBOUND: 6, 3333, 48934, 192.168.56.101, 10.0.2.15, 0010
[  223.440280]        OUTBOUND: 6, 48934, 3333, 10.0.2.15, 192.168.56.101, 0010
[  223.443026]         INBOUND: 6, 3333, 48934, 192.168.56.101, 10.0.2.15, 0010
[  223.443165]         INBOUND: 6, 3333, 48934, 192.168.56.101, 10.0.2.15, 0010
[  223.443189]        OUTBOUND: 6, 48934, 3333, 10.0.2.15, 192.168.56.101, 0010
[  223.443203]        OUTBOUND: 6, 48934, 3333, 10.0.2.15, 192.168.56.101, 0010
[  223.445920]         INBOUND: 6, 3333, 48934, 192.168.56.101, 10.0.2.15, 0010
[  223.445925]        OUTBOUND: 6, 48934, 3333, 10.0.2.15, 192.168.56.101, 0010
[  223.446008]         INBOUND: 6, 3333, 48934, 192.168.56.101, 10.0.2.15, 0010
[  223.446012]        OUTBOUND: 6, 48934, 3333, 10.0.2.15, 192.168.56.101, 0010
[  223.447798]         INBOUND: 6, 3333, 48934, 192.168.56.101, 10.0.2.15, 0010
[  223.447803]        OUTBOUND: 6, 48934, 3333, 10.0.2.15, 192.168.56.101, 0010
[  223.447969]         INBOUND: 6, 3333, 48934, 192.168.56.101, 10.0.2.15, 0010
[  223.447973]        OUTBOUND: 6, 48934, 3333, 10.0.2.15, 192.168.56.101, 0010
[  223.450838]         INBOUND: 6, 3333, 48934, 192.168.56.101, 10.0.2.15, 0010
[  223.450844]        OUTBOUND: 6, 48934, 3333, 10.0.2.15, 192.168.56.101, 0010
[  223.450941]         INBOUND: 6, 3333, 48934, 192.168.56.101, 10.0.2.15, 0010
[  223.450945]        OUTBOUND: 6, 48934, 3333, 10.0.2.15, 192.168.56.101, 0010
[  223.454641]         INBOUND: 6, 3333, 48934, 192.168.56.101, 10.0.2.15, 0010
[  223.454728]        OUTBOUND: 6, 48934, 3333, 10.0.2.15, 192.168.56.101, 0010
[  223.454775]         INBOUND: 6, 3333, 48934, 192.168.56.101, 10.0.2.15, 0010
[  223.454805]        OUTBOUND: 6, 48934, 3333, 10.0.2.15, 192.168.56.101, 0010
[  223.457706]         INBOUND: 6, 3333, 48934, 192.168.56.101, 10.0.2.15, 0010
[  223.457723]        OUTBOUND: 6, 48934, 3333, 10.0.2.15, 192.168.56.101, 0010
[  223.457873]         INBOUND: 6, 3333, 48934, 192.168.56.101, 10.0.2.15, 0010
[  223.457946]        OUTBOUND: 6, 48934, 3333, 10.0.2.15, 192.168.56.101, 0010
[  223.459822]         INBOUND: 6, 3333, 48934, 192.168.56.101, 10.0.2.15, 0010
[  223.459841]        OUTBOUND: 6, 48934, 3333, 10.0.2.15, 192.168.56.101, 0010
[  223.459894]         INBOUND: 6, 3333, 48934, 192.168.56.101, 10.0.2.15, 0010
[  223.459916]        OUTBOUND: 6, 48934, 3333, 10.0.2.15, 192.168.56.101, 0010
[  223.463599]         INBOUND: 6, 3333, 48934, 192.168.56.101, 10.0.2.15, 0010
[  223.463755]         INBOUND: 6, 3333, 48934, 192.168.56.101, 10.0.2.15, 0010
[  223.463783]        OUTBOUND: 6, 48934, 3333, 10.0.2.15, 192.168.56.101, 0010
[  223.463793]        OUTBOUND: 6, 48934, 3333, 10.0.2.15, 192.168.56.101, 0010
[  223.466551]         INBOUND: 6, 3333, 48934, 192.168.56.101, 10.0.2.15, 0010
[  223.466671]         INBOUND: 6, 3333, 48934, 192.168.56.101, 10.0.2.15, 0010
[  223.466757]        OUTBOUND: 6, 48934, 3333, 10.0.2.15, 192.168.56.101, 0010
[  223.466786]        OUTBOUND: 6, 48934, 3333, 10.0.2.15, 192.168.56.101, 0010
[  223.470477]         INBOUND: 6, 3333, 48934, 192.168.56.101, 10.0.2.15, 0010
[  223.470535]        OUTBOUND: 6, 48934, 3333, 10.0.2.15, 192.168.56.101, 0010
[  223.470641]         INBOUND: 6, 3333, 48934, 192.168.56.101, 10.0.2.15, 0010
[  223.470657]        OUTBOUND: 6, 48934, 3333, 10.0.2.15, 192.168.56.101, 0010
[  223.472288]         INBOUND: 6, 3333, 48934, 192.168.56.101, 10.0.2.15, 0010
[  223.472303]        OUTBOUND: 6, 48934, 3333, 10.0.2.15, 192.168.56.101, 0010
[  223.472839]         INBOUND: 6, 3333, 48934, 192.168.56.101, 10.0.2.15, 0010
[  223.472854]        OUTBOUND: 6, 48934, 3333, 10.0.2.15, 192.168.56.101, 0010
[  223.475234]         INBOUND: 6, 3333, 48934, 192.168.56.101, 10.0.2.15, 0010
[  223.475340]         INBOUND: 6, 3333, 48934, 192.168.56.101, 10.0.2.15, 0010
[  223.475408]        OUTBOUND: 6, 48934, 3333, 10.0.2.15, 192.168.56.101, 0010
[  223.475419]        OUTBOUND: 6, 48934, 3333, 10.0.2.15, 192.168.56.101, 0010
[  223.478084]         INBOUND: 6, 3333, 48934, 192.168.56.101, 10.0.2.15, 0010
[  223.478222]         INBOUND: 6, 3333, 48934, 192.168.56.101, 10.0.2.15, 0010
[  223.478279]        OUTBOUND: 6, 48934, 3333, 10.0.2.15, 192.168.56.101, 0010
[  223.478291]        OUTBOUND: 6, 48934, 3333, 10.0.2.15, 192.168.56.101, 0010
[  223.480161]         INBOUND: 6, 3333, 48934, 192.168.56.101, 10.0.2.15, 0010
[  223.480177]        OUTBOUND: 6, 48934, 3333, 10.0.2.15, 192.168.56.101, 0010
[  223.480316]         INBOUND: 6, 3333, 48934, 192.168.56.101, 10.0.2.15, 0010
[  223.480334]        OUTBOUND: 6, 48934, 3333, 10.0.2.15, 192.168.56.101, 0010
[  223.482398]         INBOUND: 6, 3333, 48934, 192.168.56.101, 10.0.2.15, 0010
[  223.482403]         INBOUND: 6, 3333, 48934, 192.168.56.101, 10.0.2.15, 0010
[  223.482524]        OUTBOUND: 6, 48934, 3333, 10.0.2.15, 192.168.56.101, 0010
[  223.482536]        OUTBOUND: 6, 48934, 3333, 10.0.2.15, 192.168.56.101, 0010
[  223.486142]         INBOUND: 6, 3333, 48934, 192.168.56.101, 10.0.2.15, 0010
[  223.486165]         INBOUND: 6, 3333, 48934, 192.168.56.101, 10.0.2.15, 0010
[  223.486255]        OUTBOUND: 6, 48934, 3333, 10.0.2.15, 192.168.56.101, 0010
[  223.486266]        OUTBOUND: 6, 48934, 3333, 10.0.2.15, 192.168.56.101, 0010
[  223.488951]         INBOUND: 6, 3333, 48934, 192.168.56.101, 10.0.2.15, 0010
[  223.488968]        OUTBOUND: 6, 48934, 3333, 10.0.2.15, 192.168.56.101, 0010
[  223.489068]         INBOUND: 6, 3333, 48934, 192.168.56.101, 10.0.2.15, 0010
[  223.489102]        OUTBOUND: 6, 48934, 3333, 10.0.2.15, 192.168.56.101, 0010
[  223.491953]         INBOUND: 6, 3333, 48934, 192.168.56.101, 10.0.2.15, 0010
[  223.492088]         INBOUND: 6, 3333, 48934, 192.168.56.101, 10.0.2.15, 0010
[  223.492176]        OUTBOUND: 6, 48934, 3333, 10.0.2.15, 192.168.56.101, 0010
[  223.492188]        OUTBOUND: 6, 48934, 3333, 10.0.2.15, 192.168.56.101, 0010
[  223.495818]         INBOUND: 6, 3333, 48934, 192.168.56.101, 10.0.2.15, 0010
[  223.495979]         INBOUND: 6, 3333, 48934, 192.168.56.101, 10.0.2.15, 0010
[  223.495983]        OUTBOUND: 6, 48934, 3333, 10.0.2.15, 192.168.56.101, 0010
[  223.496001]        OUTBOUND: 6, 48934, 3333, 10.0.2.15, 192.168.56.101, 0010
[  223.498804]         INBOUND: 6, 3333, 48934, 192.168.56.101, 10.0.2.15, 0010
[  223.498813]         INBOUND: 6, 3333, 48934, 192.168.56.101, 10.0.2.15, 0010
[  223.498905]        OUTBOUND: 6, 48934, 3333, 10.0.2.15, 192.168.56.101, 0010
[  223.498921]        OUTBOUND: 6, 48934, 3333, 10.0.2.15, 192.168.56.101, 0010
[  223.501993]         INBOUND: 6, 3333, 48934, 192.168.56.101, 10.0.2.15, 0010
[  223.502007]         INBOUND: 6, 3333, 48934, 192.168.56.101, 10.0.2.15, 0010
[  223.502143]        OUTBOUND: 6, 48934, 3333, 10.0.2.15, 192.168.56.101, 0010
[  223.502167]        OUTBOUND: 6, 48934, 3333, 10.0.2.15, 192.168.56.101, 0010
[  223.504856]         INBOUND: 6, 3333, 48934, 192.168.56.101, 10.0.2.15, 0010
[  223.504964]        OUTBOUND: 6, 48934, 3333, 10.0.2.15, 192.168.56.101, 0010
[  223.504991]         INBOUND: 6, 3333, 48934, 192.168.56.101, 10.0.2.15, 0010
[  223.505022]        OUTBOUND: 6, 48934, 3333, 10.0.2.15, 192.168.56.101, 0010
[  223.508732]         INBOUND: 6, 3333, 48934, 192.168.56.101, 10.0.2.15, 0010
[  223.508884]        OUTBOUND: 6, 48934, 3333, 10.0.2.15, 192.168.56.101, 0010
[  223.508911]         INBOUND: 6, 3333, 48934, 192.168.56.101, 10.0.2.15, 0010
[  223.508918]        OUTBOUND: 6, 48934, 3333, 10.0.2.15, 192.168.56.101, 0010
[  223.511676]         INBOUND: 6, 3333, 48934, 192.168.56.101, 10.0.2.15, 0010
[  223.511680]         INBOUND: 6, 3333, 48934, 192.168.56.101, 10.0.2.15, 0010
[  223.511800]        OUTBOUND: 6, 48934, 3333, 10.0.2.15, 192.168.56.101, 0010
[  223.511815]        OUTBOUND: 6, 48934, 3333, 10.0.2.15, 192.168.56.101, 0010
[  223.513622]         INBOUND: 6, 3333, 48934, 192.168.56.101, 10.0.2.15, 0010
[  223.513682]        OUTBOUND: 6, 48934, 3333, 10.0.2.15, 192.168.56.101, 0010
[  223.513851]         INBOUND: 6, 3333, 48934, 192.168.56.101, 10.0.2.15, 0010
[  223.513894]        OUTBOUND: 6, 48934, 3333, 10.0.2.15, 192.168.56.101, 0010
[  223.518493]         INBOUND: 6, 3333, 48934, 192.168.56.101, 10.0.2.15, 0010
[  223.518501]         INBOUND: 6, 3333, 48934, 192.168.56.101, 10.0.2.15, 0010
[  223.518573]        OUTBOUND: 6, 48934, 3333, 10.0.2.15, 192.168.56.101, 0010
[  223.518586]        OUTBOUND: 6, 48934, 3333, 10.0.2.15, 192.168.56.101, 0010
[  223.520296]         INBOUND: 6, 3333, 48934, 192.168.56.101, 10.0.2.15, 0010
[  223.520347]        OUTBOUND: 6, 48934, 3333, 10.0.2.15, 192.168.56.101, 0010
[  223.520433]         INBOUND: 6, 3333, 48934, 192.168.56.101, 10.0.2.15, 0010
