[    0.000000] Initializing cgroup subsys cpuset
[    0.000000] Initializing cgroup subsys cpu
[    0.000000] Initializing cgroup subsys cpuacct
[    0.000000] Linux version 4.4.0 (sysprog2020user@sysprog2020) (gcc version 5.4.0 20160609 (Ubuntu 5.4.0-6ubuntu1~16.04.12) ) #10 SMP Thu Dec 17 14:41:02 KST 2020
[    0.000000] Command line: BOOT_IMAGE=/boot/vmlinuz-4.4.0 root=UUID=50f7fe7a-aa2e-467b-a381-d1b2d3456cc5 ro quiet splash
[    0.000000] KERNEL supported cpus:
[    0.000000]   Intel GenuineIntel
[    0.000000]   AMD AuthenticAMD
[    0.000000]   Centaur CentaurHauls
[    0.000000] x86/fpu: xstate_offset[2]:  576, xstate_sizes[2]:  256
[    0.000000] x86/fpu: Supporting XSAVE feature 0x01: 'x87 floating point registers'
[    0.000000] x86/fpu: Supporting XSAVE feature 0x02: 'SSE registers'
[    0.000000] x86/fpu: Supporting XSAVE feature 0x04: 'AVX registers'
[    0.000000] x86/fpu: Enabled xstate features 0x7, context size is 832 bytes, using 'standard' format.
[    0.000000] x86/fpu: Using 'lazy' FPU context switches.
[    0.000000] e820: BIOS-provided physical RAM map:
[    0.000000] BIOS-e820: [mem 0x0000000000000000-0x000000000009fbff] usable
[    0.000000] BIOS-e820: [mem 0x000000000009fc00-0x000000000009ffff] reserved
[    0.000000] BIOS-e820: [mem 0x00000000000f0000-0x00000000000fffff] reserved
[    0.000000] BIOS-e820: [mem 0x0000000000100000-0x00000000dffeffff] usable
[    0.000000] BIOS-e820: [mem 0x00000000dfff0000-0x00000000dfffffff] ACPI data
[    0.000000] BIOS-e820: [mem 0x00000000fec00000-0x00000000fec00fff] reserved
[    0.000000] BIOS-e820: [mem 0x00000000fee00000-0x00000000fee00fff] reserved
[    0.000000] BIOS-e820: [mem 0x00000000fffc0000-0x00000000ffffffff] reserved
[    0.000000] BIOS-e820: [mem 0x0000000100000000-0x000000011fffffff] usable
[    0.000000] NX (Execute Disable) protection: active
[    0.000000] SMBIOS 2.5 present.
[    0.000000] DMI: innotek GmbH VirtualBox/VirtualBox, BIOS VirtualBox 12/01/2006
[    0.000000] Hypervisor detected: KVM
[    0.000000] e820: update [mem 0x00000000-0x00000fff] usable ==> reserved
[    0.000000] e820: remove [mem 0x000a0000-0x000fffff] usable
[    0.000000] e820: last_pfn = 0x120000 max_arch_pfn = 0x400000000
[    0.000000] MTRR default type: uncachable
[    0.000000] MTRR variable ranges disabled:
[    0.000000] x86/PAT: Configuration [0-7]: WB  WC  UC- UC  WB  WC  UC- WT  
[    0.000000] MTRR: Disabled
[    0.000000] CPU MTRRs all blank - virtualized system.
[    0.000000] e820: last_pfn = 0xdfff0 max_arch_pfn = 0x400000000
[    0.000000] found SMP MP-table at [mem 0x0009fff0-0x0009ffff] mapped at [ffff88000009fff0]
[    0.000000] Scanning 1 areas for low memory corruption
[    0.000000] Base memory trampoline at [ffff880000099000] 99000 size 24576
[    0.000000] BRK [0x024b1000, 0x024b1fff] PGTABLE
[    0.000000] BRK [0x024b2000, 0x024b2fff] PGTABLE
[    0.000000] BRK [0x024b3000, 0x024b3fff] PGTABLE
[    0.000000] BRK [0x024b4000, 0x024b4fff] PGTABLE
[    0.000000] RAMDISK: [mem 0x15236000-0x26912fff]
[    0.000000] ACPI: Early table checksum verification disabled
[    0.000000] ACPI: RSDP 0x00000000000E0000 000024 (v02 VBOX  )
[    0.000000] ACPI: XSDT 0x00000000DFFF0030 00003C (v01 VBOX   VBOXXSDT 00000001 ASL  00000061)
[    0.000000] ACPI: FACP 0x00000000DFFF00F0 0000F4 (v04 VBOX   VBOXFACP 00000001 ASL  00000061)
[    0.000000] ACPI: DSDT 0x00000000DFFF0490 002325 (v02 VBOX   VBOXBIOS 00000002 INTL 20100528)
[    0.000000] ACPI: FACS 0x00000000DFFF0200 000040
[    0.000000] ACPI: FACS 0x00000000DFFF0200 000040
[    0.000000] ACPI: APIC 0x00000000DFFF0240 00007C (v02 VBOX   VBOXAPIC 00000001 ASL  00000061)
[    0.000000] ACPI: SSDT 0x00000000DFFF02C0 0001CC (v01 VBOX   VBOXCPUT 00000002 INTL 20100528)
[    0.000000] ACPI: Local APIC address 0xfee00000
[    0.000000] No NUMA configuration found
[    0.000000] Faking a node at [mem 0x0000000000000000-0x000000011fffffff]
[    0.000000] NODE_DATA(0) allocated [mem 0x11ffda000-0x11fffbfff]
[    0.000000] kvm-clock: Using msrs 4b564d01 and 4b564d00
[    0.000000] kvm-clock: cpu 0, msr 1:1ff5a001, primary cpu clock
[    0.000000] kvm-clock: using sched offset of 6495823720 cycles
[    0.000000] clocksource: kvm-clock: mask: 0xffffffffffffffff max_cycles: 0x1cd42e4dffb, max_idle_ns: 881590591483 ns
[    0.000000] Zone ranges:
[    0.000000]   DMA      [mem 0x0000000000001000-0x0000000000ffffff]
[    0.000000]   DMA32    [mem 0x0000000001000000-0x00000000ffffffff]
[    0.000000]   Normal   [mem 0x0000000100000000-0x000000011fffffff]
[    0.000000] Movable zone start for each node
[    0.000000] Early memory node ranges
[    0.000000]   node   0: [mem 0x0000000000001000-0x000000000009efff]
[    0.000000]   node   0: [mem 0x0000000000100000-0x00000000dffeffff]
[    0.000000]   node   0: [mem 0x0000000100000000-0x000000011fffffff]
[    0.000000] Initmem setup node 0 [mem 0x0000000000001000-0x000000011fffffff]
[    0.000000] On node 0 totalpages: 1048462
[    0.000000]   DMA zone: 64 pages used for memmap
[    0.000000]   DMA zone: 21 pages reserved
[    0.000000]   DMA zone: 3998 pages, LIFO batch:0
[    0.000000]   DMA32 zone: 14272 pages used for memmap
[    0.000000]   DMA32 zone: 913392 pages, LIFO batch:31
[    0.000000]   Normal zone: 2048 pages used for memmap
[    0.000000]   Normal zone: 131072 pages, LIFO batch:31
[    0.000000] ACPI: PM-Timer IO Port: 0x4008
[    0.000000] ACPI: Local APIC address 0xfee00000
[    0.000000] IOAPIC[0]: apic_id 6, version 32, address 0xfec00000, GSI 0-23
[    0.000000] ACPI: INT_SRC_OVR (bus 0 bus_irq 0 global_irq 2 dfl dfl)
[    0.000000] ACPI: INT_SRC_OVR (bus 0 bus_irq 9 global_irq 9 low level)
[    0.000000] ACPI: IRQ0 used by override.
[    0.000000] ACPI: IRQ9 used by override.
[    0.000000] Using ACPI (MADT) for SMP configuration information
[    0.000000] smpboot: Allowing 6 CPUs, 0 hotplug CPUs
[    0.000000] PM: Registered nosave memory: [mem 0x00000000-0x00000fff]
[    0.000000] PM: Registered nosave memory: [mem 0x0009f000-0x0009ffff]
[    0.000000] PM: Registered nosave memory: [mem 0x000a0000-0x000effff]
[    0.000000] PM: Registered nosave memory: [mem 0x000f0000-0x000fffff]
[    0.000000] PM: Registered nosave memory: [mem 0xdfff0000-0xdfffffff]
[    0.000000] PM: Registered nosave memory: [mem 0xe0000000-0xfebfffff]
[    0.000000] PM: Registered nosave memory: [mem 0xfec00000-0xfec00fff]
[    0.000000] PM: Registered nosave memory: [mem 0xfec01000-0xfedfffff]
[    0.000000] PM: Registered nosave memory: [mem 0xfee00000-0xfee00fff]
[    0.000000] PM: Registered nosave memory: [mem 0xfee01000-0xfffbffff]
[    0.000000] PM: Registered nosave memory: [mem 0xfffc0000-0xffffffff]
[    0.000000] e820: [mem 0xe0000000-0xfebfffff] available for PCI devices
[    0.000000] Booting paravirtualized kernel on KVM
[    0.000000] clocksource: refined-jiffies: mask: 0xffffffff max_cycles: 0xffffffff, max_idle_ns: 7645519600211568 ns
[    0.000000] setup_percpu: NR_CPUS:8192 nr_cpumask_bits:6 nr_cpu_ids:6 nr_node_ids:1
[    0.000000] PERCPU: Embedded 33 pages/cpu @ffff88011fc00000 s96792 r8192 d30184 u262144
[    0.000000] pcpu-alloc: s96792 r8192 d30184 u262144 alloc=1*2097152
[    0.000000] pcpu-alloc: [0] 0 1 2 3 4 5 - - 
[    0.000000] PV qspinlock hash table entries: 256 (order: 0, 4096 bytes)
[    0.000000] Built 1 zonelists in Node order, mobility grouping on.  Total pages: 1032057
[    0.000000] Policy zone: Normal
[    0.000000] Kernel command line: BOOT_IMAGE=/boot/vmlinuz-4.4.0 root=UUID=50f7fe7a-aa2e-467b-a381-d1b2d3456cc5 ro quiet splash
[    0.000000] PID hash table entries: 4096 (order: 3, 32768 bytes)
[    0.000000] Calgary: detecting Calgary via BIOS EBDA area
[    0.000000] Calgary: Unable to locate Rio Grande table in EBDA - bailing!
[    0.000000] Memory: 3753700K/4193848K available (8371K kernel code, 1476K rwdata, 3856K rodata, 1844K init, 3492K bss, 440148K reserved, 0K cma-reserved)
[    0.000000] SLUB: HWalign=64, Order=0-3, MinObjects=0, CPUs=6, Nodes=1
[    0.000000] Hierarchical RCU implementation.
[    0.000000] 	Build-time adjustment of leaf fanout to 64.
[    0.000000] 	RCU restricting CPUs from NR_CPUS=8192 to nr_cpu_ids=6.
[    0.000000] RCU: Adjusting geometry for rcu_fanout_leaf=64, nr_cpu_ids=6
[    0.000000] NR_IRQS:524544 nr_irqs:472 16
[    0.000000] Console: colour VGA+ 80x25
[    0.000000] console [tty0] enabled
[    0.000000] tsc: Detected 1608.001 MHz processor
[    0.060861] Calibrating delay loop (skipped) preset value.. 3216.00 BogoMIPS (lpj=6432004)
[    0.060864] pid_max: default: 32768 minimum: 301
[    0.060868] ACPI: Core revision 20150930
[    0.062274] ACPI: 2 ACPI AML tables successfully acquired and loaded
[    0.062286] Security Framework initialized
[    0.062287] Yama: becoming mindful.
[    0.062292] AppArmor: AppArmor initialized
[    0.062930] Dentry cache hash table entries: 524288 (order: 10, 4194304 bytes)
[    0.064027] Inode-cache hash table entries: 262144 (order: 9, 2097152 bytes)
[    0.064308] Mount-cache hash table entries: 8192 (order: 4, 65536 bytes)
[    0.064312] Mountpoint-cache hash table entries: 8192 (order: 4, 65536 bytes)
[    0.064430] Initializing cgroup subsys io
[    0.064432] Initializing cgroup subsys memory
[    0.064435] Initializing cgroup subsys devices
[    0.064436] Initializing cgroup subsys freezer
[    0.064438] Initializing cgroup subsys net_cls
[    0.064439] Initializing cgroup subsys perf_event
[    0.064440] Initializing cgroup subsys net_prio
[    0.064441] Initializing cgroup subsys hugetlb
[    0.064443] Initializing cgroup subsys pids
[    0.064520] CPU: Physical Processor ID: 0
[    0.064521] CPU: Processor Core ID: 0
[    0.065593] mce: CPU supports 0 MCE banks
[    0.065617] Last level iTLB entries: 4KB 64, 2MB 8, 4MB 8
[    0.065617] Last level dTLB entries: 4KB 64, 2MB 0, 4MB 0, 1GB 4
[    0.067505] Freeing SMP alternatives memory: 28K (ffffffff8213f000 - ffffffff82146000)
[    0.076300] ftrace: allocating 31768 entries in 125 pages
[    0.117681] x2apic enabled
[    0.117879] Switched APIC routing to physical x2apic.
[    0.118883] ..TIMER: vector=0x30 apic1=0 pin1=2 apic2=-1 pin2=-1
[    0.226327] APIC calibration not consistent with PM-Timer: 101ms instead of 100ms
[    0.226329] APIC delta adjusted to PM-Timer: 6250029 (6346586)
[    0.226389] smpboot: CPU0: Intel(R) Core(TM) i7-10710U CPU @ 1.10GHz (family: 0x6, model: 0xa6, stepping: 0x0)
[    0.226419] Performance Events: unsupported p6 CPU model 166 no PMU driver, software events only.
[    0.226430] KVM setup paravirtual spinlock
[    0.227100] x86: Booting SMP configuration:
[    0.227101] .... node  #0, CPUs:      #1
[    0.227282] kvm-clock: cpu 1, msr 1:1ff5a041, secondary cpu clock
[    0.228491] mce: CPU supports 0 MCE banks
[    0.230584]  #2
[    0.230741] kvm-clock: cpu 2, msr 1:1ff5a081, secondary cpu clock
[    0.231902] mce: CPU supports 0 MCE banks
[    0.234102]  #3
[    0.234102] kvm-clock: cpu 3, msr 1:1ff5a0c1, secondary cpu clock
[    0.235413] mce: CPU supports 0 MCE banks
[    0.237730]  #4
[    0.237730] kvm-clock: cpu 4, msr 1:1ff5a101, secondary cpu clock
[    0.238873] mce: CPU supports 0 MCE banks
[    0.241202]  #5
[    0.241202] kvm-clock: cpu 5, msr 1:1ff5a141, secondary cpu clock
[    0.242410] mce: CPU supports 0 MCE banks
[    0.244450] x86: Booted up 1 node, 6 CPUs
[    0.244453] smpboot: Total of 6 processors activated (19296.01 BogoMIPS)
[    0.244880] devtmpfs: initialized
[    0.246633] evm: security.selinux
[    0.246635] evm: security.SMACK64
[    0.246635] evm: security.SMACK64EXEC
[    0.246636] evm: security.SMACK64TRANSMUTE
[    0.246637] evm: security.SMACK64MMAP
[    0.246637] evm: security.ima
[    0.246638] evm: security.capability
[    0.246785] clocksource: jiffies: mask: 0xffffffff max_cycles: 0xffffffff, max_idle_ns: 7645041785100000 ns
[    0.246935] pinctrl core: initialized pinctrl subsystem
[    0.247015] RTC time: 10:41:18, date: 12/17/20
[    0.247089] NET: Registered protocol family 16
[    0.258834] cpuidle: using governor ladder
[    0.271461] cpuidle: using governor menu
[    0.271475] PCCT header not found.
[    0.271571] ACPI: bus type PCI registered
[    0.271574] acpiphp: ACPI Hot Plug PCI Controller Driver version: 0.5
[    0.271692] PCI: Using configuration type 1 for base access
[    0.284235] ACPI: Added _OSI(Module Device)
[    0.284255] ACPI: Added _OSI(Processor Device)
[    0.284256] ACPI: Added _OSI(3.0 _SCP Extensions)
[    0.284257] ACPI: Added _OSI(Processor Aggregator Device)
[    0.284880] ACPI: Executed 1 blocks of module-level executable AML code
[    0.287423] ACPI: Interpreter enabled
[    0.287427] ACPI Exception: AE_NOT_FOUND, While evaluating Sleep State [\_S1_] (20150930/hwxface-580)
[    0.287430] ACPI Exception: AE_NOT_FOUND, While evaluating Sleep State [\_S2_] (20150930/hwxface-580)
[    0.287432] ACPI Exception: AE_NOT_FOUND, While evaluating Sleep State [\_S3_] (20150930/hwxface-580)
[    0.287434] ACPI Exception: AE_NOT_FOUND, While evaluating Sleep State [\_S4_] (20150930/hwxface-580)
[    0.287438] ACPI: (supports S0 S5)
[    0.287439] ACPI: Using IOAPIC for interrupt routing
[    0.287605] PCI: Using host bridge windows from ACPI; if necessary, use "pci=nocrs" and report a bug
[    0.291722] ACPI: PCI Root Bridge [PCI0] (domain 0000 [bus 00-ff])
[    0.291726] acpi PNP0A03:00: _OSC: OS supports [ASPM ClockPM Segments MSI]
[    0.292086] acpi PNP0A03:00: _OSC: not requesting OS control; OS requires [ExtendedConfig ASPM ClockPM MSI]
[    0.292093] acpi PNP0A03:00: fail to add MMCONFIG information, can't access extended PCI configuration space under this bridge.
[    0.292396] PCI host bridge to bus 0000:00
[    0.292399] pci_bus 0000:00: root bus resource [io  0x0000-0x0cf7 window]
[    0.292400] pci_bus 0000:00: root bus resource [io  0x0d00-0xffff window]
[    0.292402] pci_bus 0000:00: root bus resource [mem 0x000a0000-0x000bffff window]
[    0.292403] pci_bus 0000:00: root bus resource [mem 0xe0000000-0xfdffffff window]
[    0.292404] pci_bus 0000:00: root bus resource [bus 00-ff]
[    0.292436] pci 0000:00:00.0: [8086:1237] type 00 class 0x060000
[    0.292911] pci 0000:00:01.0: [8086:7000] type 00 class 0x060100
[    0.293470] pci 0000:00:01.1: [8086:7111] type 00 class 0x01018a
[    0.293745] pci 0000:00:01.1: reg 0x20: [io  0xd000-0xd00f]
[    0.293870] pci 0000:00:01.1: legacy IDE quirk: reg 0x10: [io  0x01f0-0x01f7]
[    0.293872] pci 0000:00:01.1: legacy IDE quirk: reg 0x14: [io  0x03f6]
[    0.293873] pci 0000:00:01.1: legacy IDE quirk: reg 0x18: [io  0x0170-0x0177]
[    0.293874] pci 0000:00:01.1: legacy IDE quirk: reg 0x1c: [io  0x0376]
[    0.294062] pci 0000:00:02.0: [15ad:0405] type 00 class 0x030000
[    0.295824] pci 0000:00:02.0: reg 0x10: [io  0xd010-0xd01f]
[    0.297415] pci 0000:00:02.0: reg 0x14: [mem 0xe0000000-0xe0ffffff pref]
[    0.298899] pci 0000:00:02.0: reg 0x18: [mem 0xf0000000-0xf01fffff]
[    0.307989] pci 0000:00:03.0: [8086:100e] type 00 class 0x020000
[    0.310243] pci 0000:00:03.0: reg 0x10: [mem 0xf0200000-0xf021ffff]
[    0.313142] pci 0000:00:03.0: reg 0x18: [io  0xd020-0xd027]
[    0.318636] pci 0000:00:04.0: [80ee:cafe] type 00 class 0x088000
[    0.320807] pci 0000:00:04.0: reg 0x10: [io  0xd040-0xd05f]
[    0.323386] pci 0000:00:04.0: reg 0x14: [mem 0xf0400000-0xf07fffff]
[    0.325563] pci 0000:00:04.0: reg 0x18: [mem 0xf0800000-0xf0803fff pref]
[    0.331970] pci 0000:00:05.0: [8086:2415] type 00 class 0x040100
[    0.332056] pci 0000:00:05.0: reg 0x10: [io  0xd100-0xd1ff]
[    0.332108] pci 0000:00:05.0: reg 0x14: [io  0xd200-0xd23f]
[    0.332553] pci 0000:00:06.0: [106b:003f] type 00 class 0x0c0310
[    0.334039] pci 0000:00:06.0: reg 0x10: [mem 0xf0804000-0xf0804fff]
[    0.344270] pci 0000:00:07.0: [8086:7113] type 00 class 0x068000
[    0.344590] pci 0000:00:07.0: quirk: [io  0x4000-0x403f] claimed by PIIX4 ACPI
[    0.344599] pci 0000:00:07.0: quirk: [io  0x4100-0x410f] claimed by PIIX4 SMB
[    0.344864] pci 0000:00:0d.0: [8086:2829] type 00 class 0x010601
[    0.346272] pci 0000:00:0d.0: reg 0x10: [io  0xd240-0xd247]
[    0.347581] pci 0000:00:0d.0: reg 0x14: [io  0xd248-0xd24b]
[    0.348819] pci 0000:00:0d.0: reg 0x18: [io  0xd250-0xd257]
[    0.350173] pci 0000:00:0d.0: reg 0x1c: [io  0xd258-0xd25b]
[    0.351488] pci 0000:00:0d.0: reg 0x20: [io  0xd260-0xd26f]
[    0.353444] pci 0000:00:0d.0: reg 0x24: [mem 0xf0806000-0xf0807fff]
[    0.356755] ACPI: PCI Interrupt Link [LNKA] (IRQs 5 9 10 *11)
[    0.356985] ACPI: PCI Interrupt Link [LNKB] (IRQs 5 9 *10 11)
[    0.357076] ACPI: PCI Interrupt Link [LNKC] (IRQs 5 *9 10 11)
[    0.357158] ACPI: PCI Interrupt Link [LNKD] (IRQs 5 9 10 *11)
[    0.357275] ACPI: Enabled 2 GPEs in block 00 to 07
[    0.357541] vgaarb: setting as boot device: PCI:0000:00:02.0
[    0.357543] vgaarb: device added: PCI:0000:00:02.0,decodes=io+mem,owns=io+mem,locks=none
[    0.357544] vgaarb: loaded
[    0.357545] vgaarb: bridge control possible 0000:00:02.0
[    0.357721] SCSI subsystem initialized
[    0.357848] libata version 3.00 loaded.
[    0.357893] ACPI: bus type USB registered
[    0.357908] usbcore: registered new interface driver usbfs
[    0.357913] usbcore: registered new interface driver hub
[    0.357937] usbcore: registered new device driver usb
[    0.358246] PCI: Using ACPI for IRQ routing
[    0.358247] PCI: pci_cache_line_size set to 64 bytes
[    0.358391] e820: reserve RAM buffer [mem 0x0009fc00-0x0009ffff]
[    0.358396] e820: reserve RAM buffer [mem 0xdfff0000-0xdfffffff]
[    0.358484] NetLabel: Initializing
[    0.358485] NetLabel:  domain hash size = 128
[    0.358486] NetLabel:  protocols = UNLABELED CIPSOv4
[    0.358495] NetLabel:  unlabeled traffic allowed by default
[    0.358705] clocksource: Switched to clocksource kvm-clock
[    0.363990] AppArmor: AppArmor Filesystem Enabled
[    0.364032] pnp: PnP ACPI init
[    0.364083] pnp 00:00: Plug and Play ACPI device, IDs PNP0303 (active)
[    0.364148] pnp 00:01: Plug and Play ACPI device, IDs PNP0f03 (active)
[    0.364724] pnp: PnP ACPI: found 2 devices
[    0.373454] clocksource: acpi_pm: mask: 0xffffff max_cycles: 0xffffff, max_idle_ns: 2085701024 ns
[    0.373471] pci_bus 0000:00: resource 4 [io  0x0000-0x0cf7 window]
[    0.373473] pci_bus 0000:00: resource 5 [io  0x0d00-0xffff window]
[    0.373474] pci_bus 0000:00: resource 6 [mem 0x000a0000-0x000bffff window]
[    0.373475] pci_bus 0000:00: resource 7 [mem 0xe0000000-0xfdffffff window]
[    0.373502] NET: Registered protocol family 2
[    0.373640] TCP established hash table entries: 32768 (order: 6, 262144 bytes)
[    0.373715] TCP bind hash table entries: 32768 (order: 7, 524288 bytes)
[    0.373753] TCP: Hash tables configured (established 32768 bind 32768)
[    0.373767] UDP hash table entries: 2048 (order: 4, 65536 bytes)
[    0.373776] UDP-Lite hash table entries: 2048 (order: 4, 65536 bytes)
[    0.373806] NET: Registered protocol family 1
[    0.373814] pci 0000:00:00.0: Limiting direct PCI/PCI transfers
[    0.373837] pci 0000:00:01.0: Activating ISA DMA hang workarounds
[    0.373864] pci 0000:00:02.0: Video device with shadowed ROM
[    0.374095] PCI: CLS 0 bytes, default 64
[    0.374141] Unpacking initramfs...
[    3.857512] Freeing initrd memory: 285556K (ffff880015236000 - ffff880026913000)
[    3.857603] PCI-DMA: Using software bounce buffering for IO (SWIOTLB)
[    3.857605] software IO TLB [mem 0xdbff0000-0xdfff0000] (64MB) mapped at [ffff8800dbff0000-ffff8800dffeffff]
[    3.857675] platform rtc_cmos: registered platform RTC device (no PNP device found)
[    3.857723] Scanning for low memory corruption every 60 seconds
[    3.858298] futex hash table entries: 2048 (order: 5, 131072 bytes)
[    3.858320] audit: initializing netlink subsys (disabled)
[    3.858332] audit: type=2000 audit(1608201693.044:1): initialized
[    3.858475] Initialise system trusted keyring
[    3.859006] HugeTLB registered 2 MB page size, pre-allocated 0 pages
[    3.859954] zbud: loaded
[    3.860301] VFS: Disk quotas dquot_6.6.0
[    3.860324] VFS: Dquot-cache hash table entries: 512 (order 0, 4096 bytes)
[    3.860480] squashfs: version 4.0 (2009/01/31) Phillip Lougher
[    3.860879] fuse init (API version 7.23)
[    3.861087] Key type big_key registered
[    4.864154] tsc: Refined TSC clocksource calibration: 1607.559 MHz
[    4.864157] clocksource: tsc: mask: 0xffffffffffffffff max_cycles: 0x172c09c5bdc, max_idle_ns: 440795282502 ns
[    5.368197] Key type asymmetric registered
[    5.368200] Asymmetric key parser 'x509' registered
[    5.368249] Block layer SCSI generic (bsg) driver version 0.4 loaded (major 249)
[    5.368355] io scheduler noop registered
[    5.368359] io scheduler deadline registered
[    5.368427] io scheduler cfq registered (default)
[    5.368512] pci_hotplug: PCI Hot Plug PCI Core version: 0.5
[    5.368515] pciehp: PCI Express Hot Plug Controller Driver version: 0.4
[    5.368556] intel_idle: does not run on family 6 model 166
[    5.368730] ACPI: AC Adapter [AC] (on-line)
[    5.368802] input: Power Button as /devices/LNXSYSTM:00/LNXPWRBN:00/input/input0
[    5.368804] ACPI: Power Button [PWRF]
[    5.368852] input: Sleep Button as /devices/LNXSYSTM:00/LNXSLPBN:00/input/input1
[    5.368854] ACPI: Sleep Button [SLPF]
[    5.369106] GHES: HEST is not enabled!
[    5.369287] Serial: 8250/16550 driver, 32 ports, IRQ sharing enabled
[    5.369914] ACPI: Battery Slot [BAT0] (battery present)
[    5.370109] Linux agpgart interface v0.103
[    5.372966] loop: module loaded
[    5.373084] ata_piix 0000:00:01.1: version 2.13
[    5.373683] scsi host0: ata_piix
[    5.373918] scsi host1: ata_piix
[    5.373946] ata1: PATA max UDMA/33 cmd 0x1f0 ctl 0x3f6 bmdma 0xd000 irq 14
[    5.373947] ata2: PATA max UDMA/33 cmd 0x170 ctl 0x376 bmdma 0xd008 irq 15
[    5.373999] libphy: Fixed MDIO Bus: probed
[    5.374001] tun: Universal TUN/TAP device driver, 1.6
[    5.374002] tun: (C) 1999-2004 Max Krasnyansky <maxk@qualcomm.com>
[    5.374042] PPP generic driver version 2.4.2
[    5.374116] ehci_hcd: USB 2.0 'Enhanced' Host Controller (EHCI) Driver
[    5.374142] ehci-pci: EHCI PCI platform driver
[    5.374151] ehci-platform: EHCI generic platform driver
[    5.374157] ohci_hcd: USB 1.1 'Open' Host Controller (OHCI) Driver
[    5.374160] ohci-pci: OHCI PCI platform driver
[    5.374702] ohci-pci 0000:00:06.0: OHCI PCI host controller
[    5.374707] ohci-pci 0000:00:06.0: new USB bus registered, assigned bus number 1
[    5.374783] ohci-pci 0000:00:06.0: irq 22, io mem 0xf0804000
[    5.914205] usb usb1: New USB device found, idVendor=1d6b, idProduct=0001
[    5.914208] usb usb1: New USB device strings: Mfr=3, Product=2, SerialNumber=1
[    5.914209] usb usb1: Product: OHCI PCI host controller
[    5.914210] usb usb1: Manufacturer: Linux 4.4.0 ohci_hcd
[    5.914211] usb usb1: SerialNumber: 0000:00:06.0
[    5.914294] hub 1-0:1.0: USB hub found
[    5.914302] hub 1-0:1.0: 12 ports detected
[    5.914558] ohci-platform: OHCI generic platform driver
[    5.914569] uhci_hcd: USB Universal Host Controller Interface driver
[    5.914622] i8042: PNP: PS/2 Controller [PNP0303:PS2K,PNP0f03:PS2M] at 0x60,0x64 irq 1,12
[    5.915158] serio: i8042 KBD port at 0x60,0x64 irq 1
[    5.915161] serio: i8042 AUX port at 0x60,0x64 irq 12
[    5.915207] mousedev: PS/2 mouse device common for all mice
[    5.915429] rtc_cmos rtc_cmos: rtc core: registered rtc_cmos as rtc0
[    5.915474] rtc_cmos rtc_cmos: alarms up to one day, 114 bytes nvram
[    5.915480] i2c /dev entries driver
[    5.915516] device-mapper: uevent: version 1.0.3
[    5.915559] device-mapper: ioctl: 4.34.0-ioctl (2015-10-28) initialised: dm-devel@redhat.com
[    5.915571] ledtrig-cpu: registered to indicate activity on CPUs
[    5.916556] NET: Registered protocol family 10
[    5.916821] NET: Registered protocol family 17
[    5.916829] Key type dns_resolver registered
[    5.917005] microcode: CPU0 sig=0xa0660, pf=0x8, revision=0x0
[    5.917011] microcode: CPU1 sig=0xa0660, pf=0x8, revision=0x0
[    5.917074] microcode: CPU2 sig=0xa0660, pf=0x8, revision=0x0
[    5.917129] microcode: CPU3 sig=0xa0660, pf=0x8, revision=0x0
[    5.926693] microcode: CPU4 sig=0xa0660, pf=0x8, revision=0x0
[    5.926729] ata2.00: ATAPI: VBOX CD-ROM, 1.0, max UDMA/133
[    5.926813] microcode: CPU5 sig=0xa0660, pf=0x8, revision=0x0
[    5.926876] input: AT Translated Set 2 keyboard as /devices/platform/i8042/serio0/input/input2
[    5.926964] microcode: Microcode Update Driver: v2.01 <tigran@aivazian.fsnet.co.uk>, Peter Oruba
[    5.927098] ata2.00: configured for UDMA/33
[    5.927151] registered taskstats version 1
[    5.927162] Loading compiled-in X.509 certificates
[    5.927739] Loaded X.509 cert 'Build time autogenerated kernel key: 3e67ad3e11e97d8f6b9a6e63f191183bc29faee9'
[    5.927759] zswap: loaded using pool lzo/zbud
[    5.927842] scsi 1:0:0:0: CD-ROM            VBOX     CD-ROM           1.0  PQ: 0 ANSI: 5
[    5.929959] Key type trusted registered
[    5.934043] Key type encrypted registered
[    5.934048] AppArmor: AppArmor sha1 policy hashing enabled
[    5.934051] ima: No TPM chip found, activating TPM-bypass!
[    5.934068] evm: HMAC attrs: 0x1
[    5.934524]   Magic number: 0:507:679
[    5.934744] rtc_cmos rtc_cmos: setting system clock to 2020-12-17 10:41:24 UTC (1608201684)
[    5.934999] BIOS EDD facility v0.16 2004-Jun-25, 0 devices found
[    5.935000] EDD information not available.
[    5.935039] PM: Hibernation image not present or could not be loaded.
[    5.939783] sr 1:0:0:0: [sr0] scsi3-mmc drive: 32x/32x xa/form2 tray
[    5.939786] cdrom: Uniform CD-ROM driver Revision: 3.20
[    5.940001] sr 1:0:0:0: Attached scsi CD-ROM sr0
[    5.940193] sr 1:0:0:0: Attached scsi generic sg0 type 5
[    5.941794] Freeing unused kernel memory: 1844K (ffffffff81f72000 - ffffffff8213f000)
[    5.941796] Write protecting the kernel read-only data: 14336k
[    5.942676] Freeing unused kernel memory: 1856K (ffff880001830000 - ffff880001a00000)
[    5.943279] Freeing unused kernel memory: 240K (ffff880001dc4000 - ffff880001e00000)
[    5.948497] x86/mm: Checked W+X mappings: passed, no W+X pages found.
[    5.958806] random: systemd-udevd urandom read with 2 bits of entropy available
[    5.986513] ACPI: Video Device [GFX0] (multi-head: yes  rom: no  post: no)
[    5.986640] input: Video Bus as /devices/LNXSYSTM:00/LNXSYBUS:00/PNP0A03:00/LNXVIDEO:00/input/input5
[    5.988578] FUJITSU Extended Socket Network Device Driver - version 1.0 - Copyright (c) 2015 FUJITSU LIMITED
[    6.004545] ahci 0000:00:0d.0: version 3.0
[    6.004632] ahci 0000:00:0d.0: SSS flag set, parallel bus scan disabled
[    6.004796] ahci 0000:00:0d.0: AHCI 0001.0100 32 slots 2 ports 3 Gbps 0x3 impl SATA mode
[    6.004799] ahci 0000:00:0d.0: flags: 64bit ncq stag only ccc 
[    6.006136] e1000: Intel(R) PRO/1000 Network Driver - version 7.3.21-k8-NAPI
[    6.006138] e1000: Copyright (c) 1999-2006 Intel Corporation.
[    6.006989] scsi host2: ahci
[    6.007427] scsi host3: ahci
[    6.007514] ata3: SATA max UDMA/133 abar m8192@0xf0806000 port 0xf0806100 irq 21
[    6.007518] ata4: SATA max UDMA/133 abar m8192@0xf0806000 port 0xf0806180 irq 21
[    6.041511] [drm] Initialized drm 1.1.0 20060810
[    6.208182] input: ImExPS/2 Generic Explorer Mouse as /devices/platform/i8042/serio1/input/input6
[    6.318829] usb 1-1: new full-speed USB device number 2 using ohci-pci
[    6.335678] ata3: SATA link up 3.0 Gbps (SStatus 123 SControl 300)
[    6.335864] ata3.00: ATA-6: VBOX HARDDISK, 1.0, max UDMA/133
[    6.335866] ata3.00: 104857600 sectors, multi 128: LBA48 NCQ (depth 31/32)
[    6.336017] ata3.00: configured for UDMA/133
[    6.336316] scsi 2:0:0:0: Direct-Access     ATA      VBOX HARDDISK    1.0  PQ: 0 ANSI: 5
[    6.336504] sd 2:0:0:0: [sda] 104857600 512-byte logical blocks: (53.6 GB/50.0 GiB)
[    6.336569] sd 2:0:0:0: [sda] Write Protect is off
[    6.336571] sd 2:0:0:0: [sda] Mode Sense: 00 3a 00 00
[    6.336578] sd 2:0:0:0: [sda] Write cache: enabled, read cache: enabled, doesn't support DPO or FUA
[    6.336704] sd 2:0:0:0: Attached scsi generic sg1 type 0
[    6.345544]  sda: sda1 sda2 < sda5 >
[    6.346102] sd 2:0:0:0: [sda] Attached SCSI disk
[    6.371427] e1000 0000:00:03.0 eth0: (PCI:33MHz:32-bit) 08:00:27:5d:54:a1
[    6.371431] e1000 0000:00:03.0 eth0: Intel(R) PRO/1000 Network Connection
[    6.371921] e1000 0000:00:03.0 enp0s3: renamed from eth0
[    6.372645] [drm] DMA map mode: Using physical TTM page addresses.
[    6.372677] [drm] Capabilities:
[    6.372678] [drm]   Cursor.
[    6.372679] [drm]   Cursor bypass 2.
[    6.372680] [drm]   Alpha cursor.
[    6.372680] [drm]   3D.
[    6.372681] [drm]   Extended Fifo.
[    6.372681] [drm]   Pitchlock.
[    6.372682] [drm]   Irq mask.
[    6.372682] [drm]   GMR.
[    6.372683] [drm]   Traces.
[    6.372683] [drm]   GMR2.
[    6.372684] [drm]   Screen Object 2.
[    6.372685] [drm] Max GMR ids is 8192
[    6.372685] [drm] Max number of GMR pages is 1048576
[    6.372686] [drm] Max dedicated hypervisor surface memory is 507904 kiB
[    6.372687] [drm] Maximum display memory size is 16384 kiB
[    6.372688] [drm] VRAM at 0xe0000000 size is 16384 kiB
[    6.372688] [drm] MMIO at 0xf0000000 size is 2048 kiB
[    6.372690] [drm] global init.
[    6.372849] [TTM] Zone  kernel: Available graphics memory: 2021612 kiB
[    6.372850] [TTM] Initializing pool allocator
[    6.372853] [TTM] Initializing DMA pool allocator
[    6.372913] [drm] Supports vblank timestamp caching Rev 2 (21.10.2013).
[    6.372914] [drm] No driver support for vblank timestamp query.
[    6.373730] [drm] Screen Objects Display Unit initialized
[    6.373767] [drm] width 720
[    6.373775] [drm] height 400
[    6.373782] [drm] bpp 32
[    6.373919] [drm] Fifo max 0x00200000 min 0x00001000 cap 0x00000355
[    6.373925] [drm] DX: no.
[    6.375369] fbcon: svgadrmfb (fb0) is primary device
[    6.393770] Console: switching to colour frame buffer device 100x37
[    6.394600] [drm] Initialized vmwgfx 2.9.0 20150810 for 0000:00:02.0 on minor 0
[    6.863745] ata4: SATA link up 3.0 Gbps (SStatus 123 SControl 300)
[    6.863884] ata4.00: ATA-6: VBOX HARDDISK, 1.0, max UDMA/133
[    6.863886] ata4.00: 20971520 sectors, multi 128: LBA48 NCQ (depth 31/32)
[    6.864138] ata4.00: configured for UDMA/133
[    6.864481] scsi 3:0:0:0: Direct-Access     ATA      VBOX HARDDISK    1.0  PQ: 0 ANSI: 5
[    6.864599] sd 3:0:0:0: [sdb] 20971520 512-byte logical blocks: (10.7 GB/10.0 GiB)
[    6.864614] sd 3:0:0:0: [sdb] Write Protect is off
[    6.864615] sd 3:0:0:0: [sdb] Mode Sense: 00 3a 00 00
[    6.864621] sd 3:0:0:0: [sdb] Write cache: enabled, read cache: enabled, doesn't support DPO or FUA
[    6.864732] sd 3:0:0:0: Attached scsi generic sg2 type 0
[    6.872588]  sdb: sdb1 sdb2
[    6.872832] sd 3:0:0:0: [sdb] Attached SCSI disk
[    6.913325] usb 1-1: New USB device found, idVendor=80ee, idProduct=0021
[    6.913328] usb 1-1: New USB device strings: Mfr=1, Product=3, SerialNumber=0
[    6.913329] usb 1-1: Product: USB Tablet
[    6.913330] usb 1-1: Manufacturer: VirtualBox
[    6.925744] hidraw: raw HID events driver (C) Jiri Kosina
[    6.942134] usbcore: registered new interface driver usbhid
[    6.942136] usbhid: USB HID core driver
[    6.948107] input: VirtualBox USB Tablet as /devices/pci0000:00/0000:00:06.0/usb1/1-1/1-1:1.0/0003:80EE:0021.0001/input/input7
[    6.948568] hid-generic 0003:80EE:0021.0001: input,hidraw0: USB HID v1.10 Mouse [VirtualBox USB Tablet] on usb-0000:00:06.0-1/input0
[    9.015705] floppy0: no floppy controllers found
[    9.015762] work still pending
[    9.138976] EXT4-fs (sda1): mounted filesystem with ordered data mode. Opts: (null)
[    9.263280] systemd[1]: systemd 229 running in system mode. (+PAM +AUDIT +SELINUX +IMA +APPARMOR +SMACK +SYSVINIT +UTMP +LIBCRYPTSETUP +GCRYPT +GNUTLS +ACL +XZ -LZ4 +SECCOMP +BLKID +ELFUTILS +KMOD -IDN)
[    9.263310] systemd[1]: Detected virtualization oracle.
[    9.263314] systemd[1]: Detected architecture x86-64.
[    9.263534] systemd[1]: Set hostname to <sysprog2020>.
[    9.994333] systemd[1]: Reached target Remote File Systems (Pre).
[    9.994370] systemd[1]: Reached target Encrypted Volumes.
[    9.994374] systemd[1]: Reached target User and Group Name Lookups.
[    9.994396] systemd[1]: Listening on /dev/initctl Compatibility Named Pipe.
[    9.994446] systemd[1]: Created slice User and Session Slice.
[    9.994490] systemd[1]: Listening on Journal Audit Socket.
[    9.994508] systemd[1]: Listening on Journal Socket (/dev/log).
[    9.994530] systemd[1]: Started Trigger resolvconf update for networkd DNS.
[    9.994548] systemd[1]: Started Forward Password Requests to Wall Directory Watch.
[    9.994559] systemd[1]: Listening on Syslog Socket.
[    9.994564] systemd[1]: Reached target Remote File Systems.
[    9.994579] systemd[1]: Listening on Journal Socket.
[    9.994652] systemd[1]: Set up automount Arbitrary Executable File Formats File System Automount Point.
[    9.994666] systemd[1]: Listening on fsck to fsckd communication Socket.
[    9.994743] systemd[1]: Listening on udev Control Socket.
[    9.994786] systemd[1]: Created slice System Slice.
[   10.573902] systemd[1]: Mounting POSIX Message Queue File System...
[   10.573942] systemd[1]: Reached target Slices.
[   10.574298] systemd[1]: Starting Remount Root and Kernel File Systems...
[   10.584809] systemd[1]: Starting Load Kernel Modules...
[   10.585320] systemd[1]: Starting Journal Service...
[   10.585904] systemd[1]: Starting Create list of required static device nodes for the current kernel...
[   10.586389] systemd[1]: Starting Set console keymap...
[   10.586768] systemd[1]: Started Braille Device Support.
[   10.588485] systemd[1]: Mounting Huge Pages File System...
[   10.589051] systemd[1]: Starting Uncomplicated firewall...
[   10.589096] systemd[1]: Listening on udev Kernel Socket.
[   10.589636] systemd[1]: Mounting Debug File System...
[   10.592517] systemd[1]: Started Uncomplicated firewall.
[   10.594121] systemd[1]: Started Create list of required static device nodes for the current kernel.
[   10.594597] systemd[1]: Starting Create Static Device Nodes in /dev...
[   10.665636] lp: driver loaded but no devices found
[   10.675029] systemd[1]: Started Journal Service.
[   10.710673] random: nonblocking pool is initialized
[   10.742450] ppdev: user-space parallel port driver
[   10.757699] EXT4-fs (sda1): re-mounted. Opts: errors=remount-ro
[   10.788780] systemd-journald[272]: Received request to flush runtime journal from PID 1
[   10.957585] piix4_smbus 0000:00:07.0: SMBus Host Controller at 0x4100, revision 0
[   11.147072] AVX2 version of gcm_enc/dec engaged.
[   11.147075] AES CTR mode by8 optimization enabled
[   11.263763] snd_intel8x0 0000:00:05.0: disable (unknown or VT-d) VM optimization
[   11.306985] audit: type=1400 audit(1608201689.872:2): apparmor="STATUS" operation="profile_load" name="/usr/lib/snapd/snap-confine" pid=659 comm="apparmor_parser"
[   11.306993] audit: type=1400 audit(1608201689.872:3): apparmor="STATUS" operation="profile_load" name="mount-namespace-capture-helper" pid=659 comm="apparmor_parser"
[   11.308317] audit: type=1400 audit(1608201689.872:4): apparmor="STATUS" operation="profile_load" name="/sbin/dhclient" pid=655 comm="apparmor_parser"
[   11.308323] audit: type=1400 audit(1608201689.872:5): apparmor="STATUS" operation="profile_load" name="/usr/lib/NetworkManager/nm-dhcp-client.action" pid=655 comm="apparmor_parser"
[   11.308327] audit: type=1400 audit(1608201689.872:6): apparmor="STATUS" operation="profile_load" name="/usr/lib/NetworkManager/nm-dhcp-helper" pid=655 comm="apparmor_parser"
[   11.308331] audit: type=1400 audit(1608201689.872:7): apparmor="STATUS" operation="profile_load" name="/usr/lib/connman/scripts/dhclient-script" pid=655 comm="apparmor_parser"
[   11.308596] audit: type=1400 audit(1608201689.872:8): apparmor="STATUS" operation="profile_load" name="/usr/sbin/cups-browsed" pid=660 comm="apparmor_parser"
[   11.310873] audit: type=1400 audit(1608201689.872:9): apparmor="STATUS" operation="profile_load" name="/usr/sbin/ippusbxd" pid=663 comm="apparmor_parser"
[   11.311530] audit: type=1400 audit(1608201689.876:10): apparmor="STATUS" operation="profile_load" name="/usr/lib/lightdm/lightdm-guest-session" pid=654 comm="apparmor_parser"
[   11.311536] audit: type=1400 audit(1608201689.876:11): apparmor="STATUS" operation="profile_load" name="chromium" pid=654 comm="apparmor_parser"
[   12.144207] snd_intel8x0 0000:00:05.0: white list rate for 1028:0177 is 48000
[   12.240100] Adding 998396k swap on /dev/sda5.  Priority:-1 extents:1 across:998396k FS
[   12.629829] IPv6: ADDRCONF(NETDEV_UP): enp0s3: link is not ready
[   12.631999] IPv6: ADDRCONF(NETDEV_UP): enp0s3: link is not ready
[   12.635742] e1000: enp0s3 NIC Link is Up 1000 Mbps Full Duplex, Flow Control: RX
[   12.636185] IPv6: ADDRCONF(NETDEV_CHANGE): enp0s3: link becomes ready
[   13.942887] floppy0: no floppy controllers found
[  412.060656] spa3: module verification failed: signature and/or required key missing - tainting kernel
[  412.062923] spa3: init successful.
[  533.142376] spa3: Opening file...
[  535.492793] spa3: Opening file...
[  535.493332] spa3: Opening file...
[  535.493752] spa3: Opening file...
[  535.493754] spa3: Finished reading rules.
[  947.415930] spa3: Exiting...
[  950.149571] ------------[ cut here ]------------
[  950.149577] WARNING: CPU: 1 PID: 2793 at fs/proc/generic.c:345 proc_register+0xe8/0x110()
[  950.149578] proc_dir_entry '/proc/group32' already registered
[  950.149579] Modules linked in: spa3(OE+) snd_intel8x0 snd_ac97_codec ac97_bus snd_pcm snd_seq_midi snd_seq_midi_event crct10dif_pclmul snd_rawmidi crc32_pclmul joydev aesni_intel aes_x86_64 snd_seq snd_seq_device snd_timer snd lrw glue_helper ablk_helper i2c_piix4 input_leds soundcore mac_hid cryptd serio_raw parport_pc ppdev lp parport autofs4 hid_generic usbhid hid vmwgfx ttm drm_kms_helper syscopyarea sysfillrect sysimgblt fb_sys_fops drm e1000 ahci psmouse libahci fjes pata_acpi video [last unloaded: spa3]
[  950.149621] CPU: 1 PID: 2793 Comm: insmod Tainted: G           OE   4.4.0 #10
[  950.149622] Hardware name: innotek GmbH VirtualBox/VirtualBox, BIOS VirtualBox 12/01/2006
[  950.149623]  0000000000000000 00000000a8b74890 ffff8800b4603b78 ffffffff813d7ad4
[  950.149642]  ffff8800b4603bc0 ffff8800b4603bb0 ffffffff8107eb22 ffff8800d1a8c040
[  950.149643]  ffffffff81ea33a0 ffff8800d1b7ef85 ffffffff81ea33d8 ffff8800d1b7ef00
[  950.149645] Call Trace:
[  950.149648]  [<ffffffff813d7ad4>] dump_stack+0x44/0x60
[  950.149651]  [<ffffffff8107eb22>] warn_slowpath_common+0x82/0xc0
[  950.149652]  [<ffffffff8107ebbc>] warn_slowpath_fmt+0x5c/0x80
[  950.149654]  [<ffffffff812740a5>] ? proc_alloc_inum+0x55/0xe0
[  950.149655]  [<ffffffff81274268>] proc_register+0xe8/0x110
[  950.149657]  [<ffffffffc0020000>] ? 0xffffffffc0020000
[  950.149658]  [<ffffffff812743a6>] proc_mkdir_data+0x66/0x90
[  950.149660]  [<ffffffff81274405>] proc_mkdir+0x15/0x20
[  950.149661]  [<ffffffffc002008a>] spa3_proc_init+0x8a/0x103 [spa3]
[  950.149663]  [<ffffffff81002123>] do_one_initcall+0xb3/0x200
[  950.149672]  [<ffffffff811c4581>] ? __vunmap+0x91/0xe0
[  950.149674]  [<ffffffff811e1608>] ? kmem_cache_alloc_trace+0x38/0x130
[  950.149676]  [<ffffffff811835b5>] do_init_module+0x5f/0x1dd
[  950.149678]  [<ffffffff81105a17>] load_module+0x1f17/0x2530
[  950.149680]  [<ffffffff81102280>] ? __symbol_put+0x60/0x60
[  950.149682]  [<ffffffff81207610>] ? kernel_read+0x50/0x80
[  950.149684]  [<ffffffff81106279>] SyS_finit_module+0xb9/0xf0
[  950.149687]  [<ffffffff81828332>] entry_SYSCALL_64_fastpath+0x16/0x71
[  950.149688] ---[ end trace 68be6151962727fe ]---
[  950.149691] spa3: init successful.
[  960.894904]        OUTBOUND: 6, 49724, 1111, 10.0.2.15, 192.168.56.101, 1000
[  960.894933]  DROP(OUTBOUND): 6, 44008, 2222, 10.0.2.15, 192.168.56.101, 1000
[  960.894941]        OUTBOUND: 6, 53574, 3333, 10.0.2.15, 192.168.56.101, 1000
[  960.894955]        OUTBOUND: 6, 38226, 4444, 10.0.2.15, 192.168.56.101, 1000
[  960.894969]        OUTBOUND: 6, 53578, 3333, 10.0.2.15, 192.168.56.101, 1000
[  960.894982]        OUTBOUND: 6, 60172, 5555, 10.0.2.15, 192.168.56.101, 1000
[  960.895744]         INBOUND: 6, 3333, 53578, 192.168.56.101, 10.0.2.15, 1010
[  960.895757]        OUTBOUND: 6, 53578, 3333, 10.0.2.15, 192.168.56.101, 0010
[  960.895770]  PROXY(INBOUND): 6, 4444, 38226, 192.168.56.101, 131.1.1.1, 1010
[  960.895773]         INBOUND: 6, 3333, 53574, 192.168.56.101, 10.0.2.15, 1010
[  960.895777]        OUTBOUND: 6, 53574, 3333, 10.0.2.15, 192.168.56.101, 0010
[  960.895785]   DROP(INBOUND): 6, 1111, 49724, 192.168.56.101, 10.0.2.15, 1010
[  960.896321]   DROP(INBOUND): 6, 1111, 49724, 192.168.56.101, 10.0.2.15, 1010
[  960.896888]  PROXY(INBOUND): 6, 4444, 38226, 192.168.56.101, 131.1.1.1, 1010
[  960.897984]   DROP(INBOUND): 6, 1111, 49724, 192.168.56.101, 10.0.2.15, 1010
[  960.898277]   DROP(INBOUND): 6, 1111, 49724, 192.168.56.101, 10.0.2.15, 1010
[  960.898582]         INBOUND: 6, 3333, 53574, 192.168.56.101, 10.0.2.15, 0010
[  960.898621]        OUTBOUND: 6, 53574, 3333, 10.0.2.15, 192.168.56.101, 0010
[  960.899527]  PROXY(INBOUND): 6, 4444, 38226, 192.168.56.101, 131.1.1.1, 1010
[  960.899761]  PROXY(INBOUND): 6, 4444, 38226, 192.168.56.101, 131.1.1.1, 1010
[  960.900531]         INBOUND: 6, 3333, 53574, 192.168.56.101, 10.0.2.15, 0010
[  960.900573]        OUTBOUND: 6, 53574, 3333, 10.0.2.15, 192.168.56.101, 0010
[  960.900761]         INBOUND: 6, 3333, 53574, 192.168.56.101, 10.0.2.15, 0010
[  960.900777]        OUTBOUND: 6, 53574, 3333, 10.0.2.15, 192.168.56.101, 0010
[  960.900877]   DROP(INBOUND): 6, 1111, 49724, 192.168.56.101, 10.0.2.15, 1010
[  960.901031]   DROP(INBOUND): 6, 1111, 49724, 192.168.56.101, 10.0.2.15, 1010
[  960.901268]  PROXY(INBOUND): 6, 4444, 38226, 192.168.56.101, 131.1.1.1, 1010
[  960.901530]  PROXY(INBOUND): 6, 4444, 38226, 192.168.56.101, 131.1.1.1, 1010
[  960.902670]   DROP(INBOUND): 6, 1111, 49724, 192.168.56.101, 10.0.2.15, 1010
[  960.902849]   DROP(INBOUND): 6, 1111, 49724, 192.168.56.101, 10.0.2.15, 1010
[  960.903398]         INBOUND: 6, 3333, 53574, 192.168.56.101, 10.0.2.15, 0010
[  960.903431]        OUTBOUND: 6, 53574, 3333, 10.0.2.15, 192.168.56.101, 0010
[  960.903526]         INBOUND: 6, 3333, 53574, 192.168.56.101, 10.0.2.15, 0010
[  960.903542]        OUTBOUND: 6, 53574, 3333, 10.0.2.15, 192.168.56.101, 0010
[  960.904524]  PROXY(INBOUND): 6, 4444, 38226, 192.168.56.101, 131.1.1.1, 1010
[  960.904529]  PROXY(INBOUND): 6, 4444, 38226, 192.168.56.101, 131.1.1.1, 1010
[  960.905564]   DROP(INBOUND): 6, 1111, 49724, 192.168.56.101, 10.0.2.15, 1010
[  960.905567]   DROP(INBOUND): 6, 1111, 49724, 192.168.56.101, 10.0.2.15, 1010
[  960.906531]         INBOUND: 6, 3333, 53574, 192.168.56.101, 10.0.2.15, 0010
[  960.906547]        OUTBOUND: 6, 53574, 3333, 10.0.2.15, 192.168.56.101, 0010
[  960.909348]  PROXY(INBOUND): 6, 4444, 38226, 192.168.56.101, 131.1.1.1, 1010
[  960.909359]         INBOUND: 6, 3333, 53574, 192.168.56.101, 10.0.2.15, 0010
[  960.909371]   DROP(INBOUND): 6, 1111, 49724, 192.168.56.101, 10.0.2.15, 1010
[  960.909419]        OUTBOUND: 6, 53574, 3333, 10.0.2.15, 192.168.56.101, 0010
[  960.909485]         INBOUND: 6, 3333, 53574, 192.168.56.101, 10.0.2.15, 0010
[  960.909524]        OUTBOUND: 6, 53574, 3333, 10.0.2.15, 192.168.56.101, 0010
[  960.909547]         INBOUND: 6, 3333, 53574, 192.168.56.101, 10.0.2.15, 0010
[  960.909558]        OUTBOUND: 6, 53574, 3333, 10.0.2.15, 192.168.56.101, 0010
[  960.911216]  PROXY(INBOUND): 6, 4444, 38226, 192.168.56.101, 131.1.1.1, 1010
[  960.911353]  PROXY(INBOUND): 6, 4444, 38226, 192.168.56.101, 131.1.1.1, 1010
[  960.912206]   DROP(INBOUND): 6, 1111, 49724, 192.168.56.101, 10.0.2.15, 1010
[  960.912210]         INBOUND: 6, 3333, 53574, 192.168.56.101, 10.0.2.15, 0010
[  960.912232]        OUTBOUND: 6, 53574, 3333, 10.0.2.15, 192.168.56.101, 0010
[  960.912283]   DROP(INBOUND): 6, 1111, 49724, 192.168.56.101, 10.0.2.15, 1010
[  960.912285]         INBOUND: 6, 3333, 53574, 192.168.56.101, 10.0.2.15, 0010
[  960.912299]        OUTBOUND: 6, 53574, 3333, 10.0.2.15, 192.168.56.101, 0010
[  960.914164]  PROXY(INBOUND): 6, 4444, 38226, 192.168.56.101, 131.1.1.1, 1010
[  960.914215]  PROXY(INBOUND): 6, 4444, 38226, 192.168.56.101, 131.1.1.1, 1010
[  960.914411]   DROP(INBOUND): 6, 1111, 49724, 192.168.56.101, 10.0.2.15, 1010
[  960.914458]   DROP(INBOUND): 6, 1111, 49724, 192.168.56.101, 10.0.2.15, 1010
[  960.914998]         INBOUND: 6, 3333, 53574, 192.168.56.101, 10.0.2.15, 0010
[  960.915016]        OUTBOUND: 6, 53574, 3333, 10.0.2.15, 192.168.56.101, 0010
[  960.915177]         INBOUND: 6, 3333, 53574, 192.168.56.101, 10.0.2.15, 0010
[  960.915192]        OUTBOUND: 6, 53574, 3333, 10.0.2.15, 192.168.56.101, 0010
[  960.915235]  PROXY(INBOUND): 6, 4444, 38226, 192.168.56.101, 131.1.1.1, 1010
[  960.915316]  PROXY(INBOUND): 6, 4444, 38226, 192.168.56.101, 131.1.1.1, 1010
[  960.917063]   DROP(INBOUND): 6, 1111, 49724, 192.168.56.101, 10.0.2.15, 1010
[  960.917105]   DROP(INBOUND): 6, 1111, 49724, 192.168.56.101, 10.0.2.15, 1010
[  960.918056]         INBOUND: 6, 3333, 53574, 192.168.56.101, 10.0.2.15, 0010
[  960.918100]         INBOUND: 6, 3333, 53574, 192.168.56.101, 10.0.2.15, 0010
[  960.918103]  PROXY(INBOUND): 6, 4444, 38226, 192.168.56.101, 131.1.1.1, 1010
[  960.918164]  PROXY(INBOUND): 6, 4444, 38226, 192.168.56.101, 131.1.1.1, 1010
[  960.918200]        OUTBOUND: 6, 53574, 3333, 10.0.2.15, 192.168.56.101, 0010
[  960.918210]        OUTBOUND: 6, 53574, 3333, 10.0.2.15, 192.168.56.101, 0010
[  960.920004]   DROP(INBOUND): 6, 1111, 49724, 192.168.56.101, 10.0.2.15, 1010
[  960.920043]   DROP(INBOUND): 6, 1111, 49724, 192.168.56.101, 10.0.2.15, 1010
[  960.920982]         INBOUND: 6, 3333, 53574, 192.168.56.101, 10.0.2.15, 0010
[  960.920998]        OUTBOUND: 6, 53574, 3333, 10.0.2.15, 192.168.56.101, 0010
[  960.921032]         INBOUND: 6, 3333, 53574, 192.168.56.101, 10.0.2.15, 0010
[  960.921056]        OUTBOUND: 6, 53574, 3333, 10.0.2.15, 192.168.56.101, 0010
[  960.921987]  PROXY(INBOUND): 6, 4444, 38226, 192.168.56.101, 131.1.1.1, 1010
[  960.922059]  PROXY(INBOUND): 6, 4444, 38226, 192.168.56.101, 131.1.1.1, 1010
[  960.922154]   DROP(INBOUND): 6, 1111, 49724, 192.168.56.101, 10.0.2.15, 1010
[  960.923845]   DROP(INBOUND): 6, 1111, 49724, 192.168.56.101, 10.0.2.15, 1010
[  960.923849]         INBOUND: 6, 3333, 53574, 192.168.56.101, 10.0.2.15, 0010
[  960.923854]         INBOUND: 6, 3333, 53574, 192.168.56.101, 10.0.2.15, 0010
[  960.923870]        OUTBOUND: 6, 53574, 3333, 10.0.2.15, 192.168.56.101, 0010
[  960.923879]        OUTBOUND: 6, 53574, 3333, 10.0.2.15, 192.168.56.101, 0010
[  960.924862]   DROP(INBOUND): 6, 1111, 49724, 192.168.56.101, 10.0.2.15, 1010
[  960.924866]  PROXY(INBOUND): 6, 4444, 38226, 192.168.56.101, 131.1.1.1, 1010
[  960.924933]   DROP(INBOUND): 6, 1111, 49724, 192.168.56.101, 10.0.2.15, 1010
[  960.924936]  PROXY(INBOUND): 6, 4444, 38226, 192.168.56.101, 131.1.1.1, 1010
[  960.926894]         INBOUND: 6, 3333, 53574, 192.168.56.101, 10.0.2.15, 0010
[  960.926901]         INBOUND: 6, 3333, 53574, 192.168.56.101, 10.0.2.15, 0010
[  960.926918]        OUTBOUND: 6, 53574, 3333, 10.0.2.15, 192.168.56.101, 0010
[  960.926930]        OUTBOUND: 6, 53574, 3333, 10.0.2.15, 192.168.56.101, 0010
[  960.927807]   DROP(INBOUND): 6, 1111, 49724, 192.168.56.101, 10.0.2.15, 1010
[  960.927810]  PROXY(INBOUND): 6, 4444, 38226, 192.168.56.101, 131.1.1.1, 1010
[  960.927858]   DROP(INBOUND): 6, 1111, 49724, 192.168.56.101, 10.0.2.15, 1010
[  960.927860]  PROXY(INBOUND): 6, 4444, 38226, 192.168.56.101, 131.1.1.1, 1010
[  960.929779]         INBOUND: 6, 3333, 53574, 192.168.56.101, 10.0.2.15, 0010
[  960.929795]        OUTBOUND: 6, 53574, 3333, 10.0.2.15, 192.168.56.101, 0010
[  960.929869]         INBOUND: 6, 3333, 53574, 192.168.56.101, 10.0.2.15, 0010
[  960.929895]        OUTBOUND: 6, 53574, 3333, 10.0.2.15, 192.168.56.101, 0010
[  960.930738]   DROP(INBOUND): 6, 1111, 49724, 192.168.56.101, 10.0.2.15, 1010
[  960.930794]  PROXY(INBOUND): 6, 4444, 38226, 192.168.56.101, 131.1.1.1, 1010
[  960.930798]   DROP(INBOUND): 6, 1111, 49724, 192.168.56.101, 10.0.2.15, 1010
[  960.930856]  PROXY(INBOUND): 6, 4444, 38226, 192.168.56.101, 131.1.1.1, 1010
[  960.932700]         INBOUND: 6, 3333, 53574, 192.168.56.101, 10.0.2.15, 0010
[  960.932716]        OUTBOUND: 6, 53574, 3333, 10.0.2.15, 192.168.56.101, 0010
[  960.932818]         INBOUND: 6, 3333, 53574, 192.168.56.101, 10.0.2.15, 0010
[  960.932850]        OUTBOUND: 6, 53574, 3333, 10.0.2.15, 192.168.56.101, 0010
[  960.933034]   DROP(INBOUND): 6, 1111, 49724, 192.168.56.101, 10.0.2.15, 1010
[  960.933123]   DROP(INBOUND): 6, 1111, 49724, 192.168.56.101, 10.0.2.15, 1010
[  960.933672]  PROXY(INBOUND): 6, 4444, 38226, 192.168.56.101, 131.1.1.1, 1010
[  960.933751]  PROXY(INBOUND): 6, 4444, 38226, 192.168.56.101, 131.1.1.1, 1010
[  960.935610]   DROP(INBOUND): 6, 1111, 49724, 192.168.56.101, 10.0.2.15, 1010
[  960.938423]  PROXY(INBOUND): 6, 4444, 38226, 192.168.56.101, 131.1.1.1, 1010
[  960.938428]         INBOUND: 6, 3333, 53574, 192.168.56.101, 10.0.2.15, 0010
[  960.938432]   DROP(INBOUND): 6, 1111, 49724, 192.168.56.101, 10.0.2.15, 1010
[  960.938444]        OUTBOUND: 6, 53574, 3333, 10.0.2.15, 192.168.56.101, 0010
[  960.938577]  PROXY(INBOUND): 6, 4444, 38226, 192.168.56.101, 131.1.1.1, 1010
[  960.938711]  PROXY(INBOUND): 6, 4444, 38226, 192.168.56.101, 131.1.1.1, 1010
[  960.938771]   DROP(INBOUND): 6, 1111, 49724, 192.168.56.101, 10.0.2.15, 1010
[  960.938946]   DROP(INBOUND): 6, 1111, 49724, 192.168.56.101, 10.0.2.15, 1010
[  960.939514]         INBOUND: 6, 3333, 53574, 192.168.56.101, 10.0.2.15, 0010
[  960.939536]        OUTBOUND: 6, 53574, 3333, 10.0.2.15, 192.168.56.101, 0010
[  960.939588]         INBOUND: 6, 3333, 53574, 192.168.56.101, 10.0.2.15, 0010
[  960.939603]        OUTBOUND: 6, 53574, 3333, 10.0.2.15, 192.168.56.101, 0010
[  960.941390]   DROP(INBOUND): 6, 1111, 49724, 192.168.56.101, 10.0.2.15, 1010
[  960.941475]   DROP(INBOUND): 6, 1111, 49724, 192.168.56.101, 10.0.2.15, 1010
[  960.941702]         INBOUND: 6, 3333, 53574, 192.168.56.101, 10.0.2.15, 0010
[  960.941729]         INBOUND: 6, 3333, 53574, 192.168.56.101, 10.0.2.15, 0010
[  960.941746]        OUTBOUND: 6, 53574, 3333, 10.0.2.15, 192.168.56.101, 0010
[  960.941757]        OUTBOUND: 6, 53574, 3333, 10.0.2.15, 192.168.56.101, 0010
[  960.942387]  PROXY(INBOUND): 6, 4444, 38226, 192.168.56.101, 131.1.1.1, 1010
[  960.942448]  PROXY(INBOUND): 6, 4444, 38226, 192.168.56.101, 131.1.1.1, 1010
[  960.944331]   DROP(INBOUND): 6, 1111, 49724, 192.168.56.101, 10.0.2.15, 1010
[  960.944412]   DROP(INBOUND): 6, 1111, 49724, 192.168.56.101, 10.0.2.15, 1010
[  960.944512]  PROXY(INBOUND): 6, 4444, 38226, 192.168.56.101, 131.1.1.1, 1010
[  960.944611]  PROXY(INBOUND): 6, 4444, 38226, 192.168.56.101, 131.1.1.1, 1010
[  960.945498]         INBOUND: 6, 3333, 53574, 192.168.56.101, 10.0.2.15, 0010
[  960.945516]        OUTBOUND: 6, 53574, 3333, 10.0.2.15, 192.168.56.101, 0010
[  960.945595]         INBOUND: 6, 3333, 53574, 192.168.56.101, 10.0.2.15, 0010
[  960.945628]        OUTBOUND: 6, 53574, 3333, 10.0.2.15, 192.168.56.101, 0010
[  960.946399]  PROXY(INBOUND): 6, 4444, 38226, 192.168.56.101, 131.1.1.1, 1010
[  960.946489]  PROXY(INBOUND): 6, 4444, 38226, 192.168.56.101, 131.1.1.1, 1010
[  960.947328]   DROP(INBOUND): 6, 1111, 49724, 192.168.56.101, 10.0.2.15, 1010
[  960.947409]   DROP(INBOUND): 6, 1111, 49724, 192.168.56.101, 10.0.2.15, 1010
[  960.947463]         INBOUND: 6, 3333, 53574, 192.168.56.101, 10.0.2.15, 0010
[  960.947481]        OUTBOUND: 6, 53574, 3333, 10.0.2.15, 192.168.56.101, 0010
[  960.947559]         INBOUND: 6, 3333, 53574, 192.168.56.101, 10.0.2.15, 0010
[  960.947575]        OUTBOUND: 6, 53574, 3333, 10.0.2.15, 192.168.56.101, 0010
[  960.949161]  PROXY(INBOUND): 6, 4444, 38226, 192.168.56.101, 131.1.1.1, 1010
[  960.949252]  PROXY(INBOUND): 6, 4444, 38226, 192.168.56.101, 131.1.1.1, 1010
[  960.950272]   DROP(INBOUND): 6, 1111, 49724, 192.168.56.101, 10.0.2.15, 1010
[  960.950275]         INBOUND: 6, 3333, 53574, 192.168.56.101, 10.0.2.15, 0010
[  960.950329]   DROP(INBOUND): 6, 1111, 49724, 192.168.56.101, 10.0.2.15, 1010
[  960.950331]         INBOUND: 6, 3333, 53574, 192.168.56.101, 10.0.2.15, 0010
[  960.950395]        OUTBOUND: 6, 53574, 3333, 10.0.2.15, 192.168.56.101, 0010
[  960.950407]        OUTBOUND: 6, 53574, 3333, 10.0.2.15, 192.168.56.101, 0010
[  960.952204]  PROXY(INBOUND): 6, 4444, 38226, 192.168.56.101, 131.1.1.1, 1010
[  960.952332]  PROXY(INBOUND): 6, 4444, 38226, 192.168.56.101, 131.1.1.1, 1010
[  960.952496]         INBOUND: 6, 3333, 53574, 192.168.56.101, 10.0.2.15, 0010
[  960.952513]        OUTBOUND: 6, 53574, 3333, 10.0.2.15, 192.168.56.101, 0010
[  960.952601]         INBOUND: 6, 3333, 53574, 192.168.56.101, 10.0.2.15, 0010
[  960.952618]        OUTBOUND: 6, 53574, 3333, 10.0.2.15, 192.168.56.101, 0010
[  960.952688]   DROP(INBOUND): 6, 1111, 49724, 192.168.56.101, 10.0.2.15, 1010
[  960.952757]   DROP(INBOUND): 6, 1111, 49724, 192.168.56.101, 10.0.2.15, 1010
[  960.955128]   DROP(INBOUND): 6, 1111, 49724, 192.168.56.101, 10.0.2.15, 1010
[  960.955130]  PROXY(INBOUND): 6, 4444, 38226, 192.168.56.101, 131.1.1.1, 1010
[  960.955160]   DROP(INBOUND): 6, 1111, 49724, 192.168.56.101, 10.0.2.15, 1010
[  960.955222]  PROXY(INBOUND): 6, 4444, 38226, 192.168.56.101, 131.1.1.1, 1010
[  960.955255]         INBOUND: 6, 3333, 53574, 192.168.56.101, 10.0.2.15, 0010
[  960.955272]        OUTBOUND: 6, 53574, 3333, 10.0.2.15, 192.168.56.101, 0010
[  960.957947]         INBOUND: 6, 3333, 53574, 192.168.56.101, 10.0.2.15, 0010
[  960.957952]   DROP(INBOUND): 6, 1111, 49724, 192.168.56.101, 10.0.2.15, 1010
[  960.958026]         INBOUND: 6, 3333, 53574, 192.168.56.101, 10.0.2.15, 0010
[  960.958030]   DROP(INBOUND): 6, 1111, 49724, 192.168.56.101, 10.0.2.15, 1010
[  960.958035]        OUTBOUND: 6, 53574, 3333, 10.0.2.15, 192.168.56.101, 0010
[  960.958051]        OUTBOUND: 6, 53574, 3333, 10.0.2.15, 192.168.56.101, 0010
[  960.958072]         INBOUND: 6, 3333, 53574, 192.168.56.101, 10.0.2.15, 0010
[  960.958086]        OUTBOUND: 6, 53574, 3333, 10.0.2.15, 192.168.56.101, 0010
[  960.959076]  PROXY(INBOUND): 6, 4444, 38226, 192.168.56.101, 131.1.1.1, 1010
[  960.959081]  PROXY(INBOUND): 6, 4444, 38226, 192.168.56.101, 131.1.1.1, 1010
[  960.960061]   DROP(INBOUND): 6, 1111, 49724, 192.168.56.101, 10.0.2.15, 1010
[  960.960064]   DROP(INBOUND): 6, 1111, 49724, 192.168.56.101, 10.0.2.15, 1010
[  960.961087]         INBOUND: 6, 3333, 53574, 192.168.56.101, 10.0.2.15, 0010
[  960.961093]         INBOUND: 6, 3333, 53574, 192.168.56.101, 10.0.2.15, 0010
[  960.961109]        OUTBOUND: 6, 53574, 3333, 10.0.2.15, 192.168.56.101, 0010
[  960.961119]        OUTBOUND: 6, 53574, 3333, 10.0.2.15, 192.168.56.101, 0010
[  960.963926]  PROXY(INBOUND): 6, 4444, 38226, 192.168.56.101, 131.1.1.1, 1010
[  960.963930]   DROP(INBOUND): 6, 1111, 49724, 192.168.56.101, 10.0.2.15, 1010
[  960.964019]  PROXY(INBOUND): 6, 4444, 38226, 192.168.56.101, 131.1.1.1, 1010
[  960.964024]         INBOUND: 6, 3333, 53574, 192.168.56.101, 10.0.2.15, 0010
[  960.964028]  PROXY(INBOUND): 6, 4444, 38226, 192.168.56.101, 131.1.1.1, 1010
[  960.964040]        OUTBOUND: 6, 53574, 3333, 10.0.2.15, 192.168.56.101, 0010
[  960.965895]         INBOUND: 6, 3333, 53574, 192.168.56.101, 10.0.2.15, 0010
[  960.965910]        OUTBOUND: 6, 53574, 3333, 10.0.2.15, 192.168.56.101, 0010
[  960.966903]   DROP(INBOUND): 6, 1111, 49724, 192.168.56.101, 10.0.2.15, 1010
[  960.966987]   DROP(INBOUND): 6, 1111, 49724, 192.168.56.101, 10.0.2.15, 1010
[  960.967875]  PROXY(INBOUND): 6, 4444, 38226, 192.168.56.101, 131.1.1.1, 1010
[  960.967946]         INBOUND: 6, 3333, 53574, 192.168.56.101, 10.0.2.15, 0010
[  960.967950]  PROXY(INBOUND): 6, 4444, 38226, 192.168.56.101, 131.1.1.1, 1010
[  960.967952]         INBOUND: 6, 3333, 53574, 192.168.56.101, 10.0.2.15, 0010
[  960.967967]        OUTBOUND: 6, 53574, 3333, 10.0.2.15, 192.168.56.101, 0010
[  960.967977]        OUTBOUND: 6, 53574, 3333, 10.0.2.15, 192.168.56.101, 0010
[  960.970840]   DROP(INBOUND): 6, 1111, 49724, 192.168.56.101, 10.0.2.15, 1010
[  960.970843]  PROXY(INBOUND): 6, 4444, 38226, 192.168.56.101, 131.1.1.1, 1010
[  960.970845]   DROP(INBOUND): 6, 1111, 49724, 192.168.56.101, 10.0.2.15, 1010
[  960.970847]  PROXY(INBOUND): 6, 4444, 38226, 192.168.56.101, 131.1.1.1, 1010
[  960.971837]         INBOUND: 6, 3333, 53574, 192.168.56.101, 10.0.2.15, 0010
[  960.971841]         INBOUND: 6, 3333, 53574, 192.168.56.101, 10.0.2.15, 0010
[  960.971857]        OUTBOUND: 6, 53574, 3333, 10.0.2.15, 192.168.56.101, 0010
[  960.971867]        OUTBOUND: 6, 53574, 3333, 10.0.2.15, 192.168.56.101, 0010
[  960.973725]  PROXY(INBOUND): 6, 4444, 38226, 192.168.56.101, 131.1.1.1, 1010
[  960.973728]   DROP(INBOUND): 6, 1111, 49724, 192.168.56.101, 10.0.2.15, 1010
[  960.973796]  PROXY(INBOUND): 6, 4444, 38226, 192.168.56.101, 131.1.1.1, 1010
[  960.973799]   DROP(INBOUND): 6, 1111, 49724, 192.168.56.101, 10.0.2.15, 1010
[  960.974718]         INBOUND: 6, 3333, 53574, 192.168.56.101, 10.0.2.15, 0010
[  960.974737]        OUTBOUND: 6, 53574, 3333, 10.0.2.15, 192.168.56.101, 0010
[  960.974841]         INBOUND: 6, 3333, 53574, 192.168.56.101, 10.0.2.15, 0010
[  960.974879]        OUTBOUND: 6, 53574, 3333, 10.0.2.15, 192.168.56.101, 0010
[  960.975735]  PROXY(INBOUND): 6, 4444, 38226, 192.168.56.101, 131.1.1.1, 1010
[  960.975739]         INBOUND: 6, 3333, 53574, 192.168.56.101, 10.0.2.15, 0010
[  960.975743]  PROXY(INBOUND): 6, 4444, 38226, 192.168.56.101, 131.1.1.1, 1010
[  960.975745]         INBOUND: 6, 3333, 53574, 192.168.56.101, 10.0.2.15, 0010
[  960.975758]        OUTBOUND: 6, 53574, 3333, 10.0.2.15, 192.168.56.101, 0010
[  960.975767]        OUTBOUND: 6, 53574, 3333, 10.0.2.15, 192.168.56.101, 0010
[  960.976685]   DROP(INBOUND): 6, 1111, 49724, 192.168.56.101, 10.0.2.15, 1010
[  960.976687]   DROP(INBOUND): 6, 1111, 49724, 192.168.56.101, 10.0.2.15, 1010
[  960.978532]  PROXY(INBOUND): 6, 4444, 38226, 192.168.56.101, 131.1.1.1, 1010
[  960.978536]         INBOUND: 6, 3333, 53574, 192.168.56.101, 10.0.2.15, 0010
[  960.978540]  PROXY(INBOUND): 6, 4444, 38226, 192.168.56.101, 131.1.1.1, 1010
[  960.978542]         INBOUND: 6, 3333, 53574, 192.168.56.101, 10.0.2.15, 0010
[  960.978555]        OUTBOUND: 6, 53574, 3333, 10.0.2.15, 192.168.56.101, 0010
[  960.978564]        OUTBOUND: 6, 53574, 3333, 10.0.2.15, 192.168.56.101, 0010
[  960.978698]   DROP(INBOUND): 6, 1111, 49724, 192.168.56.101, 10.0.2.15, 1010
[  960.978701]   DROP(INBOUND): 6, 1111, 49724, 192.168.56.101, 10.0.2.15, 1010
[  960.980578]         INBOUND: 6, 3333, 53574, 192.168.56.101, 10.0.2.15, 0010
[  960.980594]        OUTBOUND: 6, 53574, 3333, 10.0.2.15, 192.168.56.101, 0010
[  960.980617]         INBOUND: 6, 3333, 53574, 192.168.56.101, 10.0.2.15, 0010
[  960.980630]        OUTBOUND: 6, 53574, 3333, 10.0.2.15, 192.168.56.101, 0010
[  960.981585]  PROXY(INBOUND): 6, 4444, 38226, 192.168.56.101, 131.1.1.1, 1010
[  960.981589]  PROXY(INBOUND): 6, 4444, 38226, 192.168.56.101, 131.1.1.1, 1010
[  960.981697]   DROP(INBOUND): 6, 1111, 49724, 192.168.56.101, 10.0.2.15, 1010
[  960.981700]   DROP(INBOUND): 6, 1111, 49724, 192.168.56.101, 10.0.2.15, 1010
[  960.982636]         INBOUND: 6, 3333, 53574, 192.168.56.101, 10.0.2.15, 0010
[  960.982673]        OUTBOUND: 6, 53574, 3333, 10.0.2.15, 192.168.56.101, 0010
[  960.982734]         INBOUND: 6, 3333, 53574, 192.168.56.101, 10.0.2.15, 0010
[  960.982771]        OUTBOUND: 6, 53574, 3333, 10.0.2.15, 192.168.56.101, 0010
[  960.984505]   DROP(INBOUND): 6, 1111, 49724, 192.168.56.101, 10.0.2.15, 1010
[  960.984578]   DROP(INBOUND): 6, 1111, 49724, 192.168.56.101, 10.0.2.15, 1010
[  960.984580]  PROXY(INBOUND): 6, 4444, 38226, 192.168.56.101, 131.1.1.1, 1010
[  960.984707]  PROXY(INBOUND): 6, 4444, 38226, 192.168.56.101, 131.1.1.1, 1010
[  960.985451]         INBOUND: 6, 3333, 53574, 192.168.56.101, 10.0.2.15, 0010
[  960.985468]        OUTBOUND: 6, 53574, 3333, 10.0.2.15, 192.168.56.101, 0010
[  960.985540]         INBOUND: 6, 3333, 53574, 192.168.56.101, 10.0.2.15, 0010
[  960.985653]        OUTBOUND: 6, 53574, 3333, 10.0.2.15, 192.168.56.101, 0010
[  960.987425]   DROP(INBOUND): 6, 1111, 49724, 192.168.56.101, 10.0.2.15, 1010
[  960.987427]  PROXY(INBOUND): 6, 4444, 38226, 192.168.56.101, 131.1.1.1, 1010
[  960.987430]   DROP(INBOUND): 6, 1111, 49724, 192.168.56.101, 10.0.2.15, 1010
[  960.987432]  PROXY(INBOUND): 6, 4444, 38226, 192.168.56.101, 131.1.1.1, 1010
[  960.988455]         INBOUND: 6, 3333, 53574, 192.168.56.101, 10.0.2.15, 0010
[  960.988513]        OUTBOUND: 6, 53574, 3333, 10.0.2.15, 192.168.56.101, 0010
[  960.988551]         INBOUND: 6, 3333, 53574, 192.168.56.101, 10.0.2.15, 0010
[  960.988600]        OUTBOUND: 6, 53574, 3333, 10.0.2.15, 192.168.56.101, 0010
[  960.990362]   DROP(INBOUND): 6, 1111, 49724, 192.168.56.101, 10.0.2.15, 1010
[  960.990365]  PROXY(INBOUND): 6, 4444, 38226, 192.168.56.101, 131.1.1.1, 1010
[  960.990446]   DROP(INBOUND): 6, 1111, 49724, 192.168.56.101, 10.0.2.15, 1010
[  960.990449]  PROXY(INBOUND): 6, 4444, 38226, 192.168.56.101, 131.1.1.1, 1010
[  960.991291]         INBOUND: 6, 3333, 53574, 192.168.56.101, 10.0.2.15, 0010
[  960.991297]         INBOUND: 6, 3333, 53574, 192.168.56.101, 10.0.2.15, 0010
[  960.991311]        OUTBOUND: 6, 53574, 3333, 10.0.2.15, 192.168.56.101, 0010
[  960.991322]        OUTBOUND: 6, 53574, 3333, 10.0.2.15, 192.168.56.101, 0010
[  960.994268]  PROXY(INBOUND): 6, 4444, 38226, 192.168.56.101, 131.1.1.1, 1010
[  960.994272]         INBOUND: 6, 3333, 53574, 192.168.56.101, 10.0.2.15, 0010
[  960.994276]   DROP(INBOUND): 6, 1111, 49724, 192.168.56.101, 10.0.2.15, 1010
[  960.994342]        OUTBOUND: 6, 53574, 3333, 10.0.2.15, 192.168.56.101, 0010
[  960.996238]  PROXY(INBOUND): 6, 4444, 38226, 192.168.56.101, 131.1.1.1, 1010
[  960.996242]   DROP(INBOUND): 6, 1111, 49724, 192.168.56.101, 10.0.2.15, 1010
[  960.996245]         INBOUND: 6, 3333, 53574, 192.168.56.101, 10.0.2.15, 0010
[  960.996260]        OUTBOUND: 6, 53574, 3333, 10.0.2.15, 192.168.56.101, 0010
[  960.996299]  PROXY(INBOUND): 6, 4444, 38226, 192.168.56.101, 131.1.1.1, 1010
[  960.996302]   DROP(INBOUND): 6, 1111, 49724, 192.168.56.101, 10.0.2.15, 1010
[  960.998359]         INBOUND: 6, 3333, 53574, 192.168.56.101, 10.0.2.15, 0010
[  960.998376]        OUTBOUND: 6, 53574, 3333, 10.0.2.15, 192.168.56.101, 0010
[  961.000361]  PROXY(INBOUND): 6, 4444, 38226, 192.168.56.101, 131.1.1.1, 1010
[  961.000365]   DROP(INBOUND): 6, 1111, 49724, 192.168.56.101, 10.0.2.15, 1010
[  961.000368]         INBOUND: 6, 3333, 53574, 192.168.56.101, 10.0.2.15, 0010
[  961.000383]        OUTBOUND: 6, 53574, 3333, 10.0.2.15, 192.168.56.101, 0010
[  961.000566]  PROXY(INBOUND): 6, 4444, 38226, 192.168.56.101, 131.1.1.1, 1010
[  961.000570]   DROP(INBOUND): 6, 1111, 49724, 192.168.56.101, 10.0.2.15, 1010
[  961.000572]         INBOUND: 6, 3333, 53574, 192.168.56.101, 10.0.2.15, 0010
[  961.000587]        OUTBOUND: 6, 53574, 3333, 10.0.2.15, 192.168.56.101, 0010
[  961.001584]   DROP(INBOUND): 6, 1111, 49724, 192.168.56.101, 10.0.2.15, 1010
[  961.003194]  PROXY(INBOUND): 6, 4444, 38226, 192.168.56.101, 131.1.1.1, 1010
[  961.003199]         INBOUND: 6, 3333, 53574, 192.168.56.101, 10.0.2.15, 0010
[  961.003204]  PROXY(INBOUND): 6, 4444, 38226, 192.168.56.101, 131.1.1.1, 1010
[  961.003206]         INBOUND: 6, 3333, 53574, 192.168.56.101, 10.0.2.15, 0010
[  961.003219]        OUTBOUND: 6, 53574, 3333, 10.0.2.15, 192.168.56.101, 0010
[  961.003229]        OUTBOUND: 6, 53574, 3333, 10.0.2.15, 192.168.56.101, 0010
[  961.006120]  PROXY(INBOUND): 6, 4444, 38226, 192.168.56.101, 131.1.1.1, 1010
[  961.006125]         INBOUND: 6, 3333, 53574, 192.168.56.101, 10.0.2.15, 0010
[  961.006169]  PROXY(INBOUND): 6, 4444, 38226, 192.168.56.101, 131.1.1.1, 1010
[  961.006172]         INBOUND: 6, 3333, 53574, 192.168.56.101, 10.0.2.15, 0010
[  961.006209]        OUTBOUND: 6, 53574, 3333, 10.0.2.15, 192.168.56.101, 0010
[  961.006224]        OUTBOUND: 6, 53574, 3333, 10.0.2.15, 192.168.56.101, 0010
[  961.009085]  PROXY(INBOUND): 6, 4444, 38226, 192.168.56.101, 131.1.1.1, 1010
[  961.009091]         INBOUND: 6, 3333, 53574, 192.168.56.101, 10.0.2.15, 0010
[  961.009101]  PROXY(INBOUND): 6, 4444, 38226, 192.168.56.101, 131.1.1.1, 1010
[  961.009103]         INBOUND: 6, 3333, 53574, 192.168.56.101, 10.0.2.15, 0010
[  961.009136]        OUTBOUND: 6, 53574, 3333, 10.0.2.15, 192.168.56.101, 0010
[  961.009163]        OUTBOUND: 6, 53574, 3333, 10.0.2.15, 192.168.56.101, 0010
[  961.012017]  PROXY(INBOUND): 6, 4444, 38226, 192.168.56.101, 131.1.1.1, 1010
[  961.012022]         INBOUND: 6, 3333, 53574, 192.168.56.101, 10.0.2.15, 0010
[  961.012050]        OUTBOUND: 6, 53574, 3333, 10.0.2.15, 192.168.56.101, 0010
[  961.012228]  PROXY(INBOUND): 6, 4444, 38226, 192.168.56.101, 131.1.1.1, 1010
[  961.012232]         INBOUND: 6, 3333, 53574, 192.168.56.101, 10.0.2.15, 0010
[  961.012255]        OUTBOUND: 6, 53574, 3333, 10.0.2.15, 192.168.56.101, 0010
[  961.014958]  PROXY(INBOUND): 6, 4444, 38226, 192.168.56.101, 131.1.1.1, 1010
[  961.014963]         INBOUND: 6, 3333, 53574, 192.168.56.101, 10.0.2.15, 0010
[  961.014991]        OUTBOUND: 6, 53574, 3333, 10.0.2.15, 192.168.56.101, 0010
[  961.015243]  PROXY(INBOUND): 6, 4444, 38226, 192.168.56.101, 131.1.1.1, 1010
[  961.015247]         INBOUND: 6, 3333, 53574, 192.168.56.101, 10.0.2.15, 0010
[  961.015273]        OUTBOUND: 6, 53574, 3333, 10.0.2.15, 192.168.56.101, 0010
[  961.017798]  PROXY(INBOUND): 6, 4444, 38226, 192.168.56.101, 131.1.1.1, 1010
[  961.017958]  PROXY(INBOUND): 6, 4444, 38226, 192.168.56.101, 131.1.1.1, 1010
[  961.018758]         INBOUND: 6, 3333, 53574, 192.168.56.101, 10.0.2.15, 0010
[  961.018824]        OUTBOUND: 6, 53574, 3333, 10.0.2.15, 192.168.56.101, 0010
[  961.018828]         INBOUND: 6, 3333, 53574, 192.168.56.101, 10.0.2.15, 0010
[  961.018840]        OUTBOUND: 6, 53574, 3333, 10.0.2.15, 192.168.56.101, 0010
[  961.020809]  PROXY(INBOUND): 6, 4444, 38226, 192.168.56.101, 131.1.1.1, 1010
[  961.020814]         INBOUND: 6, 3333, 53574, 192.168.56.101, 10.0.2.15, 0010
[  961.020875]        OUTBOUND: 6, 53574, 3333, 10.0.2.15, 192.168.56.101, 0010
[  961.020924]  PROXY(INBOUND): 6, 4444, 38226, 192.168.56.101, 131.1.1.1, 1010
[  961.020928]         INBOUND: 6, 3333, 53574, 192.168.56.101, 10.0.2.15, 0010
[  961.021007]        OUTBOUND: 6, 53574, 3333, 10.0.2.15, 192.168.56.101, 0010
[  961.023729]  PROXY(INBOUND): 6, 4444, 38226, 192.168.56.101, 131.1.1.1, 1010
[  961.023733]  PROXY(INBOUND): 6, 4444, 38226, 192.168.56.101, 131.1.1.1, 1010
[  961.023736]         INBOUND: 6, 3333, 53574, 192.168.56.101, 10.0.2.15, 0010
[  961.023768]        OUTBOUND: 6, 53574, 3333, 10.0.2.15, 192.168.56.101, 0010
[  961.023873]  PROXY(INBOUND): 6, 4444, 38226, 192.168.56.101, 131.1.1.1, 1010
[  961.023877]         INBOUND: 6, 3333, 53574, 192.168.56.101, 10.0.2.15, 0010
[  961.023898]        OUTBOUND: 6, 53574, 3333, 10.0.2.15, 192.168.56.101, 0010
[  961.026772]  PROXY(INBOUND): 6, 4444, 38226, 192.168.56.101, 131.1.1.1, 1010
[  961.026777]         INBOUND: 6, 3333, 53574, 192.168.56.101, 10.0.2.15, 0010
[  961.026804]        OUTBOUND: 6, 53574, 3333, 10.0.2.15, 192.168.56.101, 0010
[  961.026810]         INBOUND: 6, 3333, 53574, 192.168.56.101, 10.0.2.15, 0010
[  961.026817]        OUTBOUND: 6, 53574, 3333, 10.0.2.15, 192.168.56.101, 0010
[  961.029667]         INBOUND: 6, 3333, 53574, 192.168.56.101, 10.0.2.15, 0010
[  961.029691]        OUTBOUND: 6, 53574, 3333, 10.0.2.15, 192.168.56.101, 0010
[  961.029804]         INBOUND: 6, 3333, 53574, 192.168.56.101, 10.0.2.15, 0010
[  961.029844]        OUTBOUND: 6, 53574, 3333, 10.0.2.15, 192.168.56.101, 0010
[  961.032534]         INBOUND: 6, 3333, 53574, 192.168.56.101, 10.0.2.15, 0010
[  961.032561]        OUTBOUND: 6, 53574, 3333, 10.0.2.15, 192.168.56.101, 0010
[  961.032781]         INBOUND: 6, 3333, 53574, 192.168.56.101, 10.0.2.15, 0010
[  961.032806]        OUTBOUND: 6, 53574, 3333, 10.0.2.15, 192.168.56.101, 0010
[  961.035531]         INBOUND: 6, 3333, 53574, 192.168.56.101, 10.0.2.15, 0010
[  961.035572]         INBOUND: 6, 3333, 53574, 192.168.56.101, 10.0.2.15, 0010
[  961.035592]        OUTBOUND: 6, 53574, 3333, 10.0.2.15, 192.168.56.101, 0010
[  961.035605]        OUTBOUND: 6, 53574, 3333, 10.0.2.15, 192.168.56.101, 0010
[  961.038512]         INBOUND: 6, 3333, 53574, 192.168.56.101, 10.0.2.15, 0010
[  961.038522]         INBOUND: 6, 3333, 53574, 192.168.56.101, 10.0.2.15, 0010
[  961.038540]        OUTBOUND: 6, 53574, 3333, 10.0.2.15, 192.168.56.101, 0010
[  961.038563]        OUTBOUND: 6, 53574, 3333, 10.0.2.15, 192.168.56.101, 0010
[  961.041379]         INBOUND: 6, 3333, 53574, 192.168.56.101, 10.0.2.15, 0010
[  961.041436]        OUTBOUND: 6, 53574, 3333, 10.0.2.15, 192.168.56.101, 0010
[  961.043255]         INBOUND: 6, 3333, 53574, 192.168.56.101, 10.0.2.15, 0010
[  961.043330]        OUTBOUND: 6, 53574, 3333, 10.0.2.15, 192.168.56.101, 0010
[  961.045330]         INBOUND: 6, 3333, 53574, 192.168.56.101, 10.0.2.15, 0010
[  961.045405]        OUTBOUND: 6, 53574, 3333, 10.0.2.15, 192.168.56.101, 0010
[  961.045451]         INBOUND: 6, 3333, 53574, 192.168.56.101, 10.0.2.15, 0010
[  961.045500]        OUTBOUND: 6, 53574, 3333, 10.0.2.15, 192.168.56.101, 0010
[  961.049156]         INBOUND: 6, 3333, 53574, 192.168.56.101, 10.0.2.15, 0010
[  961.049299]        OUTBOUND: 6, 53574, 3333, 10.0.2.15, 192.168.56.101, 0010
[  961.049328]         INBOUND: 6, 3333, 53574, 192.168.56.101, 10.0.2.15, 0010
[  961.049347]        OUTBOUND: 6, 53574, 3333, 10.0.2.15, 192.168.56.101, 0010
[  961.051216]         INBOUND: 6, 3333, 53574, 192.168.56.101, 10.0.2.15, 0010
[  961.051322]         INBOUND: 6, 3333, 53574, 192.168.56.101, 10.0.2.15, 0010
[  961.051327]        OUTBOUND: 6, 53574, 3333, 10.0.2.15, 192.168.56.101, 0010
[  961.051341]        OUTBOUND: 6, 53574, 3333, 10.0.2.15, 192.168.56.101, 0010
[  961.053024]         INBOUND: 6, 3333, 53574, 192.168.56.101, 10.0.2.15, 0010
[  961.053051]        OUTBOUND: 6, 53574, 3333, 10.0.2.15, 192.168.56.101, 0010
[  961.053147]         INBOUND: 6, 3333, 53574, 192.168.56.101, 10.0.2.15, 0010
[  961.053171]        OUTBOUND: 6, 53574, 3333, 10.0.2.15, 192.168.56.101, 0010
[  961.056035]         INBOUND: 6, 3333, 53574, 192.168.56.101, 10.0.2.15, 0010
[  961.056072]        OUTBOUND: 6, 53574, 3333, 10.0.2.15, 192.168.56.101, 0010
[  961.056180]         INBOUND: 6, 3333, 53574, 192.168.56.101, 10.0.2.15, 0010
[  961.056227]        OUTBOUND: 6, 53574, 3333, 10.0.2.15, 192.168.56.101, 0010
[  961.057984]         INBOUND: 6, 3333, 53574, 192.168.56.101, 10.0.2.15, 0010
[  961.058122]         INBOUND: 6, 3333, 53574, 192.168.56.101, 10.0.2.15, 0010
[  961.058126]        OUTBOUND: 6, 53574, 3333, 10.0.2.15, 192.168.56.101, 0010
[  961.058143]        OUTBOUND: 6, 53574, 3333, 10.0.2.15, 192.168.56.101, 0010
[  961.060868]         INBOUND: 6, 3333, 53574, 192.168.56.101, 10.0.2.15, 0010
[  961.060957]        OUTBOUND: 6, 53574, 3333, 10.0.2.15, 192.168.56.101, 0010
[  961.061006]         INBOUND: 6, 3333, 53574, 192.168.56.101, 10.0.2.15, 0010
[  961.061114]        OUTBOUND: 6, 53574, 3333, 10.0.2.15, 192.168.56.101, 0010
[  961.062761]         INBOUND: 6, 3333, 53574, 192.168.56.101, 10.0.2.15, 0010
[  961.062827]        OUTBOUND: 6, 53574, 3333, 10.0.2.15, 192.168.56.101, 0010
[  961.062904]         INBOUND: 6, 3333, 53574, 192.168.56.101, 10.0.2.15, 0010
[  961.062941]        OUTBOUND: 6, 53574, 3333, 10.0.2.15, 192.168.56.101, 0010
[  961.065799]         INBOUND: 6, 3333, 53574, 192.168.56.101, 10.0.2.15, 0010
[  961.065847]        OUTBOUND: 6, 53574, 3333, 10.0.2.15, 192.168.56.101, 0010
[  961.065920]         INBOUND: 6, 3333, 53574, 192.168.56.101, 10.0.2.15, 0010
[  961.066005]        OUTBOUND: 6, 53574, 3333, 10.0.2.15, 192.168.56.101, 0010
[  961.067814]         INBOUND: 6, 3333, 53574, 192.168.56.101, 10.0.2.15, 0010
[  961.067899]        OUTBOUND: 6, 53574, 3333, 10.0.2.15, 192.168.56.101, 0010
[  961.067931]         INBOUND: 6, 3333, 53574, 192.168.56.101, 10.0.2.15, 0010
[  961.067956]        OUTBOUND: 6, 53574, 3333, 10.0.2.15, 192.168.56.101, 0010
[  961.070706]         INBOUND: 6, 3333, 53574, 192.168.56.101, 10.0.2.15, 0010
[  961.070724]         INBOUND: 6, 3333, 53574, 192.168.56.101, 10.0.2.15, 0010
[  961.070787]        OUTBOUND: 6, 53574, 3333, 10.0.2.15, 192.168.56.101, 0010
[  961.070801]        OUTBOUND: 6, 53574, 3333, 10.0.2.15, 192.168.56.101, 0010
[  961.073607]         INBOUND: 6, 3333, 53574, 192.168.56.101, 10.0.2.15, 0010
[  961.073621]        OUTBOUND: 6, 53574, 3333, 10.0.2.15, 192.168.56.101, 0010
[  961.073732]         INBOUND: 6, 3333, 53574, 192.168.56.101, 10.0.2.15, 0010
[  961.073818]        OUTBOUND: 6, 53574, 3333, 10.0.2.15, 192.168.56.101, 0010
[  961.075730]         INBOUND: 6, 3333, 53574, 192.168.56.101, 10.0.2.15, 0010
[  961.075740]         INBOUND: 6, 3333, 53574, 192.168.56.101, 10.0.2.15, 0010
[  961.075796]        OUTBOUND: 6, 53574, 3333, 10.0.2.15, 192.168.56.101, 0010
[  961.075810]        OUTBOUND: 6, 53574, 3333, 10.0.2.15, 192.168.56.101, 0010
[  961.078537]         INBOUND: 6, 3333, 53574, 192.168.56.101, 10.0.2.15, 0010
[  961.078599]        OUTBOUND: 6, 53574, 3333, 10.0.2.15, 192.168.56.101, 0010
[  961.078625]         INBOUND: 6, 3333, 53574, 192.168.56.101, 10.0.2.15, 0010
[  961.078642]        OUTBOUND: 6, 53574, 3333, 10.0.2.15, 192.168.56.101, 0010
[  961.081347]         INBOUND: 6, 3333, 53574, 192.168.56.101, 10.0.2.15, 0010
[  961.081420]        OUTBOUND: 6, 53574, 3333, 10.0.2.15, 192.168.56.101, 0010
[  961.081554]         INBOUND: 6, 3333, 53574, 192.168.56.101, 10.0.2.15, 0010
[  961.081627]        OUTBOUND: 6, 53574, 3333, 10.0.2.15, 192.168.56.101, 0010
[  961.084355]         INBOUND: 6, 3333, 53574, 192.168.56.101, 10.0.2.15, 0010
[  961.084442]        OUTBOUND: 6, 53574, 3333, 10.0.2.15, 192.168.56.101, 0010
[  961.084472]         INBOUND: 6, 3333, 53574, 192.168.56.101, 10.0.2.15, 0010
[  961.084496]        OUTBOUND: 6, 53574, 3333, 10.0.2.15, 192.168.56.101, 0010
[  961.087300]         INBOUND: 6, 3333, 53574, 192.168.56.101, 10.0.2.15, 0010
[  961.087337]        OUTBOUND: 6, 53574, 3333, 10.0.2.15, 192.168.56.101, 0010
[  961.087425]         INBOUND: 6, 3333, 53574, 192.168.56.101, 10.0.2.15, 0010
[  961.087452]        OUTBOUND: 6, 53574, 3333, 10.0.2.15, 192.168.56.101, 0010
[  961.090157]         INBOUND: 6, 3333, 53574, 192.168.56.101, 10.0.2.15, 0010
[  961.090196]        OUTBOUND: 6, 53574, 3333, 10.0.2.15, 192.168.56.101, 0010
[  961.090332]         INBOUND: 6, 3333, 53574, 192.168.56.101, 10.0.2.15, 0010
[  961.090410]        OUTBOUND: 6, 53574, 3333, 10.0.2.15, 192.168.56.101, 0010
[  961.092980]         INBOUND: 6, 3333, 53574, 192.168.56.101, 10.0.2.15, 0010
[  961.093015]        OUTBOUND: 6, 53574, 3333, 10.0.2.15, 192.168.56.101, 0010
[  961.093082]         INBOUND: 6, 3333, 53574, 192.168.56.101, 10.0.2.15, 0010
[  961.093161]        OUTBOUND: 6, 53574, 3333, 10.0.2.15, 192.168.56.101, 0010
[  961.095698]         INBOUND: 6, 3333, 53574, 192.168.56.101, 10.0.2.15, 0010
[  961.095788]        OUTBOUND: 6, 53574, 3333, 10.0.2.15, 192.168.56.101, 0010
[  961.095881]         INBOUND: 6, 3333, 53574, 192.168.56.101, 10.0.2.15, 0010
[  961.095910]        OUTBOUND: 6, 53574, 3333, 10.0.2.15, 192.168.56.101, 0010
[  961.098633]         INBOUND: 6, 3333, 53574, 192.168.56.101, 10.0.2.15, 0010
[  961.098708]        OUTBOUND: 6, 53574, 3333, 10.0.2.15, 192.168.56.101, 0010
[  961.098776]         INBOUND: 6, 3333, 53574, 192.168.56.101, 10.0.2.15, 0010
[  961.098846]        OUTBOUND: 6, 53574, 3333, 10.0.2.15, 192.168.56.101, 0010
[  961.101734]         INBOUND: 6, 3333, 53574, 192.168.56.101, 10.0.2.15, 0010
[  961.101749]         INBOUND: 6, 3333, 53574, 192.168.56.101, 10.0.2.15, 0010
[  961.101817]        OUTBOUND: 6, 53574, 3333, 10.0.2.15, 192.168.56.101, 0010
[  961.101832]        OUTBOUND: 6, 53574, 3333, 10.0.2.15, 192.168.56.101, 0010
[  961.104649]         INBOUND: 6, 3333, 53574, 192.168.56.101, 10.0.2.15, 0010
[  961.104680]        OUTBOUND: 6, 53574, 3333, 10.0.2.15, 192.168.56.101, 0010
[  961.104728]         INBOUND: 6, 3333, 53574, 192.168.56.101, 10.0.2.15, 0010
[  961.104804]        OUTBOUND: 6, 53574, 3333, 10.0.2.15, 192.168.56.101, 0010
[  961.107624]         INBOUND: 6, 3333, 53574, 192.168.56.101, 10.0.2.15, 0010
[  961.107668]        OUTBOUND: 6, 53574, 3333, 10.0.2.15, 192.168.56.101, 0010
[  961.107832]         INBOUND: 6, 3333, 53574, 192.168.56.101, 10.0.2.15, 0010
[  961.107903]        OUTBOUND: 6, 53574, 3333, 10.0.2.15, 192.168.56.101, 0010
[  961.109561]         INBOUND: 6, 3333, 53574, 192.168.56.101, 10.0.2.15, 0010
[  961.109576]         INBOUND: 6, 3333, 53574, 192.168.56.101, 10.0.2.15, 0010
[  961.109640]        OUTBOUND: 6, 53574, 3333, 10.0.2.15, 192.168.56.101, 0010
[  961.109654]        OUTBOUND: 6, 53574, 3333, 10.0.2.15, 192.168.56.101, 0010
[  961.112485]         INBOUND: 6, 3333, 53574, 192.168.56.101, 10.0.2.15, 0010
[  961.112518]         INBOUND: 6, 3333, 53574, 192.168.56.101, 10.0.2.15, 0010
[  961.112533]        OUTBOUND: 6, 53574, 3333, 10.0.2.15, 192.168.56.101, 0010
[  961.112546]        OUTBOUND: 6, 53574, 3333, 10.0.2.15, 192.168.56.101, 0010
[  961.115473]         INBOUND: 6, 3333, 53574, 192.168.56.101, 10.0.2.15, 0010
[  961.115525]         INBOUND: 6, 3333, 53574, 192.168.56.101, 10.0.2.15, 0010
[  961.115561]        OUTBOUND: 6, 53574, 3333, 10.0.2.15, 192.168.56.101, 0010
[  961.115575]        OUTBOUND: 6, 53574, 3333, 10.0.2.15, 192.168.56.101, 0010
[  961.118370]         INBOUND: 6, 3333, 53574, 192.168.56.101, 10.0.2.15, 0010
[  961.118434]        OUTBOUND: 6, 53574, 3333, 10.0.2.15, 192.168.56.101, 0010
[  961.118490]         INBOUND: 6, 3333, 53574, 192.168.56.101, 10.0.2.15, 0010
[  961.118598]        OUTBOUND: 6, 53574, 3333, 10.0.2.15, 192.168.56.101, 0010
[  961.120258]         INBOUND: 6, 3333, 53574, 192.168.56.101, 10.0.2.15, 0010
[  961.120294]        OUTBOUND: 6, 53574, 3333, 10.0.2.15, 192.168.56.101, 0010
[  961.120409]         INBOUND: 6, 3333, 53574, 192.168.56.101, 10.0.2.15, 0010
[  961.120518]        OUTBOUND: 6, 53574, 3333, 10.0.2.15, 192.168.56.101, 0010
[  961.122347]         INBOUND: 6, 3333, 53574, 192.168.56.101, 10.0.2.15, 0010
[  961.122493]         INBOUND: 6, 3333, 53574, 192.168.56.101, 10.0.2.15, 0010
[  961.122582]        OUTBOUND: 6, 53574, 3333, 10.0.2.15, 192.168.56.101, 0010
[  961.122597]        OUTBOUND: 6, 53574, 3333, 10.0.2.15, 192.168.56.101, 0010
[  961.125177]         INBOUND: 6, 3333, 53574, 192.168.56.101, 10.0.2.15, 0010
[  961.125212]        OUTBOUND: 6, 53574, 3333, 10.0.2.15, 192.168.56.101, 0010
[  961.125282]         INBOUND: 6, 3333, 53574, 192.168.56.101, 10.0.2.15, 0010
[  961.125306]        OUTBOUND: 6, 53574, 3333, 10.0.2.15, 192.168.56.101, 0010
[  961.127974]         INBOUND: 6, 3333, 53574, 192.168.56.101, 10.0.2.15, 0010
[  961.128016]        OUTBOUND: 6, 53574, 3333, 10.0.2.15, 192.168.56.101, 0010
[  961.128023]         INBOUND: 6, 3333, 53574, 192.168.56.101, 10.0.2.15, 0010
[  961.128042]        OUTBOUND: 6, 53574, 3333, 10.0.2.15, 192.168.56.101, 0010
[  961.130992]         INBOUND: 6, 3333, 53574, 192.168.56.101, 10.0.2.15, 0010
[  961.131012]         INBOUND: 6, 3333, 53574, 192.168.56.101, 10.0.2.15, 0010
[  961.131025]        OUTBOUND: 6, 53574, 3333, 10.0.2.15, 192.168.56.101, 0010
[  961.131041]        OUTBOUND: 6, 53574, 3333, 10.0.2.15, 192.168.56.101, 0010
[  961.132793]         INBOUND: 6, 3333, 53574, 192.168.56.101, 10.0.2.15, 0010
[  961.132836]        OUTBOUND: 6, 53574, 3333, 10.0.2.15, 192.168.56.101, 0010
[  961.132908]         INBOUND: 6, 3333, 53574, 192.168.56.101, 10.0.2.15, 0010
[  961.132951]        OUTBOUND: 6, 53574, 3333, 10.0.2.15, 192.168.56.101, 0010
[  961.135857]         INBOUND: 6, 3333, 53574, 192.168.56.101, 10.0.2.15, 0010
[  961.135876]         INBOUND: 6, 3333, 53574, 192.168.56.101, 10.0.2.15, 0010
[  961.135896]        OUTBOUND: 6, 53574, 3333, 10.0.2.15, 192.168.56.101, 0010
[  961.135908]        OUTBOUND: 6, 53574, 3333, 10.0.2.15, 192.168.56.101, 0010
[  961.138715]         INBOUND: 6, 3333, 53574, 192.168.56.101, 10.0.2.15, 0010
[  961.138757]        OUTBOUND: 6, 53574, 3333, 10.0.2.15, 192.168.56.101, 0010
[  961.138832]         INBOUND: 6, 3333, 53574, 192.168.56.101, 10.0.2.15, 0010
[  961.138875]        OUTBOUND: 6, 53574, 3333, 10.0.2.15, 192.168.56.101, 0010
[  961.141658]         INBOUND: 6, 3333, 53574, 192.168.56.101, 10.0.2.15, 0010
[  961.141762]        OUTBOUND: 6, 53574, 3333, 10.0.2.15, 192.168.56.101, 0010
[  961.141810]         INBOUND: 6, 3333, 53574, 192.168.56.101, 10.0.2.15, 0010
[  961.141895]        OUTBOUND: 6, 53574, 3333, 10.0.2.15, 192.168.56.101, 0010
[  961.143728]         INBOUND: 6, 3333, 53574, 192.168.56.101, 10.0.2.15, 0010
[  961.143837]        OUTBOUND: 6, 53574, 3333, 10.0.2.15, 192.168.56.101, 0010
[  961.143875]         INBOUND: 6, 3333, 53574, 192.168.56.101, 10.0.2.15, 0010
[  961.143923]        OUTBOUND: 6, 53574, 3333, 10.0.2.15, 192.168.56.101, 0010
[  961.146435]         INBOUND: 6, 3333, 53574, 192.168.56.101, 10.0.2.15, 0010
[  961.146470]        OUTBOUND: 6, 53574, 3333, 10.0.2.15, 192.168.56.101, 0010
[  961.149484]         INBOUND: 6, 3333, 53574, 192.168.56.101, 10.0.2.15, 0010
[  961.149499]         INBOUND: 6, 3333, 53574, 192.168.56.101, 10.0.2.15, 0010
[  961.149512]        OUTBOUND: 6, 53574, 3333, 10.0.2.15, 192.168.56.101, 0010
[  961.149578]         INBOUND: 6, 3333, 53574, 192.168.56.101, 10.0.2.15, 0010
[  961.149600]        OUTBOUND: 6, 53574, 3333, 10.0.2.15, 192.168.56.101, 0010
[  961.152445]         INBOUND: 6, 3333, 53574, 192.168.56.101, 10.0.2.15, 0010
[  961.152502]         INBOUND: 6, 3333, 53574, 192.168.56.101, 10.0.2.15, 0010
[  961.152520]        OUTBOUND: 6, 53574, 3333, 10.0.2.15, 192.168.56.101, 0010
[  961.152534]        OUTBOUND: 6, 53574, 3333, 10.0.2.15, 192.168.56.101, 0010
[  961.155371]         INBOUND: 6, 3333, 53574, 192.168.56.101, 10.0.2.15, 0010
[  961.155390]         INBOUND: 6, 3333, 53574, 192.168.56.101, 10.0.2.15, 0010
[  961.155460]        OUTBOUND: 6, 53574, 3333, 10.0.2.15, 192.168.56.101, 0010
[  961.155474]        OUTBOUND: 6, 53574, 3333, 10.0.2.15, 192.168.56.101, 0010
[  961.158318]         INBOUND: 6, 3333, 53574, 192.168.56.101, 10.0.2.15, 0010
[  961.158341]         INBOUND: 6, 3333, 53574, 192.168.56.101, 10.0.2.15, 0010
[  961.158400]        OUTBOUND: 6, 53574, 3333, 10.0.2.15, 192.168.56.101, 0010
[  961.158415]        OUTBOUND: 6, 53574, 3333, 10.0.2.15, 192.168.56.101, 0010
[  961.161272]         INBOUND: 6, 3333, 53574, 192.168.56.101, 10.0.2.15, 0010
[  961.161343]        OUTBOUND: 6, 53574, 3333, 10.0.2.15, 192.168.56.101, 0010
[  961.161352]         INBOUND: 6, 3333, 53574, 192.168.56.101, 10.0.2.15, 0010
[  961.161369]        OUTBOUND: 6, 53574, 3333, 10.0.2.15, 192.168.56.101, 0010
[  961.164210]         INBOUND: 6, 3333, 53574, 192.168.56.101, 10.0.2.15, 0010
[  961.164284]         INBOUND: 6, 3333, 53574, 192.168.56.101, 10.0.2.15, 0010
[  961.164293]        OUTBOUND: 6, 53574, 3333, 10.0.2.15, 192.168.56.101, 0010
[  961.164306]        OUTBOUND: 6, 53574, 3333, 10.0.2.15, 192.168.56.101, 0010
[  961.167150]         INBOUND: 6, 3333, 53574, 192.168.56.101, 10.0.2.15, 0010
[  961.167188]        OUTBOUND: 6, 53574, 3333, 10.0.2.15, 192.168.56.101, 0010
[  961.167231]         INBOUND: 6, 3333, 53574, 192.168.56.101, 10.0.2.15, 0010
[  961.167256]        OUTBOUND: 6, 53574, 3333, 10.0.2.15, 192.168.56.101, 0010
[  961.171084]         INBOUND: 6, 3333, 53574, 192.168.56.101, 10.0.2.15, 0010
[  961.171105]         INBOUND: 6, 3333, 53574, 192.168.56.101, 10.0.2.15, 0010
[  961.171178]        OUTBOUND: 6, 53574, 3333, 10.0.2.15, 192.168.56.101, 0010
[  961.171194]        OUTBOUND: 6, 53574, 3333, 10.0.2.15, 192.168.56.101, 0010
[  961.175105]         INBOUND: 6, 3333, 53574, 192.168.56.101, 10.0.2.15, 0010
[  961.175161]        OUTBOUND: 6, 53574, 3333, 10.0.2.15, 192.168.56.101, 0010
[  961.175180]         INBOUND: 6, 3333, 53574, 192.168.56.101, 10.0.2.15, 0010
[  961.175226]        OUTBOUND: 6, 53574, 3333, 10.0.2.15, 192.168.56.101, 0010
[  961.177907]         INBOUND: 6, 3333, 53574, 192.168.56.101, 10.0.2.15, 0010
[  961.177996]        OUTBOUND: 6, 53574, 3333, 10.0.2.15, 192.168.56.101, 0010
[  961.177998]         INBOUND: 6, 3333, 53574, 192.168.56.101, 10.0.2.15, 0010
[  961.178032]        OUTBOUND: 6, 53574, 3333, 10.0.2.15, 192.168.56.101, 0010
[  961.180851]         INBOUND: 6, 3333, 53574, 192.168.56.101, 10.0.2.15, 0010
[  961.180870]         INBOUND: 6, 3333, 53574, 192.168.56.101, 10.0.2.15, 0010
[  961.180929]        OUTBOUND: 6, 53574, 3333, 10.0.2.15, 192.168.56.101, 0010
[  961.180944]        OUTBOUND: 6, 53574, 3333, 10.0.2.15, 192.168.56.101, 0010
[  961.184723]         INBOUND: 6, 3333, 53574, 192.168.56.101, 10.0.2.15, 0010
[  961.184764]        OUTBOUND: 6, 53574, 3333, 10.0.2.15, 192.168.56.101, 0010
[  961.184828]         INBOUND: 6, 3333, 53574, 192.168.56.101, 10.0.2.15, 0010
[  961.184875]        OUTBOUND: 6, 53574, 3333, 10.0.2.15, 192.168.56.101, 0010
[  961.187614]         INBOUND: 6, 3333, 53574, 192.168.56.101, 10.0.2.15, 0010
[  961.187670]         INBOUND: 6, 3333, 53574, 192.168.56.101, 10.0.2.15, 0010
[  961.187719]        OUTBOUND: 6, 53574, 3333, 10.0.2.15, 192.168.56.101, 0010
[  961.187733]        OUTBOUND: 6, 53574, 3333, 10.0.2.15, 192.168.56.101, 0010
[  961.190648]         INBOUND: 6, 3333, 53574, 192.168.56.101, 10.0.2.15, 0010
[  961.190686]        OUTBOUND: 6, 53574, 3333, 10.0.2.15, 192.168.56.101, 0010
[  961.190810]         INBOUND: 6, 3333, 53574, 192.168.56.101, 10.0.2.15, 0010
[  961.190841]        OUTBOUND: 6, 53574, 3333, 10.0.2.15, 192.168.56.101, 0010
[  961.193462]         INBOUND: 6, 3333, 53574, 192.168.56.101, 10.0.2.15, 0010
[  961.193512]        OUTBOUND: 6, 53574, 3333, 10.0.2.15, 192.168.56.101, 0010
[  961.193582]         INBOUND: 6, 3333, 53574, 192.168.56.101, 10.0.2.15, 0010
[  961.193614]        OUTBOUND: 6, 53574, 3333, 10.0.2.15, 192.168.56.101, 0010
[  961.196469]         INBOUND: 6, 3333, 53574, 192.168.56.101, 10.0.2.15, 0010
[  961.196488]         INBOUND: 6, 3333, 53574, 192.168.56.101, 10.0.2.15, 0010
[  961.196552]        OUTBOUND: 6, 53574, 3333, 10.0.2.15, 192.168.56.101, 0010
[  961.196569]        OUTBOUND: 6, 53574, 3333, 10.0.2.15, 192.168.56.101, 0010
[  961.200392]         INBOUND: 6, 3333, 53574, 192.168.56.101, 10.0.2.15, 0010
[  961.200498]         INBOUND: 6, 3333, 53574, 192.168.56.101, 10.0.2.15, 0010
[  961.200508]        OUTBOUND: 6, 53574, 3333, 10.0.2.15, 192.168.56.101, 0010
[  961.200525]        OUTBOUND: 6, 53574, 3333, 10.0.2.15, 192.168.56.101, 0010
[  961.203228]         INBOUND: 6, 3333, 53574, 192.168.56.101, 10.0.2.15, 0010
[  961.203298]        OUTBOUND: 6, 53574, 3333, 10.0.2.15, 192.168.56.101, 0010
[  961.203317]         INBOUND: 6, 3333, 53574, 192.168.56.101, 10.0.2.15, 0010
[  961.203332]        OUTBOUND: 6, 53574, 3333, 10.0.2.15, 192.168.56.101, 0010
[  961.205248]         INBOUND: 6, 3333, 53574, 192.168.56.101, 10.0.2.15, 0010
[  961.205282]        OUTBOUND: 6, 53574, 3333, 10.0.2.15, 192.168.56.101, 0010
[  961.205362]         INBOUND: 6, 3333, 53574, 192.168.56.101, 10.0.2.15, 0010
[  961.205433]        OUTBOUND: 6, 53574, 3333, 10.0.2.15, 192.168.56.101, 0010
[  961.207207]         INBOUND: 6, 3333, 53574, 192.168.56.101, 10.0.2.15, 0010
[  961.207245]        OUTBOUND: 6, 53574, 3333, 10.0.2.15, 192.168.56.101, 0010
[  961.207326]         INBOUND: 6, 3333, 53574, 192.168.56.101, 10.0.2.15, 0010
[  961.207370]        OUTBOUND: 6, 53574, 3333, 10.0.2.15, 192.168.56.101, 0010
[  961.210153]         INBOUND: 6, 3333, 53574, 192.168.56.101, 10.0.2.15, 0010
[  961.210255]        OUTBOUND: 6, 53574, 3333, 10.0.2.15, 192.168.56.101, 0010
[  961.212879]         INBOUND: 6, 3333, 53578, 192.168.56.101, 10.0.2.15, 0010
[  961.212896]         INBOUND: 6, 3333, 53574, 192.168.56.101, 10.0.2.15, 0010
[  961.212904]         INBOUND: 6, 3333, 53574, 192.168.56.101, 10.0.2.15, 0110
[  961.212927]        OUTBOUND: 6, 53578, 3333, 10.0.2.15, 192.168.56.101, 0010
[  961.212976]        OUTBOUND: 6, 53574, 3333, 10.0.2.15, 192.168.56.101, 0110
[  961.213302]         INBOUND: 6, 3333, 53574, 192.168.56.101, 10.0.2.15, 0010
[  961.213591]         INBOUND: 6, 3333, 53578, 192.168.56.101, 10.0.2.15, 0010
[  961.213628]        OUTBOUND: 6, 53578, 3333, 10.0.2.15, 192.168.56.101, 0010
[  961.213741]         INBOUND: 6, 3333, 53578, 192.168.56.101, 10.0.2.15, 0010
[  961.213745]        OUTBOUND: 6, 53578, 3333, 10.0.2.15, 192.168.56.101, 0010
[  961.216973]         INBOUND: 6, 3333, 53578, 192.168.56.101, 10.0.2.15, 0010
[  961.216990]        OUTBOUND: 6, 53578, 3333, 10.0.2.15, 192.168.56.101, 0010
[  961.217044]         INBOUND: 6, 3333, 53578, 192.168.56.101, 10.0.2.15, 0010
[  961.217059]        OUTBOUND: 6, 53578, 3333, 10.0.2.15, 192.168.56.101, 0010
[  961.219915]         INBOUND: 6, 3333, 53578, 192.168.56.101, 10.0.2.15, 0010
[  961.219930]         INBOUND: 6, 3333, 53578, 192.168.56.101, 10.0.2.15, 0010
[  961.219955]        OUTBOUND: 6, 53578, 3333, 10.0.2.15, 192.168.56.101, 0010
[  961.219965]        OUTBOUND: 6, 53578, 3333, 10.0.2.15, 192.168.56.101, 0010
[  961.223829]         INBOUND: 6, 3333, 53578, 192.168.56.101, 10.0.2.15, 0010
[  961.223930]        OUTBOUND: 6, 53578, 3333, 10.0.2.15, 192.168.56.101, 0010
[  961.223981]         INBOUND: 6, 3333, 53578, 192.168.56.101, 10.0.2.15, 0010
[  961.223997]        OUTBOUND: 6, 53578, 3333, 10.0.2.15, 192.168.56.101, 0010
[  961.226724]         INBOUND: 6, 3333, 53578, 192.168.56.101, 10.0.2.15, 0010
[  961.226744]        OUTBOUND: 6, 53578, 3333, 10.0.2.15, 192.168.56.101, 0010
[  961.226838]         INBOUND: 6, 3333, 53578, 192.168.56.101, 10.0.2.15, 0010
[  961.226870]        OUTBOUND: 6, 53578, 3333, 10.0.2.15, 192.168.56.101, 0010
[  961.229618]         INBOUND: 6, 3333, 53578, 192.168.56.101, 10.0.2.15, 0010
[  961.229644]        OUTBOUND: 6, 53578, 3333, 10.0.2.15, 192.168.56.101, 0010
[  961.229776]         INBOUND: 6, 3333, 53578, 192.168.56.101, 10.0.2.15, 0010
[  961.229797]        OUTBOUND: 6, 53578, 3333, 10.0.2.15, 192.168.56.101, 0010
[  961.232776]         INBOUND: 6, 3333, 53578, 192.168.56.101, 10.0.2.15, 0010
[  961.232831]         INBOUND: 6, 3333, 53578, 192.168.56.101, 10.0.2.15, 0010
[  961.232882]        OUTBOUND: 6, 53578, 3333, 10.0.2.15, 192.168.56.101, 0010
[  961.232891]        OUTBOUND: 6, 53578, 3333, 10.0.2.15, 192.168.56.101, 0010
[  961.235516]         INBOUND: 6, 3333, 53578, 192.168.56.101, 10.0.2.15, 0010
[  961.235548]        OUTBOUND: 6, 53578, 3333, 10.0.2.15, 192.168.56.101, 0010
[  961.235620]         INBOUND: 6, 3333, 53578, 192.168.56.101, 10.0.2.15, 0010
[  961.235652]        OUTBOUND: 6, 53578, 3333, 10.0.2.15, 192.168.56.101, 0010
[  961.239434]         INBOUND: 6, 3333, 53578, 192.168.56.101, 10.0.2.15, 0010
[  961.239450]         INBOUND: 6, 3333, 53578, 192.168.56.101, 10.0.2.15, 0010
[  961.239474]        OUTBOUND: 6, 53578, 3333, 10.0.2.15, 192.168.56.101, 0010
[  961.239484]        OUTBOUND: 6, 53578, 3333, 10.0.2.15, 192.168.56.101, 0010
[  961.242729]         INBOUND: 6, 3333, 53578, 192.168.56.101, 10.0.2.15, 0010
[  961.242814]        OUTBOUND: 6, 53578, 3333, 10.0.2.15, 192.168.56.101, 0010
[  961.242844]         INBOUND: 6, 3333, 53578, 192.168.56.101, 10.0.2.15, 0010
[  961.242876]        OUTBOUND: 6, 53578, 3333, 10.0.2.15, 192.168.56.101, 0010
[  961.245248]         INBOUND: 6, 3333, 53578, 192.168.56.101, 10.0.2.15, 0010
[  961.245263]        OUTBOUND: 6, 53578, 3333, 10.0.2.15, 192.168.56.101, 0010
[  961.245407]         INBOUND: 6, 3333, 53578, 192.168.56.101, 10.0.2.15, 0010
[  961.245424]        OUTBOUND: 6, 53578, 3333, 10.0.2.15, 192.168.56.101, 0010
[  961.249177]         INBOUND: 6, 3333, 53578, 192.168.56.101, 10.0.2.15, 0010
[  961.249192]         INBOUND: 6, 3333, 53578, 192.168.56.101, 10.0.2.15, 0010
[  961.249233]        OUTBOUND: 6, 53578, 3333, 10.0.2.15, 192.168.56.101, 0010
[  961.249243]        OUTBOUND: 6, 53578, 3333, 10.0.2.15, 192.168.56.101, 0010
[  961.251529]         INBOUND: 6, 3333, 53578, 192.168.56.101, 10.0.2.15, 0010
[  961.251545]        OUTBOUND: 6, 53578, 3333, 10.0.2.15, 192.168.56.101, 0010
[  961.251582]         INBOUND: 6, 3333, 53578, 192.168.56.101, 10.0.2.15, 0010
[  961.251594]        OUTBOUND: 6, 53578, 3333, 10.0.2.15, 192.168.56.101, 0010
[  961.255166]         INBOUND: 6, 3333, 53578, 192.168.56.101, 10.0.2.15, 0010
[  961.255171]         INBOUND: 6, 3333, 53578, 192.168.56.101, 10.0.2.15, 0010
[  961.255184]        OUTBOUND: 6, 53578, 3333, 10.0.2.15, 192.168.56.101, 0010
[  961.255193]        OUTBOUND: 6, 53578, 3333, 10.0.2.15, 192.168.56.101, 0010
[  961.257989]         INBOUND: 6, 3333, 53578, 192.168.56.101, 10.0.2.15, 0010
[  961.258058]        OUTBOUND: 6, 53578, 3333, 10.0.2.15, 192.168.56.101, 0010
[  961.258124]         INBOUND: 6, 3333, 53578, 192.168.56.101, 10.0.2.15, 0010
[  961.258146]        OUTBOUND: 6, 53578, 3333, 10.0.2.15, 192.168.56.101, 0010
[  961.260972]         INBOUND: 6, 3333, 53578, 192.168.56.101, 10.0.2.15, 0010
[  961.260994]        OUTBOUND: 6, 53578, 3333, 10.0.2.15, 192.168.56.101, 0010
[  961.261050]         INBOUND: 6, 3333, 53578, 192.168.56.101, 10.0.2.15, 0010
[  961.261063]        OUTBOUND: 6, 53578, 3333, 10.0.2.15, 192.168.56.101, 0010
[  961.264869]         INBOUND: 6, 3333, 53578, 192.168.56.101, 10.0.2.15, 0010
[  961.264902]        OUTBOUND: 6, 53578, 3333, 10.0.2.15, 192.168.56.101, 0010
[  961.264946]         INBOUND: 6, 3333, 53578, 192.168.56.101, 10.0.2.15, 0010
[  961.265066]        OUTBOUND: 6, 53578, 3333, 10.0.2.15, 192.168.56.101, 0010
[  961.268664]         INBOUND: 6, 3333, 53578, 192.168.56.101, 10.0.2.15, 0010
[  961.268715]        OUTBOUND: 6, 53578, 3333, 10.0.2.15, 192.168.56.101, 0010
[  961.268880]         INBOUND: 6, 3333, 53578, 192.168.56.101, 10.0.2.15, 0010
[  961.268915]        OUTBOUND: 6, 53578, 3333, 10.0.2.15, 192.168.56.101, 0010
[  961.270741]         INBOUND: 6, 3333, 53578, 192.168.56.101, 10.0.2.15, 0010
[  961.270771]        OUTBOUND: 6, 53578, 3333, 10.0.2.15, 192.168.56.101, 0010
[  961.270879]         INBOUND: 6, 3333, 53578, 192.168.56.101, 10.0.2.15, 0010
[  961.270921]        OUTBOUND: 6, 53578, 3333, 10.0.2.15, 192.168.56.101, 0010
[  961.273672]         INBOUND: 6, 3333, 53578, 192.168.56.101, 10.0.2.15, 0010
[  961.273764]        OUTBOUND: 6, 53578, 3333, 10.0.2.15, 192.168.56.101, 0010
[  961.273813]         INBOUND: 6, 3333, 53578, 192.168.56.101, 10.0.2.15, 0010
[  961.273861]        OUTBOUND: 6, 53578, 3333, 10.0.2.15, 192.168.56.101, 0010
[  961.276580]         INBOUND: 6, 3333, 53578, 192.168.56.101, 10.0.2.15, 0010
[  961.276596]        OUTBOUND: 6, 53578, 3333, 10.0.2.15, 192.168.56.101, 0010
[  961.276687]         INBOUND: 6, 3333, 53578, 192.168.56.101, 10.0.2.15, 0010
[  961.276724]        OUTBOUND: 6, 53578, 3333, 10.0.2.15, 192.168.56.101, 0010
[  961.279421]         INBOUND: 6, 3333, 53578, 192.168.56.101, 10.0.2.15, 0010
[  961.279451]        OUTBOUND: 6, 53578, 3333, 10.0.2.15, 192.168.56.101, 0010
[  961.279565]         INBOUND: 6, 3333, 53578, 192.168.56.101, 10.0.2.15, 0010
[  961.279592]        OUTBOUND: 6, 53578, 3333, 10.0.2.15, 192.168.56.101, 0010
[  961.281542]         INBOUND: 6, 3333, 53578, 192.168.56.101, 10.0.2.15, 0010
[  961.281583]        OUTBOUND: 6, 53578, 3333, 10.0.2.15, 192.168.56.101, 0010
[  961.281724]         INBOUND: 6, 3333, 53578, 192.168.56.101, 10.0.2.15, 0010
[  961.281757]        OUTBOUND: 6, 53578, 3333, 10.0.2.15, 192.168.56.101, 0010
[  961.284420]         INBOUND: 6, 3333, 53578, 192.168.56.101, 10.0.2.15, 0010
[  961.284439]        OUTBOUND: 6, 53578, 3333, 10.0.2.15, 192.168.56.101, 0010
[  961.284486]         INBOUND: 6, 3333, 53578, 192.168.56.101, 10.0.2.15, 0010
[  961.284499]        OUTBOUND: 6, 53578, 3333, 10.0.2.15, 192.168.56.101, 0010
[  961.288318]         INBOUND: 6, 3333, 53578, 192.168.56.101, 10.0.2.15, 0010
[  961.288350]        OUTBOUND: 6, 53578, 3333, 10.0.2.15, 192.168.56.101, 0010
[  961.288433]         INBOUND: 6, 3333, 53578, 192.168.56.101, 10.0.2.15, 0010
[  961.288452]        OUTBOUND: 6, 53578, 3333, 10.0.2.15, 192.168.56.101, 0010
[  961.292189]         INBOUND: 6, 3333, 53578, 192.168.56.101, 10.0.2.15, 0010
[  961.292240]        OUTBOUND: 6, 53578, 3333, 10.0.2.15, 192.168.56.101, 0010
[  961.292368]         INBOUND: 6, 3333, 53578, 192.168.56.101, 10.0.2.15, 0010
[  961.292411]        OUTBOUND: 6, 53578, 3333, 10.0.2.15, 192.168.56.101, 0010
[  961.294185]         INBOUND: 6, 3333, 53578, 192.168.56.101, 10.0.2.15, 0010
[  961.294233]        OUTBOUND: 6, 53578, 3333, 10.0.2.15, 192.168.56.101, 0010
[  961.294322]         INBOUND: 6, 3333, 53578, 192.168.56.101, 10.0.2.15, 0010
[  961.294370]        OUTBOUND: 6, 53578, 3333, 10.0.2.15, 192.168.56.101, 0010
[  961.296134]         INBOUND: 6, 3333, 53578, 192.168.56.101, 10.0.2.15, 0010
[  961.296150]        OUTBOUND: 6, 53578, 3333, 10.0.2.15, 192.168.56.101, 0010
[  961.296191]         INBOUND: 6, 3333, 53578, 192.168.56.101, 10.0.2.15, 0010
[  961.296251]        OUTBOUND: 6, 53578, 3333, 10.0.2.15, 192.168.56.101, 0010
[  961.298966]         INBOUND: 6, 3333, 53578, 192.168.56.101, 10.0.2.15, 0010
[  961.298995]        OUTBOUND: 6, 53578, 3333, 10.0.2.15, 192.168.56.101, 0010
[  961.299174]         INBOUND: 6, 3333, 53578, 192.168.56.101, 10.0.2.15, 0010
[  961.299191]        OUTBOUND: 6, 53578, 3333, 10.0.2.15, 192.168.56.101, 0010
[  961.301969]         INBOUND: 6, 3333, 53578, 192.168.56.101, 10.0.2.15, 0010
[  961.302015]        OUTBOUND: 6, 53578, 3333, 10.0.2.15, 192.168.56.101, 0010
[  961.302159]         INBOUND: 6, 3333, 53578, 192.168.56.101, 10.0.2.15, 0010
[  961.302195]        OUTBOUND: 6, 53578, 3333, 10.0.2.15, 192.168.56.101, 0010
[  961.303934]         INBOUND: 6, 3333, 53578, 192.168.56.101, 10.0.2.15, 0010
[  961.303950]        OUTBOUND: 6, 53578, 3333, 10.0.2.15, 192.168.56.101, 0010
[  961.304122]         INBOUND: 6, 3333, 53578, 192.168.56.101, 10.0.2.15, 0010
[  961.304141]        OUTBOUND: 6, 53578, 3333, 10.0.2.15, 192.168.56.101, 0010
[  961.307970]         INBOUND: 6, 3333, 53578, 192.168.56.101, 10.0.2.15, 0010
[  961.308018]        OUTBOUND: 6, 53578, 3333, 10.0.2.15, 192.168.56.101, 0010
[  961.308172]         INBOUND: 6, 3333, 53578, 192.168.56.101, 10.0.2.15, 0010
[  961.308266]        OUTBOUND: 6, 53578, 3333, 10.0.2.15, 192.168.56.101, 0010
[  961.310763]         INBOUND: 6, 3333, 53578, 192.168.56.101, 10.0.2.15, 0010
[  961.310794]        OUTBOUND: 6, 53578, 3333, 10.0.2.15, 192.168.56.101, 0010
[  961.310877]         INBOUND: 6, 3333, 53578, 192.168.56.101, 10.0.2.15, 0010
[  961.310915]        OUTBOUND: 6, 53578, 3333, 10.0.2.15, 192.168.56.101, 0010
[  961.314665]         INBOUND: 6, 3333, 53578, 192.168.56.101, 10.0.2.15, 0010
[  961.314694]        OUTBOUND: 6, 53578, 3333, 10.0.2.15, 192.168.56.101, 0010
[  961.314871]         INBOUND: 6, 3333, 53578, 192.168.56.101, 10.0.2.15, 0010
[  961.314888]        OUTBOUND: 6, 53578, 3333, 10.0.2.15, 192.168.56.101, 0010
[  961.318677]         INBOUND: 6, 3333, 53578, 192.168.56.101, 10.0.2.15, 0010
[  961.318683]         INBOUND: 6, 3333, 53578, 192.168.56.101, 10.0.2.15, 0010
