[    0.000000] ACPI: IRQ0 used by override.
[    0.000000] ACPI: IRQ9 used by override.
[    0.000000] Using ACPI (MADT) for SMP configuration information
[    0.000000] smpboot: Allowing 6 CPUs, 0 hotplug CPUs
[    0.000000] PM: Registered nosave memory: [mem 0x00000000-0x00000fff]
[    0.000000] PM: Registered nosave memory: [mem 0x0009f000-0x0009ffff]
[    0.000000] PM: Registered nosave memory: [mem 0x000a0000-0x000effff]
[    0.000000] PM: Registered nosave memory: [mem 0x000f0000-0x000fffff]
[    0.000000] PM: Registered nosave memory: [mem 0xdfff0000-0xdfffffff]
[    0.000000] PM: Registered nosave memory: [mem 0xe0000000-0xfebfffff]
[    0.000000] PM: Registered nosave memory: [mem 0xfec00000-0xfec00fff]
[    0.000000] PM: Registered nosave memory: [mem 0xfec01000-0xfedfffff]
[    0.000000] PM: Registered nosave memory: [mem 0xfee00000-0xfee00fff]
[    0.000000] PM: Registered nosave memory: [mem 0xfee01000-0xfffbffff]
[    0.000000] PM: Registered nosave memory: [mem 0xfffc0000-0xffffffff]
[    0.000000] e820: [mem 0xe0000000-0xfebfffff] available for PCI devices
[    0.000000] Booting paravirtualized kernel on KVM
[    0.000000] clocksource: refined-jiffies: mask: 0xffffffff max_cycles: 0xffffffff, max_idle_ns: 7645519600211568 ns
[    0.000000] setup_percpu: NR_CPUS:8192 nr_cpumask_bits:6 nr_cpu_ids:6 nr_node_ids:1
[    0.000000] PERCPU: Embedded 33 pages/cpu @ffff88011fc00000 s96792 r8192 d30184 u262144
[    0.000000] pcpu-alloc: s96792 r8192 d30184 u262144 alloc=1*2097152
[    0.000000] pcpu-alloc: [0] 0 1 2 3 4 5 - - 
[    0.000000] PV qspinlock hash table entries: 256 (order: 0, 4096 bytes)
[    0.000000] Built 1 zonelists in Node order, mobility grouping on.  Total pages: 1032057
[    0.000000] Policy zone: Normal
[    0.000000] Kernel command line: BOOT_IMAGE=/boot/vmlinuz-4.4.0 root=UUID=50f7fe7a-aa2e-467b-a381-d1b2d3456cc5 ro quiet splash
[    0.000000] PID hash table entries: 4096 (order: 3, 32768 bytes)
[    0.000000] Calgary: detecting Calgary via BIOS EBDA area
[    0.000000] Calgary: Unable to locate Rio Grande table in EBDA - bailing!
[    0.000000] Memory: 3753700K/4193848K available (8371K kernel code, 1476K rwdata, 3856K rodata, 1844K init, 3492K bss, 440148K reserved, 0K cma-reserved)
[    0.000000] SLUB: HWalign=64, Order=0-3, MinObjects=0, CPUs=6, Nodes=1
[    0.000000] Hierarchical RCU implementation.
[    0.000000] 	Build-time adjustment of leaf fanout to 64.
[    0.000000] 	RCU restricting CPUs from NR_CPUS=8192 to nr_cpu_ids=6.
[    0.000000] RCU: Adjusting geometry for rcu_fanout_leaf=64, nr_cpu_ids=6
[    0.000000] NR_IRQS:524544 nr_irqs:472 16
[    0.000000] Console: colour VGA+ 80x25
[    0.000000] console [tty0] enabled
[    0.000000] tsc: Detected 1608.001 MHz processor
[    0.060482] Calibrating delay loop (skipped) preset value.. 3216.00 BogoMIPS (lpj=6432004)
[    0.060485] pid_max: default: 32768 minimum: 301
[    0.060489] ACPI: Core revision 20150930
[    0.061938] ACPI: 2 ACPI AML tables successfully acquired and loaded
[    0.061953] Security Framework initialized
[    0.061954] Yama: becoming mindful.
[    0.061959] AppArmor: AppArmor initialized
[    0.062338] Dentry cache hash table entries: 524288 (order: 10, 4194304 bytes)
[    0.063302] Inode-cache hash table entries: 262144 (order: 9, 2097152 bytes)
[    0.063580] Mount-cache hash table entries: 8192 (order: 4, 65536 bytes)
[    0.063584] Mountpoint-cache hash table entries: 8192 (order: 4, 65536 bytes)
[    0.063698] Initializing cgroup subsys io
[    0.063700] Initializing cgroup subsys memory
[    0.063704] Initializing cgroup subsys devices
[    0.063705] Initializing cgroup subsys freezer
[    0.063706] Initializing cgroup subsys net_cls
[    0.063708] Initializing cgroup subsys perf_event
[    0.063709] Initializing cgroup subsys net_prio
[    0.063710] Initializing cgroup subsys hugetlb
[    0.063712] Initializing cgroup subsys pids
[    0.063790] CPU: Physical Processor ID: 0
[    0.063791] CPU: Processor Core ID: 0
[    0.064851] mce: CPU supports 0 MCE banks
[    0.064875] Last level iTLB entries: 4KB 64, 2MB 8, 4MB 8
[    0.064876] Last level dTLB entries: 4KB 64, 2MB 0, 4MB 0, 1GB 4
[    0.066780] Freeing SMP alternatives memory: 28K (ffffffff8213f000 - ffffffff82146000)
[    0.075291] ftrace: allocating 31768 entries in 125 pages
[    0.118798] x2apic enabled
[    0.119012] Switched APIC routing to physical x2apic.
[    0.120016] ..TIMER: vector=0x30 apic1=0 pin1=2 apic2=-1 pin2=-1
[    0.225391] smpboot: CPU0: Intel(R) Core(TM) i7-10710U CPU @ 1.10GHz (family: 0x6, model: 0xa6, stepping: 0x0)
[    0.225432] Performance Events: unsupported p6 CPU model 166 no PMU driver, software events only.
[    0.225443] KVM setup paravirtual spinlock
[    0.226369] x86: Booting SMP configuration:
[    0.226372] .... node  #0, CPUs:      #1
[    0.226570] kvm-clock: cpu 1, msr 1:1ff5a041, secondary cpu clock
[    0.227732] mce: CPU supports 0 MCE banks
[    0.229828]  #2
[    0.230004] kvm-clock: cpu 2, msr 1:1ff5a081, secondary cpu clock
[    0.231180] mce: CPU supports 0 MCE banks
[    0.233470]  #3
[    0.233471] kvm-clock: cpu 3, msr 1:1ff5a0c1, secondary cpu clock
[    0.234649] mce: CPU supports 0 MCE banks
[    0.236879]  #4
[    0.236879] kvm-clock: cpu 4, msr 1:1ff5a101, secondary cpu clock
[    0.238000] mce: CPU supports 0 MCE banks
[    0.240231]  #5
[    0.240231] kvm-clock: cpu 5, msr 1:1ff5a141, secondary cpu clock
[    0.241353] mce: CPU supports 0 MCE banks
[    0.243416] x86: Booted up 1 node, 6 CPUs
[    0.243420] smpboot: Total of 6 processors activated (19296.01 BogoMIPS)
[    0.243821] devtmpfs: initialized
[    0.245540] evm: security.selinux
[    0.245541] evm: security.SMACK64
[    0.245542] evm: security.SMACK64EXEC
[    0.245543] evm: security.SMACK64TRANSMUTE
[    0.245543] evm: security.SMACK64MMAP
[    0.245544] evm: security.ima
[    0.245544] evm: security.capability
[    0.245756] clocksource: jiffies: mask: 0xffffffff max_cycles: 0xffffffff, max_idle_ns: 7645041785100000 ns
[    0.245936] pinctrl core: initialized pinctrl subsystem
[    0.246017] RTC time: 15:07:39, date: 12/17/20
[    0.246090] NET: Registered protocol family 16
[    0.258592] cpuidle: using governor ladder
[    0.269660] cpuidle: using governor menu
[    0.269667] PCCT header not found.
[    0.269725] ACPI: bus type PCI registered
[    0.269726] acpiphp: ACPI Hot Plug PCI Controller Driver version: 0.5
[    0.269816] PCI: Using configuration type 1 for base access
[    0.282362] ACPI: Added _OSI(Module Device)
[    0.282364] ACPI: Added _OSI(Processor Device)
[    0.282365] ACPI: Added _OSI(3.0 _SCP Extensions)
[    0.282366] ACPI: Added _OSI(Processor Aggregator Device)
[    0.282970] ACPI: Executed 1 blocks of module-level executable AML code
[    0.285190] ACPI: Interpreter enabled
[    0.285194] ACPI Exception: AE_NOT_FOUND, While evaluating Sleep State [\_S1_] (20150930/hwxface-580)
[    0.285196] ACPI Exception: AE_NOT_FOUND, While evaluating Sleep State [\_S2_] (20150930/hwxface-580)
[    0.285198] ACPI Exception: AE_NOT_FOUND, While evaluating Sleep State [\_S3_] (20150930/hwxface-580)
[    0.285200] ACPI Exception: AE_NOT_FOUND, While evaluating Sleep State [\_S4_] (20150930/hwxface-580)
[    0.285204] ACPI: (supports S0 S5)
[    0.285205] ACPI: Using IOAPIC for interrupt routing
[    0.285369] PCI: Using host bridge windows from ACPI; if necessary, use "pci=nocrs" and report a bug
[    0.289145] ACPI: PCI Root Bridge [PCI0] (domain 0000 [bus 00-ff])
[    0.289149] acpi PNP0A03:00: _OSC: OS supports [ASPM ClockPM Segments MSI]
[    0.289491] acpi PNP0A03:00: _OSC: not requesting OS control; OS requires [ExtendedConfig ASPM ClockPM MSI]
[    0.289498] acpi PNP0A03:00: fail to add MMCONFIG information, can't access extended PCI configuration space under this bridge.
[    0.289812] PCI host bridge to bus 0000:00
[    0.289815] pci_bus 0000:00: root bus resource [io  0x0000-0x0cf7 window]
[    0.289816] pci_bus 0000:00: root bus resource [io  0x0d00-0xffff window]
[    0.289817] pci_bus 0000:00: root bus resource [mem 0x000a0000-0x000bffff window]
[    0.289818] pci_bus 0000:00: root bus resource [mem 0xe0000000-0xfdffffff window]
[    0.289820] pci_bus 0000:00: root bus resource [bus 00-ff]
[    0.289853] pci 0000:00:00.0: [8086:1237] type 00 class 0x060000
[    0.290331] pci 0000:00:01.0: [8086:7000] type 00 class 0x060100
[    0.290905] pci 0000:00:01.1: [8086:7111] type 00 class 0x01018a
[    0.291416] pci 0000:00:01.1: reg 0x20: [io  0xd000-0xd00f]
[    0.291602] pci 0000:00:01.1: legacy IDE quirk: reg 0x10: [io  0x01f0-0x01f7]
[    0.291604] pci 0000:00:01.1: legacy IDE quirk: reg 0x14: [io  0x03f6]
[    0.291605] pci 0000:00:01.1: legacy IDE quirk: reg 0x18: [io  0x0170-0x0177]
[    0.291606] pci 0000:00:01.1: legacy IDE quirk: reg 0x1c: [io  0x0376]
[    0.291845] pci 0000:00:02.0: [15ad:0405] type 00 class 0x030000
[    0.294847] pci 0000:00:02.0: reg 0x10: [io  0xd010-0xd01f]
[    0.296945] pci 0000:00:02.0: reg 0x14: [mem 0xe0000000-0xe0ffffff pref]
[    0.298859] pci 0000:00:02.0: reg 0x18: [mem 0xf0000000-0xf01fffff]
[    0.305738] pci 0000:00:03.0: [8086:100e] type 00 class 0x020000
[    0.307196] pci 0000:00:03.0: reg 0x10: [mem 0xf0200000-0xf021ffff]
[    0.312033] pci 0000:00:03.0: reg 0x18: [io  0xd020-0xd027]
[    0.319346] pci 0000:00:04.0: [80ee:cafe] type 00 class 0x088000
[    0.320733] pci 0000:00:04.0: reg 0x10: [io  0xd040-0xd05f]
[    0.322119] pci 0000:00:04.0: reg 0x14: [mem 0xf0400000-0xf07fffff]
[    0.323616] pci 0000:00:04.0: reg 0x18: [mem 0xf0800000-0xf0803fff pref]
[    0.332252] pci 0000:00:05.0: [8086:2415] type 00 class 0x040100
[    0.332339] pci 0000:00:05.0: reg 0x10: [io  0xd100-0xd1ff]
[    0.332421] pci 0000:00:05.0: reg 0x14: [io  0xd200-0xd23f]
[    0.332890] pci 0000:00:06.0: [106b:003f] type 00 class 0x0c0310
[    0.334444] pci 0000:00:06.0: reg 0x10: [mem 0xf0804000-0xf0804fff]
[    0.344569] pci 0000:00:07.0: [8086:7113] type 00 class 0x068000
[    0.344896] pci 0000:00:07.0: quirk: [io  0x4000-0x403f] claimed by PIIX4 ACPI
[    0.344906] pci 0000:00:07.0: quirk: [io  0x4100-0x410f] claimed by PIIX4 SMB
[    0.345163] pci 0000:00:0d.0: [8086:2829] type 00 class 0x010601
[    0.347119] pci 0000:00:0d.0: reg 0x10: [io  0xd240-0xd247]
[    0.348954] pci 0000:00:0d.0: reg 0x14: [io  0xd248-0xd24b]
[    0.350434] pci 0000:00:0d.0: reg 0x18: [io  0xd250-0xd257]
[    0.351962] pci 0000:00:0d.0: reg 0x1c: [io  0xd258-0xd25b]
[    0.353463] pci 0000:00:0d.0: reg 0x20: [io  0xd260-0xd26f]
[    0.354871] pci 0000:00:0d.0: reg 0x24: [mem 0xf0806000-0xf0807fff]
[    0.357744] ACPI: PCI Interrupt Link [LNKA] (IRQs 5 9 10 *11)
[    0.357999] ACPI: PCI Interrupt Link [LNKB] (IRQs 5 9 *10 11)
[    0.358082] ACPI: PCI Interrupt Link [LNKC] (IRQs 5 *9 10 11)
[    0.358171] ACPI: PCI Interrupt Link [LNKD] (IRQs 5 9 10 *11)
[    0.358278] ACPI: Enabled 2 GPEs in block 00 to 07
[    0.358569] vgaarb: setting as boot device: PCI:0000:00:02.0
[    0.358571] vgaarb: device added: PCI:0000:00:02.0,decodes=io+mem,owns=io+mem,locks=none
[    0.358574] vgaarb: loaded
[    0.358575] vgaarb: bridge control possible 0000:00:02.0
[    0.358785] SCSI subsystem initialized
[    0.358890] libata version 3.00 loaded.
[    0.358922] ACPI: bus type USB registered
[    0.358943] usbcore: registered new interface driver usbfs
[    0.358950] usbcore: registered new interface driver hub
[    0.358973] usbcore: registered new device driver usb
[    0.359281] PCI: Using ACPI for IRQ routing
[    0.359283] PCI: pci_cache_line_size set to 64 bytes
[    0.359427] e820: reserve RAM buffer [mem 0x0009fc00-0x0009ffff]
[    0.359432] e820: reserve RAM buffer [mem 0xdfff0000-0xdfffffff]
[    0.359522] NetLabel: Initializing
[    0.359522] NetLabel:  domain hash size = 128
[    0.359523] NetLabel:  protocols = UNLABELED CIPSOv4
[    0.359532] NetLabel:  unlabeled traffic allowed by default
[    0.359813] clocksource: Switched to clocksource kvm-clock
[    0.365487] AppArmor: AppArmor Filesystem Enabled
[    0.365533] pnp: PnP ACPI init
[    0.365588] pnp 00:00: Plug and Play ACPI device, IDs PNP0303 (active)
[    0.365649] pnp 00:01: Plug and Play ACPI device, IDs PNP0f03 (active)
[    0.366228] pnp: PnP ACPI: found 2 devices
[    0.375622] clocksource: acpi_pm: mask: 0xffffff max_cycles: 0xffffff, max_idle_ns: 2085701024 ns
[    0.375643] pci_bus 0000:00: resource 4 [io  0x0000-0x0cf7 window]
[    0.375644] pci_bus 0000:00: resource 5 [io  0x0d00-0xffff window]
[    0.375645] pci_bus 0000:00: resource 6 [mem 0x000a0000-0x000bffff window]
[    0.375647] pci_bus 0000:00: resource 7 [mem 0xe0000000-0xfdffffff window]
[    0.375680] NET: Registered protocol family 2
[    0.376015] TCP established hash table entries: 32768 (order: 6, 262144 bytes)
[    0.376075] TCP bind hash table entries: 32768 (order: 7, 524288 bytes)
[    0.376118] TCP: Hash tables configured (established 32768 bind 32768)
[    0.376134] UDP hash table entries: 2048 (order: 4, 65536 bytes)
[    0.376143] UDP-Lite hash table entries: 2048 (order: 4, 65536 bytes)
[    0.376174] NET: Registered protocol family 1
[    0.376183] pci 0000:00:00.0: Limiting direct PCI/PCI transfers
[    0.376206] pci 0000:00:01.0: Activating ISA DMA hang workarounds
[    0.376232] pci 0000:00:02.0: Video device with shadowed ROM
[    0.376463] PCI: CLS 0 bytes, default 64
[    0.376507] Unpacking initramfs...
[    3.946652] Freeing initrd memory: 285556K (ffff880015236000 - ffff880026913000)
[    3.946679] PCI-DMA: Using software bounce buffering for IO (SWIOTLB)
[    3.946681] software IO TLB [mem 0xdbff0000-0xdfff0000] (64MB) mapped at [ffff8800dbff0000-ffff8800dffeffff]
[    3.946754] platform rtc_cmos: registered platform RTC device (no PNP device found)
[    3.946801] Scanning for low memory corruption every 60 seconds
[    3.947550] futex hash table entries: 2048 (order: 5, 131072 bytes)
[    3.947572] audit: initializing netlink subsys (disabled)
[    3.947585] audit: type=2000 audit(1608217674.822:1): initialized
[    3.947724] Initialise system trusted keyring
[    3.948124] HugeTLB registered 2 MB page size, pre-allocated 0 pages
[    3.949094] zbud: loaded
[    3.949392] VFS: Disk quotas dquot_6.6.0
[    3.949415] VFS: Dquot-cache hash table entries: 512 (order 0, 4096 bytes)
[    3.949570] squashfs: version 4.0 (2009/01/31) Phillip Lougher
[    3.949907] fuse init (API version 7.23)
[    3.949994] Key type big_key registered
[    3.953411] Key type asymmetric registered
[    3.953414] Asymmetric key parser 'x509' registered
[    3.953450] Block layer SCSI generic (bsg) driver version 0.4 loaded (major 249)
[    3.953496] io scheduler noop registered
[    3.953527] io scheduler deadline registered
[    3.953561] io scheduler cfq registered (default)
[    3.953642] pci_hotplug: PCI Hot Plug PCI Core version: 0.5
[    3.953646] pciehp: PCI Express Hot Plug Controller Driver version: 0.4
[    3.953664] intel_idle: does not run on family 6 model 166
[    3.953850] ACPI: AC Adapter [AC] (on-line)
[    3.953944] input: Power Button as /devices/LNXSYSTM:00/LNXPWRBN:00/input/input0
[    3.953946] ACPI: Power Button [PWRF]
[    3.954001] input: Sleep Button as /devices/LNXSYSTM:00/LNXSLPBN:00/input/input1
[    3.954003] ACPI: Sleep Button [SLPF]
[    3.954368] GHES: HEST is not enabled!
[    3.954486] Serial: 8250/16550 driver, 32 ports, IRQ sharing enabled
[    3.955240] ACPI: Battery Slot [BAT0] (battery present)
[    3.955495] Linux agpgart interface v0.103
[    3.958037] loop: module loaded
[    3.958126] ata_piix 0000:00:01.1: version 2.13
[    3.958547] scsi host0: ata_piix
[    3.958708] scsi host1: ata_piix
[    3.958739] ata1: PATA max UDMA/33 cmd 0x1f0 ctl 0x3f6 bmdma 0xd000 irq 14
[    3.958740] ata2: PATA max UDMA/33 cmd 0x170 ctl 0x376 bmdma 0xd008 irq 15
[    3.958823] libphy: Fixed MDIO Bus: probed
[    3.958826] tun: Universal TUN/TAP device driver, 1.6
[    3.958827] tun: (C) 1999-2004 Max Krasnyansky <maxk@qualcomm.com>
[    3.958917] PPP generic driver version 2.4.2
[    3.958954] ehci_hcd: USB 2.0 'Enhanced' Host Controller (EHCI) Driver
[    3.958978] ehci-pci: EHCI PCI platform driver
[    3.958987] ehci-platform: EHCI generic platform driver
[    3.958993] ohci_hcd: USB 1.1 'Open' Host Controller (OHCI) Driver
[    3.958996] ohci-pci: OHCI PCI platform driver
[    3.959491] ohci-pci 0000:00:06.0: OHCI PCI host controller
[    3.959496] ohci-pci 0000:00:06.0: new USB bus registered, assigned bus number 1
[    3.959551] ohci-pci 0000:00:06.0: irq 22, io mem 0xf0804000
[    4.176435] usb usb1: New USB device found, idVendor=1d6b, idProduct=0001
[    4.176437] usb usb1: New USB device strings: Mfr=3, Product=2, SerialNumber=1
[    4.176438] usb usb1: Product: OHCI PCI host controller
[    4.176440] usb usb1: Manufacturer: Linux 4.4.0 ohci_hcd
[    4.176441] usb usb1: SerialNumber: 0000:00:06.0
[    4.176526] hub 1-0:1.0: USB hub found
[    4.176538] hub 1-0:1.0: 12 ports detected
[    4.176809] ohci-platform: OHCI generic platform driver
[    4.176819] uhci_hcd: USB Universal Host Controller Interface driver
[    4.176864] i8042: PNP: PS/2 Controller [PNP0303:PS2K,PNP0f03:PS2M] at 0x60,0x64 irq 1,12
[    4.177382] serio: i8042 KBD port at 0x60,0x64 irq 1
[    4.177386] serio: i8042 AUX port at 0x60,0x64 irq 12
[    4.177436] mousedev: PS/2 mouse device common for all mice
[    4.177658] rtc_cmos rtc_cmos: rtc core: registered rtc_cmos as rtc0
[    4.177703] rtc_cmos rtc_cmos: alarms up to one day, 114 bytes nvram
[    4.177709] i2c /dev entries driver
[    4.177758] device-mapper: uevent: version 1.0.3
[    4.177797] device-mapper: ioctl: 4.34.0-ioctl (2015-10-28) initialised: dm-devel@redhat.com
[    4.177809] ledtrig-cpu: registered to indicate activity on CPUs
[    4.178535] NET: Registered protocol family 10
[    4.178833] NET: Registered protocol family 17
[    4.178840] Key type dns_resolver registered
[    4.179110] microcode: CPU0 sig=0xa0660, pf=0x8, revision=0x0
[    4.179117] microcode: CPU1 sig=0xa0660, pf=0x8, revision=0x0
[    4.187900] microcode: CPU2 sig=0xa0660, pf=0x8, revision=0x0
[    4.187965] microcode: CPU3 sig=0xa0660, pf=0x8, revision=0x0
[    4.188003] ata2.00: ATAPI: VBOX CD-ROM, 1.0, max UDMA/133
[    4.188012] input: AT Translated Set 2 keyboard as /devices/platform/i8042/serio0/input/input2
[    4.188156] microcode: CPU4 sig=0xa0660, pf=0x8, revision=0x0
[    4.188323] microcode: CPU5 sig=0xa0660, pf=0x8, revision=0x0
[    4.188359] ata2.00: configured for UDMA/33
[    4.188417] microcode: Microcode Update Driver: v2.01 <tigran@aivazian.fsnet.co.uk>, Peter Oruba
[    4.188513] registered taskstats version 1
[    4.188524] Loading compiled-in X.509 certificates
[    4.189043] Loaded X.509 cert 'Build time autogenerated kernel key: 3e67ad3e11e97d8f6b9a6e63f191183bc29faee9'
[    4.189065] zswap: loaded using pool lzo/zbud
[    4.189222] scsi 1:0:0:0: CD-ROM            VBOX     CD-ROM           1.0  PQ: 0 ANSI: 5
[    4.191690] Key type trusted registered
[    4.195939] Key type encrypted registered
[    4.195947] AppArmor: AppArmor sha1 policy hashing enabled
[    4.195949] ima: No TPM chip found, activating TPM-bypass!
[    4.195970] evm: HMAC attrs: 0x1
[    4.196386] sr 1:0:0:0: [sr0] scsi3-mmc drive: 32x/32x xa/form2 tray
[    4.196388] cdrom: Uniform CD-ROM driver Revision: 3.20
[    4.196421]   Magic number: 0:969:133
[    4.196616] rtc_cmos rtc_cmos: setting system clock to 2020-12-17 15:07:43 UTC (1608217663)
[    4.196835] sr 1:0:0:0: Attached scsi CD-ROM sr0
[    4.196862] BIOS EDD facility v0.16 2004-Jun-25, 0 devices found
[    4.196863] EDD information not available.
[    4.196929] sr 1:0:0:0: Attached scsi generic sg0 type 5
[    4.196936] PM: Hibernation image not present or could not be loaded.
[    4.198387] Freeing unused kernel memory: 1844K (ffffffff81f72000 - ffffffff8213f000)
[    4.198389] Write protecting the kernel read-only data: 14336k
[    4.199082] Freeing unused kernel memory: 1856K (ffff880001830000 - ffff880001a00000)
[    4.199602] Freeing unused kernel memory: 240K (ffff880001dc4000 - ffff880001e00000)
[    4.204920] x86/mm: Checked W+X mappings: passed, no W+X pages found.
[    4.214388] random: systemd-udevd urandom read with 2 bits of entropy available
[    4.236776] ACPI: Video Device [GFX0] (multi-head: yes  rom: no  post: no)
[    4.236833] input: Video Bus as /devices/LNXSYSTM:00/LNXSYBUS:00/PNP0A03:00/LNXVIDEO:00/input/input5
[    4.239935] FUJITSU Extended Socket Network Device Driver - version 1.0 - Copyright (c) 2015 FUJITSU LIMITED
[    4.242789] ahci 0000:00:0d.0: version 3.0
[    4.242883] ahci 0000:00:0d.0: SSS flag set, parallel bus scan disabled
[    4.243042] ahci 0000:00:0d.0: AHCI 0001.0100 32 slots 2 ports 3 Gbps 0x3 impl SATA mode
[    4.243045] ahci 0000:00:0d.0: flags: 64bit ncq stag only ccc 
[    4.243963] scsi host2: ahci
[    4.248472] e1000: Intel(R) PRO/1000 Network Driver - version 7.3.21-k8-NAPI
[    4.248474] e1000: Copyright (c) 1999-2006 Intel Corporation.
[    4.252098] scsi host3: ahci
[    4.252161] ata3: SATA max UDMA/133 abar m8192@0xf0806000 port 0xf0806100 irq 21
[    4.252166] ata4: SATA max UDMA/133 abar m8192@0xf0806000 port 0xf0806180 irq 21
[    4.281981] [drm] Initialized drm 1.1.0 20060810
[    4.456890] input: ImExPS/2 Generic Explorer Mouse as /devices/platform/i8042/serio1/input/input6
[    4.572149] ata3: SATA link up 3.0 Gbps (SStatus 123 SControl 300)
[    4.572348] ata3.00: ATA-6: VBOX HARDDISK, 1.0, max UDMA/133
[    4.572350] ata3.00: 104857600 sectors, multi 128: LBA48 NCQ (depth 31/32)
[    4.572684] ata3.00: configured for UDMA/133
[    4.572940] scsi 2:0:0:0: Direct-Access     ATA      VBOX HARDDISK    1.0  PQ: 0 ANSI: 5
[    4.573058] sd 2:0:0:0: [sda] 104857600 512-byte logical blocks: (53.6 GB/50.0 GiB)
[    4.573072] sd 2:0:0:0: [sda] Write Protect is off
[    4.573074] sd 2:0:0:0: [sda] Mode Sense: 00 3a 00 00
[    4.573080] sd 2:0:0:0: [sda] Write cache: enabled, read cache: enabled, doesn't support DPO or FUA
[    4.573350] sd 2:0:0:0: Attached scsi generic sg1 type 0
[    4.576302]  sda: sda1 sda2 < sda5 >
[    4.576695] sd 2:0:0:0: [sda] Attached SCSI disk
[    4.584354] usb 1-1: new full-speed USB device number 2 using ohci-pci
[    4.617616] e1000 0000:00:03.0 eth0: (PCI:33MHz:32-bit) 08:00:27:5d:54:a1
[    4.617620] e1000 0000:00:03.0 eth0: Intel(R) PRO/1000 Network Connection
[    4.618169] e1000 0000:00:03.0 enp0s3: renamed from eth0
[    4.618467] [drm] DMA map mode: Using physical TTM page addresses.
[    4.618500] [drm] Capabilities:
[    4.618501] [drm]   Cursor.
[    4.618502] [drm]   Cursor bypass 2.
[    4.618502] [drm]   Alpha cursor.
[    4.618503] [drm]   3D.
[    4.618504] [drm]   Extended Fifo.
[    4.618504] [drm]   Pitchlock.
[    4.618505] [drm]   Irq mask.
[    4.618505] [drm]   GMR.
[    4.618506] [drm]   Traces.
[    4.618506] [drm]   GMR2.
[    4.618507] [drm]   Screen Object 2.
[    4.618508] [drm] Max GMR ids is 8192
[    4.618508] [drm] Max number of GMR pages is 1048576
[    4.618509] [drm] Max dedicated hypervisor surface memory is 507904 kiB
[    4.618510] [drm] Maximum display memory size is 16384 kiB
[    4.618510] [drm] VRAM at 0xe0000000 size is 16384 kiB
[    4.618511] [drm] MMIO at 0xf0000000 size is 2048 kiB
[    4.618512] [drm] global init.
[    4.618617] [TTM] Zone  kernel: Available graphics memory: 2021612 kiB
[    4.618618] [TTM] Initializing pool allocator
[    4.618621] [TTM] Initializing DMA pool allocator
[    4.618683] [drm] Supports vblank timestamp caching Rev 2 (21.10.2013).
[    4.618684] [drm] No driver support for vblank timestamp query.
[    4.618850] [drm] Screen Objects Display Unit initialized
[    4.618886] [drm] width 720
[    4.618894] [drm] height 400
[    4.618901] [drm] bpp 32
[    4.619052] [drm] Fifo max 0x00200000 min 0x00001000 cap 0x00000355
[    4.619059] [drm] DX: no.
[    4.620450] fbcon: svgadrmfb (fb0) is primary device
[    4.638061] Console: switching to colour frame buffer device 100x37
[    4.639359] [drm] Initialized vmwgfx 2.9.0 20150810 for 0000:00:02.0 on minor 0
[    4.889186] usb 1-1: New USB device found, idVendor=80ee, idProduct=0021
[    4.889188] usb 1-1: New USB device strings: Mfr=1, Product=3, SerialNumber=0
[    4.889189] usb 1-1: Product: USB Tablet
[    4.889190] usb 1-1: Manufacturer: VirtualBox
[    4.896095] ata4: SATA link up 3.0 Gbps (SStatus 123 SControl 300)
[    4.896208] ata4.00: ATA-6: VBOX HARDDISK, 1.0, max UDMA/133
[    4.896210] ata4.00: 20971520 sectors, multi 128: LBA48 NCQ (depth 31/32)
[    4.896346] ata4.00: configured for UDMA/133
[    4.900066] scsi 3:0:0:0: Direct-Access     ATA      VBOX HARDDISK    1.0  PQ: 0 ANSI: 5
[    4.900178] sd 3:0:0:0: [sdb] 20971520 512-byte logical blocks: (10.7 GB/10.0 GiB)
[    4.900208] sd 3:0:0:0: Attached scsi generic sg2 type 0
[    4.900235] sd 3:0:0:0: [sdb] Write Protect is off
[    4.900236] sd 3:0:0:0: [sdb] Mode Sense: 00 3a 00 00
[    4.900256] sd 3:0:0:0: [sdb] Write cache: enabled, read cache: enabled, doesn't support DPO or FUA
[    4.900710] hidraw: raw HID events driver (C) Jiri Kosina
[    4.902141]  sdb: sdb1 sdb2
[    4.902441] sd 3:0:0:0: [sdb] Attached SCSI disk
[    4.918700] usbcore: registered new interface driver usbhid
[    4.918702] usbhid: USB HID core driver
[    4.926427] input: VirtualBox USB Tablet as /devices/pci0000:00/0000:00:06.0/usb1/1-1/1-1:1.0/0003:80EE:0021.0001/input/input7
[    4.926733] hid-generic 0003:80EE:0021.0001: input,hidraw0: USB HID v1.10 Mouse [VirtualBox USB Tablet] on usb-0000:00:06.0-1/input0
[    4.943872] tsc: Refined TSC clocksource calibration: 1608.027 MHz
[    4.943876] clocksource: tsc: mask: 0xffffffffffffffff max_cycles: 0x172dc3cdc91, max_idle_ns: 440795276538 ns
[    7.264027] floppy0: no floppy controllers found
[    7.386228] EXT4-fs (sda1): mounted filesystem with ordered data mode. Opts: (null)
[    7.510214] systemd[1]: systemd 229 running in system mode. (+PAM +AUDIT +SELINUX +IMA +APPARMOR +SMACK +SYSVINIT +UTMP +LIBCRYPTSETUP +GCRYPT +GNUTLS +ACL +XZ -LZ4 +SECCOMP +BLKID +ELFUTILS +KMOD -IDN)
[    7.510254] systemd[1]: Detected virtualization oracle.
[    7.510258] systemd[1]: Detected architecture x86-64.
[    7.510501] systemd[1]: Set hostname to <sysprog2020>.
[    7.612257] systemd[1]: Listening on fsck to fsckd communication Socket.
[    7.612314] systemd[1]: Reached target Remote File Systems (Pre).
[    7.612345] systemd[1]: Listening on /dev/initctl Compatibility Named Pipe.
[    7.612463] systemd[1]: Set up automount Arbitrary Executable File Formats File System Automount Point.
[    7.612544] systemd[1]: Created slice User and Session Slice.
[    7.612574] systemd[1]: Listening on Journal Socket (/dev/log).
[    7.612591] systemd[1]: Listening on Syslog Socket.
[    7.612648] systemd[1]: Created slice System Slice.
[    7.612663] systemd[1]: Reached target Slices.
[    7.612684] systemd[1]: Listening on udev Kernel Socket.
[    7.612693] systemd[1]: Reached target User and Group Name Lookups.
[    7.612719] systemd[1]: Listening on udev Control Socket.
[    7.612752] systemd[1]: Started Forward Password Requests to Wall Directory Watch.
[    7.612762] systemd[1]: Reached target Remote File Systems.
[    7.612792] systemd[1]: Listening on Journal Socket.
[    7.628784] systemd[1]: Mounting POSIX Message Queue File System...
[    7.629253] systemd[1]: Started Braille Device Support.
[    7.630030] systemd[1]: Starting Set console keymap...
[    7.630600] systemd[1]: Starting Create list of required static device nodes for the current kernel...
[    7.631048] systemd[1]: Mounting Debug File System...
[    7.632138] systemd[1]: Starting Load Kernel Modules...
[    7.632685] systemd[1]: Starting Remount Root and Kernel File Systems...
[    7.633118] systemd[1]: Starting Uncomplicated firewall...
[    7.633244] systemd[1]: Listening on Journal Audit Socket.
[    7.633643] systemd[1]: Starting Journal Service...
[    7.633663] systemd[1]: Reached target Encrypted Volumes.
[    7.634580] systemd[1]: Mounting Huge Pages File System...
[    7.634650] systemd[1]: Started Trigger resolvconf update for networkd DNS.
[    7.642635] systemd[1]: Started Create list of required static device nodes for the current kernel.
[    7.643203] systemd[1]: Starting Create Static Device Nodes in /dev...
[    7.673684] systemd[1]: Started Uncomplicated firewall.
[    7.712558] systemd[1]: Started Journal Service.
[    7.734106] lp: driver loaded but no devices found
[    7.771941] ppdev: user-space parallel port driver
[    7.778003] EXT4-fs (sda1): re-mounted. Opts: errors=remount-ro
[    7.800732] random: nonblocking pool is initialized
[    7.819578] systemd-journald[283]: Received request to flush runtime journal from PID 1
[    7.877410] piix4_smbus 0000:00:07.0: SMBus Host Controller at 0x4100, revision 0
[    8.047420] AVX2 version of gcm_enc/dec engaged.
[    8.047422] AES CTR mode by8 optimization enabled
[    8.952223] snd_intel8x0 0000:00:05.0: disable (unknown or VT-d) VM optimization
[    9.826463] snd_intel8x0 0000:00:05.0: white list rate for 1028:0177 is 48000
[   10.042313] audit: type=1400 audit(1608217669.340:2): apparmor="STATUS" operation="profile_load" name="/usr/lib/snapd/snap-confine" pid=686 comm="apparmor_parser"
[   10.042319] audit: type=1400 audit(1608217669.340:3): apparmor="STATUS" operation="profile_load" name="mount-namespace-capture-helper" pid=686 comm="apparmor_parser"
[   10.075577] audit: type=1400 audit(1608217669.376:4): apparmor="STATUS" operation="profile_load" name="/usr/sbin/cups-browsed" pid=687 comm="apparmor_parser"
[   10.076274] audit: type=1400 audit(1608217669.376:5): apparmor="STATUS" operation="profile_load" name="/sbin/dhclient" pid=682 comm="apparmor_parser"
[   10.076278] audit: type=1400 audit(1608217669.376:6): apparmor="STATUS" operation="profile_load" name="/usr/lib/NetworkManager/nm-dhcp-client.action" pid=682 comm="apparmor_parser"
[   10.076281] audit: type=1400 audit(1608217669.376:7): apparmor="STATUS" operation="profile_load" name="/usr/lib/NetworkManager/nm-dhcp-helper" pid=682 comm="apparmor_parser"
[   10.076284] audit: type=1400 audit(1608217669.376:8): apparmor="STATUS" operation="profile_load" name="/usr/lib/connman/scripts/dhclient-script" pid=682 comm="apparmor_parser"
[   10.076676] audit: type=1400 audit(1608217669.376:9): apparmor="STATUS" operation="profile_load" name="webbrowser-app" pid=685 comm="apparmor_parser"
[   10.076680] audit: type=1400 audit(1608217669.376:10): apparmor="STATUS" operation="profile_load" name="oxide_helper" pid=685 comm="apparmor_parser"
[   10.077688] audit: type=1400 audit(1608217669.376:11): apparmor="STATUS" operation="profile_load" name="/usr/lib/cups/backend/cups-pdf" pid=718 comm="apparmor_parser"
[   10.081012] Adding 998396k swap on /dev/sda5.  Priority:-1 extents:1 across:998396k FS
[   10.904042] floppy0: no floppy controllers found
[   10.904079] work still pending
[   11.115812] IPv6: ADDRCONF(NETDEV_UP): enp0s3: link is not ready
[   11.117669] IPv6: ADDRCONF(NETDEV_UP): enp0s3: link is not ready
[   11.121152] e1000: enp0s3 NIC Link is Up 1000 Mbps Full Duplex, Flow Control: RX
[   11.121451] IPv6: ADDRCONF(NETDEV_CHANGE): enp0s3: link becomes ready
[   47.163327] spa3: module verification failed: signature and/or required key missing - tainting kernel
[   47.165770] spa3: init successful.
[   47.170841] spa3: Opening file...
[   47.170850] spa3: nRules: 0, buf:I 1111
               , buf[n]:I 32 49 49
[   47.170852] spa3: Inbound rule added
[   47.170869] spa3: Opening file...
[   47.170872] spa3: nRules: 1, buf:O 2222
               , buf[n]:O 32 50 50
[   47.170873] spa3: Outbound rule added.
[   47.170885] spa3: Opening file...
[   47.170888] spa3: nRules: 2, buf:F 3333
               , buf[n]:F 32 51 51
[   47.170889] spa3: Forwarding rule added.
[   47.170900] spa3: Opening file...
[   47.170903] spa3: nRules: 3, buf:P 4444
               , buf[n]:P 32 52 52
[   47.170904] spa3: Proxy rule added.
[   47.170917] spa3: Opening file...
[   47.170920] spa3: nRules: 4, buf:F 5555
               , buf[n]:F 32 53 53
[   47.170921] spa3: Forwarding rule added.
[   47.170931] spa3: Opening file...
[   47.170934] spa3: nRules: 5, buf:F 5555
               , buf[n]:F 32 53 53
[   47.170935] spa3: Forwarding rule added.
[   47.170960] spa3: Opening file...
[   47.170964] spa3: nRules: 6, buf:P 5555
               , buf[n]:P 32 53 53
[   47.170965] spa3: Proxy rule added.
[   47.171835] spa3: Opening file...
[   47.171842] curr_pos: 0, type_char: I, portno: 1111
[   47.172297] curr_pos: 1, type_char: O, portno: 2222
[   47.172672] curr_pos: 2, type_char: F, portno: 3333
[   47.173092] curr_pos: 3, type_char: P, portno: 4444
[   47.173416] curr_pos: 4, type_char: F, portno: 5555
[   47.173726] curr_pos: 5, type_char: F, portno: 5555
[   47.174041] curr_pos: 6, type_char: P, portno: 5555
[   47.174339] spa3: Finished reading rules.
[   47.178543] spa3: nRules: 7, buf:3,spa3: nRules: 6, buf:
               ,
[   47.180564] DROP(OUTBOUND) : 6, 54102, 2222, 10.0.2.15, 192.168.56.101, 1000
[   47.180565] OUTBOUND       : 6, 58866, 4444, 10.0.2.15, 192.168.56.101, 1000
[   47.180567] OUTBOUND       : 6, 35576, 1111, 10.0.2.15, 192.168.56.101, 1000
[   47.180572] OUTBOUND       : 6, 50416, 3333, 10.0.2.15, 192.168.56.101, 1000
[   47.180614] OUTBOUND       : 6, 44732, 5555, 10.0.2.15, 192.168.56.101, 1000
[   47.181133] INBOUND        : 6, 4444, 58866, 192.168.56.101, 10.0.2.15, 1010
[   47.181149] OUTBOUND       : 6, 58866, 4444, 10.0.2.15, 192.168.56.101, 0010
[   47.181176] DROP(INBOUND)  : 6, 1111, 35576, 192.168.56.101, 10.0.2.15, 1010
[   47.181234] INBOUND        : 6, 3333, 50416, 192.168.56.101, 10.0.2.15, 1010
[   47.181260] OUTBOUND       : 6, 50416, 3333, 10.0.2.15, 192.168.56.101, 0010
[   47.181354] PROXY(INBOUND) : 6, 5555, 5555, 192.168.56.101, 131.1.1.1, 1010
[   47.181357] DROP(FORWARD)  : 6, 5555, 45845, 192.168.56.101, 131.1.1.1, 1010
[   47.181734] INBOUND        : 6, 4444, 58866, 192.168.56.101, 10.0.2.15, 0010
[   47.181815] OUTBOUND       : 6, 58866, 4444, 10.0.2.15, 192.168.56.101, 0010
[   47.182184] DROP(INBOUND)  : 6, 1111, 35576, 192.168.56.101, 10.0.2.15, 1010
[   47.183382] INBOUND        : 6, 3333, 50416, 192.168.56.101, 10.0.2.15, 0010
[   47.183430] OUTBOUND       : 6, 50416, 3333, 10.0.2.15, 192.168.56.101, 0010
[   47.183850] DROP(INBOUND)  : 6, 1111, 35576, 192.168.56.101, 10.0.2.15, 1010
[   47.183854] PROXY(INBOUND) : 6, 5555, 5555, 192.168.56.101, 131.1.1.1, 1010
[   47.183858] DROP(FORWARD)  : 6, 5555, 45845, 192.168.56.101, 131.1.1.1, 1010
[   47.183863] DROP(INBOUND)  : 6, 1111, 35576, 192.168.56.101, 10.0.2.15, 1010
[   47.184057] INBOUND        : 6, 4444, 58866, 192.168.56.101, 10.0.2.15, 0010
[   47.184086] OUTBOUND       : 6, 58866, 4444, 10.0.2.15, 192.168.56.101, 0010
[   47.184177] INBOUND        : 6, 4444, 58866, 192.168.56.101, 10.0.2.15, 0010
[   47.184218] OUTBOUND       : 6, 58866, 4444, 10.0.2.15, 192.168.56.101, 0010
[   47.184756] PROXY(INBOUND) : 6, 5555, 5555, 192.168.56.101, 131.1.1.1, 1010
[   47.184761] DROP(FORWARD)  : 6, 5555, 45845, 192.168.56.101, 131.1.1.1, 1010
[   47.184820] INBOUND        : 6, 3333, 50416, 192.168.56.101, 10.0.2.15, 0010
[   47.184832] PROXY(INBOUND) : 6, 5555, 5555, 192.168.56.101, 131.1.1.1, 1010
[   47.184836] DROP(FORWARD)  : 6, 5555, 45845, 192.168.56.101, 131.1.1.1, 1010
[   47.184851] OUTBOUND       : 6, 50416, 3333, 10.0.2.15, 192.168.56.101, 0010
[   47.184869] INBOUND        : 6, 3333, 50416, 192.168.56.101, 10.0.2.15, 0010
[   47.184873] OUTBOUND       : 6, 50416, 3333, 10.0.2.15, 192.168.56.101, 0010
[   47.187777] DROP(INBOUND)  : 6, 1111, 35576, 192.168.56.101, 10.0.2.15, 1010
[   47.187782] INBOUND        : 6, 4444, 58866, 192.168.56.101, 10.0.2.15, 0010
[   47.187794] INBOUND        : 6, 4444, 58866, 192.168.56.101, 10.0.2.15, 0010
[   47.187796] INBOUND        : 6, 3333, 50416, 192.168.56.101, 10.0.2.15, 0010
[   47.187859] OUTBOUND       : 6, 58866, 4444, 10.0.2.15, 192.168.56.101, 0010
[   47.187877] OUTBOUND       : 6, 58866, 4444, 10.0.2.15, 192.168.56.101, 0010
[   47.187884] PROXY(INBOUND) : 6, 5555, 5555, 192.168.56.101, 131.1.1.1, 1010
[   47.187889] DROP(FORWARD)  : 6, 5555, 45845, 192.168.56.101, 131.1.1.1, 1010
[   47.187891] INBOUND        : 6, 4444, 58866, 192.168.56.101, 10.0.2.15, 0010
[   47.187896] OUTBOUND       : 6, 58866, 4444, 10.0.2.15, 192.168.56.101, 0010
[   47.187908] PROXY(INBOUND) : 6, 5555, 5555, 192.168.56.101, 131.1.1.1, 1010
[   47.187910] DROP(FORWARD)  : 6, 5555, 45845, 192.168.56.101, 131.1.1.1, 1010
[   47.187913] INBOUND        : 6, 3333, 50416, 192.168.56.101, 10.0.2.15, 0010
[   47.187936] OUTBOUND       : 6, 50416, 3333, 10.0.2.15, 192.168.56.101, 0010
[   47.187948] OUTBOUND       : 6, 50416, 3333, 10.0.2.15, 192.168.56.101, 0010
[   47.189939] INBOUND        : 6, 3333, 50416, 192.168.56.101, 10.0.2.15, 0010
[   47.189999] OUTBOUND       : 6, 50416, 3333, 10.0.2.15, 192.168.56.101, 0010
[   47.190040] INBOUND        : 6, 3333, 50416, 192.168.56.101, 10.0.2.15, 0010
[   47.190064] OUTBOUND       : 6, 50416, 3333, 10.0.2.15, 192.168.56.101, 0010
[   47.190746] INBOUND        : 6, 4444, 58866, 192.168.56.101, 10.0.2.15, 0010
[   47.190756] DROP(INBOUND)  : 6, 1111, 35576, 192.168.56.101, 10.0.2.15, 1010
[   47.190770] OUTBOUND       : 6, 58866, 4444, 10.0.2.15, 192.168.56.101, 0010
[   47.190831] INBOUND        : 6, 4444, 58866, 192.168.56.101, 10.0.2.15, 0010
[   47.190838] PROXY(INBOUND) : 6, 5555, 5555, 192.168.56.101, 131.1.1.1, 1010
[   47.190841] DROP(FORWARD)  : 6, 5555, 45845, 192.168.56.101, 131.1.1.1, 1010
[   47.190843] DROP(INBOUND)  : 6, 1111, 35576, 192.168.56.101, 10.0.2.15, 1010
[   47.190893] OUTBOUND       : 6, 58866, 4444, 10.0.2.15, 192.168.56.101, 0010
[   47.190993] PROXY(INBOUND) : 6, 5555, 5555, 192.168.56.101, 131.1.1.1, 1010
[   47.190997] DROP(FORWARD)  : 6, 5555, 45845, 192.168.56.101, 131.1.1.1, 1010
[   47.191641] INBOUND        : 6, 3333, 50416, 192.168.56.101, 10.0.2.15, 0010
[   47.191668] OUTBOUND       : 6, 50416, 3333, 10.0.2.15, 192.168.56.101, 0010
[   47.191696] INBOUND        : 6, 3333, 50416, 192.168.56.101, 10.0.2.15, 0010
[   47.191713] OUTBOUND       : 6, 50416, 3333, 10.0.2.15, 192.168.56.101, 0010
[   47.193682] INBOUND        : 6, 4444, 58866, 192.168.56.101, 10.0.2.15, 0010
[   47.193692] DROP(INBOUND)  : 6, 1111, 35576, 192.168.56.101, 10.0.2.15, 1010
[   47.193694] PROXY(INBOUND) : 6, 5555, 5555, 192.168.56.101, 131.1.1.1, 1010
[   47.193696] DROP(FORWARD)  : 6, 5555, 45845, 192.168.56.101, 131.1.1.1, 1010
[   47.193726] OUTBOUND       : 6, 58866, 4444, 10.0.2.15, 192.168.56.101, 0010
[   47.193790] INBOUND        : 6, 4444, 58866, 192.168.56.101, 10.0.2.15, 0010
[   47.193797] DROP(INBOUND)  : 6, 1111, 35576, 192.168.56.101, 10.0.2.15, 1010
[   47.193811] OUTBOUND       : 6, 58866, 4444, 10.0.2.15, 192.168.56.101, 0010
[   47.193852] PROXY(INBOUND) : 6, 5555, 5555, 192.168.56.101, 131.1.1.1, 1010
[   47.193855] DROP(FORWARD)  : 6, 5555, 45845, 192.168.56.101, 131.1.1.1, 1010
[   47.194606] INBOUND        : 6, 3333, 50416, 192.168.56.101, 10.0.2.15, 0010
[   47.194631] OUTBOUND       : 6, 50416, 3333, 10.0.2.15, 192.168.56.101, 0010
[   47.194664] INBOUND        : 6, 3333, 50416, 192.168.56.101, 10.0.2.15, 0010
[   47.194704] OUTBOUND       : 6, 50416, 3333, 10.0.2.15, 192.168.56.101, 0010
[   47.194846] INBOUND        : 6, 4444, 58866, 192.168.56.101, 10.0.2.15, 0010
[   47.194889] OUTBOUND       : 6, 58866, 4444, 10.0.2.15, 192.168.56.101, 0010
[   47.194944] INBOUND        : 6, 4444, 58866, 192.168.56.101, 10.0.2.15, 0010
[   47.194964] OUTBOUND       : 6, 58866, 4444, 10.0.2.15, 192.168.56.101, 0010
[   47.196563] DROP(INBOUND)  : 6, 1111, 35576, 192.168.56.101, 10.0.2.15, 1010
[   47.196591] INBOUND        : 6, 4444, 58866, 192.168.56.101, 10.0.2.15, 0010
[   47.196616] OUTBOUND       : 6, 58866, 4444, 10.0.2.15, 192.168.56.101, 0010
[   47.196641] DROP(INBOUND)  : 6, 1111, 35576, 192.168.56.101, 10.0.2.15, 1010
[   47.196644] INBOUND        : 6, 4444, 58866, 192.168.56.101, 10.0.2.15, 0010
[   47.196662] OUTBOUND       : 6, 58866, 4444, 10.0.2.15, 192.168.56.101, 0010
[   47.196709] PROXY(INBOUND) : 6, 5555, 5555, 192.168.56.101, 131.1.1.1, 1010
[   47.196712] DROP(FORWARD)  : 6, 5555, 45845, 192.168.56.101, 131.1.1.1, 1010
[   47.196826] PROXY(INBOUND) : 6, 5555, 5555, 192.168.56.101, 131.1.1.1, 1010
[   47.196830] DROP(FORWARD)  : 6, 5555, 45845, 192.168.56.101, 131.1.1.1, 1010
[   47.196833] INBOUND        : 6, 3333, 50416, 192.168.56.101, 10.0.2.15, 0010
[   47.196856] OUTBOUND       : 6, 50416, 3333, 10.0.2.15, 192.168.56.101, 0010
[   47.196934] INBOUND        : 6, 3333, 50416, 192.168.56.101, 10.0.2.15, 0010
[   47.196975] OUTBOUND       : 6, 50416, 3333, 10.0.2.15, 192.168.56.101, 0010
[   47.198578] INBOUND        : 6, 4444, 58866, 192.168.56.101, 10.0.2.15, 0010
[   47.198587] INBOUND        : 6, 4444, 58866, 192.168.56.101, 10.0.2.15, 0010
[   47.198603] OUTBOUND       : 6, 58866, 4444, 10.0.2.15, 192.168.56.101, 0010
[   47.198614] OUTBOUND       : 6, 58866, 4444, 10.0.2.15, 192.168.56.101, 0010
[   47.199497] DROP(INBOUND)  : 6, 1111, 35576, 192.168.56.101, 10.0.2.15, 1010
[   47.199578] INBOUND        : 6, 3333, 50416, 192.168.56.101, 10.0.2.15, 0010
[   47.199607] PROXY(INBOUND) : 6, 5555, 5555, 192.168.56.101, 131.1.1.1, 1010
[   47.199609] DROP(FORWARD)  : 6, 5555, 45845, 192.168.56.101, 131.1.1.1, 1010
[   47.199611] DROP(INBOUND)  : 6, 1111, 35576, 192.168.56.101, 10.0.2.15, 1010
[   47.199622] OUTBOUND       : 6, 50416, 3333, 10.0.2.15, 192.168.56.101, 0010
[   47.199707] INBOUND        : 6, 3333, 50416, 192.168.56.101, 10.0.2.15, 0010
[   47.199713] PROXY(INBOUND) : 6, 5555, 5555, 192.168.56.101, 131.1.1.1, 1010
[   47.199715] DROP(FORWARD)  : 6, 5555, 45845, 192.168.56.101, 131.1.1.1, 1010
[   47.199746] OUTBOUND       : 6, 50416, 3333, 10.0.2.15, 192.168.56.101, 0010
[   47.201393] INBOUND        : 6, 3333, 50416, 192.168.56.101, 10.0.2.15, 0010
[   47.201415] OUTBOUND       : 6, 50416, 3333, 10.0.2.15, 192.168.56.101, 0010
[   47.201453] INBOUND        : 6, 3333, 50416, 192.168.56.101, 10.0.2.15, 0010
[   47.201491] OUTBOUND       : 6, 50416, 3333, 10.0.2.15, 192.168.56.101, 0010
[   47.203383] INBOUND        : 6, 4444, 58866, 192.168.56.101, 10.0.2.15, 0010
[   47.203399] DROP(INBOUND)  : 6, 1111, 35576, 192.168.56.101, 10.0.2.15, 1010
[   47.203402] PROXY(INBOUND) : 6, 5555, 5555, 192.168.56.101, 131.1.1.1, 1010
[   47.203406] DROP(FORWARD)  : 6, 5555, 45845, 192.168.56.101, 131.1.1.1, 1010
[   47.203471] DROP(INBOUND)  : 6, 1111, 35576, 192.168.56.101, 10.0.2.15, 1010
[   47.203475] INBOUND        : 6, 4444, 58866, 192.168.56.101, 10.0.2.15, 0010
[   47.203478] OUTBOUND       : 6, 58866, 4444, 10.0.2.15, 192.168.56.101, 0010
[   47.203480] PROXY(INBOUND) : 6, 5555, 5555, 192.168.56.101, 131.1.1.1, 1010
[   47.203482] DROP(FORWARD)  : 6, 5555, 45845, 192.168.56.101, 131.1.1.1, 1010
[   47.203501] OUTBOUND       : 6, 58866, 4444, 10.0.2.15, 192.168.56.101, 0010
[   47.203630] INBOUND        : 6, 3333, 50416, 192.168.56.101, 10.0.2.15, 0010
[   47.203658] OUTBOUND       : 6, 50416, 3333, 10.0.2.15, 192.168.56.101, 0010
[   47.203704] INBOUND        : 6, 3333, 50416, 192.168.56.101, 10.0.2.15, 0010
[   47.203727] OUTBOUND       : 6, 50416, 3333, 10.0.2.15, 192.168.56.101, 0010
[   47.205347] PROXY(INBOUND) : 6, 5555, 5555, 192.168.56.101, 131.1.1.1, 1010
[   47.205350] DROP(FORWARD)  : 6, 5555, 45845, 192.168.56.101, 131.1.1.1, 1010
[   47.205465] PROXY(INBOUND) : 6, 5555, 5555, 192.168.56.101, 131.1.1.1, 1010
[   47.205469] DROP(FORWARD)  : 6, 5555, 45845, 192.168.56.101, 131.1.1.1, 1010
[   47.206305] INBOUND        : 6, 4444, 58866, 192.168.56.101, 10.0.2.15, 0010
[   47.206335] OUTBOUND       : 6, 58866, 4444, 10.0.2.15, 192.168.56.101, 0010
[   47.206379] INBOUND        : 6, 4444, 58866, 192.168.56.101, 10.0.2.15, 0010
[   47.206389] INBOUND        : 6, 3333, 50416, 192.168.56.101, 10.0.2.15, 0010
[   47.206407] OUTBOUND       : 6, 58866, 4444, 10.0.2.15, 192.168.56.101, 0010
[   47.206410] OUTBOUND       : 6, 50416, 3333, 10.0.2.15, 192.168.56.101, 0010
[   47.206451] INBOUND        : 6, 3333, 50416, 192.168.56.101, 10.0.2.15, 0010
[   47.206471] OUTBOUND       : 6, 50416, 3333, 10.0.2.15, 192.168.56.101, 0010
[   47.206493] INBOUND        : 6, 3333, 50416, 192.168.56.101, 10.0.2.15, 0010
[   47.206511] OUTBOUND       : 6, 50416, 3333, 10.0.2.15, 192.168.56.101, 0010
[   47.206550] DROP(INBOUND)  : 6, 1111, 35576, 192.168.56.101, 10.0.2.15, 1010
[   47.206670] DROP(INBOUND)  : 6, 1111, 35576, 192.168.56.101, 10.0.2.15, 1010
[   47.209288] DROP(INBOUND)  : 6, 1111, 35576, 192.168.56.101, 10.0.2.15, 1010
[   47.209298] INBOUND        : 6, 4444, 58866, 192.168.56.101, 10.0.2.15, 0010
[   47.209312] DROP(INBOUND)  : 6, 1111, 35576, 192.168.56.101, 10.0.2.15, 1010
[   47.209315] INBOUND        : 6, 4444, 58866, 192.168.56.101, 10.0.2.15, 0010
[   47.209317] INBOUND        : 6, 3333, 50416, 192.168.56.101, 10.0.2.15, 0010
[   47.209326] INBOUND        : 6, 3333, 50416, 192.168.56.101, 10.0.2.15, 0010
[   47.209336] OUTBOUND       : 6, 58866, 4444, 10.0.2.15, 192.168.56.101, 0010
[   47.209341] OUTBOUND       : 6, 50416, 3333, 10.0.2.15, 192.168.56.101, 0010
[   47.209347] OUTBOUND       : 6, 50416, 3333, 10.0.2.15, 192.168.56.101, 0010
[   47.209360] OUTBOUND       : 6, 58866, 4444, 10.0.2.15, 192.168.56.101, 0010
[   47.209363] PROXY(INBOUND) : 6, 5555, 5555, 192.168.56.101, 131.1.1.1, 1010
[   47.209365] DROP(FORWARD)  : 6, 5555, 45845, 192.168.56.101, 131.1.1.1, 1010
[   47.212015] PROXY(INBOUND) : 6, 5555, 5555, 192.168.56.101, 131.1.1.1, 1010
[   47.212023] DROP(FORWARD)  : 6, 5555, 45845, 192.168.56.101, 131.1.1.1, 1010
[   47.212027] DROP(INBOUND)  : 6, 1111, 35576, 192.168.56.101, 10.0.2.15, 1010
[   47.212031] INBOUND        : 6, 4444, 58866, 192.168.56.101, 10.0.2.15, 0010
[   47.212043] INBOUND        : 6, 3333, 50416, 192.168.56.101, 10.0.2.15, 0010
[   47.212061] OUTBOUND       : 6, 58866, 4444, 10.0.2.15, 192.168.56.101, 0010
[   47.212064] OUTBOUND       : 6, 50416, 3333, 10.0.2.15, 192.168.56.101, 0010
[   47.212160] INBOUND        : 6, 3333, 50416, 192.168.56.101, 10.0.2.15, 0010
[   47.212167] PROXY(INBOUND) : 6, 5555, 5555, 192.168.56.101, 131.1.1.1, 1010
[   47.212169] DROP(FORWARD)  : 6, 5555, 45845, 192.168.56.101, 131.1.1.1, 1010
[   47.212182] OUTBOUND       : 6, 50416, 3333, 10.0.2.15, 192.168.56.101, 0010
[   47.212256] PROXY(INBOUND) : 6, 5555, 5555, 192.168.56.101, 131.1.1.1, 1010
[   47.212259] DROP(FORWARD)  : 6, 5555, 45845, 192.168.56.101, 131.1.1.1, 1010
[   47.213099] INBOUND        : 6, 4444, 58866, 192.168.56.101, 10.0.2.15, 0010
[   47.213125] OUTBOUND       : 6, 58866, 4444, 10.0.2.15, 192.168.56.101, 0010
[   47.213128] INBOUND        : 6, 4444, 58866, 192.168.56.101, 10.0.2.15, 0010
[   47.213136] OUTBOUND       : 6, 58866, 4444, 10.0.2.15, 192.168.56.101, 0010
[   47.213287] DROP(INBOUND)  : 6, 1111, 35576, 192.168.56.101, 10.0.2.15, 1010
[   47.213290] DROP(INBOUND)  : 6, 1111, 35576, 192.168.56.101, 10.0.2.15, 1010
[   47.214149] INBOUND        : 6, 3333, 50416, 192.168.56.101, 10.0.2.15, 0010
[   47.214173] OUTBOUND       : 6, 50416, 3333, 10.0.2.15, 192.168.56.101, 0010
[   47.214196] INBOUND        : 6, 3333, 50416, 192.168.56.101, 10.0.2.15, 0010
[   47.214254] OUTBOUND       : 6, 50416, 3333, 10.0.2.15, 192.168.56.101, 0010
[   47.215106] INBOUND        : 6, 4444, 58866, 192.168.56.101, 10.0.2.15, 0010
[   47.215115] PROXY(INBOUND) : 6, 5555, 5555, 192.168.56.101, 131.1.1.1, 1010
[   47.215118] DROP(FORWARD)  : 6, 5555, 45845, 192.168.56.101, 131.1.1.1, 1010
[   47.215129] OUTBOUND       : 6, 58866, 4444, 10.0.2.15, 192.168.56.101, 0010
[   47.215241] INBOUND        : 6, 4444, 58866, 192.168.56.101, 10.0.2.15, 0010
[   47.215265] PROXY(INBOUND) : 6, 5555, 5555, 192.168.56.101, 131.1.1.1, 1010
[   47.215268] DROP(FORWARD)  : 6, 5555, 45845, 192.168.56.101, 131.1.1.1, 1010
[   47.215283] OUTBOUND       : 6, 58866, 4444, 10.0.2.15, 192.168.56.101, 0010
[   47.216159] DROP(INBOUND)  : 6, 1111, 35576, 192.168.56.101, 10.0.2.15, 1010
[   47.216162] DROP(INBOUND)  : 6, 1111, 35576, 192.168.56.101, 10.0.2.15, 1010
[   47.217994] INBOUND        : 6, 3333, 50416, 192.168.56.101, 10.0.2.15, 0010
[   47.218069] INBOUND        : 6, 3333, 50416, 192.168.56.101, 10.0.2.15, 0010
[   47.218088] OUTBOUND       : 6, 50416, 3333, 10.0.2.15, 192.168.56.101, 0010
[   47.218103] OUTBOUND       : 6, 50416, 3333, 10.0.2.15, 192.168.56.101, 0010
[   47.218275] INBOUND        : 6, 4444, 58866, 192.168.56.101, 10.0.2.15, 0010
[   47.218361] INBOUND        : 6, 4444, 58866, 192.168.56.101, 10.0.2.15, 0010
[   47.218385] OUTBOUND       : 6, 58866, 4444, 10.0.2.15, 192.168.56.101, 0010
[   47.218401] OUTBOUND       : 6, 58866, 4444, 10.0.2.15, 192.168.56.101, 0010
[   47.218916] PROXY(INBOUND) : 6, 5555, 5555, 192.168.56.101, 131.1.1.1, 1010
[   47.218921] DROP(FORWARD)  : 6, 5555, 45845, 192.168.56.101, 131.1.1.1, 1010
[   47.218971] PROXY(INBOUND) : 6, 5555, 5555, 192.168.56.101, 131.1.1.1, 1010
[   47.218975] DROP(FORWARD)  : 6, 5555, 45845, 192.168.56.101, 131.1.1.1, 1010
[   47.218977] DROP(INBOUND)  : 6, 1111, 35576, 192.168.56.101, 10.0.2.15, 1010
[   47.219052] DROP(INBOUND)  : 6, 1111, 35576, 192.168.56.101, 10.0.2.15, 1010
[   47.219990] INBOUND        : 6, 4444, 58866, 192.168.56.101, 10.0.2.15, 0010
[   47.219997] INBOUND        : 6, 3333, 50416, 192.168.56.101, 10.0.2.15, 0010
[   47.220007] INBOUND        : 6, 3333, 50416, 192.168.56.101, 10.0.2.15, 0010
[   47.220013] INBOUND        : 6, 4444, 58866, 192.168.56.101, 10.0.2.15, 0010
[   47.220026] OUTBOUND       : 6, 58866, 4444, 10.0.2.15, 192.168.56.101, 0010
[   47.220045] OUTBOUND       : 6, 50416, 3333, 10.0.2.15, 192.168.56.101, 0010
[   47.220050] OUTBOUND       : 6, 58866, 4444, 10.0.2.15, 192.168.56.101, 0010
[   47.220066] OUTBOUND       : 6, 50416, 3333, 10.0.2.15, 192.168.56.101, 0010
[   47.220821] DROP(INBOUND)  : 6, 1111, 35576, 192.168.56.101, 10.0.2.15, 1010
[   47.220875] DROP(INBOUND)  : 6, 1111, 35576, 192.168.56.101, 10.0.2.15, 1010
[   47.220936] PROXY(INBOUND) : 6, 5555, 5555, 192.168.56.101, 131.1.1.1, 1010
[   47.220940] DROP(FORWARD)  : 6, 5555, 45845, 192.168.56.101, 131.1.1.1, 1010
[   47.220994] PROXY(INBOUND) : 6, 5555, 5555, 192.168.56.101, 131.1.1.1, 1010
[   47.220996] DROP(FORWARD)  : 6, 5555, 45845, 192.168.56.101, 131.1.1.1, 1010
[   47.222835] INBOUND        : 6, 4444, 58866, 192.168.56.101, 10.0.2.15, 0010
[   47.222874] OUTBOUND       : 6, 58866, 4444, 10.0.2.15, 192.168.56.101, 0010
[   47.222884] INBOUND        : 6, 4444, 58866, 192.168.56.101, 10.0.2.15, 0010
[   47.222894] OUTBOUND       : 6, 58866, 4444, 10.0.2.15, 192.168.56.101, 0010
[   47.222970] INBOUND        : 6, 3333, 50416, 192.168.56.101, 10.0.2.15, 0010
[   47.223003] OUTBOUND       : 6, 50416, 3333, 10.0.2.15, 192.168.56.101, 0010
[   47.223054] DROP(INBOUND)  : 6, 1111, 35576, 192.168.56.101, 10.0.2.15, 1010
[   47.223057] INBOUND        : 6, 3333, 50416, 192.168.56.101, 10.0.2.15, 0010
[   47.223064] DROP(INBOUND)  : 6, 1111, 35576, 192.168.56.101, 10.0.2.15, 1010
[   47.223085] OUTBOUND       : 6, 50416, 3333, 10.0.2.15, 192.168.56.101, 0010
[   47.223188] PROXY(INBOUND) : 6, 5555, 5555, 192.168.56.101, 131.1.1.1, 1010
[   47.223191] DROP(FORWARD)  : 6, 5555, 45845, 192.168.56.101, 131.1.1.1, 1010
[   47.223253] PROXY(INBOUND) : 6, 5555, 5555, 192.168.56.101, 131.1.1.1, 1010
[   47.223255] DROP(FORWARD)  : 6, 5555, 45845, 192.168.56.101, 131.1.1.1, 1010
[   47.225886] INBOUND        : 6, 4444, 58866, 192.168.56.101, 10.0.2.15, 0010
[   47.225895] INBOUND        : 6, 3333, 50416, 192.168.56.101, 10.0.2.15, 0010
[   47.225906] INBOUND        : 6, 3333, 50416, 192.168.56.101, 10.0.2.15, 0010
[   47.225912] INBOUND        : 6, 4444, 58866, 192.168.56.101, 10.0.2.15, 0010
[   47.225922] OUTBOUND       : 6, 50416, 3333, 10.0.2.15, 192.168.56.101, 0010
[   47.225931] OUTBOUND       : 6, 58866, 4444, 10.0.2.15, 192.168.56.101, 0010
[   47.225935] OUTBOUND       : 6, 50416, 3333, 10.0.2.15, 192.168.56.101, 0010
[   47.225949] OUTBOUND       : 6, 58866, 4444, 10.0.2.15, 192.168.56.101, 0010
[   47.226117] DROP(INBOUND)  : 6, 1111, 35576, 192.168.56.101, 10.0.2.15, 1010
[   47.226230] DROP(INBOUND)  : 6, 1111, 35576, 192.168.56.101, 10.0.2.15, 1010
[   47.226303] PROXY(INBOUND) : 6, 5555, 5555, 192.168.56.101, 131.1.1.1, 1010
[   47.226305] DROP(FORWARD)  : 6, 5555, 45845, 192.168.56.101, 131.1.1.1, 1010
[   47.226413] PROXY(INBOUND) : 6, 5555, 5555, 192.168.56.101, 131.1.1.1, 1010
[   47.226416] DROP(FORWARD)  : 6, 5555, 45845, 192.168.56.101, 131.1.1.1, 1010
[   47.228808] INBOUND        : 6, 3333, 50416, 192.168.56.101, 10.0.2.15, 0010
[   47.228815] INBOUND        : 6, 3333, 50416, 192.168.56.101, 10.0.2.15, 0010
[   47.228830] OUTBOUND       : 6, 50416, 3333, 10.0.2.15, 192.168.56.101, 0010
[   47.228842] OUTBOUND       : 6, 50416, 3333, 10.0.2.15, 192.168.56.101, 0010
[   47.228874] INBOUND        : 6, 4444, 58866, 192.168.56.101, 10.0.2.15, 0010
[   47.228902] OUTBOUND       : 6, 58866, 4444, 10.0.2.15, 192.168.56.101, 0010
[   47.228945] INBOUND        : 6, 4444, 58866, 192.168.56.101, 10.0.2.15, 0010
[   47.228969] OUTBOUND       : 6, 58866, 4444, 10.0.2.15, 192.168.56.101, 0010
[   47.228972] PROXY(INBOUND) : 6, 5555, 5555, 192.168.56.101, 131.1.1.1, 1010
[   47.228975] DROP(FORWARD)  : 6, 5555, 45845, 192.168.56.101, 131.1.1.1, 1010
[   47.229000] PROXY(INBOUND) : 6, 5555, 5555, 192.168.56.101, 131.1.1.1, 1010
[   47.229002] DROP(FORWARD)  : 6, 5555, 45845, 192.168.56.101, 131.1.1.1, 1010
[   47.229765] DROP(INBOUND)  : 6, 1111, 35576, 192.168.56.101, 10.0.2.15, 1010
[   47.229767] DROP(INBOUND)  : 6, 1111, 35576, 192.168.56.101, 10.0.2.15, 1010
[   47.231720] INBOUND        : 6, 4444, 58866, 192.168.56.101, 10.0.2.15, 0010
[   47.231730] INBOUND        : 6, 3333, 50416, 192.168.56.101, 10.0.2.15, 0010
[   47.231737] INBOUND        : 6, 4444, 58866, 192.168.56.101, 10.0.2.15, 0010
[   47.231752] OUTBOUND       : 6, 50416, 3333, 10.0.2.15, 192.168.56.101, 0010
[   47.231754] OUTBOUND       : 6, 58866, 4444, 10.0.2.15, 192.168.56.101, 0010
[   47.231768] OUTBOUND       : 6, 58866, 4444, 10.0.2.15, 192.168.56.101, 0010
[   47.231961] INBOUND        : 6, 3333, 50416, 192.168.56.101, 10.0.2.15, 0010
[   47.231977] PROXY(INBOUND) : 6, 5555, 5555, 192.168.56.101, 131.1.1.1, 1010
[   47.231980] DROP(FORWARD)  : 6, 5555, 45845, 192.168.56.101, 131.1.1.1, 1010
[   47.231982] OUTBOUND       : 6, 50416, 3333, 10.0.2.15, 192.168.56.101, 0010
[   47.234625] PROXY(INBOUND) : 6, 5555, 5555, 192.168.56.101, 131.1.1.1, 1010
[   47.234629] DROP(FORWARD)  : 6, 5555, 45845, 192.168.56.101, 131.1.1.1, 1010
[   47.234631] DROP(INBOUND)  : 6, 1111, 35576, 192.168.56.101, 10.0.2.15, 1010
[   47.234634] INBOUND        : 6, 4444, 58866, 192.168.56.101, 10.0.2.15, 0010
[   47.234643] DROP(INBOUND)  : 6, 1111, 35576, 192.168.56.101, 10.0.2.15, 1010
[   47.234645] PROXY(INBOUND) : 6, 5555, 5555, 192.168.56.101, 131.1.1.1, 1010
[   47.234647] DROP(FORWARD)  : 6, 5555, 45845, 192.168.56.101, 131.1.1.1, 1010
[   47.234681] OUTBOUND       : 6, 58866, 4444, 10.0.2.15, 192.168.56.101, 0010
[   47.234838] DROP(INBOUND)  : 6, 1111, 35576, 192.168.56.101, 10.0.2.15, 1010
[   47.234841] INBOUND        : 6, 4444, 58866, 192.168.56.101, 10.0.2.15, 0010
[   47.234849] PROXY(INBOUND) : 6, 5555, 5555, 192.168.56.101, 131.1.1.1, 1010
[   47.234852] DROP(FORWARD)  : 6, 5555, 45845, 192.168.56.101, 131.1.1.1, 1010
[   47.234855] INBOUND        : 6, 3333, 50416, 192.168.56.101, 10.0.2.15, 0010
[   47.234891] OUTBOUND       : 6, 58866, 4444, 10.0.2.15, 192.168.56.101, 0010
[   47.234954] OUTBOUND       : 6, 50416, 3333, 10.0.2.15, 192.168.56.101, 0010
[   47.234961] INBOUND        : 6, 3333, 50416, 192.168.56.101, 10.0.2.15, 0010
[   47.234969] OUTBOUND       : 6, 50416, 3333, 10.0.2.15, 192.168.56.101, 0010
[   47.237661] DROP(INBOUND)  : 6, 1111, 35576, 192.168.56.101, 10.0.2.15, 1010
[   47.237665] PROXY(INBOUND) : 6, 5555, 5555, 192.168.56.101, 131.1.1.1, 1010
[   47.237671] DROP(FORWARD)  : 6, 5555, 45845, 192.168.56.101, 131.1.1.1, 1010
[   47.237678] INBOUND        : 6, 3333, 50416, 192.168.56.101, 10.0.2.15, 0010
[   47.237694] PROXY(INBOUND) : 6, 5555, 5555, 192.168.56.101, 131.1.1.1, 1010
[   47.237697] DROP(FORWARD)  : 6, 5555, 45845, 192.168.56.101, 131.1.1.1, 1010
[   47.237700] INBOUND        : 6, 3333, 50416, 192.168.56.101, 10.0.2.15, 0010
[   47.237703] DROP(INBOUND)  : 6, 1111, 35576, 192.168.56.101, 10.0.2.15, 1010
[   47.237707] OUTBOUND       : 6, 50416, 3333, 10.0.2.15, 192.168.56.101, 0010
[   47.237750] OUTBOUND       : 6, 50416, 3333, 10.0.2.15, 192.168.56.101, 0010
[   47.239551] INBOUND        : 6, 4444, 58866, 192.168.56.101, 10.0.2.15, 0010
[   47.239578] DROP(INBOUND)  : 6, 1111, 35576, 192.168.56.101, 10.0.2.15, 1010
[   47.239601] INBOUND        : 6, 4444, 58866, 192.168.56.101, 10.0.2.15, 0010
[   47.239630] DROP(INBOUND)  : 6, 1111, 35576, 192.168.56.101, 10.0.2.15, 1010
[   47.239634] OUTBOUND       : 6, 58866, 4444, 10.0.2.15, 192.168.56.101, 0010
[   47.239648] OUTBOUND       : 6, 58866, 4444, 10.0.2.15, 192.168.56.101, 0010
[   47.312640] INBOUND        : 6, 3333, 50416, 192.168.56.101, 10.0.2.15, 0010
[   47.312658] INBOUND        : 6, 3333, 50416, 192.168.56.101, 10.0.2.15, 0010
[   47.312662] PROXY(INBOUND) : 6, 5555, 5555, 192.168.56.101, 131.1.1.1, 1010
[   47.312668] DROP(FORWARD)  : 6, 5555, 45845, 192.168.56.101, 131.1.1.1, 1010
[   47.312671] PROXY(INBOUND) : 6, 5555, 5555, 192.168.56.101, 131.1.1.1, 1010
[   47.312673] DROP(FORWARD)  : 6, 5555, 45845, 192.168.56.101, 131.1.1.1, 1010
[   47.312676] DROP(INBOUND)  : 6, 1111, 35576, 192.168.56.101, 10.0.2.15, 1010
[   47.312679] DROP(INBOUND)  : 6, 1111, 35576, 192.168.56.101, 10.0.2.15, 1010
[   47.312682] INBOUND        : 6, 4444, 58866, 192.168.56.101, 10.0.2.15, 0010
[   47.312693] INBOUND        : 6, 4444, 58866, 192.168.56.101, 10.0.2.15, 0010
[   47.312695] OUTBOUND       : 6, 50416, 3333, 10.0.2.15, 192.168.56.101, 0010
[   47.312700] PROXY(INBOUND) : 6, 5555, 5555, 192.168.56.101, 131.1.1.1, 1010
[   47.312703] DROP(FORWARD)  : 6, 5555, 45845, 192.168.56.101, 131.1.1.1, 1010
[   47.312706] PROXY(INBOUND) : 6, 5555, 5555, 192.168.56.101, 131.1.1.1, 1010
[   47.312708] DROP(FORWARD)  : 6, 5555, 45845, 192.168.56.101, 131.1.1.1, 1010
[   47.312713] INBOUND        : 6, 3333, 50416, 192.168.56.101, 10.0.2.15, 0010
[   47.312732] INBOUND        : 6, 3333, 50416, 192.168.56.101, 10.0.2.15, 0010
[   47.312734] DROP(INBOUND)  : 6, 1111, 35576, 192.168.56.101, 10.0.2.15, 1010
[   47.312763] OUTBOUND       : 6, 50416, 3333, 10.0.2.15, 192.168.56.101, 0010
[   47.312766] INBOUND        : 6, 4444, 58866, 192.168.56.101, 10.0.2.15, 0010
[   47.312769] DROP(INBOUND)  : 6, 1111, 35576, 192.168.56.101, 10.0.2.15, 1010
[   47.312770] INBOUND        : 6, 4444, 58866, 192.168.56.101, 10.0.2.15, 0010
[   47.312772] PROXY(INBOUND) : 6, 5555, 5555, 192.168.56.101, 131.1.1.1, 1010
[   47.312774] DROP(FORWARD)  : 6, 5555, 45845, 192.168.56.101, 131.1.1.1, 1010
[   47.312777] PROXY(INBOUND) : 6, 5555, 5555, 192.168.56.101, 131.1.1.1, 1010
[   47.312778] DROP(FORWARD)  : 6, 5555, 45845, 192.168.56.101, 131.1.1.1, 1010
[   47.312781] INBOUND        : 6, 3333, 50416, 192.168.56.101, 10.0.2.15, 0010
[   47.312783] INBOUND        : 6, 3333, 50416, 192.168.56.101, 10.0.2.15, 0010
[   47.312785] OUTBOUND       : 6, 50416, 3333, 10.0.2.15, 192.168.56.101, 0010
[   47.312787] DROP(INBOUND)  : 6, 1111, 35576, 192.168.56.101, 10.0.2.15, 1010
[   47.312790] INBOUND        : 6, 4444, 58866, 192.168.56.101, 10.0.2.15, 0010
[   47.312792] DROP(INBOUND)  : 6, 1111, 35576, 192.168.56.101, 10.0.2.15, 1010
[   47.312794] INBOUND        : 6, 4444, 58866, 192.168.56.101, 10.0.2.15, 0010
[   47.312796] PROXY(INBOUND) : 6, 5555, 5555, 192.168.56.101, 131.1.1.1, 1010
[   47.312798] OUTBOUND       : 6, 50416, 3333, 10.0.2.15, 192.168.56.101, 0010
[   47.312818] DROP(FORWARD)  : 6, 5555, 45845, 192.168.56.101, 131.1.1.1, 1010
[   47.312820] PROXY(INBOUND) : 6, 5555, 5555, 192.168.56.101, 131.1.1.1, 1010
[   47.312822] DROP(FORWARD)  : 6, 5555, 45845, 192.168.56.101, 131.1.1.1, 1010
[   47.312837] INBOUND        : 6, 3333, 50416, 192.168.56.101, 10.0.2.15, 0010
[   47.312841] OUTBOUND       : 6, 50416, 3333, 10.0.2.15, 192.168.56.101, 0010
[   47.312850] INBOUND        : 6, 3333, 50416, 192.168.56.101, 10.0.2.15, 0010
[   47.312869] PROXY(INBOUND) : 6, 5555, 5555, 192.168.56.101, 131.1.1.1, 1010
[   47.312871] DROP(FORWARD)  : 6, 5555, 45845, 192.168.56.101, 131.1.1.1, 1010
[   47.312873] PROXY(INBOUND) : 6, 5555, 5555, 192.168.56.101, 131.1.1.1, 1010
[   47.312875] DROP(FORWARD)  : 6, 5555, 45845, 192.168.56.101, 131.1.1.1, 1010
[   47.312898] DROP(INBOUND)  : 6, 1111, 35576, 192.168.56.101, 10.0.2.15, 1010
[   47.312901] INBOUND        : 6, 4444, 58866, 192.168.56.101, 10.0.2.15, 0010
[   47.312902] DROP(INBOUND)  : 6, 1111, 35576, 192.168.56.101, 10.0.2.15, 1010
[   47.312905] INBOUND        : 6, 4444, 58866, 192.168.56.101, 10.0.2.15, 0010
[   47.312907] INBOUND        : 6, 3333, 50416, 192.168.56.101, 10.0.2.15, 0010
[   47.312909] OUTBOUND       : 6, 50416, 3333, 10.0.2.15, 192.168.56.101, 0010
[   47.312918] INBOUND        : 6, 3333, 50416, 192.168.56.101, 10.0.2.15, 0010
[   47.312921] PROXY(INBOUND) : 6, 5555, 5555, 192.168.56.101, 131.1.1.1, 1010
[   47.312923] DROP(FORWARD)  : 6, 5555, 45845, 192.168.56.101, 131.1.1.1, 1010
[   47.312925] PROXY(INBOUND) : 6, 5555, 5555, 192.168.56.101, 131.1.1.1, 1010
[   47.312926] DROP(FORWARD)  : 6, 5555, 45845, 192.168.56.101, 131.1.1.1, 1010
[   47.312928] OUTBOUND       : 6, 50416, 3333, 10.0.2.15, 192.168.56.101, 0010
[   47.312931] DROP(INBOUND)  : 6, 1111, 35576, 192.168.56.101, 10.0.2.15, 1010
[   47.312938] INBOUND        : 6, 4444, 58866, 192.168.56.101, 10.0.2.15, 0010
[   47.312940] DROP(INBOUND)  : 6, 1111, 35576, 192.168.56.101, 10.0.2.15, 1010
[   47.312942] INBOUND        : 6, 4444, 58866, 192.168.56.101, 10.0.2.15, 0010
[   47.312944] INBOUND        : 6, 3333, 50416, 192.168.56.101, 10.0.2.15, 0010
[   47.312951] INBOUND        : 6, 3333, 50416, 192.168.56.101, 10.0.2.15, 0010
[   47.312953] PROXY(INBOUND) : 6, 5555, 5555, 192.168.56.101, 131.1.1.1, 1010
[   47.312956] DROP(FORWARD)  : 6, 5555, 45845, 192.168.56.101, 131.1.1.1, 1010
[   47.312957] PROXY(INBOUND) : 6, 5555, 5555, 192.168.56.101, 131.1.1.1, 1010
[   47.312959] DROP(FORWARD)  : 6, 5555, 45845, 192.168.56.101, 131.1.1.1, 1010
[   47.312961] DROP(INBOUND)  : 6, 1111, 35576, 192.168.56.101, 10.0.2.15, 1010
[   47.312980] OUTBOUND       : 6, 50416, 3333, 10.0.2.15, 192.168.56.101, 0010
[   47.312984] INBOUND        : 6, 4444, 58866, 192.168.56.101, 10.0.2.15, 0010
[   47.312986] DROP(INBOUND)  : 6, 1111, 35576, 192.168.56.101, 10.0.2.15, 1010
[   47.312987] INBOUND        : 6, 4444, 58866, 192.168.56.101, 10.0.2.15, 0010
[   47.313011] INBOUND        : 6, 3333, 50416, 192.168.56.101, 10.0.2.15, 0010
[   47.313013] OUTBOUND       : 6, 50416, 3333, 10.0.2.15, 192.168.56.101, 0010
[   47.313018] INBOUND        : 6, 3333, 50416, 192.168.56.101, 10.0.2.15, 0010
[   47.313021] PROXY(INBOUND) : 6, 5555, 5555, 192.168.56.101, 131.1.1.1, 1010
[   47.313022] DROP(FORWARD)  : 6, 5555, 45845, 192.168.56.101, 131.1.1.1, 1010
[   47.313024] PROXY(INBOUND) : 6, 5555, 5555, 192.168.56.101, 131.1.1.1, 1010
[   47.313025] OUTBOUND       : 6, 50416, 3333, 10.0.2.15, 192.168.56.101, 0010
[   47.313028] DROP(FORWARD)  : 6, 5555, 45845, 192.168.56.101, 131.1.1.1, 1010
[   47.313030] OUTBOUND       : 6, 58866, 4444, 10.0.2.15, 192.168.56.101, 0010
[   47.313033] DROP(INBOUND)  : 6, 1111, 35576, 192.168.56.101, 10.0.2.15, 1010
[   47.313035] INBOUND        : 6, 4444, 58866, 192.168.56.101, 10.0.2.15, 0010
[   47.313037] DROP(INBOUND)  : 6, 1111, 35576, 192.168.56.101, 10.0.2.15, 1010
[   47.313039] INBOUND        : 6, 4444, 58866, 192.168.56.101, 10.0.2.15, 0010
[   47.313041] PROXY(INBOUND) : 6, 5555, 5555, 192.168.56.101, 131.1.1.1, 1010
[   47.313042] OUTBOUND       : 6, 58866, 4444, 10.0.2.15, 192.168.56.101, 0010
[   47.313045] DROP(FORWARD)  : 6, 5555, 45845, 192.168.56.101, 131.1.1.1, 1010
[   47.313047] PROXY(INBOUND) : 6, 5555, 5555, 192.168.56.101, 131.1.1.1, 1010
[   47.313048] OUTBOUND       : 6, 58866, 4444, 10.0.2.15, 192.168.56.101, 0010
[   47.313050] OUTBOUND       : 6, 50416, 3333, 10.0.2.15, 192.168.56.101, 0010
[   47.313053] DROP(FORWARD)  : 6, 5555, 45845, 192.168.56.101, 131.1.1.1, 1010
[   47.313056] INBOUND        : 6, 3333, 50416, 192.168.56.101, 10.0.2.15, 0010
[   47.313058] OUTBOUND       : 6, 58866, 4444, 10.0.2.15, 192.168.56.101, 0010
[   47.313063] INBOUND        : 6, 3333, 50416, 192.168.56.101, 10.0.2.15, 0010
[   47.313064] OUTBOUND       : 6, 50416, 3333, 10.0.2.15, 192.168.56.101, 0010
[   47.313070] INBOUND        : 6, 4444, 58866, 192.168.56.101, 10.0.2.15, 0010
[   47.313071] OUTBOUND       : 6, 50416, 3333, 10.0.2.15, 192.168.56.101, 0010
[   47.313073] OUTBOUND       : 6, 58866, 4444, 10.0.2.15, 192.168.56.101, 0010
[   47.313075] INBOUND        : 6, 4444, 58866, 192.168.56.101, 10.0.2.15, 0010
[   47.313077] OUTBOUND       : 6, 58866, 4444, 10.0.2.15, 192.168.56.101, 0010
[   47.313080] OUTBOUND       : 6, 58866, 4444, 10.0.2.15, 192.168.56.101, 0010
[   47.313083] OUTBOUND       : 6, 58866, 4444, 10.0.2.15, 192.168.56.101, 0010
[   47.313084] DROP(INBOUND)  : 6, 1111, 35576, 192.168.56.101, 10.0.2.15, 1010
[   47.313086] DROP(INBOUND)  : 6, 1111, 35576, 192.168.56.101, 10.0.2.15, 1010
[   47.313089] INBOUND        : 6, 3333, 50416, 192.168.56.101, 10.0.2.15, 0010
[   47.313091] INBOUND        : 6, 3333, 50416, 192.168.56.101, 10.0.2.15, 0010
[   47.313092] OUTBOUND       : 6, 50416, 3333, 10.0.2.15, 192.168.56.101, 0010
[   47.313094] PROXY(INBOUND) : 6, 5555, 5555, 192.168.56.101, 131.1.1.1, 1010
[   47.313097] DROP(FORWARD)  : 6, 5555, 45845, 192.168.56.101, 131.1.1.1, 1010
[   47.313098] PROXY(INBOUND) : 6, 5555, 5555, 192.168.56.101, 131.1.1.1, 1010
[   47.313100] DROP(FORWARD)  : 6, 5555, 45845, 192.168.56.101, 131.1.1.1, 1010
[   47.313103] OUTBOUND       : 6, 50416, 3333, 10.0.2.15, 192.168.56.101, 0010
[   47.313104] INBOUND        : 6, 4444, 58866, 192.168.56.101, 10.0.2.15, 0010
[   47.313107] OUTBOUND       : 6, 58866, 4444, 10.0.2.15, 192.168.56.101, 0010
[   47.313135] PROXY(INBOUND) : 6, 5555, 5555, 192.168.56.101, 131.1.1.1, 1010
[   47.313137] DROP(FORWARD)  : 6, 5555, 45845, 192.168.56.101, 131.1.1.1, 1010
[   47.313156] INBOUND        : 6, 3333, 50416, 192.168.56.101, 10.0.2.15, 0010
[   47.313163] DROP(INBOUND)  : 6, 1111, 35576, 192.168.56.101, 10.0.2.15, 1010
[   47.313186] INBOUND        : 6, 4444, 58866, 192.168.56.101, 10.0.2.15, 0010
[   47.313188] INBOUND        : 6, 4444, 58866, 192.168.56.101, 10.0.2.15, 0010
[   47.313191] OUTBOUND       : 6, 58866, 4444, 10.0.2.15, 192.168.56.101, 0010
[   47.313197] OUTBOUND       : 6, 50416, 3333, 10.0.2.15, 192.168.56.101, 0010
[   47.313199] INBOUND        : 6, 3333, 50416, 192.168.56.101, 10.0.2.15, 0010
[   47.313201] INBOUND        : 6, 4444, 58866, 192.168.56.101, 10.0.2.15, 0010
[   47.313203] INBOUND        : 6, 3333, 50416, 192.168.56.101, 10.0.2.15, 0010
[   47.313204] OUTBOUND       : 6, 50416, 3333, 10.0.2.15, 192.168.56.101, 0010
[   47.313206] PROXY(INBOUND) : 6, 5555, 5555, 192.168.56.101, 131.1.1.1, 1010
[   47.313209] DROP(FORWARD)  : 6, 5555, 45845, 192.168.56.101, 131.1.1.1, 1010
[   47.313210] PROXY(INBOUND) : 6, 5555, 5555, 192.168.56.101, 131.1.1.1, 1010
[   47.313212] DROP(FORWARD)  : 6, 5555, 45845, 192.168.56.101, 131.1.1.1, 1010
[   47.313214] OUTBOUND       : 6, 50416, 3333, 10.0.2.15, 192.168.56.101, 0010
[   47.313216] OUTBOUND       : 6, 58866, 4444, 10.0.2.15, 192.168.56.101, 0010
[   47.313218] DROP(INBOUND)  : 6, 1111, 35576, 192.168.56.101, 10.0.2.15, 1010
[   47.313220] DROP(INBOUND)  : 6, 1111, 35576, 192.168.56.101, 10.0.2.15, 1010
[   47.313223] INBOUND        : 6, 3333, 50416, 192.168.56.101, 10.0.2.15, 0010
[   47.313225] OUTBOUND       : 6, 50416, 3333, 10.0.2.15, 192.168.56.101, 0010
[   47.313228] INBOUND        : 6, 3333, 50416, 192.168.56.101, 10.0.2.15, 0010
[   47.313231] INBOUND        : 6, 4444, 58866, 192.168.56.101, 10.0.2.15, 0010
[   47.313237] INBOUND        : 6, 4444, 58866, 192.168.56.101, 10.0.2.15, 0010
[   47.313257] OUTBOUND       : 6, 50416, 3333, 10.0.2.15, 192.168.56.101, 0010
[   47.313260] INBOUND        : 6, 3333, 50416, 192.168.56.101, 10.0.2.15, 0010
[   47.313266] OUTBOUND       : 6, 50416, 3333, 10.0.2.15, 192.168.56.101, 0010
[   47.313270] INBOUND        : 6, 3333, 50416, 192.168.56.101, 10.0.2.15, 0010
[   47.313275] PROXY(INBOUND) : 6, 5555, 5555, 192.168.56.101, 131.1.1.1, 1010
[   47.313277] DROP(FORWARD)  : 6, 5555, 45845, 192.168.56.101, 131.1.1.1, 1010
[   47.313280] OUTBOUND       : 6, 58866, 4444, 10.0.2.15, 192.168.56.101, 0010
[   47.313282] DROP(INBOUND)  : 6, 1111, 35576, 192.168.56.101, 10.0.2.15, 1010
[   47.313283] OUTBOUND       : 6, 58866, 4444, 10.0.2.15, 192.168.56.101, 0010
[   47.313285] PROXY(INBOUND) : 6, 5555, 5555, 192.168.56.101, 131.1.1.1, 1010
[   47.313287] OUTBOUND       : 6, 50416, 3333, 10.0.2.15, 192.168.56.101, 0010
[   47.313289] DROP(FORWARD)  : 6, 5555, 45845, 192.168.56.101, 131.1.1.1, 1010
[   47.313291] DROP(INBOUND)  : 6, 1111, 35576, 192.168.56.101, 10.0.2.15, 1010
[   47.313293] INBOUND        : 6, 3333, 50416, 192.168.56.101, 10.0.2.15, 0010
[   47.313300] INBOUND        : 6, 4444, 58866, 192.168.56.101, 10.0.2.15, 0010
[   47.313303] OUTBOUND       : 6, 58866, 4444, 10.0.2.15, 192.168.56.101, 0010
[   47.313305] INBOUND        : 6, 3333, 50416, 192.168.56.101, 10.0.2.15, 0010
[   47.313308] INBOUND        : 6, 4444, 58866, 192.168.56.101, 10.0.2.15, 0010
[   47.313309] OUTBOUND       : 6, 50416, 3333, 10.0.2.15, 192.168.56.101, 0010
[   47.313313] PROXY(INBOUND) : 6, 5555, 5555, 192.168.56.101, 131.1.1.1, 1010
[   47.313314] OUTBOUND       : 6, 50416, 3333, 10.0.2.15, 192.168.56.101, 0010
[   47.313316] OUTBOUND       : 6, 58866, 4444, 10.0.2.15, 192.168.56.101, 0010
[   47.313317] DROP(FORWARD)  : 6, 5555, 45845, 192.168.56.101, 131.1.1.1, 1010
[   47.313320] PROXY(INBOUND) : 6, 5555, 5555, 192.168.56.101, 131.1.1.1, 1010
[   47.313321] DROP(FORWARD)  : 6, 5555, 45845, 192.168.56.101, 131.1.1.1, 1010
[   47.313323] DROP(INBOUND)  : 6, 1111, 35576, 192.168.56.101, 10.0.2.15, 1010
[   47.313324] DROP(INBOUND)  : 6, 1111, 35576, 192.168.56.101, 10.0.2.15, 1010
[   47.313329] INBOUND        : 6, 4444, 58866, 192.168.56.101, 10.0.2.15, 0010
[   47.313335] INBOUND        : 6, 4444, 58866, 192.168.56.101, 10.0.2.15, 0010
[   47.313337] OUTBOUND       : 6, 58866, 4444, 10.0.2.15, 192.168.56.101, 0010
[   47.313350] INBOUND        : 6, 4444, 58866, 192.168.56.101, 10.0.2.15, 0010
[   47.313352] PROXY(INBOUND) : 6, 5555, 5555, 192.168.56.101, 131.1.1.1, 1010
[   47.313374] OUTBOUND       : 6, 58866, 4444, 10.0.2.15, 192.168.56.101, 0010
[   47.313377] DROP(FORWARD)  : 6, 5555, 45845, 192.168.56.101, 131.1.1.1, 1010
[   47.313379] INBOUND        : 6, 3333, 50416, 192.168.56.101, 10.0.2.15, 0010
[   47.313387] PROXY(INBOUND) : 6, 5555, 5555, 192.168.56.101, 131.1.1.1, 1010
[   47.313388] DROP(FORWARD)  : 6, 5555, 45845, 192.168.56.101, 131.1.1.1, 1010
[   47.313390] INBOUND        : 6, 3333, 50416, 192.168.56.101, 10.0.2.15, 0010
[   47.313393] INBOUND        : 6, 4444, 58866, 192.168.56.101, 10.0.2.15, 0010
[   47.313394] INBOUND        : 6, 4444, 58866, 192.168.56.101, 10.0.2.15, 0010
[   47.313396] DROP(INBOUND)  : 6, 1111, 35576, 192.168.56.101, 10.0.2.15, 1010
[   47.313399] OUTBOUND       : 6, 50416, 3333, 10.0.2.15, 192.168.56.101, 0010
[   47.313400] OUTBOUND       : 6, 58866, 4444, 10.0.2.15, 192.168.56.101, 0010
[   47.313401] INBOUND        : 6, 4444, 58866, 192.168.56.101, 10.0.2.15, 0010
[   47.313403] DROP(INBOUND)  : 6, 1111, 35576, 192.168.56.101, 10.0.2.15, 1010
[   47.313406] INBOUND        : 6, 4444, 58866, 192.168.56.101, 10.0.2.15, 0010
[   47.313408] PROXY(INBOUND) : 6, 5555, 5555, 192.168.56.101, 131.1.1.1, 1010
[   47.313409] DROP(FORWARD)  : 6, 5555, 45845, 192.168.56.101, 131.1.1.1, 1010
[   47.313411] OUTBOUND       : 6, 58866, 4444, 10.0.2.15, 192.168.56.101, 0010
[   47.313414] PROXY(INBOUND) : 6, 5555, 5555, 192.168.56.101, 131.1.1.1, 1010
[   47.313415] OUTBOUND       : 6, 50416, 3333, 10.0.2.15, 192.168.56.101, 0010
[   47.313418] DROP(FORWARD)  : 6, 5555, 45845, 192.168.56.101, 131.1.1.1, 1010
[   47.313420] INBOUND        : 6, 3333, 50416, 192.168.56.101, 10.0.2.15, 0010
[   47.313423] OUTBOUND       : 6, 50416, 3333, 10.0.2.15, 192.168.56.101, 0010
[   47.313427] OUTBOUND       : 6, 58866, 4444, 10.0.2.15, 192.168.56.101, 0010
[   47.313433] INBOUND        : 6, 4444, 58866, 192.168.56.101, 10.0.2.15, 0010
[   47.313435] OUTBOUND       : 6, 58866, 4444, 10.0.2.15, 192.168.56.101, 0010
[   47.313455] INBOUND        : 6, 4444, 58866, 192.168.56.101, 10.0.2.15, 0010
[   47.313458] INBOUND        : 6, 3333, 50416, 192.168.56.101, 10.0.2.15, 0010
[   47.313461] DROP(INBOUND)  : 6, 1111, 35576, 192.168.56.101, 10.0.2.15, 1010
[   47.313463] DROP(INBOUND)  : 6, 1111, 35576, 192.168.56.101, 10.0.2.15, 1010
[   47.313465] PROXY(INBOUND) : 6, 5555, 5555, 192.168.56.101, 131.1.1.1, 1010
[   47.313467] OUTBOUND       : 6, 58866, 4444, 10.0.2.15, 192.168.56.101, 0010
[   47.313469] DROP(FORWARD)  : 6, 5555, 45845, 192.168.56.101, 131.1.1.1, 1010
[   47.313471] PROXY(INBOUND) : 6, 5555, 5555, 192.168.56.101, 131.1.1.1, 1010
[   47.313473] DROP(FORWARD)  : 6, 5555, 45845, 192.168.56.101, 131.1.1.1, 1010
[   47.313475] DROP(INBOUND)  : 6, 1111, 35576, 192.168.56.101, 10.0.2.15, 1010
[   47.313477] INBOUND        : 6, 4444, 58866, 192.168.56.101, 10.0.2.15, 0010
[   47.313480] OUTBOUND       : 6, 58866, 4444, 10.0.2.15, 192.168.56.101, 0010
[   47.313490] INBOUND        : 6, 3333, 50416, 192.168.56.101, 10.0.2.15, 0010
[   47.313492] OUTBOUND       : 6, 50416, 3333, 10.0.2.15, 192.168.56.101, 0010
[   47.313504] DROP(INBOUND)  : 6, 1111, 35576, 192.168.56.101, 10.0.2.15, 1010
[   47.313508] INBOUND        : 6, 3333, 50416, 192.168.56.101, 10.0.2.15, 0010
[   47.313511] INBOUND        : 6, 4444, 58866, 192.168.56.101, 10.0.2.15, 0010
[   47.313520] PROXY(INBOUND) : 6, 5555, 5555, 192.168.56.101, 131.1.1.1, 1010
[   47.313522] DROP(FORWARD)  : 6, 5555, 45845, 192.168.56.101, 131.1.1.1, 1010
[   47.313524] PROXY(INBOUND) : 6, 5555, 5555, 192.168.56.101, 131.1.1.1, 1010
[   47.313526] DROP(FORWARD)  : 6, 5555, 45845, 192.168.56.101, 131.1.1.1, 1010
[   47.313528] DROP(INBOUND)  : 6, 1111, 35576, 192.168.56.101, 10.0.2.15, 1010
[   47.313529] DROP(INBOUND)  : 6, 1111, 35576, 192.168.56.101, 10.0.2.15, 1010
[   47.313532] INBOUND        : 6, 3333, 50416, 192.168.56.101, 10.0.2.15, 0010
[   47.313534] OUTBOUND       : 6, 50416, 3333, 10.0.2.15, 192.168.56.101, 0010
[   47.313559] INBOUND        : 6, 3333, 50416, 192.168.56.101, 10.0.2.15, 0010
[   47.313561] INBOUND        : 6, 4444, 58866, 192.168.56.101, 10.0.2.15, 0010
[   47.313563] INBOUND        : 6, 4444, 58866, 192.168.56.101, 10.0.2.15, 0010
[   47.313565] DROP(INBOUND)  : 6, 1111, 35576, 192.168.56.101, 10.0.2.15, 1010
[   47.313566] PROXY(INBOUND) : 6, 5555, 5555, 192.168.56.101, 131.1.1.1, 1010
[   47.313568] DROP(FORWARD)  : 6, 5555, 45845, 192.168.56.101, 131.1.1.1, 1010
[   47.313574] INBOUND        : 6, 3333, 50416, 192.168.56.101, 10.0.2.15, 0010
[   47.313576] OUTBOUND       : 6, 50416, 3333, 10.0.2.15, 192.168.56.101, 0010
[   47.313581] INBOUND        : 6, 3333, 50416, 192.168.56.101, 10.0.2.15, 0010
[   47.313583] INBOUND        : 6, 4444, 58866, 192.168.56.101, 10.0.2.15, 0010
[   47.313585] INBOUND        : 6, 4444, 58866, 192.168.56.101, 10.0.2.15, 0010
[   47.313587] PROXY(INBOUND) : 6, 5555, 5555, 192.168.56.101, 131.1.1.1, 1010
[   47.313609] DROP(FORWARD)  : 6, 5555, 45845, 192.168.56.101, 131.1.1.1, 1010
[   47.313611] INBOUND        : 6, 3333, 50416, 192.168.56.101, 10.0.2.15, 0010
[   47.313613] OUTBOUND       : 6, 50416, 3333, 10.0.2.15, 192.168.56.101, 0010
[   47.313619] PROXY(INBOUND) : 6, 5555, 5555, 192.168.56.101, 131.1.1.1, 1010
[   47.313622] OUTBOUND       : 6, 58866, 4444, 10.0.2.15, 192.168.56.101, 0010
[   47.313624] DROP(FORWARD)  : 6, 5555, 45845, 192.168.56.101, 131.1.1.1, 1010
[   47.313626] INBOUND        : 6, 3333, 50416, 192.168.56.101, 10.0.2.15, 0010
[   47.313629] INBOUND        : 6, 4444, 58866, 192.168.56.101, 10.0.2.15, 0010
[   47.313631] INBOUND        : 6, 4444, 58866, 192.168.56.101, 10.0.2.15, 0010
[   47.313633] PROXY(INBOUND) : 6, 5555, 5555, 192.168.56.101, 131.1.1.1, 1010
[   47.313634] DROP(FORWARD)  : 6, 5555, 45845, 192.168.56.101, 131.1.1.1, 1010
[   47.313636] OUTBOUND       : 6, 58866, 4444, 10.0.2.15, 192.168.56.101, 0010
[   47.313639] INBOUND        : 6, 3333, 50416, 192.168.56.101, 10.0.2.15, 0010
[   47.313641] OUTBOUND       : 6, 50416, 3333, 10.0.2.15, 192.168.56.101, 0010
[   47.313643] OUTBOUND       : 6, 58866, 4444, 10.0.2.15, 192.168.56.101, 0010
[   47.313648] OUTBOUND       : 6, 58866, 4444, 10.0.2.15, 192.168.56.101, 0010
[   47.313656] PROXY(INBOUND) : 6, 5555, 5555, 192.168.56.101, 131.1.1.1, 1010
[   47.313658] DROP(FORWARD)  : 6, 5555, 45845, 192.168.56.101, 131.1.1.1, 1010
[   47.313660] INBOUND        : 6, 3333, 50416, 192.168.56.101, 10.0.2.15, 0010
[   47.313663] INBOUND        : 6, 4444, 58866, 192.168.56.101, 10.0.2.15, 0010
[   47.313665] OUTBOUND       : 6, 58866, 4444, 10.0.2.15, 192.168.56.101, 0010
[   47.313672] PROXY(INBOUND) : 6, 5555, 5555, 192.168.56.101, 131.1.1.1, 1010
[   47.313675] DROP(FORWARD)  : 6, 5555, 45845, 192.168.56.101, 131.1.1.1, 1010
[   47.313676] INBOUND        : 6, 4444, 58866, 192.168.56.101, 10.0.2.15, 0010
[   47.313678] PROXY(INBOUND) : 6, 5555, 5555, 192.168.56.101, 131.1.1.1, 1010
[   47.313680] DROP(FORWARD)  : 6, 5555, 45845, 192.168.56.101, 131.1.1.1, 1010
[   47.313682] OUTBOUND       : 6, 58866, 4444, 10.0.2.15, 192.168.56.101, 0010
[   47.313683] INBOUND        : 6, 3333, 50416, 192.168.56.101, 10.0.2.15, 0010
[   47.313686] OUTBOUND       : 6, 50416, 3333, 10.0.2.15, 192.168.56.101, 0010
[   47.313694] INBOUND        : 6, 3333, 50416, 192.168.56.101, 10.0.2.15, 0010
[   47.313696] PROXY(INBOUND) : 6, 5555, 5555, 192.168.56.101, 131.1.1.1, 1010
[   47.313714] DROP(FORWARD)  : 6, 5555, 45845, 192.168.56.101, 131.1.1.1, 1010
[   47.313717] INBOUND        : 6, 4444, 58866, 192.168.56.101, 10.0.2.15, 0010
[   47.313744] PROXY(INBOUND) : 6, 5555, 5555, 192.168.56.101, 131.1.1.1, 1010
[   47.313746] DROP(FORWARD)  : 6, 5555, 45845, 192.168.56.101, 131.1.1.1, 1010
[   47.313748] INBOUND        : 6, 3333, 50416, 192.168.56.101, 10.0.2.15, 0010
[   47.313751] OUTBOUND       : 6, 50416, 3333, 10.0.2.15, 192.168.56.101, 0010
[   47.313763] OUTBOUND       : 6, 58866, 4444, 10.0.2.15, 192.168.56.101, 0010
[   47.313765] INBOUND        : 6, 3333, 50416, 192.168.56.101, 10.0.2.15, 0010
[   47.313768] PROXY(INBOUND) : 6, 5555, 5555, 192.168.56.101, 131.1.1.1, 1010
[   47.313787] DROP(FORWARD)  : 6, 5555, 45845, 192.168.56.101, 131.1.1.1, 1010
[   47.313789] INBOUND        : 6, 4444, 58866, 192.168.56.101, 10.0.2.15, 0010
[   47.313791] PROXY(INBOUND) : 6, 5555, 5555, 192.168.56.101, 131.1.1.1, 1010
[   47.313793] DROP(FORWARD)  : 6, 5555, 45845, 192.168.56.101, 131.1.1.1, 1010
[   47.313794] PROXY(INBOUND) : 6, 5555, 5555, 192.168.56.101, 131.1.1.1, 1010
[   47.313817] OUTBOUND       : 6, 58866, 4444, 10.0.2.15, 192.168.56.101, 0010
[   47.313818] DROP(FORWARD)  : 6, 5555, 45845, 192.168.56.101, 131.1.1.1, 1010
[   47.313820] INBOUND        : 6, 3333, 50416, 192.168.56.101, 10.0.2.15, 0010
[   47.313823] OUTBOUND       : 6, 50416, 3333, 10.0.2.15, 192.168.56.101, 0010
[   47.313849] INBOUND        : 6, 3333, 50416, 192.168.56.101, 10.0.2.15, 0010
[   47.313873] INBOUND        : 6, 4444, 58866, 192.168.56.101, 10.0.2.15, 0010
[   47.313874] OUTBOUND       : 6, 58866, 4444, 10.0.2.15, 192.168.56.101, 0010
[   47.313880] PROXY(INBOUND) : 6, 5555, 5555, 192.168.56.101, 131.1.1.1, 1010
[   47.313882] DROP(FORWARD)  : 6, 5555, 45845, 192.168.56.101, 131.1.1.1, 1010
[   47.313884] INBOUND        : 6, 4444, 58866, 192.168.56.101, 10.0.2.15, 0010
[   47.313890] INBOUND        : 6, 3333, 50416, 192.168.56.101, 10.0.2.15, 0010
[   47.313892] OUTBOUND       : 6, 50416, 3333, 10.0.2.15, 192.168.56.101, 0010
[   47.313904] INBOUND        : 6, 4444, 58866, 192.168.56.101, 10.0.2.15, 0010
[   47.313907] OUTBOUND       : 6, 58866, 4444, 10.0.2.15, 192.168.56.101, 0010
[   47.313916] INBOUND        : 6, 4444, 58866, 192.168.56.101, 10.0.2.15, 0010
[   47.313920] INBOUND        : 6, 3333, 50416, 192.168.56.101, 10.0.2.15, 0010
[   47.313923] OUTBOUND       : 6, 58866, 4444, 10.0.2.15, 192.168.56.101, 0010
[   47.313924] OUTBOUND       : 6, 50416, 3333, 10.0.2.15, 192.168.56.101, 0010
[   47.313937] INBOUND        : 6, 3333, 50416, 192.168.56.101, 10.0.2.15, 0010
[   47.313941] INBOUND        : 6, 4444, 58866, 192.168.56.101, 10.0.2.15, 0010
[   47.313950] INBOUND        : 6, 3333, 50416, 192.168.56.101, 10.0.2.15, 0010
[   47.313952] OUTBOUND       : 6, 50416, 3333, 10.0.2.15, 192.168.56.101, 0010
[   47.313959] INBOUND        : 6, 4444, 58866, 192.168.56.101, 10.0.2.15, 0010
[   47.313962] OUTBOUND       : 6, 58866, 4444, 10.0.2.15, 192.168.56.101, 0010
[   47.313963] INBOUND        : 6, 3333, 50416, 192.168.56.101, 10.0.2.15, 0010
[   47.313966] INBOUND        : 6, 4444, 58866, 192.168.56.101, 10.0.2.15, 0010
[   47.313969] INBOUND        : 6, 3333, 50416, 192.168.56.101, 10.0.2.15, 0010
[   47.313972] OUTBOUND       : 6, 50416, 3333, 10.0.2.15, 192.168.56.101, 0010
[   47.313975] OUTBOUND       : 6, 58866, 4444, 10.0.2.15, 192.168.56.101, 0010
[   47.313985] INBOUND        : 6, 4444, 58866, 192.168.56.101, 10.0.2.15, 0010
[   47.313995] INBOUND        : 6, 3333, 50416, 192.168.56.101, 10.0.2.15, 0010
[   47.313996] OUTBOUND       : 6, 58866, 4444, 10.0.2.15, 192.168.56.101, 0010
[   47.316545] INBOUND        : 6, 3333, 50416, 192.168.56.101, 10.0.2.15, 0010
[   47.316564] OUTBOUND       : 6, 50416, 3333, 10.0.2.15, 192.168.56.101, 0010
[   47.316582] INBOUND        : 6, 4444, 58866, 192.168.56.101, 10.0.2.15, 0010
[   47.316622] OUTBOUND       : 6, 58866, 4444, 10.0.2.15, 192.168.56.101, 0010
[   47.316644] INBOUND        : 6, 4444, 58866, 192.168.56.101, 10.0.2.15, 0010
[   47.316663] INBOUND        : 6, 3333, 50416, 192.168.56.101, 10.0.2.15, 0010
[   47.316666] OUTBOUND       : 6, 58866, 4444, 10.0.2.15, 192.168.56.101, 0010
[   47.318750] INBOUND        : 6, 4444, 58866, 192.168.56.101, 10.0.2.15, 0010
[   47.318792] OUTBOUND       : 6, 58866, 4444, 10.0.2.15, 192.168.56.101, 0010
[   47.318880] INBOUND        : 6, 4444, 58866, 192.168.56.101, 10.0.2.15, 0010
[   47.318917] OUTBOUND       : 6, 58866, 4444, 10.0.2.15, 192.168.56.101, 0010
[   47.319093] INBOUND        : 6, 3333, 50416, 192.168.56.101, 10.0.2.15, 0010
[   47.319110] OUTBOUND       : 6, 50416, 3333, 10.0.2.15, 192.168.56.101, 0010
[   47.319200] INBOUND        : 6, 3333, 50416, 192.168.56.101, 10.0.2.15, 0010
[   47.319399] OUTBOUND       : 6, 50416, 3333, 10.0.2.15, 192.168.56.101, 0010
[   47.321647] INBOUND        : 6, 3333, 50416, 192.168.56.101, 10.0.2.15, 0010
[   47.321664] INBOUND        : 6, 3333, 50416, 192.168.56.101, 10.0.2.15, 0010
[   47.321673] OUTBOUND       : 6, 50416, 3333, 10.0.2.15, 192.168.56.101, 0010
[   47.321688] OUTBOUND       : 6, 50416, 3333, 10.0.2.15, 192.168.56.101, 0010
[   47.322471] INBOUND        : 6, 4444, 58866, 192.168.56.101, 10.0.2.15, 0010
[   47.322558] OUTBOUND       : 6, 58866, 4444, 10.0.2.15, 192.168.56.101, 0010
[   47.322643] INBOUND        : 6, 4444, 58866, 192.168.56.101, 10.0.2.15, 0010
[   47.322696] OUTBOUND       : 6, 58866, 4444, 10.0.2.15, 192.168.56.101, 0010
[   47.324796] INBOUND        : 6, 4444, 58866, 192.168.56.101, 10.0.2.15, 0010
[   47.324868] OUTBOUND       : 6, 58866, 4444, 10.0.2.15, 192.168.56.101, 0010
[   47.324963] INBOUND        : 6, 4444, 58866, 192.168.56.101, 10.0.2.15, 0010
[   47.325059] OUTBOUND       : 6, 58866, 4444, 10.0.2.15, 192.168.56.101, 0010
[   47.325122] INBOUND        : 6, 3333, 50416, 192.168.56.101, 10.0.2.15, 0010
[   47.325208] OUTBOUND       : 6, 50416, 3333, 10.0.2.15, 192.168.56.101, 0010
[   47.325284] INBOUND        : 6, 3333, 50416, 192.168.56.101, 10.0.2.15, 0010
[   47.325371] OUTBOUND       : 6, 50416, 3333, 10.0.2.15, 192.168.56.101, 0010
[   47.327466] INBOUND        : 6, 4444, 58866, 192.168.56.101, 10.0.2.15, 0010
[   47.327485] INBOUND        : 6, 3333, 50416, 192.168.56.101, 10.0.2.15, 0010
[   47.327496] INBOUND        : 6, 4444, 58866, 192.168.56.101, 10.0.2.15, 0010
[   47.327543] OUTBOUND       : 6, 50416, 3333, 10.0.2.15, 192.168.56.101, 0010
[   47.327564] OUTBOUND       : 6, 58866, 4444, 10.0.2.15, 192.168.56.101, 0010
[   47.327567] INBOUND        : 6, 3333, 50416, 192.168.56.101, 10.0.2.15, 0010
[   47.327579] OUTBOUND       : 6, 58866, 4444, 10.0.2.15, 192.168.56.101, 0010
[   47.327591] OUTBOUND       : 6, 50416, 3333, 10.0.2.15, 192.168.56.101, 0010
[   47.330430] INBOUND        : 6, 3333, 50416, 192.168.56.101, 10.0.2.15, 0010
[   47.330473] INBOUND        : 6, 4444, 58866, 192.168.56.101, 10.0.2.15, 0010
[   47.330485] INBOUND        : 6, 3333, 50416, 192.168.56.101, 10.0.2.15, 0010
[   47.330494] INBOUND        : 6, 4444, 58866, 192.168.56.101, 10.0.2.15, 0010
[   47.330500] OUTBOUND       : 6, 50416, 3333, 10.0.2.15, 192.168.56.101, 0010
[   47.330504] OUTBOUND       : 6, 58866, 4444, 10.0.2.15, 192.168.56.101, 0010
[   47.330530] OUTBOUND       : 6, 50416, 3333, 10.0.2.15, 192.168.56.101, 0010
[   47.330541] OUTBOUND       : 6, 58866, 4444, 10.0.2.15, 192.168.56.101, 0010
[   47.332351] INBOUND        : 6, 4444, 58866, 192.168.56.101, 10.0.2.15, 0010
[   47.332368] INBOUND        : 6, 4444, 58866, 192.168.56.101, 10.0.2.15, 0010
[   47.332385] OUTBOUND       : 6, 58866, 4444, 10.0.2.15, 192.168.56.101, 0010
[   47.332420] OUTBOUND       : 6, 58866, 4444, 10.0.2.15, 192.168.56.101, 0010
[   47.332484] INBOUND        : 6, 3333, 50416, 192.168.56.101, 10.0.2.15, 0010
[   47.332527] OUTBOUND       : 6, 50416, 3333, 10.0.2.15, 192.168.56.101, 0010
[   47.332578] INBOUND        : 6, 3333, 50416, 192.168.56.101, 10.0.2.15, 0010
[   47.332697] OUTBOUND       : 6, 50416, 3333, 10.0.2.15, 192.168.56.101, 0010
[   47.333514] INBOUND        : 6, 4444, 58866, 192.168.56.101, 10.0.2.15, 0010
[   47.333655] OUTBOUND       : 6, 58866, 4444, 10.0.2.15, 192.168.56.101, 0010
[   47.333757] INBOUND        : 6, 4444, 58866, 192.168.56.101, 10.0.2.15, 0010
[   47.333808] OUTBOUND       : 6, 58866, 4444, 10.0.2.15, 192.168.56.101, 0010
[   47.336308] INBOUND        : 6, 3333, 50416, 192.168.56.101, 10.0.2.15, 0010
[   47.336353] INBOUND        : 6, 4444, 58866, 192.168.56.101, 10.0.2.15, 0010
[   47.336371] OUTBOUND       : 6, 50416, 3333, 10.0.2.15, 192.168.56.101, 0010
[   47.336422] OUTBOUND       : 6, 58866, 4444, 10.0.2.15, 192.168.56.101, 0010
[   47.336472] INBOUND        : 6, 4444, 58866, 192.168.56.101, 10.0.2.15, 0010
[   47.336493] INBOUND        : 6, 3333, 50416, 192.168.56.101, 10.0.2.15, 0010
[   47.336566] OUTBOUND       : 6, 50416, 3333, 10.0.2.15, 192.168.56.101, 0010
[   47.336621] OUTBOUND       : 6, 58866, 4444, 10.0.2.15, 192.168.56.101, 0010
[   47.338233] INBOUND        : 6, 4444, 58866, 192.168.56.101, 10.0.2.15, 0010
[   47.338253] INBOUND        : 6, 3333, 50416, 192.168.56.101, 10.0.2.15, 0010
[   47.338264] INBOUND        : 6, 4444, 58866, 192.168.56.101, 10.0.2.15, 0010
[   47.338312] OUTBOUND       : 6, 50416, 3333, 10.0.2.15, 192.168.56.101, 0010
[   47.338336] OUTBOUND       : 6, 58866, 4444, 10.0.2.15, 192.168.56.101, 0010
[   47.338352] OUTBOUND       : 6, 58866, 4444, 10.0.2.15, 192.168.56.101, 0010
[   47.341155] INBOUND        : 6, 3333, 50416, 192.168.56.101, 10.0.2.15, 0010
[   47.341175] INBOUND        : 6, 4444, 58866, 192.168.56.101, 10.0.2.15, 0010
[   47.341190] INBOUND        : 6, 3333, 50416, 192.168.56.101, 10.0.2.15, 0010
[   47.341234] OUTBOUND       : 6, 58866, 4444, 10.0.2.15, 192.168.56.101, 0010
[   47.341253] OUTBOUND       : 6, 50416, 3333, 10.0.2.15, 192.168.56.101, 0010
[   47.341291] INBOUND        : 6, 4444, 58866, 192.168.56.101, 10.0.2.15, 0010
[   47.341365] OUTBOUND       : 6, 58866, 4444, 10.0.2.15, 192.168.56.101, 0010
[   47.341460] INBOUND        : 6, 3333, 50416, 192.168.56.101, 10.0.2.15, 0010
[   47.341599] OUTBOUND       : 6, 50416, 3333, 10.0.2.15, 192.168.56.101, 0010
[   47.343117] INBOUND        : 6, 3333, 50416, 192.168.56.101, 10.0.2.15, 0010
[   47.343238] OUTBOUND       : 6, 50416, 3333, 10.0.2.15, 192.168.56.101, 0010
[   47.343311] INBOUND        : 6, 3333, 50416, 192.168.56.101, 10.0.2.15, 0010
[   47.343367] OUTBOUND       : 6, 50416, 3333, 10.0.2.15, 192.168.56.101, 0010
[   47.345031] INBOUND        : 6, 4444, 58866, 192.168.56.101, 10.0.2.15, 0010
[   47.345091] OUTBOUND       : 6, 58866, 4444, 10.0.2.15, 192.168.56.101, 0010
[   47.345386] INBOUND        : 6, 4444, 58866, 192.168.56.101, 10.0.2.15, 0010
[   47.345491] OUTBOUND       : 6, 58866, 4444, 10.0.2.15, 192.168.56.101, 0010
[   47.345906] INBOUND        : 6, 3333, 50416, 192.168.56.101, 10.0.2.15, 0010
[   47.345997] INBOUND        : 6, 3333, 50416, 192.168.56.101, 10.0.2.15, 0010
[   47.346005] OUTBOUND       : 6, 50416, 3333, 10.0.2.15, 192.168.56.101, 0010
[   47.346040] OUTBOUND       : 6, 50416, 3333, 10.0.2.15, 192.168.56.101, 0010
[   47.347980] INBOUND        : 6, 4444, 58866, 192.168.56.101, 10.0.2.15, 0010
[   47.348034] OUTBOUND       : 6, 58866, 4444, 10.0.2.15, 192.168.56.101, 0010
[   47.348091] INBOUND        : 6, 4444, 58866, 192.168.56.101, 10.0.2.15, 0010
[   47.348122] OUTBOUND       : 6, 58866, 4444, 10.0.2.15, 192.168.56.101, 0010
[   47.348898] INBOUND        : 6, 3333, 50416, 192.168.56.101, 10.0.2.15, 0010
[   47.348934] OUTBOUND       : 6, 50416, 3333, 10.0.2.15, 192.168.56.101, 0010
[   47.349020] INBOUND        : 6, 3333, 50416, 192.168.56.101, 10.0.2.15, 0010
[   47.349092] OUTBOUND       : 6, 50416, 3333, 10.0.2.15, 192.168.56.101, 0010
[   47.351758] INBOUND        : 6, 4444, 58866, 192.168.56.101, 10.0.2.15, 0010
[   47.351773] INBOUND        : 6, 3333, 50416, 192.168.56.101, 10.0.2.15, 0010
[   47.351911] INBOUND        : 6, 4444, 58866, 192.168.56.101, 10.0.2.15, 0010
[   47.351920] INBOUND        : 6, 3333, 50416, 192.168.56.101, 10.0.2.15, 0010
[   47.352145] OUTBOUND       : 6, 58866, 4444, 10.0.2.15, 192.168.56.101, 0010
[   47.352151] OUTBOUND       : 6, 50416, 3333, 10.0.2.15, 192.168.56.101, 0010
[   47.352157] OUTBOUND       : 6, 50416, 3333, 10.0.2.15, 192.168.56.101, 0010
[   47.352168] OUTBOUND       : 6, 58866, 4444, 10.0.2.15, 192.168.56.101, 0010
[   47.354059] INBOUND        : 6, 4444, 58866, 192.168.56.101, 10.0.2.15, 0010
[   47.354105] INBOUND        : 6, 4444, 58866, 192.168.56.101, 10.0.2.15, 0010
[   47.354167] OUTBOUND       : 6, 58866, 4444, 10.0.2.15, 192.168.56.101, 0010
[   47.354198] OUTBOUND       : 6, 58866, 4444, 10.0.2.15, 192.168.56.101, 0010
[   47.354745] INBOUND        : 6, 3333, 50416, 192.168.56.101, 10.0.2.15, 0010
[   47.354801] INBOUND        : 6, 3333, 50416, 192.168.56.101, 10.0.2.15, 0010
[   47.354948] OUTBOUND       : 6, 50416, 3333, 10.0.2.15, 192.168.56.101, 0010
[   47.354962] OUTBOUND       : 6, 50416, 3333, 10.0.2.15, 192.168.56.101, 0010
[   47.356805] INBOUND        : 6, 3333, 50416, 192.168.56.101, 10.0.2.15, 0010
[   47.356880] INBOUND        : 6, 3333, 50416, 192.168.56.101, 10.0.2.15, 0010
[   47.356946] OUTBOUND       : 6, 50416, 3333, 10.0.2.15, 192.168.56.101, 0010
[   47.356979] OUTBOUND       : 6, 50416, 3333, 10.0.2.15, 192.168.56.101, 0010
[   47.357888] INBOUND        : 6, 4444, 58866, 192.168.56.101, 10.0.2.15, 0010
[   47.357961] OUTBOUND       : 6, 58866, 4444, 10.0.2.15, 192.168.56.101, 0010
[   47.358058] INBOUND        : 6, 4444, 58866, 192.168.56.101, 10.0.2.15, 0010
[   47.358153] OUTBOUND       : 6, 58866, 4444, 10.0.2.15, 192.168.56.101, 0010
[   47.359700] INBOUND        : 6, 3333, 50416, 192.168.56.101, 10.0.2.15, 0010
[   47.359914] INBOUND        : 6, 3333, 50416, 192.168.56.101, 10.0.2.15, 0010
[   47.359989] OUTBOUND       : 6, 50416, 3333, 10.0.2.15, 192.168.56.101, 0010
[   47.360003] OUTBOUND       : 6, 50416, 3333, 10.0.2.15, 192.168.56.101, 0010
[   47.362535] INBOUND        : 6, 3333, 50416, 192.168.56.101, 10.0.2.15, 0010
[   47.362623] OUTBOUND       : 6, 50416, 3333, 10.0.2.15, 192.168.56.101, 0010
[   47.362685] INBOUND        : 6, 3333, 50416, 192.168.56.101, 10.0.2.15, 0010
[   47.362702] INBOUND        : 6, 4444, 58866, 192.168.56.101, 10.0.2.15, 0010
[   47.362707] OUTBOUND       : 6, 50416, 3333, 10.0.2.15, 192.168.56.101, 0010
[   47.362782] OUTBOUND       : 6, 58866, 4444, 10.0.2.15, 192.168.56.101, 0010
[   47.362849] INBOUND        : 6, 4444, 58866, 192.168.56.101, 10.0.2.15, 0010
[   47.362942] OUTBOUND       : 6, 58866, 4444, 10.0.2.15, 192.168.56.101, 0010
[   47.364606] INBOUND        : 6, 4444, 58866, 192.168.56.101, 10.0.2.15, 0010
[   47.364674] OUTBOUND       : 6, 58866, 4444, 10.0.2.15, 192.168.56.101, 0010
[   47.364832] INBOUND        : 6, 4444, 58866, 192.168.56.101, 10.0.2.15, 0010
[   47.364864] OUTBOUND       : 6, 58866, 4444, 10.0.2.15, 192.168.56.101, 0010
[   47.365490] INBOUND        : 6, 3333, 50416, 192.168.56.101, 10.0.2.15, 0010
[   47.365570] OUTBOUND       : 6, 50416, 3333, 10.0.2.15, 192.168.56.101, 0010
[   47.365639] INBOUND        : 6, 3333, 50416, 192.168.56.101, 10.0.2.15, 0010
[   47.365658] INBOUND        : 6, 4444, 58866, 192.168.56.101, 10.0.2.15, 0010
[   47.365675] INBOUND        : 6, 4444, 58866, 192.168.56.101, 10.0.2.15, 0010
[   47.365678] OUTBOUND       : 6, 50416, 3333, 10.0.2.15, 192.168.56.101, 0010
[   47.365705] OUTBOUND       : 6, 58866, 4444, 10.0.2.15, 192.168.56.101, 0010
[   47.365740] OUTBOUND       : 6, 58866, 4444, 10.0.2.15, 192.168.56.101, 0010
[   47.368547] INBOUND        : 6, 3333, 50416, 192.168.56.101, 10.0.2.15, 0010
[   47.368584] INBOUND        : 6, 4444, 58866, 192.168.56.101, 10.0.2.15, 0010
[   47.368597] OUTBOUND       : 6, 50416, 3333, 10.0.2.15, 192.168.56.101, 0010
[   47.368599] INBOUND        : 6, 3333, 50416, 192.168.56.101, 10.0.2.15, 0010
[   47.368602] INBOUND        : 6, 4444, 58866, 192.168.56.101, 10.0.2.15, 0010
[   47.368619] OUTBOUND       : 6, 50416, 3333, 10.0.2.15, 192.168.56.101, 0010
[   47.368626] OUTBOUND       : 6, 58866, 4444, 10.0.2.15, 192.168.56.101, 0010
[   47.368642] OUTBOUND       : 6, 58866, 4444, 10.0.2.15, 192.168.56.101, 0010
[   47.371431] INBOUND        : 6, 3333, 50416, 192.168.56.101, 10.0.2.15, 0010
[   47.371451] INBOUND        : 6, 4444, 58866, 192.168.56.101, 10.0.2.15, 0010
[   47.371512] OUTBOUND       : 6, 58866, 4444, 10.0.2.15, 192.168.56.101, 0010
[   47.371526] OUTBOUND       : 6, 50416, 3333, 10.0.2.15, 192.168.56.101, 0010
[   47.371640] INBOUND        : 6, 3333, 50416, 192.168.56.101, 10.0.2.15, 0010
[   47.371659] INBOUND        : 6, 4444, 58866, 192.168.56.101, 10.0.2.15, 0010
[   47.371696] OUTBOUND       : 6, 50416, 3333, 10.0.2.15, 192.168.56.101, 0010
[   47.371733] OUTBOUND       : 6, 58866, 4444, 10.0.2.15, 192.168.56.101, 0010
[   47.374356] INBOUND        : 6, 4444, 58866, 192.168.56.101, 10.0.2.15, 0010
[   47.374376] INBOUND        : 6, 3333, 50416, 192.168.56.101, 10.0.2.15, 0010
[   47.374438] OUTBOUND       : 6, 58866, 4444, 10.0.2.15, 192.168.56.101, 0010
[   47.374471] OUTBOUND       : 6, 50416, 3333, 10.0.2.15, 192.168.56.101, 0010
[   47.374568] INBOUND        : 6, 4444, 58866, 192.168.56.101, 10.0.2.15, 0010
[   47.374605] INBOUND        : 6, 3333, 50416, 192.168.56.101, 10.0.2.15, 0010
[   47.374638] OUTBOUND       : 6, 58866, 4444, 10.0.2.15, 192.168.56.101, 0010
[   47.374722] OUTBOUND       : 6, 50416, 3333, 10.0.2.15, 192.168.56.101, 0010
[   47.377267] INBOUND        : 6, 4444, 58866, 192.168.56.101, 10.0.2.15, 0010
[   47.377315] OUTBOUND       : 6, 58866, 4444, 10.0.2.15, 192.168.56.101, 0010
[   47.377377] INBOUND        : 6, 4444, 58866, 192.168.56.101, 10.0.2.15, 0010
[   47.377457] OUTBOUND       : 6, 58866, 4444, 10.0.2.15, 192.168.56.101, 0010
[   47.377855] INBOUND        : 6, 3333, 50416, 192.168.56.101, 10.0.2.15, 0010
[   47.377883] INBOUND        : 6, 3333, 50416, 192.168.56.101, 10.0.2.15, 0010
[   47.377969] OUTBOUND       : 6, 50416, 3333, 10.0.2.15, 192.168.56.101, 0010
[   47.378001] OUTBOUND       : 6, 50416, 3333, 10.0.2.15, 192.168.56.101, 0010
[   47.379221] INBOUND        : 6, 4444, 58866, 192.168.56.101, 10.0.2.15, 0010
[   47.379302] OUTBOUND       : 6, 58866, 4444, 10.0.2.15, 192.168.56.101, 0010
[   47.379363] INBOUND        : 6, 4444, 58866, 192.168.56.101, 10.0.2.15, 0010
[   47.379452] OUTBOUND       : 6, 58866, 4444, 10.0.2.15, 192.168.56.101, 0010
[   47.380249] INBOUND        : 6, 3333, 50416, 192.168.56.101, 10.0.2.15, 0010
[   47.380269] INBOUND        : 6, 3333, 50416, 192.168.56.101, 10.0.2.15, 0010
[   47.380278] OUTBOUND       : 6, 50416, 3333, 10.0.2.15, 192.168.56.101, 0010
[   47.380297] OUTBOUND       : 6, 50416, 3333, 10.0.2.15, 192.168.56.101, 0010
[   47.381279] INBOUND        : 6, 4444, 58866, 192.168.56.101, 10.0.2.15, 0010
[   47.381379] OUTBOUND       : 6, 58866, 4444, 10.0.2.15, 192.168.56.101, 0010
[   47.381557] INBOUND        : 6, 4444, 58866, 192.168.56.101, 10.0.2.15, 0010
[   47.381655] OUTBOUND       : 6, 58866, 4444, 10.0.2.15, 192.168.56.101, 0010
[   47.383077] INBOUND        : 6, 3333, 50416, 192.168.56.101, 10.0.2.15, 0010
[   47.383142] OUTBOUND       : 6, 50416, 3333, 10.0.2.15, 192.168.56.101, 0010
[   47.383214] INBOUND        : 6, 3333, 50416, 192.168.56.101, 10.0.2.15, 0010
[   47.383237] OUTBOUND       : 6, 50416, 3333, 10.0.2.15, 192.168.56.101, 0010
[   47.383280] INBOUND        : 6, 4444, 58866, 192.168.56.101, 10.0.2.15, 0010
[   47.383365] OUTBOUND       : 6, 58866, 4444, 10.0.2.15, 192.168.56.101, 0010
[   47.383426] INBOUND        : 6, 4444, 58866, 192.168.56.101, 10.0.2.15, 0010
[   47.383462] OUTBOUND       : 6, 58866, 4444, 10.0.2.15, 192.168.56.101, 0010
[   47.385975] INBOUND        : 6, 3333, 50416, 192.168.56.101, 10.0.2.15, 0010
[   47.386013] INBOUND        : 6, 4444, 58866, 192.168.56.101, 10.0.2.15, 0010
[   47.386050] OUTBOUND       : 6, 50416, 3333, 10.0.2.15, 192.168.56.101, 0010
[   47.386104] OUTBOUND       : 6, 58866, 4444, 10.0.2.15, 192.168.56.101, 0010
[   47.386106] INBOUND        : 6, 3333, 50416, 192.168.56.101, 10.0.2.15, 0010
[   47.386114] INBOUND        : 6, 4444, 58866, 192.168.56.101, 10.0.2.15, 0010
[   47.386132] OUTBOUND       : 6, 50416, 3333, 10.0.2.15, 192.168.56.101, 0010
[   47.386152] OUTBOUND       : 6, 58866, 4444, 10.0.2.15, 192.168.56.101, 0010
[   47.386938] INBOUND        : 6, 3333, 50416, 192.168.56.101, 10.0.2.15, 0010
[   47.386957] INBOUND        : 6, 3333, 50416, 192.168.56.101, 10.0.2.15, 0010
[   47.386992] OUTBOUND       : 6, 50416, 3333, 10.0.2.15, 192.168.56.101, 0010
[   47.387005] OUTBOUND       : 6, 50416, 3333, 10.0.2.15, 192.168.56.101, 0010
[   47.388902] INBOUND        : 6, 4444, 58866, 192.168.56.101, 10.0.2.15, 0010
[   47.388915] INBOUND        : 6, 4444, 58866, 192.168.56.101, 10.0.2.15, 0010
[   47.388931] OUTBOUND       : 6, 58866, 4444, 10.0.2.15, 192.168.56.101, 0010
[   47.388943] OUTBOUND       : 6, 58866, 4444, 10.0.2.15, 192.168.56.101, 0010
[   47.389856] INBOUND        : 6, 3333, 50416, 192.168.56.101, 10.0.2.15, 0010
[   47.389875] INBOUND        : 6, 3333, 50416, 192.168.56.101, 10.0.2.15, 0010
[   47.389892] OUTBOUND       : 6, 50416, 3333, 10.0.2.15, 192.168.56.101, 0010
[   47.389906] OUTBOUND       : 6, 50416, 3333, 10.0.2.15, 192.168.56.101, 0010
